/Users/pabloillescas/Library/Python/3.9/lib/python/site-packages/urllib3/__init__.py:35: NotOpenSSLWarning: urllib3 v2 only supports OpenSSL 1.1.1+, currently the 'ssl' module is compiled with 'LibreSSL 2.8.3'. See: https://github.com/urllib3/urllib3/issues/3020
  warnings.warn(
START Lima fresh high (main cards ONLY, tuned)
base=https://www.locanto.com.pe/lima/Hombre-busca-mujer/20701
LIST p150: https://www.locanto.com.pe/lima/Hombre-busca-mujer/20701/150/?query=ayuda+economica
  main IDs: 43
LIST p151: https://www.locanto.com.pe/lima/Hombre-busca-mujer/20701/151/?query=ayuda+economica
  main IDs: 44
  + https://www.locanto.com.pe/lima/ID_8921116591/ayuda-economico-a-mujere
  + https://www.locanto.com.pe/lima/ID_6493356460/BUSCO-1-SOLA-SENORITA-PA
LIST p152: https://www.locanto.com.pe/lima/Hombre-busca-mujer/20701/152/?query=ayuda+economica
  main IDs: 44
LIST p153: https://www.locanto.com.pe/lima/Hombre-busca-mujer/20701/153/?query=ayuda+economica
  main IDs: 44
LIST p154: https://www.locanto.com.pe/lima/Hombre-busca-mujer/20701/154/?query=ayuda+economica
  main IDs: 44
LIST p155: https://www.locanto.com.pe/lima/Hombre-busca-mujer/20701/155/?query=ayuda+economica
  main IDs: 44
LIST p156: https://www.locanto.com.pe/lima/Hombre-busca-mujer/20701/156/?query=ayuda+economica
  main IDs: 44
LIST p157: https://www.locanto.com.pe/lima/Hombre-busca-mujer/20701/157/?query=ayuda+economica
  main IDs: 44
LIST p158: https://www.locanto.com.pe/lima/Hombre-busca-mujer/20701/158/?query=ayuda+economica
  main IDs: 44
LIST p159: https://www.locanto.com.pe/lima/Hombre-busca-mujer/20701/159/?query=ayuda+economica
  main IDs: 43
LIST p160: https://www.locanto.com.pe/lima/Hombre-busca-mujer/20701/160/?query=ayuda+economica
  main IDs: 43
LIST p161: https://www.locanto.com.pe/lima/Hombre-busca-mujer/20701/161/?query=ayuda+economica
  main IDs: 43
LIST p162: https://www.locanto.com.pe/lima/Hombre-busca-mujer/20701/162/?query=ayuda+economica
  main IDs: 43
LIST p163: https://www.locanto.com.pe/lima/Hombre-busca-mujer/20701/163/?query=ayuda+economica
  main IDs: 43
LIST p164: https://www.locanto.com.pe/lima/Hombre-busca-mujer/20701/164/?query=ayuda+economica
  main IDs: 43
LIST p165: https://www.locanto.com.pe/lima/Hombre-busca-mujer/20701/165/?query=ayuda+economica
  main IDs: 43
LIST p166: https://www.locanto.com.pe/lima/Hombre-busca-mujer/20701/166/?query=ayuda+economica
  main IDs: 43
LIST p167: https://www.locanto.com.pe/lima/Hombre-busca-mujer/20701/167/?query=ayuda+economica
  main IDs: 43
LIST p168: https://www.locanto.com.pe/lima/Hombre-busca-mujer/20701/168/?query=ayuda+economica
  main IDs: 43
LIST p169: https://www.locanto.com.pe/lima/Hombre-busca-mujer/20701/169/?query=ayuda+economica
  main IDs: 43
LIST p170: https://www.locanto.com.pe/lima/Hombre-busca-mujer/20701/170/?query=ayuda+economica
  main IDs: 43
LIST p171: https://www.locanto.com.pe/lima/Hombre-busca-mujer/20701/171/?query=ayuda+economica
  main IDs: 43
LIST p172: https://www.locanto.com.pe/lima/Hombre-busca-mujer/20701/172/?query=ayuda+economica
  main IDs: 43
LIST p173: https://www.locanto.com.pe/lima/Hombre-busca-mujer/20701/173/?query=ayuda+economica
  main IDs: 43
LIST p174: https://www.locanto.com.pe/lima/Hombre-busca-mujer/20701/174/?query=ayuda+economica
  main IDs: 43
LIST p175: https://www.locanto.com.pe/lima/Hombre-busca-mujer/20701/175/?query=ayuda+economica
  main IDs: 43
LIST p176: https://www.locanto.com.pe/lima/Hombre-busca-mujer/20701/176/?query=ayuda+economica
  main IDs: 43
LIST p177: https://www.locanto.com.pe/lima/Hombre-busca-mujer/20701/177/?query=ayuda+economica
  main IDs: 43
LIST p178: https://www.locanto.com.pe/lima/Hombre-busca-mujer/20701/178/?query=ayuda+economica
  main IDs: 43
LIST p179: https://www.locanto.com.pe/lima/Hombre-busca-mujer/20701/179/?query=ayuda+economica
  main IDs: 43
LIST p180: https://www.locanto.com.pe/lima/Hombre-busca-mujer/20701/180/?query=ayuda+economica
  main IDs: 43
LIST p181: https://www.locanto.com.pe/lima/Hombre-busca-mujer/20701/181/?query=ayuda+economica
  main IDs: 43
  + https://www.locanto.com.pe/lima/ID_8954183374/Alguien-que-me-pueda-ayu
  + https://www.locanto.com.pe/lima/ID_8797245727/Caballero-busca-dama-de-
  + https://www.locanto.com.pe/lima/ID_8438737083/Madre-soltera-en-busca-d
LIST p182: https://www.locanto.com.pe/lima/Hombre-busca-mujer/20701/182/?query=ayuda+economica
  main IDs: 43
LIST p183: https://www.locanto.com.pe/lima/Hombre-busca-mujer/20701/183/?query=ayuda+economica
  main IDs: 43
LIST p184: https://www.locanto.com.pe/lima/Hombre-busca-mujer/20701/184/?query=ayuda+economica
  main IDs: 43
LIST p185: https://www.locanto.com.pe/lima/Hombre-busca-mujer/20701/185/?query=ayuda+economica
  main IDs: 43
LIST p186: https://www.locanto.com.pe/lima/Hombre-busca-mujer/20701/186/?query=ayuda+economica
  main IDs: 43
LIST p187: https://www.locanto.com.pe/lima/Hombre-busca-mujer/20701/187/?query=ayuda+economica
  main IDs: 43
LIST p188: https://www.locanto.com.pe/lima/Hombre-busca-mujer/20701/188/?query=ayuda+economica
  main IDs: 43
LIST p189: https://www.locanto.com.pe/lima/Hombre-busca-mujer/20701/189/?query=ayuda+economica
  main IDs: 43
LIST p190: https://www.locanto.com.pe/lima/Hombre-busca-mujer/20701/190/?query=ayuda+economica
  main IDs: 43
LIST p191: https://www.locanto.com.pe/lima/Hombre-busca-mujer/20701/191/?query=ayuda+economica
  main IDs: 43
LIST p192: https://www.locanto.com.pe/lima/Hombre-busca-mujer/20701/192/?query=ayuda+economica
  main IDs: 43
LIST p193: https://www.locanto.com.pe/lima/Hombre-busca-mujer/20701/193/?query=ayuda+economica
  main IDs: 43
LIST p194: https://www.locanto.com.pe/lima/Hombre-busca-mujer/20701/194/?query=ayuda+economica
  main IDs: 43
LIST p195: https://www.locanto.com.pe/lima/Hombre-busca-mujer/20701/195/?query=ayuda+economica
  main IDs: 43
LIST p196: https://www.locanto.com.pe/lima/Hombre-busca-mujer/20701/196/?query=ayuda+economica
  main IDs: 43
LIST p197: https://www.locanto.com.pe/lima/Hombre-busca-mujer/20701/197/?query=ayuda+economica
  main IDs: 43
LIST p198: https://www.locanto.com.pe/lima/Hombre-busca-mujer/20701/198/?query=ayuda+economica
  main IDs: 43
LIST p199: https://www.locanto.com.pe/lima/Hombre-busca-mujer/20701/199/?query=ayuda+economica
  main IDs: 43
LIST p200: https://www.locanto.com.pe/lima/Hombre-busca-mujer/20701/200/?query=ayuda+economica
  main IDs: 43
LIST p201: https://www.locanto.com.pe/lima/Hombre-busca-mujer/20701/201/?query=ayuda+economica
  main IDs: 43
LIST p202: https://www.locanto.com.pe/lima/Hombre-busca-mujer/20701/202/?query=ayuda+economica
  main IDs: 43
LIST p203: https://www.locanto.com.pe/lima/Hombre-busca-mujer/20701/203/?query=ayuda+economica
  main IDs: 43
LIST p204: https://www.locanto.com.pe/lima/Hombre-busca-mujer/20701/204/?query=ayuda+economica
  main IDs: 43
LIST p205: https://www.locanto.com.pe/lima/Hombre-busca-mujer/20701/205/?query=ayuda+economica
  main IDs: 43
LIST p206: https://www.locanto.com.pe/lima/Hombre-busca-mujer/20701/206/?query=ayuda+economica
  main IDs: 43
LIST p207: https://www.locanto.com.pe/lima/Hombre-busca-mujer/20701/207/?query=ayuda+economica
  main IDs: 43
LIST p208: https://www.locanto.com.pe/lima/Hombre-busca-mujer/20701/208/?query=ayuda+economica
  main IDs: 43
LIST p209: https://www.locanto.com.pe/lima/Hombre-busca-mujer/20701/209/?query=ayuda+economica
  main IDs: 43
LIST p210: https://www.locanto.com.pe/lima/Hombre-busca-mujer/20701/210/?query=ayuda+economica
  main IDs: 43
LIST p211: https://www.locanto.com.pe/lima/Hombre-busca-mujer/20701/211/?query=ayuda+economica
  main IDs: 43
LIST p212: https://www.locanto.com.pe/lima/Hombre-busca-mujer/20701/212/?query=ayuda+economica
  main IDs: 43
LIST p213: https://www.locanto.com.pe/lima/Hombre-busca-mujer/20701/213/?query=ayuda+economica
  main IDs: 43
LIST p214: https://www.locanto.com.pe/lima/Hombre-busca-mujer/20701/214/?query=ayuda+economica
  main IDs: 43
LIST p215: https://www.locanto.com.pe/lima/Hombre-busca-mujer/20701/215/?query=ayuda+economica
  main IDs: 43
LIST p216: https://www.locanto.com.pe/lima/Hombre-busca-mujer/20701/216/?query=ayuda+economica
  main IDs: 43
LIST p217: https://www.locanto.com.pe/lima/Hombre-busca-mujer/20701/217/?query=ayuda+economica
  main IDs: 43
LIST p218: https://www.locanto.com.pe/lima/Hombre-busca-mujer/20701/218/?query=ayuda+economica
  main IDs: 43
LIST p219: https://www.locanto.com.pe/lima/Hombre-busca-mujer/20701/219/?query=ayuda+economica
  main IDs: 43
LIST p220: https://www.locanto.com.pe/lima/Hombre-busca-mujer/20701/220/?query=ayuda+economica
  main IDs: 43
LIST p221: https://www.locanto.com.pe/lima/Hombre-busca-mujer/20701/221/?query=ayuda+economica
  main IDs: 43
LIST p222: https://www.locanto.com.pe/lima/Hombre-busca-mujer/20701/222/?query=ayuda+economica
  main IDs: 43
LIST p223: https://www.locanto.com.pe/lima/Hombre-busca-mujer/20701/223/?query=ayuda+economica
  main IDs: 43
LIST p224: https://www.locanto.com.pe/lima/Hombre-busca-mujer/20701/224/?query=ayuda+economica
  main IDs: 43
LIST p225: https://www.locanto.com.pe/lima/Hombre-busca-mujer/20701/225/?query=ayuda+economica
  main IDs: 43
LIST p226: https://www.locanto.com.pe/lima/Hombre-busca-mujer/20701/226/?query=ayuda+economica
  main IDs: 43
LIST p227: https://www.locanto.com.pe/lima/Hombre-busca-mujer/20701/227/?query=ayuda+economica
  main IDs: 43
  + https://www.locanto.com.pe/lima/ID_8907366728/Necesito-apoyo-economico
LIST p228: https://www.locanto.com.pe/lima/Hombre-busca-mujer/20701/228/?query=ayuda+economica
  main IDs: 43
LIST p229: https://www.locanto.com.pe/lima/Hombre-busca-mujer/20701/229/?query=ayuda+economica
  main IDs: 43
LIST p230: https://www.locanto.com.pe/lima/Hombre-busca-mujer/20701/230/?query=ayuda+economica
  main IDs: 43
LIST p231: https://www.locanto.com.pe/lima/Hombre-busca-mujer/20701/231/?query=ayuda+economica
  main IDs: 43
LIST p232: https://www.locanto.com.pe/lima/Hombre-busca-mujer/20701/232/?query=ayuda+economica
  main IDs: 43
LIST p233: https://www.locanto.com.pe/lima/Hombre-busca-mujer/20701/233/?query=ayuda+economica
  main IDs: 43
LIST p234: https://www.locanto.com.pe/lima/Hombre-busca-mujer/20701/234/?query=ayuda+economica
  main IDs: 43
LIST p235: https://www.locanto.com.pe/lima/Hombre-busca-mujer/20701/235/?query=ayuda+economica
  main IDs: 43
LIST p236: https://www.locanto.com.pe/lima/Hombre-busca-mujer/20701/236/?query=ayuda+economica
  main IDs: 43
LIST p237: https://www.locanto.com.pe/lima/Hombre-busca-mujer/20701/237/?query=ayuda+economica
  main IDs: 43
LIST p238: https://www.locanto.com.pe/lima/Hombre-busca-mujer/20701/238/?query=ayuda+economica
  main IDs: 43
LIST p239: https://www.locanto.com.pe/lima/Hombre-busca-mujer/20701/239/?query=ayuda+economica
  main IDs: 43
LIST p240: https://www.locanto.com.pe/lima/Hombre-busca-mujer/20701/240/?query=ayuda+economica
  main IDs: 43
LIST p241: https://www.locanto.com.pe/lima/Hombre-busca-mujer/20701/241/?query=ayuda+economica
  main IDs: 43
LIST p242: https://www.locanto.com.pe/lima/Hombre-busca-mujer/20701/242/?query=ayuda+economica
  main IDs: 43
LIST p243: https://www.locanto.com.pe/lima/Hombre-busca-mujer/20701/243/?query=ayuda+economica
  main IDs: 43
LIST p244: https://www.locanto.com.pe/lima/Hombre-busca-mujer/20701/244/?query=ayuda+economica
  main IDs: 43
LIST p245: https://www.locanto.com.pe/lima/Hombre-busca-mujer/20701/245/?query=ayuda+economica
  main IDs: 43
LIST p246: https://www.locanto.com.pe/lima/Hombre-busca-mujer/20701/246/?query=ayuda+economica
  main IDs: 43
LIST p247: https://www.locanto.com.pe/lima/Hombre-busca-mujer/20701/247/?query=ayuda+economica
  main IDs: 43
LIST p248: https://www.locanto.com.pe/lima/Hombre-busca-mujer/20701/248/?query=ayuda+economica
  main IDs: 43
LIST p249: https://www.locanto.com.pe/lima/Hombre-busca-mujer/20701/249/?query=ayuda+economica
  main IDs: 43
DONE Lima high added=6
DONE Lima high added=6
