/Users/pabloillescas/Library/Python/3.9/lib/python/site-packages/urllib3/__init__.py:35: NotOpenSSLWarning: urllib3 v2 only supports OpenSSL 1.1.1+, currently the 'ssl' module is compiled with 'LibreSSL 2.8.3'. See: https://github.com/urllib3/urllib3/issues/3020
  warnings.warn(
START lima more (main cards ONLY)
base=https://www.locanto.com.pe/lima/Hombre-busca-mujer/20701
p80
  IDs: 43
  +added
  +added
  +added
p81
  IDs: 43
p82
  IDs: 44
  +added
  +added
p83
  IDs: 44
p84
  IDs: 44
p85
  IDs: 44
p86
  IDs: 44
p87
  IDs: 44
p88
  IDs: 44
p89
  IDs: 43
p90
  IDs: 43
p91
  IDs: 43
p92
  IDs: 43
p93
  IDs: 43
p94
  IDs: 43
p95
  IDs: 43
p96
  IDs: 43
p97
  IDs: 43
p98
  IDs: 43
p99
  IDs: 43
p100
  IDs: 43
p101
  IDs: 43
p102
  IDs: 43
p103
  IDs: 43
p104
  IDs: 43
p105
  IDs: 43
p106
  IDs: 43
p107
  IDs: 43
p108
  IDs: 43
p109
  IDs: 43
p110
  IDs: 43
p111
  IDs: 43
  +added
  +added
  +added
p112
  IDs: 43
p113
  IDs: 43
p114
  IDs: 43
p115
  IDs: 43
p116
  IDs: 43
p117
  IDs: 43
p118
  IDs: 43
p119
  IDs: 43
p120
  IDs: 43
p121
  IDs: 43
p122
  IDs: 43
p123
  IDs: 43
p124
  IDs: 43
p125
  IDs: 43
p126
  IDs: 43
p127
  IDs: 43
p128
  IDs: 43
p129
  IDs: 43
p130
  IDs: 43
p131
  IDs: 43
p132
  IDs: 43
p133
  IDs: 43
p134
  IDs: 43
p135
  IDs: 43
p136
  IDs: 43
p137
  IDs: 43
p138
  IDs: 43
p139
  IDs: 43
p140
  IDs: 43
p141
  IDs: 43
p142
  IDs: 43
p143
  IDs: 43
p144
  IDs: 43
p145
  IDs: 43
p146
  IDs: 43
p147
  IDs: 43
p148
  IDs: 43
p149
  IDs: 43
DONE lima added=8
DONE lima added=8
