/Users/pabloillescas/Library/Python/3.9/lib/python/site-packages/urllib3/__init__.py:35: NotOpenSSLWarning: urllib3 v2 only supports OpenSSL 1.1.1+, currently the 'ssl' module is compiled with 'LibreSSL 2.8.3'. See: https://github.com/urllib3/urllib3/issues/3020
  warnings.warn(
START lima keep2 (main cards ONLY, tuned)
base=https://www.locanto.com.pe/lima/Hombre-busca-mujer/20701
p200
  IDs: 44
p201
  IDs: 44
p202
  IDs: 44
p203
  IDs: 44
p204
  IDs: 44
p205
  IDs: 44
p206
  IDs: 44
p207
  IDs: 44
p208
  IDs: 44
p209
  IDs: 44
p210
  IDs: 44
p211
  IDs: 44
p212
  IDs: 43
p213
  IDs: 43
p214
  IDs: 43
p215
  IDs: 43
p216
  IDs: 43
p217
  IDs: 43
p218
  IDs: 43
p219
  IDs: 43
p220
  IDs: 43
p221
  IDs: 43
p222
  IDs: 43
p223
  IDs: 43
p224
  IDs: 43
p225
  IDs: 43
p226
  IDs: 43
p227
  IDs: 43
p228
  IDs: 43
p229
  IDs: 43
p230
  IDs: 43
p231
  IDs: 43
p232
  IDs: 43
p233
  IDs: 43
p234
  IDs: 43
p235
  IDs: 43
p236
  IDs: 43
p237
  IDs: 43
p238
  IDs: 43
p239
  IDs: 43
  +added
  +added
  +added
p240
  IDs: 43
p241
  IDs: 43
p242
  IDs: 43
p243
  IDs: 43
p244
  IDs: 43
p245
  IDs: 43
p246
  IDs: 43
p247
  IDs: 43
p248
  IDs: 43
p249
  IDs: 43
p250
  IDs: 43
p251
  IDs: 43
p252
  IDs: 43
p253
  IDs: 43
p254
  IDs: 43
p255
  IDs: 43
p256
  IDs: 43
p257
  IDs: 43
p258
  IDs: 43
p259
  IDs: 43
p260
  IDs: 43
p261
  IDs: 43
p262
  IDs: 43
p263
  IDs: 43
p264
  IDs: 43
p265
  IDs: 43
p266
  IDs: 43
p267
  IDs: 43
p268
  IDs: 43
p269
  IDs: 43
p270
  IDs: 43
p271
  IDs: 43
p272
  IDs: 43
p273
  IDs: 43
p274
  IDs: 43
p275
  IDs: 43
p276
  IDs: 43
p277
  IDs: 43
p278
  IDs: 43
p279
  IDs: 43
p280
  IDs: 43
p281
  IDs: 43
p282
  IDs: 43
p283
  IDs: 43
p284
  IDs: 43
p285
  IDs: 43
p286
  IDs: 43
p287
  IDs: 43
p288
  IDs: 43
p289
  IDs: 43
p290
  IDs: 43
p291
  IDs: 43
p292
  IDs: 43
p293
  IDs: 43
p294
  IDs: 43
p295
  IDs: 43
p296
  IDs: 43
p297
  IDs: 43
p298
  IDs: 43
p299
  IDs: 43
DONE lima added=3
DONE lima added=3
