/Users/pabloillescas/Library/Python/3.9/lib/python/site-packages/urllib3/__init__.py:35: NotOpenSSLWarning: urllib3 v2 only supports OpenSSL 1.1.1+, currently the 'ssl' module is compiled with 'LibreSSL 2.8.3'. See: https://github.com/urllib3/urllib3/issues/3020
  warnings.warn(
START Lima fresh high (main cards ONLY, tuned)
base=https://www.locanto.com.pe/lima/Hombre-busca-mujer/20701
LIST p100: https://www.locanto.com.pe/lima/Hombre-busca-mujer/20701/100/?query=ayuda+economica
  main IDs: 43
  + https://www.locanto.com.pe/lima/ID_8333351164/Ayuda-economica-damas-no
  + https://www.locanto.com.pe/lima/ID_6493356460/BUSCO-1-SOLA-SENORITA-PA
LIST p101: https://www.locanto.com.pe/lima/Hombre-busca-mujer/20701/101/?query=ayuda+economica
  main IDs: 44
  + https://www.locanto.com.pe/lima/ID_8921116591/ayuda-economico-a-mujere
LIST p102: https://www.locanto.com.pe/lima/Hombre-busca-mujer/20701/102/?query=ayuda+economica
  main IDs: 44
LIST p103: https://www.locanto.com.pe/lima/Hombre-busca-mujer/20701/103/?query=ayuda+economica
  main IDs: 44
LIST p104: https://www.locanto.com.pe/lima/Hombre-busca-mujer/20701/104/?query=ayuda+economica
  main IDs: 44
LIST p105: https://www.locanto.com.pe/lima/Hombre-busca-mujer/20701/105/?query=ayuda+economica
  main IDs: 44
LIST p106: https://www.locanto.com.pe/lima/Hombre-busca-mujer/20701/106/?query=ayuda+economica
  main IDs: 43
LIST p107: https://www.locanto.com.pe/lima/Hombre-busca-mujer/20701/107/?query=ayuda+economica
  main IDs: 43
LIST p108: https://www.locanto.com.pe/lima/Hombre-busca-mujer/20701/108/?query=ayuda+economica
  main IDs: 43
LIST p109: https://www.locanto.com.pe/lima/Hombre-busca-mujer/20701/109/?query=ayuda+economica
  main IDs: 43
LIST p110: https://www.locanto.com.pe/lima/Hombre-busca-mujer/20701/110/?query=ayuda+economica
  main IDs: 43
LIST p111: https://www.locanto.com.pe/lima/Hombre-busca-mujer/20701/111/?query=ayuda+economica
  main IDs: 43
LIST p112: https://www.locanto.com.pe/lima/Hombre-busca-mujer/20701/112/?query=ayuda+economica
  main IDs: 43
LIST p113: https://www.locanto.com.pe/lima/Hombre-busca-mujer/20701/113/?query=ayuda+economica
  main IDs: 43
LIST p114: https://www.locanto.com.pe/lima/Hombre-busca-mujer/20701/114/?query=ayuda+economica
  main IDs: 43
LIST p115: https://www.locanto.com.pe/lima/Hombre-busca-mujer/20701/115/?query=ayuda+economica
  main IDs: 43
LIST p116: https://www.locanto.com.pe/lima/Hombre-busca-mujer/20701/116/?query=ayuda+economica
  main IDs: 43
LIST p117: https://www.locanto.com.pe/lima/Hombre-busca-mujer/20701/117/?query=ayuda+economica
  main IDs: 43
LIST p118: https://www.locanto.com.pe/lima/Hombre-busca-mujer/20701/118/?query=ayuda+economica
  main IDs: 43
LIST p119: https://www.locanto.com.pe/lima/Hombre-busca-mujer/20701/119/?query=ayuda+economica
  main IDs: 43
LIST p120: https://www.locanto.com.pe/lima/Hombre-busca-mujer/20701/120/?query=ayuda+economica
  main IDs: 43
LIST p121: https://www.locanto.com.pe/lima/Hombre-busca-mujer/20701/121/?query=ayuda+economica
  main IDs: 43
LIST p122: https://www.locanto.com.pe/lima/Hombre-busca-mujer/20701/122/?query=ayuda+economica
  main IDs: 43
LIST p123: https://www.locanto.com.pe/lima/Hombre-busca-mujer/20701/123/?query=ayuda+economica
  main IDs: 43
LIST p124: https://www.locanto.com.pe/lima/Hombre-busca-mujer/20701/124/?query=ayuda+economica
  main IDs: 43
LIST p125: https://www.locanto.com.pe/lima/Hombre-busca-mujer/20701/125/?query=ayuda+economica
  main IDs: 43
  + https://www.locanto.com.pe/lima/ID_8954183374/Alguien-que-me-pueda-ayu
  + https://www.locanto.com.pe/lima/ID_8797245727/Caballero-busca-dama-de-
  + https://www.locanto.com.pe/lima/ID_8438737083/Madre-soltera-en-busca-d
  + https://www.locanto.com.pe/lima/ID_8907366728/Necesito-apoyo-economico
LIST p126: https://www.locanto.com.pe/lima/Hombre-busca-mujer/20701/126/?query=ayuda+economica
  main IDs: 43
LIST p127: https://www.locanto.com.pe/lima/Hombre-busca-mujer/20701/127/?query=ayuda+economica
  main IDs: 43
LIST p128: https://www.locanto.com.pe/lima/Hombre-busca-mujer/20701/128/?query=ayuda+economica
  main IDs: 43
LIST p129: https://www.locanto.com.pe/lima/Hombre-busca-mujer/20701/129/?query=ayuda+economica
  main IDs: 43
LIST p130: https://www.locanto.com.pe/lima/Hombre-busca-mujer/20701/130/?query=ayuda+economica
  main IDs: 43
LIST p131: https://www.locanto.com.pe/lima/Hombre-busca-mujer/20701/131/?query=ayuda+economica
  main IDs: 43
LIST p132: https://www.locanto.com.pe/lima/Hombre-busca-mujer/20701/132/?query=ayuda+economica
  main IDs: 43
LIST p133: https://www.locanto.com.pe/lima/Hombre-busca-mujer/20701/133/?query=ayuda+economica
  main IDs: 43
LIST p134: https://www.locanto.com.pe/lima/Hombre-busca-mujer/20701/134/?query=ayuda+economica
  main IDs: 43
LIST p135: https://www.locanto.com.pe/lima/Hombre-busca-mujer/20701/135/?query=ayuda+economica
  main IDs: 43
LIST p136: https://www.locanto.com.pe/lima/Hombre-busca-mujer/20701/136/?query=ayuda+economica
  main IDs: 43
LIST p137: https://www.locanto.com.pe/lima/Hombre-busca-mujer/20701/137/?query=ayuda+economica
  main IDs: 43
LIST p138: https://www.locanto.com.pe/lima/Hombre-busca-mujer/20701/138/?query=ayuda+economica
  main IDs: 43
LIST p139: https://www.locanto.com.pe/lima/Hombre-busca-mujer/20701/139/?query=ayuda+economica
  main IDs: 43
LIST p140: https://www.locanto.com.pe/lima/Hombre-busca-mujer/20701/140/?query=ayuda+economica
  main IDs: 43
LIST p141: https://www.locanto.com.pe/lima/Hombre-busca-mujer/20701/141/?query=ayuda+economica
  main IDs: 43
LIST p142: https://www.locanto.com.pe/lima/Hombre-busca-mujer/20701/142/?query=ayuda+economica
  main IDs: 43
LIST p143: https://www.locanto.com.pe/lima/Hombre-busca-mujer/20701/143/?query=ayuda+economica
  main IDs: 43
LIST p144: https://www.locanto.com.pe/lima/Hombre-busca-mujer/20701/144/?query=ayuda+economica
  main IDs: 43
LIST p145: https://www.locanto.com.pe/lima/Hombre-busca-mujer/20701/145/?query=ayuda+economica
  main IDs: 43
LIST p146: https://www.locanto.com.pe/lima/Hombre-busca-mujer/20701/146/?query=ayuda+economica
  main IDs: 43
LIST p147: https://www.locanto.com.pe/lima/Hombre-busca-mujer/20701/147/?query=ayuda+economica
  main IDs: 43
LIST p148: https://www.locanto.com.pe/lima/Hombre-busca-mujer/20701/148/?query=ayuda+economica
  main IDs: 43
LIST p149: https://www.locanto.com.pe/lima/Hombre-busca-mujer/20701/149/?query=ayuda+economica
  main IDs: 43
LIST p150: https://www.locanto.com.pe/lima/Hombre-busca-mujer/20701/150/?query=ayuda+economica
  main IDs: 43
LIST p151: https://www.locanto.com.pe/lima/Hombre-busca-mujer/20701/151/?query=ayuda+economica
  main IDs: 43
LIST p152: https://www.locanto.com.pe/lima/Hombre-busca-mujer/20701/152/?query=ayuda+economica
  main IDs: 43
LIST p153: https://www.locanto.com.pe/lima/Hombre-busca-mujer/20701/153/?query=ayuda+economica
  main IDs: 43
LIST p154: https://www.locanto.com.pe/lima/Hombre-busca-mujer/20701/154/?query=ayuda+economica
  main IDs: 43
LIST p155: https://www.locanto.com.pe/lima/Hombre-busca-mujer/20701/155/?query=ayuda+economica
  main IDs: 43
LIST p156: https://www.locanto.com.pe/lima/Hombre-busca-mujer/20701/156/?query=ayuda+economica
  main IDs: 43
LIST p157: https://www.locanto.com.pe/lima/Hombre-busca-mujer/20701/157/?query=ayuda+economica
  main IDs: 43
LIST p158: https://www.locanto.com.pe/lima/Hombre-busca-mujer/20701/158/?query=ayuda+economica
  main IDs: 43
LIST p159: https://www.locanto.com.pe/lima/Hombre-busca-mujer/20701/159/?query=ayuda+economica
  main IDs: 43
LIST p160: https://www.locanto.com.pe/lima/Hombre-busca-mujer/20701/160/?query=ayuda+economica
  main IDs: 43
LIST p161: https://www.locanto.com.pe/lima/Hombre-busca-mujer/20701/161/?query=ayuda+economica
  main IDs: 43
LIST p162: https://www.locanto.com.pe/lima/Hombre-busca-mujer/20701/162/?query=ayuda+economica
  main IDs: 43
LIST p163: https://www.locanto.com.pe/lima/Hombre-busca-mujer/20701/163/?query=ayuda+economica
  main IDs: 43
LIST p164: https://www.locanto.com.pe/lima/Hombre-busca-mujer/20701/164/?query=ayuda+economica
  main IDs: 43
  + https://www.locanto.com.pe/lima/ID_8728015417/Ayuda-economica-Apoyo-ec
LIST p165: https://www.locanto.com.pe/lima/Hombre-busca-mujer/20701/165/?query=ayuda+economica
  main IDs: 43
LIST p166: https://www.locanto.com.pe/lima/Hombre-busca-mujer/20701/166/?query=ayuda+economica
  main IDs: 43
LIST p167: https://www.locanto.com.pe/lima/Hombre-busca-mujer/20701/167/?query=ayuda+economica
  main IDs: 43
LIST p168: https://www.locanto.com.pe/lima/Hombre-busca-mujer/20701/168/?query=ayuda+economica
  main IDs: 43
LIST p169: https://www.locanto.com.pe/lima/Hombre-busca-mujer/20701/169/?query=ayuda+economica
  main IDs: 43
LIST p170: https://www.locanto.com.pe/lima/Hombre-busca-mujer/20701/170/?query=ayuda+economica
  main IDs: 43
LIST p171: https://www.locanto.com.pe/lima/Hombre-busca-mujer/20701/171/?query=ayuda+economica
  main IDs: 43
LIST p172: https://www.locanto.com.pe/lima/Hombre-busca-mujer/20701/172/?query=ayuda+economica
  main IDs: 43
LIST p173: https://www.locanto.com.pe/lima/Hombre-busca-mujer/20701/173/?query=ayuda+economica
  main IDs: 43
LIST p174: https://www.locanto.com.pe/lima/Hombre-busca-mujer/20701/174/?query=ayuda+economica
  main IDs: 44
LIST p175: https://www.locanto.com.pe/lima/Hombre-busca-mujer/20701/175/?query=ayuda+economica
  main IDs: 44
LIST p176: https://www.locanto.com.pe/lima/Hombre-busca-mujer/20701/176/?query=ayuda+economica
  main IDs: 44
LIST p177: https://www.locanto.com.pe/lima/Hombre-busca-mujer/20701/177/?query=ayuda+economica
  main IDs: 44
LIST p178: https://www.locanto.com.pe/lima/Hombre-busca-mujer/20701/178/?query=ayuda+economica
  main IDs: 44
LIST p179: https://www.locanto.com.pe/lima/Hombre-busca-mujer/20701/179/?query=ayuda+economica
  main IDs: 44
LIST p180: https://www.locanto.com.pe/lima/Hombre-busca-mujer/20701/180/?query=ayuda+economica
  main IDs: 44
LIST p181: https://www.locanto.com.pe/lima/Hombre-busca-mujer/20701/181/?query=ayuda+economica
  main IDs: 44
LIST p182: https://www.locanto.com.pe/lima/Hombre-busca-mujer/20701/182/?query=ayuda+economica
  main IDs: 44
LIST p183: https://www.locanto.com.pe/lima/Hombre-busca-mujer/20701/183/?query=ayuda+economica
  main IDs: 44
LIST p184: https://www.locanto.com.pe/lima/Hombre-busca-mujer/20701/184/?query=ayuda+economica
  main IDs: 44
LIST p185: https://www.locanto.com.pe/lima/Hombre-busca-mujer/20701/185/?query=ayuda+economica
  main IDs: 44
LIST p186: https://www.locanto.com.pe/lima/Hombre-busca-mujer/20701/186/?query=ayuda+economica
  main IDs: 44
LIST p187: https://www.locanto.com.pe/lima/Hombre-busca-mujer/20701/187/?query=ayuda+economica
  main IDs: 44
LIST p188: https://www.locanto.com.pe/lima/Hombre-busca-mujer/20701/188/?query=ayuda+economica
  main IDs: 44
LIST p189: https://www.locanto.com.pe/lima/Hombre-busca-mujer/20701/189/?query=ayuda+economica
  main IDs: 44
LIST p190: https://www.locanto.com.pe/lima/Hombre-busca-mujer/20701/190/?query=ayuda+economica
  main IDs: 44
LIST p191: https://www.locanto.com.pe/lima/Hombre-busca-mujer/20701/191/?query=ayuda+economica
  main IDs: 44
LIST p192: https://www.locanto.com.pe/lima/Hombre-busca-mujer/20701/192/?query=ayuda+economica
  main IDs: 44
LIST p193: https://www.locanto.com.pe/lima/Hombre-busca-mujer/20701/193/?query=ayuda+economica
  main IDs: 44
LIST p194: https://www.locanto.com.pe/lima/Hombre-busca-mujer/20701/194/?query=ayuda+economica
  main IDs: 44
LIST p195: https://www.locanto.com.pe/lima/Hombre-busca-mujer/20701/195/?query=ayuda+economica
  main IDs: 44
LIST p196: https://www.locanto.com.pe/lima/Hombre-busca-mujer/20701/196/?query=ayuda+economica
  main IDs: 44
LIST p197: https://www.locanto.com.pe/lima/Hombre-busca-mujer/20701/197/?query=ayuda+economica
  main IDs: 44
LIST p198: https://www.locanto.com.pe/lima/Hombre-busca-mujer/20701/198/?query=ayuda+economica
  main IDs: 44
LIST p199: https://www.locanto.com.pe/lima/Hombre-busca-mujer/20701/199/?query=ayuda+economica
  main IDs: 44
DONE Lima high added=8
DONE Lima high added=8
