/Users/pabloillescas/Library/Python/3.9/lib/python/site-packages/urllib3/__init__.py:35: NotOpenSSLWarning: urllib3 v2 only supports OpenSSL 1.1.1+, currently the 'ssl' module is compiled with 'LibreSSL 2.8.3'. See: https://github.com/urllib3/urllib3/issues/3020
  warnings.warn(
START trujillo section list crawl (main cards ONLY, tuned extract, filtered)
base=https://www.locanto.com.pe/trujillo/Hombre-busca-mujer/20701
LIST p1: https://www.locanto.com.pe/trujillo/Hombre-busca-mujer/20701/1/?query=ayuda+economica
  main IDs: 46
  + https://www.locanto.com.pe/trujillo/ID_8226311321/SE-DA-AYUDA-ECONOMIC
  + https://www.locanto.com.pe/trujillo/ID_8227183561/AYUDA-ECONOMICA-A-SR
  + https://www.locanto.com.pe/trujillo/ID_8227195273/APOYO-AYUDA-ECONOMIC
  + https://www.locanto.com.pe/trujillo/ID_8227203756/AYUDA-ECONOMICA-A-SE
  + https://www.locanto.com.pe/trujillo/ID_8227214236/APOYO-AYUDA-ECONOMIC
  + https://www.locanto.com.pe/trujillo/ID_8227219301/AYUDA-APOYO-ECONOMIC
  + https://www.locanto.com.pe/trujillo/ID_7638712943/COMINICARSE-SOLO-MUJ
  + https://www.locanto.com.pe/trujillo/ID_7729674694/Ayuda-economica-Para
  + https://www.locanto.com.pe/trujillo/ID_8199719249/Brindo-ayuda-o-apoyo
  + https://www.locanto.com.pe/trujillo/ID_8085769747/Hombre-solvente-da-a
  + https://www.locanto.com.pe/trujillo/ID_8089143995/Doy-ayuda-economica-
  + https://www.locanto.com.pe/trujillo/ID_7830685360/Doy-ayuda-economica-
  + https://www.locanto.com.pe/trujillo/ID_7826564194/Ayuda-Economica-a-mu
  + https://www.locanto.com.pe/trujillo/ID_8721112750/Ayuda-Economica-en-T
  + https://www.locanto.com.pe/trujillo/ID_8507927242/Busco-amiga-para-pas
  + https://www.locanto.com.pe/trujillo/ID_7545047225/Ayuda-economica-a-ma
  + https://www.locanto.com.pe/trujillo/ID_8571289382/Hombre-maduro-busca-
  + https://www.locanto.com.pe/trujillo/ID_8942121221/Doy-ayuda-economica-
  + https://www.locanto.com.pe/trujillo/ID_8942104037/Brindo-ayuda-economi
  + https://www.locanto.com.pe/trujillo/ID_8062503448/AYUDA-ECONOMICA-SENO
  + https://www.locanto.com.pe/trujillo/ID_7506012277/Ayuda-economica-en-T
  + https://www.locanto.com.pe/trujillo/ID_8300662889/Ayuda-economica-a-mu
  + https://www.locanto.com.pe/trujillo/ID_8466770288/Brindo-ayuda-economi
  + https://www.locanto.com.pe/trujillo/ID_7934935499/BRINDO-AYUDA-ECONOMI
  + https://www.locanto.com.pe/trujillo/ID_8292624829/Brindo-Ayuda-Economi
  + https://www.locanto.com.pe/trujillo/ID_7484958842/Ayuda-Economica-Para
  + https://www.locanto.com.pe/trujillo/ID_7480382822/Hombre-Maduro-ofrece
  + https://www.locanto.com.pe/trujillo/ID_7913447021/Se-brinda-ayuda-econ
  + https://www.locanto.com.pe/trujillo/ID_7526752478/Ayuda-economica-a-mu
  + https://www.locanto.com.pe/trujillo/ID_7624237114/Ayuda-economica-a-mu
  + https://www.locanto.com.pe/trujillo/ID_6565712123/Ayuda-economica-para
  + https://www.locanto.com.pe/trujillo/ID_6989396515/Brindo-ayuda-economi
  + https://www.locanto.com.pe/trujillo/ID_6556593011/Ayuda-economica-para
  + https://www.locanto.com.pe/trujillo/ID_6507616147/Ofresco-ayuda-econom
  + https://www.locanto.com.pe/trujillo/ID_7797337836/Se-brinda-ayuda-econ
  + https://www.locanto.com.pe/trujillo/ID_7913991036/Empresario-brinda-ay
  + https://www.locanto.com.pe/trujillo/ID_6985972373/Brindo-ayuda-economi
  + https://www.locanto.com.pe/trujillo/ID_5511477162/Empresario-Minero-br
  + https://www.locanto.com.pe/trujillo/ID_8042025239/No-importa-la-edad-d
  + https://www.locanto.com.pe/trujillo/ID_8896025377/Doy-ayuda-economica-
  + https://www.locanto.com.pe/trujillo/ID_8668108881/Se-brinda-ayuda-econ
  + https://www.locanto.com.pe/trujillo/ID_8161527983/BRINDO-AYUDA-ECONOMI
  + https://www.locanto.com.pe/trujillo/ID_7787984083/Busca-damas-mayores-
  + https://www.locanto.com.pe/trujillo/ID_7477124753/Ayuda-economica-a-ch
  + https://www.locanto.com.pe/trujillo/ID_7899581994/Ayuda-economica-a-mu
LIST p2: https://www.locanto.com.pe/trujillo/Hombre-busca-mujer/20701/2/?query=ayuda+economica
  main IDs: 47
  + https://www.locanto.com.pe/trujillo/ID_7598185042/Doy-ayuda-economica-
  + https://www.locanto.com.pe/trujillo/ID_7698592474/Soy-hombre-de-25-ano
  + https://www.locanto.com.pe/trujillo/ID_7624118134/Brindo-ayuda-economi
  + https://www.locanto.com.pe/trujillo/ID_8147904370/Ayuda-economica-para
  + https://www.locanto.com.pe/trujillo/ID_8865285936/Brindo-ayuda-economi
  + https://www.locanto.com.pe/trujillo/ID_8144193868/AYUDA-ECONOMICA-TOTA
  + https://www.locanto.com.pe/trujillo/ID_8144193869/AYUDA-ECONOMICA-TOTA
  + https://www.locanto.com.pe/trujillo/ID_8861540799/Brindo-ayuda-economi
  + https://www.locanto.com.pe/trujillo/ID_8436960449/Doy-ayuda-economica-
  + https://www.locanto.com.pe/trujillo/ID_8411032298/Busco-mama-soltera-p
  + https://www.locanto.com.pe/trujillo/ID_8628311753/Entrego-ayuda-a-muje
  + https://www.locanto.com.pe/trujillo/ID_5228349149/Ayuda-economica-para
  + https://www.locanto.com.pe/trujillo/ID_6567437408/Ayuda-economica-para
  + https://www.locanto.com.pe/trujillo/ID_7239657548/Ayuda-economica-para
  + https://www.locanto.com.pe/trujillo/ID_7066401301/Ayuda-economica-a-Sr
  + https://www.locanto.com.pe/trujillo/ID_7701652669/AYUDA-ECONOMICA-A-SE
  + https://www.locanto.com.pe/trujillo/ID_7880156918/Maduro-muy-discreto-
  + https://www.locanto.com.pe/trujillo/ID_8009882012/busco-chica-de-18-a-
  + https://www.locanto.com.pe/trujillo/ID_7906311200/Apoyo-Ayuda-economic
  + https://www.locanto.com.pe/trujillo/ID_7872772958/Ayuda-economica-Truj
  + https://www.locanto.com.pe/trujillo/ID_8613415276/Busco-chica-para-ayu
  + https://www.locanto.com.pe/trujillo/ID_8610519103/Ayuda-economica-para
  + https://www.locanto.com.pe/trujillo/ID_8242296285/Doy-ayuda-economica-
  + https://www.locanto.com.pe/trujillo/ID_8595697975/Busco-pasarla-bien-e
  + https://www.locanto.com.pe/trujillo/ID_8000839583/Busco-senoras-doy-ay
  + https://www.locanto.com.pe/trujillo/ID_8379135464/Doy-ayuda-economica-
  + https://www.locanto.com.pe/trujillo/ID_7757852246/Se-brinda-ayuda-econ
  + https://www.locanto.com.pe/trujillo/ID_8383231035/Busco-amiga-en-Truji
  + https://www.locanto.com.pe/trujillo/ID_8369805735/Brindo-ayuda-economi
  + https://www.locanto.com.pe/trujillo/ID_8565612743/Apoyo-Ayuda-economic
  + https://www.locanto.com.pe/trujillo/ID_8366014406/AYUDA-ECONOMICA-APOY
  + https://www.locanto.com.pe/trujillo/ID_7046798815/Busco-mujer-para-ayu
  + https://www.locanto.com.pe/trujillo/ID_8786603264/Apoyo-Ayuda-economic
  + https://www.locanto.com.pe/trujillo/ID_7200149414/BUECO-MUJER-PARA-ENC
  + https://www.locanto.com.pe/trujillo/ID_7562083967/Doy-ayuda-economica-
  + https://www.locanto.com.pe/trujillo/ID_6410230914/Ayuda-Economica-Empr
  + https://www.locanto.com.pe/trujillo/ID_7167836357/Brindo-ayuda-economi
  + https://www.locanto.com.pe/trujillo/ID_7994596632/Entrego-ayuda-econom
  + https://www.locanto.com.pe/trujillo/ID_8236687538/AYUDA-ECONOMICA-MUJE
  + https://www.locanto.com.pe/trujillo/ID_7088690261/DOY-AYUDA-ECONOMICA-
  + https://www.locanto.com.pe/trujillo/ID_7088682147/BRINDO-AYUDA-ECONOMI
  + https://www.locanto.com.pe/trujillo/ID_6891561993/Doy-ayuda-economica-
  + https://www.locanto.com.pe/trujillo/ID_6891560470/DOY-AYUDA-ECONOMICA-
  + https://www.locanto.com.pe/trujillo/ID_6956408011/BRINDO-AYUDA-ECONOMI
  + https://www.locanto.com.pe/trujillo/ID_6581758251/Ayudo-a-mujeres-que-
LIST p3: https://www.locanto.com.pe/trujillo/Hombre-busca-mujer/20701/3/?query=ayuda+economica
  main IDs: 45
  + https://www.locanto.com.pe/trujillo/ID_6956399851/Busco-senorita-de-ca
  + https://www.locanto.com.pe/trujillo/ID_6535421861/Estoy-entregando-ayu
  + https://www.locanto.com.pe/trujillo/ID_6783681040/Doy-ayuda-economica-
  + https://www.locanto.com.pe/trujillo/ID_7326930196/brindo-ayuda-economi
  + https://www.locanto.com.pe/trujillo/ID_7199916505/BRINDO-AYUDA-ECONOMI
  + https://www.locanto.com.pe/trujillo/ID_9028861950/Doy-ayuda-economica-
  + https://www.locanto.com.pe/trujillo/ID_7557486354/Doy-ayuda-economica-
  + https://www.locanto.com.pe/trujillo/ID_7070205657/Entrego-ayuda-econom
  + https://www.locanto.com.pe/trujillo/ID_7199916421/DOY-AYUDA-ECONOMICA-
  + https://www.locanto.com.pe/trujillo/ID_7752934951/Brindo-ayuda-economi
  + https://www.locanto.com.pe/trujillo/ID_7548156979/DOY-AYUDA-A-MUJER-SO
  + https://www.locanto.com.pe/trujillo/ID_7654759423/Ayuda-economica-a-mu
  + https://www.locanto.com.pe/trujillo/ID_8768259882/Ofrezco-ayuda-econom
  + https://www.locanto.com.pe/trujillo/ID_7329395830/Doy-ayuda-economica-
  + https://www.locanto.com.pe/trujillo/ID_7554809490/Ayuda-economica-a-se
  + https://www.locanto.com.pe/trujillo/ID_8247399891/brindo-ayuda-economi
  + https://www.locanto.com.pe/trujillo/ID_7076003831/ENTREGO-AYUDA-ECONOM
  + https://www.locanto.com.pe/trujillo/ID_7562134974/Doy-ayuda-economica-
  + https://www.locanto.com.pe/trujillo/ID_7562160276/DOY-AYUDA-ECONOMICA-
  + https://www.locanto.com.pe/trujillo/ID_7562160678/HOLA-SENORITA-SOY-MI
  + https://www.locanto.com.pe/trujillo/ID_8219702812/Brindo-ayudar-econom
  + https://www.locanto.com.pe/trujillo/ID_7323881473/DOY-AYUDA-ECONOMICA-
  + https://www.locanto.com.pe/trujillo/ID_7548266368/HOLA-SENORITAS-YO-LE
  + https://www.locanto.com.pe/trujillo/ID_7548283243/Brindo-ayuda-economi
  + https://www.locanto.com.pe/trujillo/ID_7734958418/Doy-ayuda-economica-
  + https://www.locanto.com.pe/trujillo/ID_7655243764/OFREZCO-AYUDA-ECONOM
  + https://www.locanto.com.pe/trujillo/ID_7733919874/Ayuda-economica-para
  + https://www.locanto.com.pe/trujillo/ID_8345662100/Brindo-ayuda-economi
  + https://www.locanto.com.pe/trujillo/ID_7534360584/Ayuda-economica-Solo
  + https://www.locanto.com.pe/trujillo/ID_8092841023/Ayuda-Economica-Truj
DONE trujillo: added=120 last_p=3
SUMMARY trujillo added=120 last=3
