/Users/pabloillescas/Library/Python/3.9/lib/python/site-packages/urllib3/__init__.py:35: NotOpenSSLWarning: urllib3 v2 only supports OpenSSL 1.1.1+, currently the 'ssl' module is compiled with 'LibreSSL 2.8.3'. See: https://github.com/urllib3/urllib3/issues/3020
  warnings.warn(
START lima v3 section list crawl (main cards ONLY, tuned)
base=https://www.locanto.com.pe/lima/Hombre-busca-mujer/20701
LIST p1: https://www.locanto.com.pe/lima/Hombre-busca-mujer/20701/1/?query=ayuda+economica
  main IDs: 48
LIST p2: https://www.locanto.com.pe/lima/Hombre-busca-mujer/20701/2/?query=ayuda+economica
  main IDs: 46
LIST p3: https://www.locanto.com.pe/lima/Hombre-busca-mujer/20701/3/?query=ayuda+economica
  main IDs: 48
  + https://www.locanto.com.pe/lima/ID_8104773337/Joven-Ingeniero-respetuo
  + https://www.locanto.com.pe/lima/ID_8341839704/Joven-brinda-ayuda-econo
  + https://www.locanto.com.pe/lima/ID_8343067186/Ayuda-Economica-Solo-Chi
  + https://www.locanto.com.pe/lima/ID_8343067716/Ayuda-Economica-Maduras.
  + https://www.locanto.com.pe/lima/ID_8535914826/JOVEN-PROFESIONAL-BRINDA
  + https://www.locanto.com.pe/lima/ID_7294463448/AYUDA-ECONOMICA-A-SRTA-D
  + https://www.locanto.com.pe/lima/ID_9015241942/Ayuda-economica-constant
  + https://www.locanto.com.pe/lima/ID_7433047604/AYUDA-ECONOMICA-SRTA-DE-
  + https://www.locanto.com.pe/lima/ID_8586844765/Ayuda-economica-a-mujere
  + https://www.locanto.com.pe/lima/ID_4564108522/Solo-para-mujer-doy-ayud
  + https://www.locanto.com.pe/lima/ID_9013965371/Ofresco-ayuda-economica-
  + https://www.locanto.com.pe/lima/ID_7101850688/Ayuda-economica-para-per
  + https://www.locanto.com.pe/lima/ID_9011825461/Ayuda-economica-a-mujer-
  + https://www.locanto.com.pe/lima/ID_7654848204/AYUDO-economicamente-a-s
  + https://www.locanto.com.pe/lima/ID_7742071619/Ayuda-economica-para-est
  + https://www.locanto.com.pe/lima/ID_8103787847/Busco-una-sola-Senorita-
  + https://www.locanto.com.pe/lima/ID_8215575412/Busco-una-sola-Senorita-
  + https://www.locanto.com.pe/lima/ID_8142271797/BRINDO-AYUDA-ECONOMICA-C
  + https://www.locanto.com.pe/lima/ID_7969659492/Ayuda-economica-a-mujere
  + https://www.locanto.com.pe/lima/ID_9010678193/Ayuda-economica-a-chica-
  + https://www.locanto.com.pe/lima/ID_8733693324/Ayuda-economica-Los-Oliv
  + https://www.locanto.com.pe/lima/ID_9010157787/Se-busca-chica-liberal-p
  + https://www.locanto.com.pe/lima/ID_6992356119/Se-brinda-ayuda-economic
  + https://www.locanto.com.pe/lima/ID_9009443970/DOY-AYUDA-ECONOMICA-A-SE
LIST p4: https://www.locanto.com.pe/lima/Hombre-busca-mujer/20701/4/?query=ayuda+economica
  main IDs: 46
  + https://www.locanto.com.pe/lima/ID_8143430650/BRINDO-AYUDA-ECONOMICA-A
  + https://www.locanto.com.pe/lima/ID_7891035423/Ayuda-economica-chicas-d
  + https://www.locanto.com.pe/lima/ID_5139884102/AYUDA-ECONOMICA-A-SENORA
  + https://www.locanto.com.pe/lima/ID_6439674443/AYUDA-ECONOMICA-A-SENORA
  + https://www.locanto.com.pe/lima/ID_9004008844/Hombre-generoso-brinda-a
  + https://www.locanto.com.pe/lima/ID_7287847550/AYUDA-ECONOMICA-A-SRTA-D
  + https://www.locanto.com.pe/lima/ID_9003485879/BRINDO-AYUDA-ECONOMICA-A
  + https://www.locanto.com.pe/lima/ID_7652581464/AYUDA-ECONOMICA-PARA-MUJ
  + https://www.locanto.com.pe/lima/ID_7652272483/Brindo-ayuda-economica-a
  + https://www.locanto.com.pe/lima/ID_9003299963/Doy-ayuda-apoyo-economic
  + https://www.locanto.com.pe/lima/ID_7841054371/Brindo-Ayuda-Economica-a
  + https://www.locanto.com.pe/lima/ID_8099794725/Buscas-Dinero-Ayuda-Cons
  + https://www.locanto.com.pe/lima/ID_8100281741/JOVEN-PRESTA-AYUDA-ECONO
  + https://www.locanto.com.pe/lima/ID_8535759041/EMPRESARIO-BUSCA-CHICA-A
  + https://www.locanto.com.pe/lima/ID_8538622243/SUGAR-BRINDA-BUSCA-CHICA
  + https://www.locanto.com.pe/lima/ID_8543433752/Se-Busca-Chicas-de-18-a-
  + https://www.locanto.com.pe/lima/ID_7736310888/Ayuda-economica-en-Lima.
  + https://www.locanto.com.pe/lima/ID_8209387979/Ayuda-economica-a-estudi
  + https://www.locanto.com.pe/lima/ID_8337624487/Busco-una-embarazada-par
  + https://www.locanto.com.pe/lima/ID_8759400562/Ayuda-economica-a-madres
  + https://www.locanto.com.pe/lima/ID_7330250224/AYUDA-ECONOMICA-A-CHICAS
  + https://www.locanto.com.pe/lima/ID_9001304593/Caballero-da-su-ayuda-ec
LIST p5: https://www.locanto.com.pe/lima/Hombre-busca-mujer/20701/5/?query=ayuda+economica
  main IDs: 48
  + https://www.locanto.com.pe/lima/ID_7538519956/Busco-senorita-que-neces
  + https://www.locanto.com.pe/lima/ID_7652898563/SE-DA-AYUDA-ECONOMICA-S-
  + https://www.locanto.com.pe/lima/ID_7652908505/DOY-AYUDA-ECONOMICA-S-30
  + https://www.locanto.com.pe/lima/ID_7652923567/AYUDA-ECONOMICA-S-300-A-
  + https://www.locanto.com.pe/lima/ID_7652932749/BRINDO-AYUDA-ECONOMICA-S
  + https://www.locanto.com.pe/lima/ID_7652941465/DOY-AYUDA-ECONOMICA-S-30
  + https://www.locanto.com.pe/lima/ID_7652948842/SE-DA-AYUDA-ECONOMICA-A-
  + https://www.locanto.com.pe/lima/ID_7643862323/Ayuda-economica-a-senori
  + https://www.locanto.com.pe/lima/ID_7650957831/Ayuda-economica-para-pag
  + https://www.locanto.com.pe/lima/ID_8108996982/Conocer-senora-que-neces
  + https://www.locanto.com.pe/lima/ID_8995967773/Caballero-brinda-su-ayud
  + https://www.locanto.com.pe/lima/ID_7960667670/Hombre-da-ayuda-economic
  + https://www.locanto.com.pe/lima/ID_8093588026/Brindo-Ayuda-Economica-A
  + https://www.locanto.com.pe/lima/ID_8142936992/BRINDO-AYUDA-ECONOMICA-P
  + https://www.locanto.com.pe/lima/ID_8207415601/Doy-Ayuda-Economica-solo
  + https://www.locanto.com.pe/lima/ID_8207420519/Ofrezco-Ayuda-Economica-
  + https://www.locanto.com.pe/lima/ID_8207438570/Doy-Ayuda-Economica-Cons
  + https://www.locanto.com.pe/lima/ID_8995137996/Ayudan-economica-los-vie
  + https://www.locanto.com.pe/lima/ID_7510956936/Ayuda-economica-a-maduri
  + https://www.locanto.com.pe/lima/ID_8627976722/Ayuda-economica-a-madre-
  + https://www.locanto.com.pe/lima/ID_8993903113/Caballero-ofrece-su-ayud
  + https://www.locanto.com.pe/lima/ID_7966956025/Ayuda-economica-a-senori
  + https://www.locanto.com.pe/lima/ID_6735514388/Sugar-dady-brinda-ayuda-
LIST p6: https://www.locanto.com.pe/lima/Hombre-busca-mujer/20701/6/?query=ayuda+economica
  main IDs: 47
  + https://www.locanto.com.pe/lima/ID_4414067781/AYUDA-ECONOMICA-A-SENORA
  + https://www.locanto.com.pe/lima/ID_8348722036/Soy-sugar-daddy-brindo-a
  + https://www.locanto.com.pe/lima/ID_8018857830/Eres-venezolana-y-requie
  + https://www.locanto.com.pe/lima/ID_6690953292/Brindo-ayuda-economica-a
  + https://www.locanto.com.pe/lima/ID_7732466135/Ayuda-economica-a-Srta-d
  + https://www.locanto.com.pe/lima/ID_8614214116/Aprovechen-Brindo-ayuda-
  + https://www.locanto.com.pe/lima/ID_7833934601/Ayuda-economica-a-senori
  + https://www.locanto.com.pe/lima/ID_7674772736/Brindo-ayuda-economica-p
  + https://www.locanto.com.pe/lima/ID_7956475566/Brindo-ayuda-economica-e
  + https://www.locanto.com.pe/lima/ID_8092133602/Busco-solo-a-1-sola-Seno
  + https://www.locanto.com.pe/lima/ID_8092857511/Busco-a-una-sola-Senorit
  + https://www.locanto.com.pe/lima/ID_8204678281/Busco-a-una-sola-Senorit
  + https://www.locanto.com.pe/lima/ID_8204680892/Busco-a-una-sola-Senorit
  + https://www.locanto.com.pe/lima/ID_8205720903/Se-da-ayuda-economica-a-
  + https://www.locanto.com.pe/lima/ID_7733990310/AYUDA-ECONOMICA-SRTA-DE-
  + https://www.locanto.com.pe/lima/ID_8524826615/AYUDA-ECONOMICA-A-CHICAS
  + https://www.locanto.com.pe/lima/ID_7526471947/brindamoa-ayuda-economic
  + https://www.locanto.com.pe/lima/ID_8984970781/Caballero-brinda-su-ayud
  + https://www.locanto.com.pe/lima/ID_7536698449/Brindo-ayuda-economica-s
  + https://www.locanto.com.pe/lima/ID_7642501024/AYUDA-ECONOMICA-S-300-A-
  + https://www.locanto.com.pe/lima/ID_7642518144/DOY-AYUDA-ECONOMICA-S-30
  + https://www.locanto.com.pe/lima/ID_7642533380/SE-DA-AYUDA-ECONOMICA-S-
  + https://www.locanto.com.pe/lima/ID_7642573441/BRINDO-AYUDA-ECONOMICA-S
  + https://www.locanto.com.pe/lima/ID_7642621965/SE-DA-AYUDA-ECONOMICA-S-
  + https://www.locanto.com.pe/lima/ID_7830687791/Solo-Mujeres-Ayuda-Econo
LIST p7: https://www.locanto.com.pe/lima/Hombre-busca-mujer/20701/7/?query=ayuda+economica
  main IDs: 46
  + https://www.locanto.com.pe/lima/ID_7197815799/Ayuda-economica-a-chicas
  + https://www.locanto.com.pe/lima/ID_8215232508/Brindo-ayuda-economica-a
  + https://www.locanto.com.pe/lima/ID_7733919350/Ayuda-economica-a-estudi
  + https://www.locanto.com.pe/lima/ID_7730207859/AYUDA-ECONOMICA-AMAS-DE-
  + https://www.locanto.com.pe/lima/ID_7984801585/Sugar-daddy-brinda-ayuda
  + https://www.locanto.com.pe/lima/ID_8331561596/Doy-ayuda-economica-a-un
  + https://www.locanto.com.pe/lima/ID_7951464369/Brindo-ayuda-Ayuda-Econo
  + https://www.locanto.com.pe/lima/ID_8088983016/Busco-a-una-sola-Senorit
  + https://www.locanto.com.pe/lima/ID_7828213401/Mujer-madura-de-casa-hon
  + https://www.locanto.com.pe/lima/ID_7696587295/Ayuda-economica-para-est
  + https://www.locanto.com.pe/lima/ID_7696587742/BRINDO-AYUDA-ECONOMICA-S
  + https://www.locanto.com.pe/lima/ID_7696589256/Se-brinda-ayuda-economic
  + https://www.locanto.com.pe/lima/ID_7696587474/Ayuda-economica-para-sen
  + https://www.locanto.com.pe/lima/ID_7528539035/Ayuda-economica-a-mujer-
  + https://www.locanto.com.pe/lima/ID_7641582025/Ayuda-economica-a-Senori
  + https://www.locanto.com.pe/lima/ID_7829209566/AYUDA-ECONOMICA-SRTA-DE-
  + https://www.locanto.com.pe/lima/ID_8980939772/Ayuda-economica-a-chica-
  + https://www.locanto.com.pe/lima/ID_8739506602/Ayuda-economica-S-250-a-
  + https://www.locanto.com.pe/lima/ID_8519528726/Ayuda-economica-para-chi
  + https://www.locanto.com.pe/lima/ID_8980470424/Caballero-brinda-ayuda-e
  + https://www.locanto.com.pe/lima/ID_6570877862/Brindo-ayuda-economica-s
  + https://www.locanto.com.pe/lima/ID_8198387665/Ayuda-economica-a-senori
  + https://www.locanto.com.pe/lima/ID_8509169249/Ayuda-economica-jovencit
  + https://www.locanto.com.pe/lima/ID_7947639437/Busco-jovencita-o-madura
  + https://www.locanto.com.pe/lima/ID_8085942660/AYUDA-ECONOMICA-CHICAS-D
LIST p8: https://www.locanto.com.pe/lima/Hombre-busca-mujer/20701/8/?query=ayuda+economica
  main IDs: 47
  + https://www.locanto.com.pe/lima/ID_8974464831/Hombre-generoso-da-su-ay
  + https://www.locanto.com.pe/lima/ID_7639651155/Ayuda-Economicamente.htm
  + https://www.locanto.com.pe/lima/ID_7729151772/ayuda-economica.html
  + https://www.locanto.com.pe/lima/ID_7826563355/UNA-SOLA-CHICA-UNIVERSI-
  + https://www.locanto.com.pe/lima/ID_7821794795/soy-un-hombre-moreno-doy
  + https://www.locanto.com.pe/lima/ID_8082525706/Joven-busca-mujeres-madu
  + https://www.locanto.com.pe/lima/ID_8496155916/Joven-estudiante-univers
  + https://www.locanto.com.pe/lima/ID_8733267236/sugar-daddy-da-ayuda-eco
  + https://www.locanto.com.pe/lima/ID_7272463698/AYUDA-ECONOMICA-SRTA-DE-
  + https://www.locanto.com.pe/lima/ID_6133046660/Ayuda-economica-a-univer
  + https://www.locanto.com.pe/lima/ID_8727273066/Ayuda-economica-a-chicas
  + https://www.locanto.com.pe/lima/ID_8727999851/Ayuda-economica-para-muj
  + https://www.locanto.com.pe/lima/ID_8496785955/Hombre-busca-chica-para-
  + https://www.locanto.com.pe/lima/ID_8079170533/Busco-1-sola-Senorita-pa
  + https://www.locanto.com.pe/lima/ID_8082087127/Busco-a-1-sola-Senorita-
  + https://www.locanto.com.pe/lima/ID_7727392721/Ayuda-economica-de-200-p
  + https://www.locanto.com.pe/lima/ID_8099887135/Ayuda-economica-a-estudi
  + https://www.locanto.com.pe/lima/ID_7190048959/AYUDA-ECONOMICA-A-MUJERE
  + https://www.locanto.com.pe/lima/ID_8969935647/Ayuda-Economica-Madre-so
  + https://www.locanto.com.pe/lima/ID_7525641258/Solo-jovencita-o-estudia
  + https://www.locanto.com.pe/lima/ID_7640167504/Ayuda-economica-a-venezo
  + https://www.locanto.com.pe/lima/ID_8653673361/Ayuda-economica-a-mujere
  + https://www.locanto.com.pe/lima/ID_7727893370/Holaa-doy-ayuda-economic
  + https://www.locanto.com.pe/lima/ID_7727220009/AYUDA-ECONOMICA-A-DAMA-D
LIST p9: https://www.locanto.com.pe/lima/Hombre-busca-mujer/20701/9/?query=ayuda+economica
  main IDs: 46
  + https://www.locanto.com.pe/lima/ID_7032280082/OFREZCO-AYUDA-ECONOMICA-
  + https://www.locanto.com.pe/lima/ID_7730340380/Ayuda-economica-a-mujere
  + https://www.locanto.com.pe/lima/ID_8718715355/Estoy-buscando-mujer-a-c
  + https://www.locanto.com.pe/lima/ID_6934005077/Se-brinda-AYUDA-ECONOMIC
  + https://www.locanto.com.pe/lima/ID_8481016579/Busco-senorita-o-senora-
  + https://www.locanto.com.pe/lima/ID_8492069668/Brindo-ayuda-economica-a
  + https://www.locanto.com.pe/lima/ID_8963741113/Brindo-ayuda-economica-a
DONE lima: added=150
SUMMARY lima added=150
