/Users/pabloillescas/Library/Python/3.9/lib/python/site-packages/urllib3/__init__.py:35: NotOpenSSLWarning: urllib3 v2 only supports OpenSSL 1.1.1+, currently the 'ssl' module is compiled with 'LibreSSL 2.8.3'. See: https://github.com/urllib3/urllib3/issues/3020
  warnings.warn(
START chimbote more (main cards ONLY)
base=https://www.locanto.com.pe/chimbote/Hombre-busca-mujer/20701
p1
  IDs: 46
  +added
  +added
  +added
  +added
  +added
  +added
  +added
  +added
  +added
  +added
  +added
  +added
  +added
  +added
  +added
  +added
  +added
  +added
  +added
  +added
p2
  IDs: 46
p3
  IDs: 46
p4
  IDs: 46
p5
  IDs: 46
p6
  IDs: 46
p7
  IDs: 46
p8
  IDs: 46
p9
  IDs: 46
p10
  IDs: 46
p11
  IDs: 46
p12
  IDs: 46
p13
  IDs: 46
p14
  IDs: 46
p15
  IDs: 46
p16
  IDs: 46
p17
  IDs: 46
p18
  IDs: 46
p19
  IDs: 46
p20
  IDs: 46
p21
  IDs: 46
p22
  IDs: 46
p23
  IDs: 46
p24
  IDs: 46
p25
  IDs: 46
p26
  IDs: 46
p27
  IDs: 46
p28
  IDs: 46
p29
  IDs: 46
p30
  IDs: 46
p31
  IDs: 46
p32
  IDs: 46
p33
  IDs: 46
p34
  IDs: 46
p35
  IDs: 46
p36
  IDs: 46
p37
  IDs: 46
p38
  IDs: 46
p39
  IDs: 46
DONE chimbote added=20
DONE chimbote added=20
