/Users/pabloillescas/Library/Python/3.9/lib/python/site-packages/urllib3/__init__.py:35: NotOpenSSLWarning: urllib3 v2 only supports OpenSSL 1.1.1+, currently the 'ssl' module is compiled with 'LibreSSL 2.8.3'. See: https://github.com/urllib3/urllib3/issues/3020
  warnings.warn(
START ica more (main cards ONLY)
base=https://www.locanto.com.pe/ica/Hombre-busca-mujer/20701
p1
  IDs: 2
  +added
  +added
p2
  IDs: 42
  +added
  +added
  +added
  +added
  +added
  +added
  +added
  +added
  +added
  +added
  +added
  +added
  +added
  +added
  +added
  +added
  +added
  +added
  +added
  +added
p3
  IDs: 42
p4
  IDs: 42
p5
  IDs: 42
p6
  IDs: 42
p7
  IDs: 42
p8
  IDs: 42
p9
  IDs: 42
p10
  IDs: 42
p11
  IDs: 42
p12
  IDs: 42
p13
  IDs: 42
p14
  IDs: 42
p15
  IDs: 42
p16
  IDs: 42
p17
  IDs: 42
p18
  IDs: 42
p19
  IDs: 42
p20
  IDs: 42
p21
  IDs: 42
p22
  IDs: 42
p23
  IDs: 42
p24
  IDs: 42
p25
  IDs: 42
p26
  IDs: 42
p27
  IDs: 42
p28
  IDs: 42
p29
  IDs: 42
p30
  IDs: 42
p31
  IDs: 42
p32
  IDs: 42
p33
  IDs: 42
p34
  IDs: 42
p35
  IDs: 42
p36
  IDs: 42
p37
  IDs: 42
p38
  IDs: 42
p39
  IDs: 42
DONE ica added=22
DONE ica added=22
