/Users/pabloillescas/Library/Python/3.9/lib/python/site-packages/urllib3/__init__.py:35: NotOpenSSLWarning: urllib3 v2 only supports OpenSSL 1.1.1+, currently the 'ssl' module is compiled with 'LibreSSL 2.8.3'. See: https://github.com/urllib3/urllib3/issues/3020
  warnings.warn(
START Doplim cat puno (main li.cnt-list_ads ONLY, tuned)
base=https://www.doplim.com.pe/s/hombre-busca-mujer/puno/
LIST p1: https://www.doplim.com.pe/s/hombre-busca-mujer/puno/
  main li.cnt-list_ads IDs: 5
  + https://puno-capital.doplim.com.pe/busco-chica-que-requiera-ayuda-econ
  + https://puno-capital.doplim.com.pe/gratis-apoyo-economico-id-1486858.h
LIST p2: https://www.doplim.com.pe/s/hombre-busca-mujer/puno/?page=2
  main li.cnt-list_ads IDs: 5
LIST p3: https://www.doplim.com.pe/s/hombre-busca-mujer/puno/?page=3
  main li.cnt-list_ads IDs: 5
LIST p4: https://www.doplim.com.pe/s/hombre-busca-mujer/puno/?page=4
  main li.cnt-list_ads IDs: 5
LIST p5: https://www.doplim.com.pe/s/hombre-busca-mujer/puno/?page=5
  main li.cnt-list_ads IDs: 5
LIST p6: https://www.doplim.com.pe/s/hombre-busca-mujer/puno/?page=6
  main li.cnt-list_ads IDs: 5
LIST p7: https://www.doplim.com.pe/s/hombre-busca-mujer/puno/?page=7
  main li.cnt-list_ads IDs: 5
LIST p8: https://www.doplim.com.pe/s/hombre-busca-mujer/puno/?page=8
  main li.cnt-list_ads IDs: 5
LIST p9: https://www.doplim.com.pe/s/hombre-busca-mujer/puno/?page=9
  main li.cnt-list_ads IDs: 5
LIST p10: https://www.doplim.com.pe/s/hombre-busca-mujer/puno/?page=10
  main li.cnt-list_ads IDs: 5
LIST p11: https://www.doplim.com.pe/s/hombre-busca-mujer/puno/?page=11
  main li.cnt-list_ads IDs: 5
LIST p12: https://www.doplim.com.pe/s/hombre-busca-mujer/puno/?page=12
  main li.cnt-list_ads IDs: 5
LIST p13: https://www.doplim.com.pe/s/hombre-busca-mujer/puno/?page=13
  main li.cnt-list_ads IDs: 5
LIST p14: https://www.doplim.com.pe/s/hombre-busca-mujer/puno/?page=14
  main li.cnt-list_ads IDs: 5
LIST p15: https://www.doplim.com.pe/s/hombre-busca-mujer/puno/?page=15
  main li.cnt-list_ads IDs: 5
LIST p16: https://www.doplim.com.pe/s/hombre-busca-mujer/puno/?page=16
  main li.cnt-list_ads IDs: 5
LIST p17: https://www.doplim.com.pe/s/hombre-busca-mujer/puno/?page=17
  main li.cnt-list_ads IDs: 5
LIST p18: https://www.doplim.com.pe/s/hombre-busca-mujer/puno/?page=18
  main li.cnt-list_ads IDs: 5
LIST p19: https://www.doplim.com.pe/s/hombre-busca-mujer/puno/?page=19
  main li.cnt-list_ads IDs: 5
LIST p20: https://www.doplim.com.pe/s/hombre-busca-mujer/puno/?page=20
  main li.cnt-list_ads IDs: 5
LIST p21: https://www.doplim.com.pe/s/hombre-busca-mujer/puno/?page=21
  main li.cnt-list_ads IDs: 5
LIST p22: https://www.doplim.com.pe/s/hombre-busca-mujer/puno/?page=22
  main li.cnt-list_ads IDs: 5
LIST p23: https://www.doplim.com.pe/s/hombre-busca-mujer/puno/?page=23
  main li.cnt-list_ads IDs: 5
LIST p24: https://www.doplim.com.pe/s/hombre-busca-mujer/puno/?page=24
  main li.cnt-list_ads IDs: 5
LIST p25: https://www.doplim.com.pe/s/hombre-busca-mujer/puno/?page=25
  main li.cnt-list_ads IDs: 5
LIST p26: https://www.doplim.com.pe/s/hombre-busca-mujer/puno/?page=26
  main li.cnt-list_ads IDs: 5
LIST p27: https://www.doplim.com.pe/s/hombre-busca-mujer/puno/?page=27
  main li.cnt-list_ads IDs: 5
LIST p28: https://www.doplim.com.pe/s/hombre-busca-mujer/puno/?page=28
  main li.cnt-list_ads IDs: 5
LIST p29: https://www.doplim.com.pe/s/hombre-busca-mujer/puno/?page=29
  main li.cnt-list_ads IDs: 5
DONE Doplim cat puno: added=2
DONE puno added=2
