/Users/pabloillescas/Library/Python/3.9/lib/python/site-packages/urllib3/__init__.py:35: NotOpenSSLWarning: urllib3 v2 only supports OpenSSL 1.1.1+, currently the 'ssl' module is compiled with 'LibreSSL 2.8.3'. See: https://github.com/urllib3/urllib3/issues/3020
  warnings.warn(
START Doplim category piura (main li.cnt-list_ads ONLY, tuned)
base=https://www.doplim.com.pe/s/hombre-busca-mujer/piura/
LIST p1: https://www.doplim.com.pe/s/hombre-busca-mujer/piura/
  main li.cnt-list_ads IDs: 13
  + https://piura-capital.doplim.com.pe/bribdo-ayuda-economica-a-senirutas
  + https://piura-capital.doplim.com.pe/ofrezco-apoyo-economico-a-mujeres-
  + https://piura-capital.doplim.com.pe/apoyo-economico-a-chicas-estudiant
  + https://piura-capital.doplim.com.pe/apoyo-economico-para-senoritas-id-
  + https://piura-capital.doplim.com.pe/ayuda-economica-por-intimidad-id-1
  + https://piura-capital.doplim.com.pe/brindo-ayuda-economica-a-srta-y-sr
  + https://piura-capital.doplim.com.pe/ofrezco-apoyo-economico-a-chicas-i
  + https://piura-capital.doplim.com.pe/apoyo-economico-a-estudiantes-y-un
  + https://piura-capital.doplim.com.pe/apoyo-economico-piura-id-1509107.h
  + https://piura-capital.doplim.com.pe/ayuda-economica-a-senoritas-estudi
  + https://piura-capital.doplim.com.pe/apoyo-economico-a-senoritas-estudi
  + https://piura-capital.doplim.com.pe/ayuda-economica-a-senoritas-por-mo
LIST p2: https://www.doplim.com.pe/s/hombre-busca-mujer/piura/?page=2
  main li.cnt-list_ads IDs: 13
LIST p3: https://www.doplim.com.pe/s/hombre-busca-mujer/piura/?page=3
  main li.cnt-list_ads IDs: 13
LIST p4: https://www.doplim.com.pe/s/hombre-busca-mujer/piura/?page=4
  main li.cnt-list_ads IDs: 13
LIST p5: https://www.doplim.com.pe/s/hombre-busca-mujer/piura/?page=5
  main li.cnt-list_ads IDs: 13
LIST p6: https://www.doplim.com.pe/s/hombre-busca-mujer/piura/?page=6
  main li.cnt-list_ads IDs: 13
LIST p7: https://www.doplim.com.pe/s/hombre-busca-mujer/piura/?page=7
  main li.cnt-list_ads IDs: 13
LIST p8: https://www.doplim.com.pe/s/hombre-busca-mujer/piura/?page=8
  main li.cnt-list_ads IDs: 13
LIST p9: https://www.doplim.com.pe/s/hombre-busca-mujer/piura/?page=9
  main li.cnt-list_ads IDs: 13
LIST p10: https://www.doplim.com.pe/s/hombre-busca-mujer/piura/?page=10
  main li.cnt-list_ads IDs: 13
LIST p11: https://www.doplim.com.pe/s/hombre-busca-mujer/piura/?page=11
  main li.cnt-list_ads IDs: 13
LIST p12: https://www.doplim.com.pe/s/hombre-busca-mujer/piura/?page=12
  main li.cnt-list_ads IDs: 13
LIST p13: https://www.doplim.com.pe/s/hombre-busca-mujer/piura/?page=13
  main li.cnt-list_ads IDs: 13
LIST p14: https://www.doplim.com.pe/s/hombre-busca-mujer/piura/?page=14
  main li.cnt-list_ads IDs: 13
LIST p15: https://www.doplim.com.pe/s/hombre-busca-mujer/piura/?page=15
  main li.cnt-list_ads IDs: 13
LIST p16: https://www.doplim.com.pe/s/hombre-busca-mujer/piura/?page=16
  main li.cnt-list_ads IDs: 13
LIST p17: https://www.doplim.com.pe/s/hombre-busca-mujer/piura/?page=17
  main li.cnt-list_ads IDs: 13
LIST p18: https://www.doplim.com.pe/s/hombre-busca-mujer/piura/?page=18
  main li.cnt-list_ads IDs: 13
LIST p19: https://www.doplim.com.pe/s/hombre-busca-mujer/piura/?page=19
  main li.cnt-list_ads IDs: 13
LIST p20: https://www.doplim.com.pe/s/hombre-busca-mujer/piura/?page=20
  main li.cnt-list_ads IDs: 13
  + https://piura-capital.doplim.com.pe/doy-sexo-a-mujeres-gorditas-no-imp
LIST p21: https://www.doplim.com.pe/s/hombre-busca-mujer/piura/?page=21
  main li.cnt-list_ads IDs: 13
LIST p22: https://www.doplim.com.pe/s/hombre-busca-mujer/piura/?page=22
  main li.cnt-list_ads IDs: 13
LIST p23: https://www.doplim.com.pe/s/hombre-busca-mujer/piura/?page=23
  main li.cnt-list_ads IDs: 13
LIST p24: https://www.doplim.com.pe/s/hombre-busca-mujer/piura/?page=24
  main li.cnt-list_ads IDs: 13
LIST p25: https://www.doplim.com.pe/s/hombre-busca-mujer/piura/?page=25
  main li.cnt-list_ads IDs: 13
LIST p26: https://www.doplim.com.pe/s/hombre-busca-mujer/piura/?page=26
  main li.cnt-list_ads IDs: 13
LIST p27: https://www.doplim.com.pe/s/hombre-busca-mujer/piura/?page=27
  main li.cnt-list_ads IDs: 13
LIST p28: https://www.doplim.com.pe/s/hombre-busca-mujer/piura/?page=28
  main li.cnt-list_ads IDs: 13
LIST p29: https://www.doplim.com.pe/s/hombre-busca-mujer/piura/?page=29
  main li.cnt-list_ads IDs: 13
DONE Doplim cat piura: added=13
DONE piura added=13
