/Users/pabloillescas/Library/Python/3.9/lib/python/site-packages/urllib3/__init__.py:35: NotOpenSSLWarning: urllib3 v2 only supports OpenSSL 1.1.1+, currently the 'ssl' module is compiled with 'LibreSSL 2.8.3'. See: https://github.com/urllib3/urllib3/issues/3020
  warnings.warn(
START Doplim cat huancavelica (main li.cnt-list_ads ONLY, tuned)
base=https://www.doplim.com.pe/s/hombre-busca-mujer/huancavelica/
LIST p1: https://www.doplim.com.pe/s/hombre-busca-mujer/huancavelica/
  main li.cnt-list_ads IDs: 5
  + https://huancavelica-capital.doplim.com.pe/ae-a-senoritas-en-hvca-whas
  + https://huancavelica-capital.doplim.com.pe/se-brinda-ayuda-economica-i
  + https://huancavelica-capital.doplim.com.pe/brindo-servicio-a-damas-de-
LIST p2: https://www.doplim.com.pe/s/hombre-busca-mujer/huancavelica/?page=2
  main li.cnt-list_ads IDs: 5
LIST p3: https://www.doplim.com.pe/s/hombre-busca-mujer/huancavelica/?page=3
  main li.cnt-list_ads IDs: 5
LIST p4: https://www.doplim.com.pe/s/hombre-busca-mujer/huancavelica/?page=4
  main li.cnt-list_ads IDs: 5
  + https://huancavelica-capital.doplim.com.pe/brindo-sexo-a-damas-que-des
LIST p5: https://www.doplim.com.pe/s/hombre-busca-mujer/huancavelica/?page=5
  main li.cnt-list_ads IDs: 5
LIST p6: https://www.doplim.com.pe/s/hombre-busca-mujer/huancavelica/?page=6
  main li.cnt-list_ads IDs: 5
LIST p7: https://www.doplim.com.pe/s/hombre-busca-mujer/huancavelica/?page=7
  main li.cnt-list_ads IDs: 5
LIST p8: https://www.doplim.com.pe/s/hombre-busca-mujer/huancavelica/?page=8
  main li.cnt-list_ads IDs: 5
LIST p9: https://www.doplim.com.pe/s/hombre-busca-mujer/huancavelica/?page=9
  main li.cnt-list_ads IDs: 5
LIST p10: https://www.doplim.com.pe/s/hombre-busca-mujer/huancavelica/?page=10
  main li.cnt-list_ads IDs: 5
  + https://huancavelica-capital.doplim.com.pe/brindo-servicio-a-senoritas
LIST p11: https://www.doplim.com.pe/s/hombre-busca-mujer/huancavelica/?page=11
  main li.cnt-list_ads IDs: 5
LIST p12: https://www.doplim.com.pe/s/hombre-busca-mujer/huancavelica/?page=12
  main li.cnt-list_ads IDs: 5
LIST p13: https://www.doplim.com.pe/s/hombre-busca-mujer/huancavelica/?page=13
  main li.cnt-list_ads IDs: 5
LIST p14: https://www.doplim.com.pe/s/hombre-busca-mujer/huancavelica/?page=14
  main li.cnt-list_ads IDs: 5
LIST p15: https://www.doplim.com.pe/s/hombre-busca-mujer/huancavelica/?page=15
  main li.cnt-list_ads IDs: 5
LIST p16: https://www.doplim.com.pe/s/hombre-busca-mujer/huancavelica/?page=16
  main li.cnt-list_ads IDs: 5
LIST p17: https://www.doplim.com.pe/s/hombre-busca-mujer/huancavelica/?page=17
  main li.cnt-list_ads IDs: 5
LIST p18: https://www.doplim.com.pe/s/hombre-busca-mujer/huancavelica/?page=18
  main li.cnt-list_ads IDs: 5
LIST p19: https://www.doplim.com.pe/s/hombre-busca-mujer/huancavelica/?page=19
  main li.cnt-list_ads IDs: 5
LIST p20: https://www.doplim.com.pe/s/hombre-busca-mujer/huancavelica/?page=20
  main li.cnt-list_ads IDs: 5
LIST p21: https://www.doplim.com.pe/s/hombre-busca-mujer/huancavelica/?page=21
  main li.cnt-list_ads IDs: 5
LIST p22: https://www.doplim.com.pe/s/hombre-busca-mujer/huancavelica/?page=22
  main li.cnt-list_ads IDs: 5
LIST p23: https://www.doplim.com.pe/s/hombre-busca-mujer/huancavelica/?page=23
  main li.cnt-list_ads IDs: 5
LIST p24: https://www.doplim.com.pe/s/hombre-busca-mujer/huancavelica/?page=24
  main li.cnt-list_ads IDs: 5
LIST p25: https://www.doplim.com.pe/s/hombre-busca-mujer/huancavelica/?page=25
  main li.cnt-list_ads IDs: 5
LIST p26: https://www.doplim.com.pe/s/hombre-busca-mujer/huancavelica/?page=26
  main li.cnt-list_ads IDs: 5
LIST p27: https://www.doplim.com.pe/s/hombre-busca-mujer/huancavelica/?page=27
  main li.cnt-list_ads IDs: 5
LIST p28: https://www.doplim.com.pe/s/hombre-busca-mujer/huancavelica/?page=28
  main li.cnt-list_ads IDs: 5
LIST p29: https://www.doplim.com.pe/s/hombre-busca-mujer/huancavelica/?page=29
  main li.cnt-list_ads IDs: 5
DONE Doplim cat huancavelica: added=5
DONE huancavelica added=5
