/Users/pabloillescas/Library/Python/3.9/lib/python/site-packages/urllib3/__init__.py:35: NotOpenSSLWarning: urllib3 v2 only supports OpenSSL 1.1.1+, currently the 'ssl' module is compiled with 'LibreSSL 2.8.3'. See: https://github.com/urllib3/urllib3/issues/3020
  warnings.warn(
START Doplim cat huancayo (main li.cnt-list_ads ONLY, tuned)
base=https://www.doplim.com.pe/s/hombre-busca-mujer/huancayo/
LIST p1: https://www.doplim.com.pe/s/hombre-busca-mujer/huancayo/
  main li.cnt-list_ads IDs: 13
  + https://huancayo.doplim.com.pe/ayuda-economica-a-jovencitas-sin-hijos-
  + https://huancayo.doplim.com.pe/ayuda-economica-a-mujeres-hyo-id-151188
  + https://huancayo.doplim.com.pe/brindo-ayuda-economica-a-mujeres-de-hua
  + https://huancayo.doplim.com.pe/se-brinda-apoyo-economico-id-1511538.ht
  + https://huancayo.doplim.com.pe/solo-senoritas-id-1510193.html
  + https://huancayo.doplim.com.pe/servicio-relax-a-mujeres-id-1509743.htm
  + https://huancayo.doplim.com.pe/solo-para-chicas-id-1509537.html
  + https://huancayo.doplim.com.pe/ayuda-economica-solo-a-senoritas-de-hua
  + https://huancayo.doplim.com.pe/ayuda-economica-a-senoritas-de-huancayo
  + https://huancayo.doplim.com.pe/ayuda-economica-senoritas-de-huancayo-i
LIST p2: https://www.doplim.com.pe/s/hombre-busca-mujer/huancayo/?page=2
  main li.cnt-list_ads IDs: 0
LIST p3: https://www.doplim.com.pe/s/hombre-busca-mujer/huancayo/?page=3
  main li.cnt-list_ads IDs: 13
LIST p4: https://www.doplim.com.pe/s/hombre-busca-mujer/huancayo/?page=4
  main li.cnt-list_ads IDs: 13
LIST p5: https://www.doplim.com.pe/s/hombre-busca-mujer/huancayo/?page=5
  main li.cnt-list_ads IDs: 13
  + https://huancayo.doplim.com.pe/hombre-en-busca-de-complacer-id-1510595
LIST p6: https://www.doplim.com.pe/s/hombre-busca-mujer/huancayo/?page=6
  main li.cnt-list_ads IDs: 13
LIST p7: https://www.doplim.com.pe/s/hombre-busca-mujer/huancayo/?page=7
  main li.cnt-list_ads IDs: 13
LIST p8: https://www.doplim.com.pe/s/hombre-busca-mujer/huancayo/?page=8
  main li.cnt-list_ads IDs: 13
LIST p9: https://www.doplim.com.pe/s/hombre-busca-mujer/huancayo/?page=9
  main li.cnt-list_ads IDs: 13
LIST p10: https://www.doplim.com.pe/s/hombre-busca-mujer/huancayo/?page=10
  main li.cnt-list_ads IDs: 13
LIST p11: https://www.doplim.com.pe/s/hombre-busca-mujer/huancayo/?page=11
  main li.cnt-list_ads IDs: 13
LIST p12: https://www.doplim.com.pe/s/hombre-busca-mujer/huancayo/?page=12
  main li.cnt-list_ads IDs: 13
LIST p13: https://www.doplim.com.pe/s/hombre-busca-mujer/huancayo/?page=13
  main li.cnt-list_ads IDs: 13
LIST p14: https://www.doplim.com.pe/s/hombre-busca-mujer/huancayo/?page=14
  main li.cnt-list_ads IDs: 13
LIST p15: https://www.doplim.com.pe/s/hombre-busca-mujer/huancayo/?page=15
  main li.cnt-list_ads IDs: 13
LIST p16: https://www.doplim.com.pe/s/hombre-busca-mujer/huancayo/?page=16
  main li.cnt-list_ads IDs: 13
LIST p17: https://www.doplim.com.pe/s/hombre-busca-mujer/huancayo/?page=17
  main li.cnt-list_ads IDs: 13
  + https://huancayo.doplim.com.pe/doy-servicio-a-mujeres-id-1511414.html
LIST p18: https://www.doplim.com.pe/s/hombre-busca-mujer/huancayo/?page=18
  main li.cnt-list_ads IDs: 13
LIST p19: https://www.doplim.com.pe/s/hombre-busca-mujer/huancayo/?page=19
  main li.cnt-list_ads IDs: 13
LIST p20: https://www.doplim.com.pe/s/hombre-busca-mujer/huancayo/?page=20
  main li.cnt-list_ads IDs: 13
LIST p21: https://www.doplim.com.pe/s/hombre-busca-mujer/huancayo/?page=21
  main li.cnt-list_ads IDs: 13
LIST p22: https://www.doplim.com.pe/s/hombre-busca-mujer/huancayo/?page=22
  main li.cnt-list_ads IDs: 13
LIST p23: https://www.doplim.com.pe/s/hombre-busca-mujer/huancayo/?page=23
  main li.cnt-list_ads IDs: 13
LIST p24: https://www.doplim.com.pe/s/hombre-busca-mujer/huancayo/?page=24
  main li.cnt-list_ads IDs: 13
LIST p25: https://www.doplim.com.pe/s/hombre-busca-mujer/huancayo/?page=25
  main li.cnt-list_ads IDs: 13
LIST p26: https://www.doplim.com.pe/s/hombre-busca-mujer/huancayo/?page=26
  main li.cnt-list_ads IDs: 13
LIST p27: https://www.doplim.com.pe/s/hombre-busca-mujer/huancayo/?page=27
  main li.cnt-list_ads IDs: 13
LIST p28: https://www.doplim.com.pe/s/hombre-busca-mujer/huancayo/?page=28
  main li.cnt-list_ads IDs: 13
LIST p29: https://www.doplim.com.pe/s/hombre-busca-mujer/huancayo/?page=29
  main li.cnt-list_ads IDs: 13
DONE Doplim cat huancayo: added=12
DONE huancayo added=12
