/Users/pabloillescas/Library/Python/3.9/lib/python/site-packages/urllib3/__init__.py:35: NotOpenSSLWarning: urllib3 v2 only supports OpenSSL 1.1.1+, currently the 'ssl' module is compiled with 'LibreSSL 2.8.3'. See: https://github.com/urllib3/urllib3/issues/3020
  warnings.warn(
START huancavelica keep2 (main cards ONLY, tuned)
base=https://www.locanto.com.pe/huancavelica/Hombre-busca-mujer/20701
p1
  IDs: 9
  +added
  +added
  +added
  +added
  +added
  +added
  +added
  +added
p2
  IDs: 9
p3
  IDs: 9
p4
  IDs: 9
p5
  IDs: 9
p6
  IDs: 9
p7
  IDs: 9
p8
  IDs: 9
p9
  IDs: 9
p10
  IDs: 9
p11
  IDs: 9
p12
  IDs: 9
p13
  IDs: 9
p14
  IDs: 9
p15
  IDs: 9
p16
  IDs: 9
p17
  IDs: 9
p18
  IDs: 9
p19
  IDs: 9
p20
  IDs: 9
p21
  IDs: 9
p22
  IDs: 9
p23
  IDs: 9
p24
  IDs: 9
p25
  IDs: 9
p26
  IDs: 9
p27
  IDs: 9
p28
  IDs: 9
p29
  IDs: 9
p30
  IDs: 9
p31
  IDs: 9
p32
  IDs: 9
p33
  IDs: 9
p34
  IDs: 9
p35
  IDs: 9
p36
  IDs: 9
p37
  IDs: 9
p38
  IDs: 9
p39
  IDs: 9
DONE huancavelica added=8
DONE huancavelica added=8
