/Users/pabloillescas/Library/Python/3.9/lib/python/site-packages/urllib3/__init__.py:35: NotOpenSSLWarning: urllib3 v2 only supports OpenSSL 1.1.1+, currently the 'ssl' module is compiled with 'LibreSSL 2.8.3'. See: https://github.com/urllib3/urllib3/issues/3020
  warnings.warn(
START lima keep collecting (main cards ONLY, tuned)
base=https://www.locanto.com.pe/lima/Hombre-busca-mujer/20701
p150
  IDs: 44
p151
  IDs: 44
p152
  IDs: 44
p153
  IDs: 44
p154
  IDs: 44
p155
  IDs: 44
p156
  IDs: 43
p157
  IDs: 43
p158
  IDs: 43
p159
  IDs: 43
p160
  IDs: 43
p161
  IDs: 43
p162
  IDs: 43
p163
  IDs: 43
p164
  IDs: 43
p165
  IDs: 43
p166
  IDs: 43
p167
  IDs: 43
p168
  IDs: 43
p169
  IDs: 43
p170
  IDs: 43
p171
  IDs: 43
p172
  IDs: 43
p173
  IDs: 43
p174
  IDs: 43
  +added
  +added
  +added
p175
  IDs: 43
p176
  IDs: 43
p177
  IDs: 43
p178
  IDs: 43
p179
  IDs: 43
p180
  IDs: 43
p181
  IDs: 43
p182
  IDs: 43
p183
  IDs: 43
p184
  IDs: 43
p185
  IDs: 43
p186
  IDs: 43
p187
  IDs: 43
p188
  IDs: 43
p189
  IDs: 43
p190
  IDs: 43
p191
  IDs: 43
p192
  IDs: 43
p193
  IDs: 43
p194
  IDs: 43
p195
  IDs: 43
p196
  IDs: 43
p197
  IDs: 43
p198
  IDs: 43
p199
  IDs: 43
p200
  IDs: 43
p201
  IDs: 43
p202
  IDs: 43
p203
  IDs: 43
p204
  IDs: 43
p205
  IDs: 43
p206
  IDs: 43
p207
  IDs: 43
p208
  IDs: 43
p209
  IDs: 43
p210
  IDs: 43
  +added
p211
  IDs: 43
p212
  IDs: 43
p213
  IDs: 43
p214
  IDs: 43
p215
  IDs: 43
p216
  IDs: 43
p217
  IDs: 43
p218
  IDs: 43
p219
  IDs: 43
p220
  IDs: 43
p221
  IDs: 43
p222
  IDs: 43
p223
  IDs: 43
p224
  IDs: 43
p225
  IDs: 43
p226
  IDs: 43
p227
  IDs: 43
p228
  IDs: 43
p229
  IDs: 43
p230
  IDs: 43
p231
  IDs: 43
p232
  IDs: 43
p233
  IDs: 43
p234
  IDs: 43
p235
  IDs: 43
p236
  IDs: 43
p237
  IDs: 43
p238
  IDs: 43
p239
  IDs: 43
p240
  IDs: 43
p241
  IDs: 43
  +added
p242
  IDs: 43
p243
  IDs: 43
p244
  IDs: 43
p245
  IDs: 43
p246
  IDs: 43
p247
  IDs: 43
p248
  IDs: 43
p249
  IDs: 43
DONE lima added=5
DONE lima added=5
