/Users/pabloillescas/Library/Python/3.9/lib/python/site-packages/urllib3/__init__.py:35: NotOpenSSLWarning: urllib3 v2 only supports OpenSSL 1.1.1+, currently the 'ssl' module is compiled with 'LibreSSL 2.8.3'. See: https://github.com/urllib3/urllib3/issues/3020
  warnings.warn(
START puno keep2 (main cards ONLY, tuned)
base=https://www.locanto.com.pe/puno/Hombre-busca-mujer/20701
p1
  IDs: 30
  +added
  +added
  +added
  +added
  +added
  +added
  +added
  +added
  +added
  +added
  +added
  +added
  +added
  +added
  +added
p2
  IDs: 30
p3
  IDs: 30
p4
  IDs: 30
p5
  IDs: 30
p6
  IDs: 30
p7
  IDs: 30
p8
  IDs: 30
p9
  IDs: 30
p10
  IDs: 30
p11
  IDs: 30
p12
  IDs: 30
p13
  IDs: 30
p14
  IDs: 30
p15
  IDs: 30
p16
  IDs: 30
p17
  IDs: 30
p18
  IDs: 30
p19
  IDs: 30
p20
  IDs: 30
p21
  IDs: 30
p22
  IDs: 30
p23
  IDs: 30
p24
  IDs: 30
p25
  IDs: 30
p26
  IDs: 30
p27
  IDs: 30
p28
  IDs: 30
p29
  IDs: 30
p30
  IDs: 30
p31
  IDs: 30
p32
  IDs: 30
p33
  IDs: 30
p34
  IDs: 30
p35
  IDs: 30
p36
  IDs: 30
p37
  IDs: 30
p38
  IDs: 30
p39
  IDs: 30
DONE puno added=15
DONE puno added=15
