/Users/pabloillescas/Library/Python/3.9/lib/python/site-packages/urllib3/__init__.py:35: NotOpenSSLWarning: urllib3 v2 only supports OpenSSL 1.1.1+, currently the 'ssl' module is compiled with 'LibreSSL 2.8.3'. See: https://github.com/urllib3/urllib3/issues/3020
  warnings.warn(
START cajamarca section list crawl (main cards ONLY, tuned extract, filtered)
base=https://www.locanto.com.pe/cajamarca/Hombre-busca-mujer/20701
LIST p1: https://www.locanto.com.pe/cajamarca/Hombre-busca-mujer/20701/1/?query=ayuda+economica
  main IDs: 48
  + https://www.locanto.com.pe/cajamarca/ID_8047752855/Doy-Ayuda-Economica
  + https://www.locanto.com.pe/cajamarca/ID_7167808964/Brindo-ayuda-econom
  + https://www.locanto.com.pe/cajamarca/ID_7301487235/Brin-ayuda-economic
  + https://www.locanto.com.pe/cajamarca/ID_8627783272/DOY-AYUDA-ECONOMICA
  + https://www.locanto.com.pe/cajamarca/ID_8041247666/Ayuda-economica-inm
  + https://www.locanto.com.pe/cajamarca/ID_8041246870/Ayuda-Economica-Par
  + https://www.locanto.com.pe/cajamarca/ID_8014311508/Doy-ayuda-economica
  + https://www.locanto.com.pe/cajamarca/ID_8144580472/Busco-joven-mujer-e
  + https://www.locanto.com.pe/cajamarca/ID_8144589713/El-anuncio-va-dirig
  + https://www.locanto.com.pe/cajamarca/ID_8449108929/Doy-ayuda-economica
  + https://www.locanto.com.pe/cajamarca/ID_7768014816/DOY-AYUDA-ECONOMICA
  + https://www.locanto.com.pe/cajamarca/ID_7767985906/Busco-chica-de-casa
  + https://www.locanto.com.pe/cajamarca/ID_8118174529/Doy-Ayuda-Economica
  + https://www.locanto.com.pe/cajamarca/ID_6841202954/Brindo-ayuda-econom
  + https://www.locanto.com.pe/cajamarca/ID_6841200882/Hola-Doy-ayuda-econ
  + https://www.locanto.com.pe/cajamarca/ID_7067033920/Busco-encuentro-cas
  + https://www.locanto.com.pe/cajamarca/ID_7067033881/Doy-ayuda-a-mujer-c
  + https://www.locanto.com.pe/cajamarca/ID_7671805518/Hola-amiga-si-busca
  + https://www.locanto.com.pe/cajamarca/ID_7850683990/Doy-ayuda-economica
  + https://www.locanto.com.pe/cajamarca/ID_8572476297/AYUDA-economica-ama
  + https://www.locanto.com.pe/cajamarca/ID_7975996190/Ayuda-Economica-Caj
  + https://www.locanto.com.pe/cajamarca/ID_7670737882/HOLA-a-mujeres-en-g
  + https://www.locanto.com.pe/cajamarca/ID_8771030745/Se-brinda-AE-Ayuda-
  + https://www.locanto.com.pe/cajamarca/ID_7670784661/Busco-chica-para-en
  + https://www.locanto.com.pe/cajamarca/ID_7541264559/Doy-ayuda-economica
  + https://www.locanto.com.pe/cajamarca/ID_8756321814/Doy-ayuda-economica
  + https://www.locanto.com.pe/cajamarca/ID_8095730546/DOY-AYUDA-ECONOMICA
  + https://www.locanto.com.pe/cajamarca/ID_6763062228/DOY-AYUDA-ECONOMICA
  + https://www.locanto.com.pe/cajamarca/ID_6796644232/Doy-ayuda-economica
  + https://www.locanto.com.pe/cajamarca/ID_7067033522/ENTREGO-AYUDA-ECONO
  + https://www.locanto.com.pe/cajamarca/ID_7734541883/DOY-AYUDA-ECONOMICA
  + https://www.locanto.com.pe/cajamarca/ID_8093002820/Doy-ayuda-economica
  + https://www.locanto.com.pe/cajamarca/ID_7734687149/HOLA-SENORITAS-LES-
  + https://www.locanto.com.pe/cajamarca/ID_8674004064/Doy-ayuda-economica
  + https://www.locanto.com.pe/cajamarca/ID_7734820305/Doy-ayuda-economica
  + https://www.locanto.com.pe/cajamarca/ID_7943753897/Doy-ayuda-economica
  + https://www.locanto.com.pe/cajamarca/ID_7523637302/BRINDO-AYUDA-ECONOM
  + https://www.locanto.com.pe/cajamarca/ID_7523635855/Doy-ayuda-economica
  + https://www.locanto.com.pe/cajamarca/ID_7523630782/DOY-AYUDA-ECONOMICA
  + https://www.locanto.com.pe/cajamarca/ID_6695689388/DOY-AYUDA-ECONOMICA
  + https://www.locanto.com.pe/cajamarca/ID_6767287432/ENTREGO-AYUDA-ECONO
  + https://www.locanto.com.pe/cajamarca/ID_6759597019/ENTREGO-AYUDA-ECONO
  + https://www.locanto.com.pe/cajamarca/ID_7492130363/Ayuda-economica-a-s
  + https://www.locanto.com.pe/cajamarca/ID_7795344822/Doy-ayuda-economica
  + https://www.locanto.com.pe/cajamarca/ID_7802620306/Si-eres-mujer-soy-D
  + https://www.locanto.com.pe/cajamarca/ID_8041254895/Ayuda-economica-sol
LIST p2: https://www.locanto.com.pe/cajamarca/Hombre-busca-mujer/20701/2/?query=ayuda+economica
  main IDs: 39
  + https://www.locanto.com.pe/cajamarca/ID_7899727781/Ayuda-economica-par
  + https://www.locanto.com.pe/cajamarca/ID_8278857744/Ayuda-economica-par
  + https://www.locanto.com.pe/cajamarca/ID_7910820701/Doy-ayuda-economica
  + https://www.locanto.com.pe/cajamarca/ID_7810644567/DOY-AYUDA-ECONOMICA
  + https://www.locanto.com.pe/cajamarca/ID_8032520789/Doy-ayuda-economica
  + https://www.locanto.com.pe/cajamarca/ID_8419214553/AYUDA-ECONOMICA-PAR
  + https://www.locanto.com.pe/cajamarca/ID_8419231730/AYUDA-ECONOMICA-PAR
  + https://www.locanto.com.pe/cajamarca/ID_8419261379/AYUDA-ECONOMICA-PAR
  + https://www.locanto.com.pe/cajamarca/ID_8419298919/AYUDA-ECONOMICA-PAR
  + https://www.locanto.com.pe/cajamarca/ID_8420838371/TRABAJO-Y-AYUDA-ECO
  + https://www.locanto.com.pe/cajamarca/ID_6767287576/DOY-AYUDA-ECONOMICA
  + https://www.locanto.com.pe/cajamarca/ID_6963447162/BRINDO-AYUDA-ECONOM
  + https://www.locanto.com.pe/cajamarca/ID_6858014096/BRINDO-AYUDA-ECONOM
  + https://www.locanto.com.pe/cajamarca/ID_6918618482/DOY-AYUDA-ECONOMICA
  + https://www.locanto.com.pe/cajamarca/ID_7489849975/BUSCO-A-SENORITAS-Q
  + https://www.locanto.com.pe/cajamarca/ID_6726321721/A-senoritas-de-casa
  + https://www.locanto.com.pe/cajamarca/ID_7489654721/SENORITAS-SI-NECESI
  + https://www.locanto.com.pe/cajamarca/ID_7584448146/AYUDA-economica.htm
  + https://www.locanto.com.pe/cajamarca/ID_8144599755/HOLA-CHICAS-ESTE-AN
  + https://www.locanto.com.pe/cajamarca/ID_8041238507/Ayuda-Economica-a-S
  + https://www.locanto.com.pe/cajamarca/ID_6726321419/Mujeres-que-necesit
  + https://www.locanto.com.pe/cajamarca/ID_7301459986/Doy-ayuda-economica
  + https://www.locanto.com.pe/cajamarca/ID_6877907149/Entrego-ayuda-econo
  + https://www.locanto.com.pe/cajamarca/ID_7041772314/bRINDO-APOYO-O-AYUD
  + https://www.locanto.com.pe/cajamarca/ID_6886666711/Entrego-ayuda-econo
  + https://www.locanto.com.pe/cajamarca/ID_7767910794/DOY-AYUDA-ECONOMICA
  + https://www.locanto.com.pe/cajamarca/ID_8593932310/DOY-AYUDA-ECONOMICA
  + https://www.locanto.com.pe/cajamarca/ID_7575122128/Hola-brindo-ayuda-e
  + https://www.locanto.com.pe/cajamarca/ID_6841213352/Entrego-ayuda-econo
  + https://www.locanto.com.pe/cajamarca/ID_6726320607/ENTREGO-AYUDA-ECONO
  + https://www.locanto.com.pe/cajamarca/ID_6877905546/Brindo-ayuda-econom
  + https://www.locanto.com.pe/cajamarca/ID_6774822228/ENTREGO-AYUDA-ECONO
  + https://www.locanto.com.pe/cajamarca/ID_6774822161/ENTREGO-AYUDA-ECONO
  + https://www.locanto.com.pe/cajamarca/ID_6849306342/Solo-ayudo-economic
  + https://www.locanto.com.pe/cajamarca/ID_7364264723/Solo-para-chicas-de
  + https://www.locanto.com.pe/cajamarca/ID_7179065178/Doy-ayuda-economica
  + https://www.locanto.com.pe/cajamarca/ID_7342043504/Ayuda-economica-sol
  + https://www.locanto.com.pe/cajamarca/ID_7067761421/Brindo-ayuda-econom
  + https://www.locanto.com.pe/cajamarca/ID_7311098793/Brindo-ayuda-econom
LIST p3: https://www.locanto.com.pe/cajamarca/Hombre-busca-mujer/20701/3/?query=ayuda+economica
  main IDs: 45
  + https://www.locanto.com.pe/cajamarca/ID_7562185388/Doy-ayuda-economica
  + https://www.locanto.com.pe/cajamarca/ID_7562190790/Doy-ayuda-a-senoras
  + https://www.locanto.com.pe/cajamarca/ID_7670720266/Doy-ayuda-economica
  + https://www.locanto.com.pe/cajamarca/ID_7670726236/El-aviso-es-para-se
  + https://www.locanto.com.pe/cajamarca/ID_7671809162/Buenas-tardes-senor
  + https://www.locanto.com.pe/cajamarca/ID_8118195890/Busco-Sugar-Baby-Pa
  + https://www.locanto.com.pe/cajamarca/ID_8373314047/Ofrezco-apoyo-econo
  + https://www.locanto.com.pe/cajamarca/ID_7067033633/Brindo-ayuda-econom
  + https://www.locanto.com.pe/cajamarca/ID_7067033980/Busco-encuentro-cas
  + https://www.locanto.com.pe/cajamarca/ID_7562078632/Doy-ayuda-economica
  + https://www.locanto.com.pe/cajamarca/ID_7575113571/Brindo-ayuda-econom
  + https://www.locanto.com.pe/cajamarca/ID_8128400716/Busco-Senorita-Que-
  + https://www.locanto.com.pe/cajamarca/ID_7743510706/Doy-apoyo-economico
  + https://www.locanto.com.pe/cajamarca/ID_8361261635/Apoyo-economico-par
  + https://www.locanto.com.pe/cajamarca/ID_6841183282/BUENAS-TARDES-DOY-A
DONE cajamarca: added=100 last_p=3
SUMMARY cajamarca added=100 last=3
