/Users/pabloillescas/Library/Python/3.9/lib/python/site-packages/urllib3/__init__.py:35: NotOpenSSLWarning: urllib3 v2 only supports OpenSSL 1.1.1+, currently the 'ssl' module is compiled with 'LibreSSL 2.8.3'. See: https://github.com/urllib3/urllib3/issues/3020
  warnings.warn(
START piura section list crawl (main cards ONLY, tuned extract, filtered)
base=https://www.locanto.com.pe/piura/Hombre-busca-mujer/20701
LIST p1: https://www.locanto.com.pe/piura/Hombre-busca-mujer/20701/1/?query=ayuda+economica
  main IDs: 48
  + https://www.locanto.com.pe/piura/ID_7759887493/Necesitas-ayuda-economi
  + https://www.locanto.com.pe/piura/ID_8818370192/Se-brinda-ayuda-economi
  + https://www.locanto.com.pe/piura/ID_7754574545/Ayuda-Economica-Piura-s
  + https://www.locanto.com.pe/piura/ID_7669507781/Ayuda-economica-para-se
  + https://www.locanto.com.pe/piura/ID_7988782592/Ayuda-economica-para-se
  + https://www.locanto.com.pe/piura/ID_8570723861/Ayuda-economica-para-se
  + https://www.locanto.com.pe/piura/ID_7309775079/Ayuda-economica-chicas-
  + https://www.locanto.com.pe/piura/ID_7748761550/Doy-ayuda-economica-a-m
  + https://www.locanto.com.pe/piura/ID_8774640132/Ofrezco-ayuda-economica
  + https://www.locanto.com.pe/piura/ID_5993220579/Se-da-ayuda-economica-p
  + https://www.locanto.com.pe/piura/ID_7747315820/Ayuda-economica-Piura.h
  + https://www.locanto.com.pe/piura/ID_8349529801/ayuda-economica-para-mu
  + https://www.locanto.com.pe/piura/ID_8345387113/Ayuda-economica-Piura-2
  + https://www.locanto.com.pe/piura/ID_8745626508/Brindo-Ayuda-Economica-
  + https://www.locanto.com.pe/piura/ID_7970594955/Ayuda-economica.html
  + https://www.locanto.com.pe/piura/ID_7540906865/Ayuda-Economica-discret
  + https://www.locanto.com.pe/piura/ID_8211885435/Doy-ayuda-economica-de-
  + https://www.locanto.com.pe/piura/ID_7736004513/Ayuda-economica.html
  + https://www.locanto.com.pe/piura/ID_8208047535/AYUDA-ECONOMICA-PIURA.h
  + https://www.locanto.com.pe/piura/ID_8208904132/AYUDA-ECONOMICA-PIURA-Y
  + https://www.locanto.com.pe/piura/ID_7959384896/Ayuda-economica-a-chica
  + https://www.locanto.com.pe/piura/ID_7734094471/Ayuda-economica-a-chica
  + https://www.locanto.com.pe/piura/ID_8990785484/Ayuda-Economica-Piura-2
  + https://www.locanto.com.pe/piura/ID_8990776498/Brindo-Ayuda-Economica-
  + https://www.locanto.com.pe/piura/ID_8092585858/Busco-mujeres-discretas
  + https://www.locanto.com.pe/piura/ID_8942236626/Doy-ayuda-economica-a-c
  + https://www.locanto.com.pe/piura/ID_8323415294/Ayuda-economica-solo-ch
  + https://www.locanto.com.pe/piura/ID_7944631054/DOY-AYUDA-ECONOMICA-PIU
  + https://www.locanto.com.pe/piura/ID_5386060894/Ayuda-economica-por-el-
  + https://www.locanto.com.pe/piura/ID_5386061029/Ayuda-economica-por-el-
  + https://www.locanto.com.pe/piura/ID_4819609798/Ayuda-economica-por-el-
  + https://www.locanto.com.pe/piura/ID_5386061283/Ayuda-economica-por-el-
  + https://www.locanto.com.pe/piura/ID_5386061141/Ayuda-economica-por-el-
  + https://www.locanto.com.pe/piura/ID_4776758126/Ayuda-economica-el-mont
  + https://www.locanto.com.pe/piura/ID_4774397192/Ayuda-economica-por-el-
  + https://www.locanto.com.pe/piura/ID_7521571042/Doy-ayuda-economica-en-
  + https://www.locanto.com.pe/piura/ID_8073399097/AYUDA-ECONOMICA-A-JOVEN
  + https://www.locanto.com.pe/piura/ID_8188151659/Ayuda-economica-para-se
  + https://www.locanto.com.pe/piura/ID_8308132779/Ayuda-economica-madre-s
  + https://www.locanto.com.pe/piura/ID_8304090984/Ayuda-economica.html
  + https://www.locanto.com.pe/piura/ID_7626511520/Ayuda-economica-Piura.h
  + https://www.locanto.com.pe/piura/ID_8665603905/Doy-ayuda-economica-a-c
  + https://www.locanto.com.pe/piura/ID_6755670532/Ayuda-economica-a-mujer
  + https://www.locanto.com.pe/piura/ID_7624115335/Ayuda-economica.html
  + https://www.locanto.com.pe/piura/ID_8935800366/Ayuda-economica-a-joven
  + https://www.locanto.com.pe/piura/ID_7720153811/Ayuda-economica.html
  + https://www.locanto.com.pe/piura/ID_7716104180/Ayuda-economica-para-se
LIST p2: https://www.locanto.com.pe/piura/Hombre-busca-mujer/20701/2/?query=ayuda+economica
  main IDs: 27
  + https://www.locanto.com.pe/piura/ID_8926730062/Quienes-buscan-ayuda-ec
  + https://www.locanto.com.pe/piura/ID_7915794749/AYUDA-ECONOMICA-A-MUJER
  + https://www.locanto.com.pe/piura/ID_7614290617/Se-ayuda-economica-a-mu
  + https://www.locanto.com.pe/piura/ID_7498595461/Ayuda-economica-para-mu
  + https://www.locanto.com.pe/piura/ID_8907385523/ayuda-economica-a-mujer
  + https://www.locanto.com.pe/piura/ID_8665588441/Ayuda-economica-para-ch
  + https://www.locanto.com.pe/piura/ID_8161249325/Brindo-ayuda-economica.
  + https://www.locanto.com.pe/piura/ID_7892080183/BRINDO-AYUDA-ECONOMICA.
  + https://www.locanto.com.pe/piura/ID_8630633851/Busco-chicapara-ayudar-
  + https://www.locanto.com.pe/piura/ID_8405908952/Ayuda-economica-discret
  + https://www.locanto.com.pe/piura/ID_8636490396/A-E-ayuda-economica-sol
  + https://www.locanto.com.pe/piura/ID_8011694295/Brindo-ayuda-economica-
  + https://www.locanto.com.pe/piura/ID_5906171803/Se-da-ayuda-economica-a
  + https://www.locanto.com.pe/piura/ID_4420313725/Brindo-ayuda-economica-
  + https://www.locanto.com.pe/piura/ID_4787526492/Brindo-ayuda-economica-
  + https://www.locanto.com.pe/piura/ID_8129858788/Ayuda-economica-Piura-y
  + https://www.locanto.com.pe/piura/ID_7998466300/Ayuda-economica-para-se
  + https://www.locanto.com.pe/piura/ID_8587517299/Doy-ayuda-economica-a-c
  + https://www.locanto.com.pe/piura/ID_8808247304/DOY-AYUDA-ECONOMICA-PRE
  + https://www.locanto.com.pe/piura/ID_8582592804/Doy-ayuda-economica-a-c
  + https://www.locanto.com.pe/piura/ID_8235119308/Ofrezco-ayuda-economica
  + https://www.locanto.com.pe/piura/ID_7751194481/Brindo-ayuda-economica-
  + https://www.locanto.com.pe/piura/ID_8566414827/Joven-atletico-brinda-a
  + https://www.locanto.com.pe/piura/ID_6784186232/BUENA-Y-CONSTANTE-AYUDA
  + https://www.locanto.com.pe/piura/ID_6432919612/DOY-AYUDA-ECONOMICA-EN-
LIST p3: https://www.locanto.com.pe/piura/Hombre-busca-mujer/20701/3/?query=ayuda+economica
  main IDs: 43
  + https://www.locanto.com.pe/piura/ID_8570758281/Srita-de-18-a-24-anos-5
  + https://www.locanto.com.pe/piura/ID_9042728124/Brindo-apoyo-economico-
  + https://www.locanto.com.pe/piura/ID_7981483749/Brindo-ayuda-economica-
  + https://www.locanto.com.pe/piura/ID_6882169250/Doy-ayuda-economica-tot
  + https://www.locanto.com.pe/piura/ID_5378229139/Se-da-ayuda-economica-p
  + https://www.locanto.com.pe/piura/ID_8224446514/Busco-conversar-y-o-dar
  + https://www.locanto.com.pe/piura/ID_8696322516/Amiga-q-nesecite-apoyo-
  + https://www.locanto.com.pe/piura/ID_9026309912/Doy-apoyo-economico-a-m
  + https://www.locanto.com.pe/piura/ID_7328382144/SOMOS-PAREJA-JOVEN-DE-P
  + https://www.locanto.com.pe/piura/ID_7536501465/Senoritas-que-necesiten
  + https://www.locanto.com.pe/piura/ID_7536388206/Ayuda-economica.html
  + https://www.locanto.com.pe/piura/ID_7733938950/Se-necesita-ayuda-econo
  + https://www.locanto.com.pe/piura/ID_8203523227/Se-brinda-ayuda-economi
  + https://www.locanto.com.pe/piura/ID_8745658209/Ayuda-economica-para-mu
  + https://www.locanto.com.pe/piura/ID_8523700308/AYUDA-ECONOMICA-A-SENOR
  + https://www.locanto.com.pe/piura/ID_7830611321/Doy-ayuda-economica-sol
  + https://www.locanto.com.pe/piura/ID_7532010446/Brindo-ayuda-economica-
  + https://www.locanto.com.pe/piura/ID_8329568113/Brindo-apoyo-economico-
  + https://www.locanto.com.pe/piura/ID_8518430047/Doy-ayuda-economica-sol
  + https://www.locanto.com.pe/piura/ID_7950323950/Ayuda-economica-a-madre
  + https://www.locanto.com.pe/piura/ID_8739549803/Busco-mujer-a-cambio-de
  + https://www.locanto.com.pe/piura/ID_8759657700/AYUDA-ECONOMICA-A-MUJER
  + https://www.locanto.com.pe/piura/ID_7140196391/Se-da-ayuda-economica-a
  + https://www.locanto.com.pe/piura/ID_7729251102/Deseo-apoyar-economicam
  + https://www.locanto.com.pe/piura/ID_5311010875/Ayuda-economica-por-el-
  + https://www.locanto.com.pe/piura/ID_5209989782/Ayuda-economica-por-el-
  + https://www.locanto.com.pe/piura/ID_8727084852/Quiero-mamar-pinga-rico
  + https://www.locanto.com.pe/piura/ID_7517953727/Ayuda-economica-a-srtas
  + https://www.locanto.com.pe/piura/ID_8967819160/Hola-necesito-ayuda-eco
  + https://www.locanto.com.pe/piura/ID_8193442818/Brindo-ayuda-economica-
  + https://www.locanto.com.pe/piura/ID_8076627706/Apoyo-economico-a-unive
  + https://www.locanto.com.pe/piura/ID_8720484056/Lindas-chicas-en-Piura-
  + https://www.locanto.com.pe/piura/ID_7844617239/Ayuda-economica-a-mujer
  + https://www.locanto.com.pe/piura/ID_8960136371/Ayuda-economica-a-Srtas
  + https://www.locanto.com.pe/piura/ID_8488533603/Ayuda-economica-a-mujer
  + https://www.locanto.com.pe/piura/ID_8954662481/Brindo-ayuda-economica-
  + https://www.locanto.com.pe/piura/ID_8184696000/necesito-ayuda-economic
  + https://www.locanto.com.pe/piura/ID_8463662237/Doy-ayuda-economica-a-c
  + https://www.locanto.com.pe/piura/ID_7342372758/AYUDA-ECONOMICA-PIURA.h
  + https://www.locanto.com.pe/piura/ID_8062552157/Apoyo-economico-senorit
LIST p4: https://www.locanto.com.pe/piura/Hombre-busca-mujer/20701/4/?query=ayuda+economica
  main IDs: 43
LIST p5: https://www.locanto.com.pe/piura/Hombre-busca-mujer/20701/5/?query=ayuda+economica
  main IDs: 43
LIST p6: https://www.locanto.com.pe/piura/Hombre-busca-mujer/20701/6/?query=ayuda+economica
  main IDs: 43
LIST p7: https://www.locanto.com.pe/piura/Hombre-busca-mujer/20701/7/?query=ayuda+economica
  main IDs: 43
LIST p8: https://www.locanto.com.pe/piura/Hombre-busca-mujer/20701/8/?query=ayuda+economica
  main IDs: 43
LIST p9: https://www.locanto.com.pe/piura/Hombre-busca-mujer/20701/9/?query=ayuda+economica
  main IDs: 43
LIST p10: https://www.locanto.com.pe/piura/Hombre-busca-mujer/20701/10/?query=ayuda+economica
  main IDs: 43
LIST p11: https://www.locanto.com.pe/piura/Hombre-busca-mujer/20701/11/?query=ayuda+economica
  main IDs: 43
LIST p12: https://www.locanto.com.pe/piura/Hombre-busca-mujer/20701/12/?query=ayuda+economica
  main IDs: 43
LIST p13: https://www.locanto.com.pe/piura/Hombre-busca-mujer/20701/13/?query=ayuda+economica
  main IDs: 43
LIST p14: https://www.locanto.com.pe/piura/Hombre-busca-mujer/20701/14/?query=ayuda+economica
  main IDs: 43
LIST p15: https://www.locanto.com.pe/piura/Hombre-busca-mujer/20701/15/?query=ayuda+economica
  main IDs: 43
LIST p16: https://www.locanto.com.pe/piura/Hombre-busca-mujer/20701/16/?query=ayuda+economica
  main IDs: 43
LIST p17: https://www.locanto.com.pe/piura/Hombre-busca-mujer/20701/17/?query=ayuda+economica
  main IDs: 43
LIST p18: https://www.locanto.com.pe/piura/Hombre-busca-mujer/20701/18/?query=ayuda+economica
  main IDs: 43
LIST p19: https://www.locanto.com.pe/piura/Hombre-busca-mujer/20701/19/?query=ayuda+economica
  main IDs: 43
LIST p20: https://www.locanto.com.pe/piura/Hombre-busca-mujer/20701/20/?query=ayuda+economica
  main IDs: 43
LIST p21: https://www.locanto.com.pe/piura/Hombre-busca-mujer/20701/21/?query=ayuda+economica
  main IDs: 43
LIST p22: https://www.locanto.com.pe/piura/Hombre-busca-mujer/20701/22/?query=ayuda+economica
  main IDs: 43
LIST p23: https://www.locanto.com.pe/piura/Hombre-busca-mujer/20701/23/?query=ayuda+economica
  main IDs: 43
LIST p24: https://www.locanto.com.pe/piura/Hombre-busca-mujer/20701/24/?query=ayuda+economica
  main IDs: 43
LIST p25: https://www.locanto.com.pe/piura/Hombre-busca-mujer/20701/25/?query=ayuda+economica
  main IDs: 43
LIST p26: https://www.locanto.com.pe/piura/Hombre-busca-mujer/20701/26/?query=ayuda+economica
  main IDs: 43
LIST p27: https://www.locanto.com.pe/piura/Hombre-busca-mujer/20701/27/?query=ayuda+economica
  main IDs: 43
LIST p28: https://www.locanto.com.pe/piura/Hombre-busca-mujer/20701/28/?query=ayuda+economica
  main IDs: 43
LIST p29: https://www.locanto.com.pe/piura/Hombre-busca-mujer/20701/29/?query=ayuda+economica
  main IDs: 43
LIST p30: https://www.locanto.com.pe/piura/Hombre-busca-mujer/20701/30/?query=ayuda+economica
  main IDs: 43
LIST p31: https://www.locanto.com.pe/piura/Hombre-busca-mujer/20701/31/?query=ayuda+economica
  main IDs: 43
LIST p32: https://www.locanto.com.pe/piura/Hombre-busca-mujer/20701/32/?query=ayuda+economica
  main IDs: 43
LIST p33: https://www.locanto.com.pe/piura/Hombre-busca-mujer/20701/33/?query=ayuda+economica
  main IDs: 43
LIST p34: https://www.locanto.com.pe/piura/Hombre-busca-mujer/20701/34/?query=ayuda+economica
  main IDs: 43
LIST p35: https://www.locanto.com.pe/piura/Hombre-busca-mujer/20701/35/?query=ayuda+economica
  main IDs: 43
LIST p36: https://www.locanto.com.pe/piura/Hombre-busca-mujer/20701/36/?query=ayuda+economica
  main IDs: 43
LIST p37: https://www.locanto.com.pe/piura/Hombre-busca-mujer/20701/37/?query=ayuda+economica
  main IDs: 43
LIST p38: https://www.locanto.com.pe/piura/Hombre-busca-mujer/20701/38/?query=ayuda+economica
  main IDs: 43
LIST p39: https://www.locanto.com.pe/piura/Hombre-busca-mujer/20701/39/?query=ayuda+economica
  main IDs: 43
LIST p40: https://www.locanto.com.pe/piura/Hombre-busca-mujer/20701/40/?query=ayuda+economica
  main IDs: 43
LIST p41: https://www.locanto.com.pe/piura/Hombre-busca-mujer/20701/41/?query=ayuda+economica
  main IDs: 43
LIST p42: https://www.locanto.com.pe/piura/Hombre-busca-mujer/20701/42/?query=ayuda+economica
  main IDs: 43
LIST p43: https://www.locanto.com.pe/piura/Hombre-busca-mujer/20701/43/?query=ayuda+economica
  main IDs: 43
LIST p44: https://www.locanto.com.pe/piura/Hombre-busca-mujer/20701/44/?query=ayuda+economica
  main IDs: 43
LIST p45: https://www.locanto.com.pe/piura/Hombre-busca-mujer/20701/45/?query=ayuda+economica
  main IDs: 43
LIST p46: https://www.locanto.com.pe/piura/Hombre-busca-mujer/20701/46/?query=ayuda+economica
  main IDs: 43
LIST p47: https://www.locanto.com.pe/piura/Hombre-busca-mujer/20701/47/?query=ayuda+economica
  main IDs: 43
LIST p48: https://www.locanto.com.pe/piura/Hombre-busca-mujer/20701/48/?query=ayuda+economica
  main IDs: 43
LIST p49: https://www.locanto.com.pe/piura/Hombre-busca-mujer/20701/49/?query=ayuda+economica
  main IDs: 43
LIST p50: https://www.locanto.com.pe/piura/Hombre-busca-mujer/20701/50/?query=ayuda+economica
  main IDs: 43
LIST p51: https://www.locanto.com.pe/piura/Hombre-busca-mujer/20701/51/?query=ayuda+economica
  main IDs: 43
LIST p52: https://www.locanto.com.pe/piura/Hombre-busca-mujer/20701/52/?query=ayuda+economica
  main IDs: 43
LIST p53: https://www.locanto.com.pe/piura/Hombre-busca-mujer/20701/53/?query=ayuda+economica
  main IDs: 43
LIST p54: https://www.locanto.com.pe/piura/Hombre-busca-mujer/20701/54/?query=ayuda+economica
  main IDs: 43
LIST p55: https://www.locanto.com.pe/piura/Hombre-busca-mujer/20701/55/?query=ayuda+economica
  main IDs: 43
LIST p56: https://www.locanto.com.pe/piura/Hombre-busca-mujer/20701/56/?query=ayuda+economica
  main IDs: 43
LIST p57: https://www.locanto.com.pe/piura/Hombre-busca-mujer/20701/57/?query=ayuda+economica
  main IDs: 43
LIST p58: https://www.locanto.com.pe/piura/Hombre-busca-mujer/20701/58/?query=ayuda+economica
  main IDs: 43
LIST p59: https://www.locanto.com.pe/piura/Hombre-busca-mujer/20701/59/?query=ayuda+economica
  main IDs: 43
LIST p60: https://www.locanto.com.pe/piura/Hombre-busca-mujer/20701/60/?query=ayuda+economica
  main IDs: 43
DONE piura: added=112 last_p=60
SUMMARY piura added=112 last=60
