/Users/pabloillescas/Library/Python/3.9/lib/python/site-packages/urllib3/__init__.py:35: NotOpenSSLWarning: urllib3 v2 only supports OpenSSL 1.1.1+, currently the 'ssl' module is compiled with 'LibreSSL 2.8.3'. See: https://github.com/urllib3/urllib3/issues/3020
  warnings.warn(
START huancayo more (main cards ONLY)
base=https://www.locanto.com.pe/huancayo/Hombre-busca-mujer/20701
p1
  IDs: 47
  +added
  +added
  +added
  +added
  +added
  +added
  +added
  +added
  +added
  +added
  +added
  +added
  +added
  +added
  +added
  +added
  +added
  +added
p2
  IDs: 20
  +added
  +added
  +added
  +added
  +added
  +added
  +added
  +added
  +added
  +added
  +added
  +added
  +added
  +added
  +added
  +added
  +added
  +added
p3
  IDs: 43
  +added
  +added
  +added
  +added
  +added
  +added
  +added
  +added
  +added
  +added
  +added
  +added
  +added
  +added
  +added
  +added
  +added
p4
  IDs: 43
p5
  IDs: 43
p6
  IDs: 43
p7
  IDs: 43
p8
  IDs: 43
p9
  IDs: 43
p10
  IDs: 43
p11
  IDs: 43
p12
  IDs: 43
p13
  IDs: 43
p14
  IDs: 43
p15
  IDs: 43
p16
  IDs: 43
p17
  IDs: 43
p18
  IDs: 43
p19
  IDs: 43
p20
  IDs: 43
p21
  IDs: 43
p22
  IDs: 43
p23
  IDs: 43
p24
  IDs: 43
p25
  IDs: 43
p26
  IDs: 43
p27
  IDs: 43
p28
  IDs: 43
p29
  IDs: 43
p30
  IDs: 43
p31
  IDs: 43
p32
  IDs: 43
p33
  IDs: 43
p34
  IDs: 43
p35
  IDs: 43
p36
  IDs: 43
p37
  IDs: 43
p38
  IDs: 43
p39
  IDs: 43
DONE huancayo added=53
DONE huancayo added=53
