/Users/pabloillescas/Library/Python/3.9/lib/python/site-packages/urllib3/__init__.py:35: NotOpenSSLWarning: urllib3 v2 only supports OpenSSL 1.1.1+, currently the 'ssl' module is compiled with 'LibreSSL 2.8.3'. See: https://github.com/urllib3/urllib3/issues/3020
  warnings.warn(
START arequipa rerun clean (main cards ONLY)
p1
  IDs: 48
  +added
  +added
  +added
  +added
p2
  IDs: 47
  +added
  +added
  +added
  +added
  +added
  +added
  +added
  +added
  +added
  +added
  +added
  +added
  +added
  +added
  +added
  +added
  +added
  +added
  +added
  +added
  +added
  +added
p3
  IDs: 45
  +added
  +added
  +added
  +added
  +added
  +added
  +added
  +added
  +added
  +added
  +added
  +added
  +added
  +added
  +added
  +added
  +added
  +added
  +added
  +added
  +added
  +added
  +added
  +added
  +added
p4
  IDs: 47
  +added
  +added
  +added
  +added
  +added
  +added
  +added
  +added
  +added
  +added
  +added
  +added
  +added
  +added
  +added
  +added
  +added
  +added
  +added
  +added
  +added
  +added
  +added
  +added
  +added
DONE arequipa added=76
DONE arequipa added=76
