/Users/pabloillescas/Library/Python/3.9/lib/python/site-packages/urllib3/__init__.py:35: NotOpenSSLWarning: urllib3 v2 only supports OpenSSL 1.1.1+, currently the 'ssl' module is compiled with 'LibreSSL 2.8.3'. See: https://github.com/urllib3/urllib3/issues/3020
  warnings.warn(
START arequipa v3 section list crawl (main cards ONLY, tuned)
base=https://www.locanto.com.pe/arequipa/Hombre-busca-mujer/20701
LIST p1: https://www.locanto.com.pe/arequipa/Hombre-busca-mujer/20701/1/?query=ayuda+economica
  main IDs: 48
  + https://www.locanto.com.pe/arequipa/ID_7640333019/NECESITAS-DINERO-YO-
  + https://www.locanto.com.pe/arequipa/ID_7359930714/Busco-mujer-de-18-a-
  + https://www.locanto.com.pe/arequipa/ID_8315032392/AYUDA-ECONOMICA-A-SE
  + https://www.locanto.com.pe/arequipa/ID_7822579409/Ayuda-economica-rapi
  + https://www.locanto.com.pe/arequipa/ID_7822871291/Ayuda-economica-seno
  + https://www.locanto.com.pe/arequipa/ID_4792475959/Se-da-ayuda-economic
  + https://www.locanto.com.pe/arequipa/ID_4768695685/Se-brinda-ayuda-econ
  + https://www.locanto.com.pe/arequipa/ID_7820634786/HOMBRE-MADURO-BRINDA
  + https://www.locanto.com.pe/arequipa/ID_7820635774/Sexo-por-placer-oh-a
  + https://www.locanto.com.pe/arequipa/ID_8959690166/Para-toda-srta-que-n
  + https://www.locanto.com.pe/arequipa/ID_8717463794/Ayuda-economica-para
  + https://www.locanto.com.pe/arequipa/ID_7585565970/Ayuda-Economica-a-Se
  + https://www.locanto.com.pe/arequipa/ID_8186995159/SE-DA-AYUDA-ECONOMIC
  + https://www.locanto.com.pe/arequipa/ID_7724014583/BRINDO-AYUDA-ECONOMI
  + https://www.locanto.com.pe/arequipa/ID_7314618121/SE-BRINDA-INGRESOS-A
  + https://www.locanto.com.pe/arequipa/ID_7127067579/Ayuda-Economica-a-Se
LIST p2: https://www.locanto.com.pe/arequipa/Hombre-busca-mujer/20701/2/?query=ayuda+economica
  main IDs: 47
  + https://www.locanto.com.pe/arequipa/ID_8729567946/AE-Arequipa-Ayuda-ec
  + https://www.locanto.com.pe/arequipa/ID_8449141021/Brindo-ayuda-economi
  + https://www.locanto.com.pe/arequipa/ID_7117282134/Ayuda-Economica-con-
  + https://www.locanto.com.pe/arequipa/ID_6462435071/Ayuda-Economica-A-Se
  + https://www.locanto.com.pe/arequipa/ID_7221975971/Doy-ayuda-economica-
  + https://www.locanto.com.pe/arequipa/ID_8677139716/Brindo-ayuda-economi
  + https://www.locanto.com.pe/arequipa/ID_7081437967/Se-brinda-Ayuda-econ
  + https://www.locanto.com.pe/arequipa/ID_8207384485/Brindo-ayuda-economi
  + https://www.locanto.com.pe/arequipa/ID_8690406326/Doy-ayuda-economica-
  + https://www.locanto.com.pe/arequipa/ID_7920244657/Me-gustaria-conocer-
  + https://www.locanto.com.pe/arequipa/ID_8906592957/Ayuda-economica-para
  + https://www.locanto.com.pe/arequipa/ID_8901751242/Ayuda-Economica-a-se
  + https://www.locanto.com.pe/arequipa/ID_7014763314/Ofrezco-ayuda-econom
  + https://www.locanto.com.pe/arequipa/ID_6148841184/Doy-ayuda-economica-
  + https://www.locanto.com.pe/arequipa/ID_8157926321/Ayuda-economica-APOY
  + https://www.locanto.com.pe/arequipa/ID_6920636503/Ayuda-economica-a-ca
  + https://www.locanto.com.pe/arequipa/ID_7724694627/Brindo-Ayuda-Economi
  + https://www.locanto.com.pe/arequipa/ID_7573115291/Ayuda-Economica-a-Se
  + https://www.locanto.com.pe/arequipa/ID_7889425913/Ayuda-Economica-para
  + https://www.locanto.com.pe/arequipa/ID_8148131788/Ayuda-economica-muje
  + https://www.locanto.com.pe/arequipa/ID_8640560273/Ayuda-economica-para
  + https://www.locanto.com.pe/arequipa/ID_6651255723/Brindo-ayuda-economi
  + https://www.locanto.com.pe/arequipa/ID_7076889215/AYUDA-ECONOMICA-RAPI
  + https://www.locanto.com.pe/arequipa/ID_7826531575/Ayuda-Economica-a-Mu
LIST p3: https://www.locanto.com.pe/arequipa/Hombre-busca-mujer/20701/3/?query=ayuda+economica
  main IDs: 45
  + https://www.locanto.com.pe/arequipa/ID_7879951562/AYUDA-ECONOMICA-PARA
  + https://www.locanto.com.pe/arequipa/ID_7076891185/Doy-Ayuda-economica-
  + https://www.locanto.com.pe/arequipa/ID_7211793167/Ayuda-Economica-a-Se
  + https://www.locanto.com.pe/arequipa/ID_8424651619/Ayuda-economica-a-ca
  + https://www.locanto.com.pe/arequipa/ID_7059394005/DOY-AYUDA-ECONOMICA-
  + https://www.locanto.com.pe/arequipa/ID_7059394075/Ayuda-economica-para
  + https://www.locanto.com.pe/arequipa/ID_7067370089/Ayuda-economica-rapi
  + https://www.locanto.com.pe/arequipa/ID_6592754978/BRINDO-AYUDA-ECONOMI
  + https://www.locanto.com.pe/arequipa/ID_8254430309/OFREZCO-AYUDA-ECONOM
  + https://www.locanto.com.pe/arequipa/ID_7770105782/Brindo-Ayuda-Economi
  + https://www.locanto.com.pe/arequipa/ID_7582654784/Se-brinda-ayuda-econ
  + https://www.locanto.com.pe/arequipa/ID_7490063281/BRINDO-BUENA-AYUDA-E
  + https://www.locanto.com.pe/arequipa/ID_7140639649/Ofrezco-ayuda-econom
  + https://www.locanto.com.pe/arequipa/ID_8388746295/Ayuda-economica-para
  + https://www.locanto.com.pe/arequipa/ID_8836912555/Ayuda-Economica-a-se
  + https://www.locanto.com.pe/arequipa/ID_6890683802/AYUDA-A-TUS-PROBLEMA
  + https://www.locanto.com.pe/arequipa/ID_8252309815/HOMBRE-MADURO-BRINDA
  + https://www.locanto.com.pe/arequipa/ID_8015607779/Busco-senora-que-qui
  + https://www.locanto.com.pe/arequipa/ID_8393721426/Se-ofrece-ayuda-econ
  + https://www.locanto.com.pe/arequipa/ID_8832750749/Ayuda-economica-a-ma
  + https://www.locanto.com.pe/arequipa/ID_8822189724/Ayuda-economica-a-mu
  + https://www.locanto.com.pe/arequipa/ID_8613476240/Ofrezco-Ayuda-econom
  + https://www.locanto.com.pe/arequipa/ID_8265252681/Ayuda-economica-a-mu
  + https://www.locanto.com.pe/arequipa/ID_6775107420/Ayuda-economica-a-se
  + https://www.locanto.com.pe/arequipa/ID_8244775615/Ayuda-economica-a-mu
LIST p4: https://www.locanto.com.pe/arequipa/Hombre-busca-mujer/20701/4/?query=ayuda+economica
  main IDs: 47
  + https://www.locanto.com.pe/arequipa/ID_8576076446/Brindo-Ayuda-economi
  + https://www.locanto.com.pe/arequipa/ID_5336010414/Ayuda-Economica-Seno
  + https://www.locanto.com.pe/arequipa/ID_8364992728/Ayuda-economica-para
  + https://www.locanto.com.pe/arequipa/ID_8118020563/AYUDA-ECONOMICA-A-SE
  + https://www.locanto.com.pe/arequipa/ID_7405413600/Ayuda-Economica-a-se
  + https://www.locanto.com.pe/arequipa/ID_8566560283/Se-brinda-ayuda-econ
  + https://www.locanto.com.pe/arequipa/ID_8568958530/Ayuda-economica-a-mu
  + https://www.locanto.com.pe/arequipa/ID_7165835727/APOYO-AYUDA-ECONOMIC
  + https://www.locanto.com.pe/arequipa/ID_7398388293/Ayuda-economica-a-to
  + https://www.locanto.com.pe/arequipa/ID_7380223796/Se-brinda-Ayuda-Econ
  + https://www.locanto.com.pe/arequipa/ID_7076695770/Ayuda-economica-al-i
  + https://www.locanto.com.pe/arequipa/ID_7340312433/Brindo-AYUDA-ECONOMI
  + https://www.locanto.com.pe/arequipa/ID_7340422136/Ayuda-ECONOMICA-Areq
  + https://www.locanto.com.pe/arequipa/ID_6683361494/AYUDA-ECONOMICA-solo
  + https://www.locanto.com.pe/arequipa/ID_7099287788/Brindo-ayuda-economi
DONE arequipa: added=80
SUMMARY arequipa added=80
