/Users/pabloillescas/Library/Python/3.9/lib/python/site-packages/urllib3/__init__.py:35: NotOpenSSLWarning: urllib3 v2 only supports OpenSSL 1.1.1+, currently the 'ssl' module is compiled with 'LibreSSL 2.8.3'. See: https://github.com/urllib3/urllib3/issues/3020
  warnings.warn(
START arequipa section list crawl (main cards ONLY, tuned extract, filtered)
base=https://www.locanto.com.pe/arequipa/Hombre-busca-mujer/20701
LIST p1: https://www.locanto.com.pe/arequipa/Hombre-busca-mujer/20701/1/?query=ayuda+economica
  main IDs: 48
  + https://www.locanto.com.pe/arequipa/ID_6616142059/Ofrezco-Ayuda-econom
  + https://www.locanto.com.pe/arequipa/ID_8091641002/AYUDA-ECONOMICA-PARA
  + https://www.locanto.com.pe/arequipa/ID_7640333019/NECESITAS-DINERO-YO-
  + https://www.locanto.com.pe/arequipa/ID_7359930714/Busco-mujer-de-18-a-
  + https://www.locanto.com.pe/arequipa/ID_8315032392/AYUDA-ECONOMICA-A-SE
  + https://www.locanto.com.pe/arequipa/ID_7822579409/Ayuda-economica-rapi
  + https://www.locanto.com.pe/arequipa/ID_7822871291/Ayuda-economica-seno
  + https://www.locanto.com.pe/arequipa/ID_4792475959/Se-da-ayuda-economic
  + https://www.locanto.com.pe/arequipa/ID_4768695685/Se-brinda-ayuda-econ
  + https://www.locanto.com.pe/arequipa/ID_7820634786/HOMBRE-MADURO-BRINDA
  + https://www.locanto.com.pe/arequipa/ID_7820635774/Sexo-por-placer-oh-a
  + https://www.locanto.com.pe/arequipa/ID_8959690166/Para-toda-srta-que-n
  + https://www.locanto.com.pe/arequipa/ID_8717463794/Ayuda-economica-para
  + https://www.locanto.com.pe/arequipa/ID_7585565970/Ayuda-Economica-a-Se
  + https://www.locanto.com.pe/arequipa/ID_8186995159/SE-DA-AYUDA-ECONOMIC
  + https://www.locanto.com.pe/arequipa/ID_7724014583/BRINDO-AYUDA-ECONOMI
  + https://www.locanto.com.pe/arequipa/ID_7314618121/SE-BRINDA-INGRESOS-A
  + https://www.locanto.com.pe/arequipa/ID_7127067579/Ayuda-Economica-a-Se
  + https://www.locanto.com.pe/arequipa/ID_8476106505/Brindo-ayuda-economi
  + https://www.locanto.com.pe/arequipa/ID_7310935649/Dinero-extra-ayuda-e
  + https://www.locanto.com.pe/arequipa/ID_8067078664/AYUDA-ECONOMICA-A-SE
  + https://www.locanto.com.pe/arequipa/ID_8477396908/Ayuda-economica-conf
  + https://www.locanto.com.pe/arequipa/ID_7944585381/Ayuda-economica-a-ca
  + https://www.locanto.com.pe/arequipa/ID_7235716985/Ayuda-economica-a-ch
  + https://www.locanto.com.pe/arequipa/ID_5067527819/Te-doy-ayuda-economi
  + https://www.locanto.com.pe/arequipa/ID_6759637886/Brindo-ayuda-economi
  + https://www.locanto.com.pe/arequipa/ID_8937038000/Ayuda-Apoyo-economic
  + https://www.locanto.com.pe/arequipa/ID_8471560370/Ayuda-economica-conf
  + https://www.locanto.com.pe/arequipa/ID_8928124964/BRINDO-AYUDA-ECONOMI
  + https://www.locanto.com.pe/arequipa/ID_8688228601/Busco-mujer-para-enc
  + https://www.locanto.com.pe/arequipa/ID_6523111078/Ayuda-economica-a-sr
  + https://www.locanto.com.pe/arequipa/ID_8688887961/Se-brinda-ayuda-econ
  + https://www.locanto.com.pe/arequipa/ID_8457077166/Ayuda-economica-para
  + https://www.locanto.com.pe/arequipa/ID_8293876299/Brindo-Ayuda-economi
  + https://www.locanto.com.pe/arequipa/ID_7490975527/Deseas-ayuda-economi
  + https://www.locanto.com.pe/arequipa/ID_7173962518/Ayuda-economica-a-se
  + https://www.locanto.com.pe/arequipa/ID_8182921113/Ayuda-economica-para
  + https://www.locanto.com.pe/arequipa/ID_5433585654/Doy-ayuda-economica-
  + https://www.locanto.com.pe/arequipa/ID_5380697221/Ayuda-economica-a-da
  + https://www.locanto.com.pe/arequipa/ID_8453551968/Ayuda-economica-a-se
  + https://www.locanto.com.pe/arequipa/ID_7712489081/Se-brinda-ayuda-econ
LIST p2: https://www.locanto.com.pe/arequipa/Hombre-busca-mujer/20701/2/?query=ayuda+economica
  main IDs: 47
  + https://www.locanto.com.pe/arequipa/ID_8449141021/Brindo-ayuda-economi
  + https://www.locanto.com.pe/arequipa/ID_7117282134/Ayuda-Economica-con-
  + https://www.locanto.com.pe/arequipa/ID_6462435071/Ayuda-Economica-A-Se
  + https://www.locanto.com.pe/arequipa/ID_7221975971/Doy-ayuda-economica-
  + https://www.locanto.com.pe/arequipa/ID_8677139716/Brindo-ayuda-economi
  + https://www.locanto.com.pe/arequipa/ID_7081437967/Se-brinda-Ayuda-econ
  + https://www.locanto.com.pe/arequipa/ID_8207384485/Brindo-ayuda-economi
  + https://www.locanto.com.pe/arequipa/ID_8690406326/Doy-ayuda-economica-
  + https://www.locanto.com.pe/arequipa/ID_7920244657/Me-gustaria-conocer-
  + https://www.locanto.com.pe/arequipa/ID_8906592957/Ayuda-economica-para
  + https://www.locanto.com.pe/arequipa/ID_8901751242/Ayuda-Economica-a-se
  + https://www.locanto.com.pe/arequipa/ID_7014763314/Ofrezco-ayuda-econom
  + https://www.locanto.com.pe/arequipa/ID_6148841184/Doy-ayuda-economica-
  + https://www.locanto.com.pe/arequipa/ID_8157926321/Ayuda-economica-APOY
  + https://www.locanto.com.pe/arequipa/ID_6920636503/Ayuda-economica-a-ca
  + https://www.locanto.com.pe/arequipa/ID_7724694627/Brindo-Ayuda-Economi
  + https://www.locanto.com.pe/arequipa/ID_7573115291/Ayuda-Economica-a-Se
  + https://www.locanto.com.pe/arequipa/ID_7889425913/Ayuda-Economica-para
  + https://www.locanto.com.pe/arequipa/ID_8148131788/Ayuda-economica-muje
  + https://www.locanto.com.pe/arequipa/ID_7887683174/Ayuda-economica-areq
  + https://www.locanto.com.pe/arequipa/ID_8640560273/Ayuda-economica-para
  + https://www.locanto.com.pe/arequipa/ID_6651255723/Brindo-ayuda-economi
  + https://www.locanto.com.pe/arequipa/ID_7076889215/AYUDA-ECONOMICA-RAPI
  + https://www.locanto.com.pe/arequipa/ID_7826531575/Ayuda-Economica-a-Mu
  + https://www.locanto.com.pe/arequipa/ID_7447153874/Ayuda-economica-a-jo
  + https://www.locanto.com.pe/arequipa/ID_8265294412/Doy-ayuda-economica-
  + https://www.locanto.com.pe/arequipa/ID_7083611828/Ayuda-economica-a-se
  + https://www.locanto.com.pe/arequipa/ID_7088009421/Ayuda-economica-univ
  + https://www.locanto.com.pe/arequipa/ID_7588878454/Ayuda-economica-a-un
  + https://www.locanto.com.pe/arequipa/ID_7777593186/Ayuda-economica-a-se
  + https://www.locanto.com.pe/arequipa/ID_7821018795/Ayuda-Economica-a-Sr
  + https://www.locanto.com.pe/arequipa/ID_8628218065/Brindo-Ayuda-Economi
  + https://www.locanto.com.pe/arequipa/ID_7778207426/ayuda-economica-a-mu
  + https://www.locanto.com.pe/arequipa/ID_8405841171/Se-ofrece-ayuda-econ
  + https://www.locanto.com.pe/arequipa/ID_7880745096/Doy-ayuda-economica-
  + https://www.locanto.com.pe/arequipa/ID_8021387612/BRINDO-AYUDA-ECONOMI
  + https://www.locanto.com.pe/arequipa/ID_8150885332/Ayuda-Economica-solo
  + https://www.locanto.com.pe/arequipa/ID_7881039796/Ayuda-economica-a-ch
  + https://www.locanto.com.pe/arequipa/ID_8852595558/Alguna-mujer-que-nec
  + https://www.locanto.com.pe/arequipa/ID_8139672393/Joven-empresario-bri
  + https://www.locanto.com.pe/arequipa/ID_8619246246/Srita-sin-experienci
  + https://www.locanto.com.pe/arequipa/ID_7490072290/SE-BRINDA-BUENA-AYUD
  + https://www.locanto.com.pe/arequipa/ID_7490080854/SEDA-AYUDA-ECONOMICA
  + https://www.locanto.com.pe/arequipa/ID_7647163516/Necesitas-Ayuda-Econ
  + https://www.locanto.com.pe/arequipa/ID_7879951562/AYUDA-ECONOMICA-PARA
LIST p3: https://www.locanto.com.pe/arequipa/Hombre-busca-mujer/20701/3/?query=ayuda+economica
  main IDs: 45
  + https://www.locanto.com.pe/arequipa/ID_7076891185/Doy-Ayuda-economica-
  + https://www.locanto.com.pe/arequipa/ID_7211793167/Ayuda-Economica-a-Se
  + https://www.locanto.com.pe/arequipa/ID_8424651619/Ayuda-economica-a-ca
  + https://www.locanto.com.pe/arequipa/ID_7059394005/DOY-AYUDA-ECONOMICA-
  + https://www.locanto.com.pe/arequipa/ID_7059394075/Ayuda-economica-para
  + https://www.locanto.com.pe/arequipa/ID_7067370089/Ayuda-economica-rapi
  + https://www.locanto.com.pe/arequipa/ID_6592754978/BRINDO-AYUDA-ECONOMI
  + https://www.locanto.com.pe/arequipa/ID_8254430309/OFREZCO-AYUDA-ECONOM
  + https://www.locanto.com.pe/arequipa/ID_7770105782/Brindo-Ayuda-Economi
  + https://www.locanto.com.pe/arequipa/ID_7582654784/Se-brinda-ayuda-econ
  + https://www.locanto.com.pe/arequipa/ID_7490063281/BRINDO-BUENA-AYUDA-E
  + https://www.locanto.com.pe/arequipa/ID_7140639649/Ofrezco-ayuda-econom
  + https://www.locanto.com.pe/arequipa/ID_8388746295/Ayuda-economica-para
  + https://www.locanto.com.pe/arequipa/ID_8836912555/Ayuda-Economica-a-se
DONE arequipa: added=100 last_p=3
SUMMARY arequipa added=100 last=3
