[17:51:01] START Doplim cat tacna (main li.cnt-list_ads ONLY, tuned)
[17:51:01] base=https://www.doplim.com.pe/s/hombre-busca-mujer/tacna/
[17:51:01] LIST p1: https://www.doplim.com.pe/s/hombre-busca-mujer/tacna/
[17:52:13]   main li.cnt-list_ads IDs: 7
[17:52:50]   + https://lima.doplim.com.pe/se-da-ayuda-economica-a-mujer-de-senos-id-1
[17:53:34]   + https://lima.doplim.com.pe/tomas-valle-y-elmer-fosset-el-relax-de-id-1
[17:54:06]   + https://nazca.doplim.com.pe/doy-ayuda-economica-constante-a-senoritas-
[17:54:39]   + https://lima.doplim.com.pe/brindo-ayuda-economica-chicas-de-18-a-24-id
[17:55:17]   + https://lima.doplim.com.pe/brindo-ayuda-economica-a-senoritas-universi
[17:55:52] LIST p2: https://www.doplim.com.pe/s/hombre-busca-mujer/tacna/?page=2
[17:59:43]   main li.cnt-list_ads IDs: 7
[18:00:13] LIST p3: https://www.doplim.com.pe/s/hombre-busca-mujer/tacna/?page=3
[18:02:10]   main li.cnt-list_ads IDs: 7
[18:18:42] LIST p4: https://www.doplim.com.pe/s/hombre-busca-mujer/tacna/?page=4
[18:28:33]   main li.cnt-list_ads IDs: 7
[18:29:03] LIST p5: https://www.doplim.com.pe/s/hombre-busca-mujer/tacna/?page=5
[18:30:12]   main li.cnt-list_ads IDs: 7
[18:30:48] LIST p6: https://www.doplim.com.pe/s/hombre-busca-mujer/tacna/?page=6
[18:31:40]   main li.cnt-list_ads IDs: 7
[18:36:35] LIST p7: https://www.doplim.com.pe/s/hombre-busca-mujer/tacna/?page=7
[18:37:38]   main li.cnt-list_ads IDs: 7
[18:38:06] LIST p8: https://www.doplim.com.pe/s/hombre-busca-mujer/tacna/?page=8
[18:39:08]   main li.cnt-list_ads IDs: 7
[18:39:42] LIST p9: https://www.doplim.com.pe/s/hombre-busca-mujer/tacna/?page=9
[18:43:47]   main li.cnt-list_ads IDs: 7
[18:44:17] LIST p10: https://www.doplim.com.pe/s/hombre-busca-mujer/tacna/?page=10
[18:45:36]   main li.cnt-list_ads IDs: 7
[18:46:10] LIST p11: https://www.doplim.com.pe/s/hombre-busca-mujer/tacna/?page=11
[18:51:43]   main li.cnt-list_ads IDs: 7
[18:55:40] LIST p12: https://www.doplim.com.pe/s/hombre-busca-mujer/tacna/?page=12
[18:57:01]   main li.cnt-list_ads IDs: 7
[18:57:42] LIST p13: https://www.doplim.com.pe/s/hombre-busca-mujer/tacna/?page=13
[19:03:33]   main li.cnt-list_ads IDs: 7
[19:04:07] LIST p14: https://www.doplim.com.pe/s/hombre-busca-mujer/tacna/?page=14
[19:05:18]   main li.cnt-list_ads IDs: 7
[19:06:14] LIST p15: https://www.doplim.com.pe/s/hombre-busca-mujer/tacna/?page=15
[19:07:34]   main li.cnt-list_ads IDs: 7
[19:08:11] LIST p16: https://www.doplim.com.pe/s/hombre-busca-mujer/tacna/?page=16
[19:09:20]   main li.cnt-list_ads IDs: 7
[19:09:54] LIST p17: https://www.doplim.com.pe/s/hombre-busca-mujer/tacna/?page=17
[19:11:06]   main li.cnt-list_ads IDs: 7
[19:11:35] LIST p18: https://www.doplim.com.pe/s/hombre-busca-mujer/tacna/?page=18
[19:13:01]   main li.cnt-list_ads IDs: 7
[19:13:32] LIST p19: https://www.doplim.com.pe/s/hombre-busca-mujer/tacna/?page=19
[19:14:39]   main li.cnt-list_ads IDs: 7
[19:15:18] LIST p20: https://www.doplim.com.pe/s/hombre-busca-mujer/tacna/?page=20
[19:16:37]   main li.cnt-list_ads IDs: 7
[19:17:21] LIST p21: https://www.doplim.com.pe/s/hombre-busca-mujer/tacna/?page=21
[19:18:21]   main li.cnt-list_ads IDs: 7
[19:18:56] LIST p22: https://www.doplim.com.pe/s/hombre-busca-mujer/tacna/?page=22
[19:20:34]   main li.cnt-list_ads IDs: 7
[19:21:13] LIST p23: https://www.doplim.com.pe/s/hombre-busca-mujer/tacna/?page=23
[19:22:13]   main li.cnt-list_ads IDs: 7
[19:22:53] LIST p24: https://www.doplim.com.pe/s/hombre-busca-mujer/tacna/?page=24
[19:23:57]   main li.cnt-list_ads IDs: 7
[19:24:27] LIST p25: https://www.doplim.com.pe/s/hombre-busca-mujer/tacna/?page=25
[19:25:30]   main li.cnt-list_ads IDs: 7
[19:25:59] LIST p26: https://www.doplim.com.pe/s/hombre-busca-mujer/tacna/?page=26
[19:27:12]   main li.cnt-list_ads IDs: 7
[19:27:52] LIST p27: https://www.doplim.com.pe/s/hombre-busca-mujer/tacna/?page=27
[19:28:48]   main li.cnt-list_ads IDs: 7
[19:29:22] LIST p28: https://www.doplim.com.pe/s/hombre-busca-mujer/tacna/?page=28
[19:30:24]   main li.cnt-list_ads IDs: 7
[19:30:46] LIST p29: https://www.doplim.com.pe/s/hombre-busca-mujer/tacna/?page=29
[19:31:46]   main li.cnt-list_ads IDs: 7
[19:32:50] DONE Doplim cat tacna: added=5
