[17:50:58] START Doplim cat ica (main li.cnt-list_ads ONLY, tuned)
[17:50:58] base=https://www.doplim.com.pe/s/hombre-busca-mujer/ica/
[17:50:58] LIST p1: https://www.doplim.com.pe/s/hombre-busca-mujer/ica/
[17:51:53]   main li.cnt-list_ads IDs: 9
[17:52:24]   + https://ica-capital.doplim.com.pe/ayuda-economica-a-universitarias-y-o
[17:52:52]   + https://ica-capital.doplim.com.pe/busco-chicas-para-pasarla-bien-de-ic
[17:53:21]   + https://pisco.doplim.com.pe/ayuda-economica-18-40-id-1507037.html
[17:53:51]   + https://ica-capital.doplim.com.pe/ayuda-economica-a-chicas-y-senoras-i
[17:54:33]   + https://ica-capital.doplim.com.pe/maduro-busca-discreta-id-1249450.htm
[17:55:09]   + https://ica-capital.doplim.com.pe/ayuda-a-damas-maduras-id-382034.html
[17:56:17]   + https://ica-capital.doplim.com.pe/brindo-ayuda-economica-a-senorita-en
[17:56:48]   + https://ica-capital.doplim.com.pe/doy-ayuda-economica-en-ica-id-148558
[17:56:49] LIST p2: https://www.doplim.com.pe/s/hombre-busca-mujer/ica/?page=2
[17:57:52]   main li.cnt-list_ads IDs: 9
[17:58:33] LIST p3: https://www.doplim.com.pe/s/hombre-busca-mujer/ica/?page=3
[17:59:44]   main li.cnt-list_ads IDs: 9
[18:00:23] LIST p4: https://www.doplim.com.pe/s/hombre-busca-mujer/ica/?page=4
[18:18:34]   main li.cnt-list_ads IDs: 9
[18:27:12] LIST p5: https://www.doplim.com.pe/s/hombre-busca-mujer/ica/?page=5
[18:28:37]   main li.cnt-list_ads IDs: 9
[18:29:04] LIST p6: https://www.doplim.com.pe/s/hombre-busca-mujer/ica/?page=6
[18:30:18]   main li.cnt-list_ads IDs: 9
[18:30:46] LIST p7: https://www.doplim.com.pe/s/hombre-busca-mujer/ica/?page=7
[18:31:55]   main li.cnt-list_ads IDs: 9
[18:36:56] LIST p8: https://www.doplim.com.pe/s/hombre-busca-mujer/ica/?page=8
[18:37:53]   main li.cnt-list_ads IDs: 9
[18:38:29] LIST p9: https://www.doplim.com.pe/s/hombre-busca-mujer/ica/?page=9
[18:39:36]   main li.cnt-list_ads IDs: 9
[18:42:42] LIST p10: https://www.doplim.com.pe/s/hombre-busca-mujer/ica/?page=10
[18:43:52]   main li.cnt-list_ads IDs: 9
[18:44:20] LIST p11: https://www.doplim.com.pe/s/hombre-busca-mujer/ica/?page=11
[18:45:27]   main li.cnt-list_ads IDs: 9
[18:45:59] LIST p12: https://www.doplim.com.pe/s/hombre-busca-mujer/ica/?page=12
[18:47:02]   main li.cnt-list_ads IDs: 9
[18:52:08] LIST p13: https://www.doplim.com.pe/s/hombre-busca-mujer/ica/?page=13
[18:56:16]   main li.cnt-list_ads IDs: 9
[18:56:47] LIST p14: https://www.doplim.com.pe/s/hombre-busca-mujer/ica/?page=14
[18:57:46]   main li.cnt-list_ads IDs: 9
[19:03:07]   + https://ica-capital.doplim.com.pe/doy-servicio-sexual-en-ica-id-149454
[19:03:08] LIST p15: https://www.doplim.com.pe/s/hombre-busca-mujer/ica/?page=15
[19:04:31]   main li.cnt-list_ads IDs: 9
[19:04:31] LIST p16: https://www.doplim.com.pe/s/hombre-busca-mujer/ica/?page=16
[19:06:10]   main li.cnt-list_ads IDs: 9
[19:06:10] LIST p17: https://www.doplim.com.pe/s/hombre-busca-mujer/ica/?page=17
[19:07:36]   main li.cnt-list_ads IDs: 9
[19:07:37] LIST p18: https://www.doplim.com.pe/s/hombre-busca-mujer/ica/?page=18
[19:08:46]   main li.cnt-list_ads IDs: 9
[19:08:46] LIST p19: https://www.doplim.com.pe/s/hombre-busca-mujer/ica/?page=19
[19:09:46]   main li.cnt-list_ads IDs: 9
[19:09:47] LIST p20: https://www.doplim.com.pe/s/hombre-busca-mujer/ica/?page=20
[19:10:54]   main li.cnt-list_ads IDs: 9
[19:10:54] LIST p21: https://www.doplim.com.pe/s/hombre-busca-mujer/ica/?page=21
[19:11:57]   main li.cnt-list_ads IDs: 9
[19:11:57] LIST p22: https://www.doplim.com.pe/s/hombre-busca-mujer/ica/?page=22
[19:13:17]   main li.cnt-list_ads IDs: 9
[19:13:17] LIST p23: https://www.doplim.com.pe/s/hombre-busca-mujer/ica/?page=23
[19:14:18]   main li.cnt-list_ads IDs: 9
[19:14:19] LIST p24: https://www.doplim.com.pe/s/hombre-busca-mujer/ica/?page=24
[19:15:19]   main li.cnt-list_ads IDs: 9
[19:15:19] LIST p25: https://www.doplim.com.pe/s/hombre-busca-mujer/ica/?page=25
[19:16:34]   main li.cnt-list_ads IDs: 9
[19:16:35] LIST p26: https://www.doplim.com.pe/s/hombre-busca-mujer/ica/?page=26
[19:17:32]   main li.cnt-list_ads IDs: 9
[19:17:32] LIST p27: https://www.doplim.com.pe/s/hombre-busca-mujer/ica/?page=27
[19:18:38]   main li.cnt-list_ads IDs: 9
[19:18:39] LIST p28: https://www.doplim.com.pe/s/hombre-busca-mujer/ica/?page=28
[19:19:42]   main li.cnt-list_ads IDs: 9
[19:19:43] LIST p29: https://www.doplim.com.pe/s/hombre-busca-mujer/ica/?page=29
[19:20:51]   main li.cnt-list_ads IDs: 9
[19:20:51] DONE Doplim cat ica: added=9
