=== DOPLIM SINGLE-MIND COLLECTOR RUN START 2026-07-06T21:37:36-05:00 ===
FOLLOWING STRICT STRATEGY GUIDE: search-first web_search directs ONLY for Doplim 'ayuda economica' / 'brindo ayuda' male-offering from Contactos/hombre busca mujer. Playwright gates exact, TARGETS+MALE filter, full raw archive central, redact, pre-dedup rid, append main ONLY if valid full non-inter, PII on complete rec. Log all. Persevere variants/cities.
[21:38:00] WEB_SEARCH1: query=site:doplim.com.pe OR site:doplim.pe ("brindo ayuda economica" | "doy ayuda" | "apoyo economico") (id- | /id-) cities... results polluted (scholarships), few directs.
[21:38:00] WEB_SEARCH2: site:doplim.com.pe "brindo ayuda economica" id- -> yielded directs: moquegua...823756, villa-rica...1335046, putina...1333345, cerro...453970, lamas...1504371, lima...886044, abancay...1346208, pacasmayo...1352665, huanuco...1311800, lima...427756, callao...558843, trujillo...977093 etc.
[21:38:00] WEB_SEARCH3+: targeted "brindo ayuda economica" site:doplim.com.pe (id- OR -id-) + phrases -> repeats + new: trujillo...741436 (busco-senorita-joven-brindo-ayuda-economica), lima...1218427 (caballero-brinda-ayuda-economica-a-senoritas-calet), talavera...444939 etc. Logged to search_log later.
[$(date +%H:%M:%S)] COMPILED_SEEDS: from web_search results (fresh variants prioritized, avoiding prior seed list like 977093,843621,427756,341639): 
https://villa-rica.doplim.com.pe/brindo-ayuda-economica-id-1335046.html
https://putina.doplim.com.pe/ayuda-economica-a-mujeres-id-1333345.html
https://cerro-de-pasco.doplim.com.pe/ayuda-economica-dinero-id-453970.html
https://lima.doplim.com.pe/brindo-ayuda-economica-en-lima-id-886044.html
https://callao.doplim.com.pe/brindo-ayuda-economica-a-mujeres-tetonas-voluptuosas-wssp-id-558843.html
https://trujillo.doplim.com.pe/busco-senorita-joven-brindo-ayuda-economica-id-741436.html
https://lima.doplim.com.pe/caballero-brinda-ayuda-economica-a-senoritas-calet-id-1218427.html
https://arequipa-capital.doplim.com.pe/doy-ayuda-economica-a-estudiantes-y-madres-solteras-id-468808.html
https://talavera.doplim.com.pe/doy-ayuda-economica-a-senoritas-id-1473282.html
https://huancayo.doplim.com.pe/doy-ayuda-economica-a-jovencitas-o-senoritas-962613729-id-346383.html
https://trujillo.doplim.com.pe/busco-chica-para-encuentro-sexual-brindo-ayuda-economica-id-374837.html
https://arequipa-capital.doplim.com.pe/brindo-ayuda-economica-a-senoritas-para-lo-que-id-552908.html
https://talavera.doplim.com.pe/brindo-apoyo-economico-a-solo-chicas-de-la-id-444939.html
https://santa-cruz.doplim.com.pe/doy-ayuda-economica-id-1346551.html
https://lamas.doplim.com.pe/ayuda-economica-en-lamas-id-1504371.html
https://pacasmayo.doplim.com.pe/brindo-ayuda-economica-a-mujeres-id-1352665.html
https://huanuco-capital.doplim.com.pe/ayuda-economica-a-damas-id-1311800.html
https://abancay.doplim.com.pe/ayuda-economica-a-linda-chica-de-instituto-o-id-1346208.html
Appended seeds list. Total candidates ~18. Will process with full gates.
  File "<string>", line 29
    print(f"[{datetime.now().strftime(\"%H:%M:%S\")}] FETCH_START: {url}")
                                                                         ^
SyntaxError: f-string expression part cannot include a backslash
/Users/pabloillescas/Library/Python/3.9/lib/python/site-packages/urllib3/__init__.py:35: NotOpenSSLWarning: urllib3 v2 only supports OpenSSL 1.1.1+, currently the 'ssl' module is compiled with 'LibreSSL 2.8.3'. See: https://github.com/urllib3/urllib3/issues/3020
  warnings.warn(
[21:38:48] Starting fetch batch 1/3 for Doplim singlemind...
Traceback (most recent call last):
  File "<stdin>", line 23, in <module>
NameError: name 'LOG' is not defined
/Users/pabloillescas/Library/Python/3.9/lib/python/site-packages/urllib3/__init__.py:35: NotOpenSSLWarning: urllib3 v2 only supports OpenSSL 1.1.1+, currently the 'ssl' module is compiled with 'LibreSSL 2.8.3'. See: https://github.com/urllib3/urllib3/issues/3020
  warnings.warn(
[21:38:59] BATCH1_START: 5 candidates
[21:38:59] FETCH_START: https://villa-rica.doplim.com.pe/brindo-ayuda-economica-id-1335046.html
Search log updated.
Saved        8 candidates. Will process singles with high timeout.
/Users/pabloillescas/Library/Python/3.9/lib/python/site-packages/urllib3/__init__.py:35: NotOpenSSLWarning: urllib3 v2 only supports OpenSSL 1.1.1+, currently the 'ssl' module is compiled with 'LibreSSL 2.8.3'. See: https://github.com/urllib3/urllib3/issues/3020
  warnings.warn(
[21:41:23] FETCH_START: https://villa-rica.doplim.com.pe/brindo-ayuda-economica-id-1335046.html
  SKIP: dup_rid url=https://villa-rica.doplim.com.pe/brindo-ayuda-economica-id-1335046.html
[21:45:01] SINGLE_DONE: added=0 for https://villa-rica.doplim.com.pe/brindo-ayuda-economica-id-1335046.html
[21:41:23] SINGLE_FETCH: https://villa-rica.doplim.com.pe/brindo-ayuda-economica-id-1335046.html
  SKIP: dup_rid
[21:45:01] SINGLE_DONE added=0
/Users/pabloillescas/Library/Python/3.9/lib/python/site-packages/urllib3/__init__.py:35: NotOpenSSLWarning: urllib3 v2 only supports OpenSSL 1.1.1+, currently the 'ssl' module is compiled with 'LibreSSL 2.8.3'. See: https://github.com/urllib3/urllib3/issues/3020
  warnings.warn(
[21:45:15] FETCH_START: https://putina.doplim.com.pe/ayuda-economica-a-mujeres-id-1333345.html
  SKIP: dup_rid url=https://putina.doplim.com.pe/ayuda-economica-a-mujeres-id-1333345.html
[21:48:10] SINGLE_DONE: added=0 for https://putina.doplim.com.pe/ayuda-economica-a-mujeres-id-1333345.html
[21:45:15] SINGLE_FETCH: https://putina.doplim.com.pe/ayuda-economica-a-mujeres-id-1333345.html
  SKIP: dup_rid
[21:48:10] SINGLE_DONE added=0
/Users/pabloillescas/Library/Python/3.9/lib/python/site-packages/urllib3/__init__.py:35: NotOpenSSLWarning: urllib3 v2 only supports OpenSSL 1.1.1+, currently the 'ssl' module is compiled with 'LibreSSL 2.8.3'. See: https://github.com/urllib3/urllib3/issues/3020
  warnings.warn(
[21:48:25] FETCH_START: $URL
  SKIP: short_or_empty len=0 url=$URL
[21:50:29] SINGLE_DONE: added=0 for $URL
[21:48:25] SINGLE_FETCH: $URL
  SKIP: short_or_empty len=0
[21:50:29] SINGLE_DONE added=0
/Users/pabloillescas/Library/Python/3.9/lib/python/site-packages/urllib3/__init__.py:35: NotOpenSSLWarning: urllib3 v2 only supports OpenSSL 1.1.1+, currently the 'ssl' module is compiled with 'LibreSSL 2.8.3'. See: https://github.com/urllib3/urllib3/issues/3020
  warnings.warn(
[21:50:34] FETCH_START: $URL
  SKIP: short_or_empty len=0 url=$URL
[21:52:24] SINGLE_DONE: added=0 for $URL
[21:50:34] SINGLE_FETCH: $URL
  SKIP: short_or_empty len=0
[21:52:24] SINGLE_DONE added=0
Batch of 2 singles complete.
/Users/pabloillescas/Library/Python/3.9/lib/python/site-packages/urllib3/__init__.py:35: NotOpenSSLWarning: urllib3 v2 only supports OpenSSL 1.1.1+, currently the 'ssl' module is compiled with 'LibreSSL 2.8.3'. See: https://github.com/urllib3/urllib3/issues/3020
  warnings.warn(
[21:52:39] FETCH_START: https://lima.doplim.com.pe/caballero-brinda-ayuda-economica-a-senoritas-calet-id-1218427.html
  ADDED: https://lima.doplim.com.pe/caballero-brinda-ayuda-economica-a-senoritas-calet-id-1218427.html raw_ref=doplim_singlemind_8195fea18b628692.html rid=8195fea18b6286923a1c063a52ca8927ee1463e931366b040346d1007db3945d
[21:56:01] SINGLE_DONE: added=1 for https://lima.doplim.com.pe/caballero-brinda-ayuda-economica-a-senoritas-calet-id-1218427.html
[21:52:39] SINGLE_FETCH: https://lima.doplim.com.pe/caballero-brinda-ayuda-economica-a-senoritas-calet-id-1218427.html
  ADDED rid=8195fea18b62 raw=doplim_singlemind_8195fea18b628692.html
[21:56:01] SINGLE_DONE added=1
/Users/pabloillescas/Library/Python/3.9/lib/python/site-packages/urllib3/__init__.py:35: NotOpenSSLWarning: urllib3 v2 only supports OpenSSL 1.1.1+, currently the 'ssl' module is compiled with 'LibreSSL 2.8.3'. See: https://github.com/urllib3/urllib3/issues/3020
  warnings.warn(
[21:56:09] FETCH_START: https://arequipa-capital.doplim.com.pe/doy-ayuda-economica-a-estudiantes-y-madres-solteras-id-468808.html
  SKIP: dup_rid url=https://arequipa-capital.doplim.com.pe/doy-ayuda-economica-a-estudiantes-y-madres-solteras-id-468808.html
[21:59:20] SINGLE_DONE: added=0 for https://arequipa-capital.doplim.com.pe/doy-ayuda-economica-a-estudiantes-y-madres-solteras-id-468808.html
[21:56:09] SINGLE_FETCH: https://arequipa-capital.doplim.com.pe/doy-ayuda-economica-a-estudiantes-y-madres-solteras-id-468808.html
  SKIP: dup_rid
[21:59:20] SINGLE_DONE added=0
/Users/pabloillescas/Library/Python/3.9/lib/python/site-packages/urllib3/__init__.py:35: NotOpenSSLWarning: urllib3 v2 only supports OpenSSL 1.1.1+, currently the 'ssl' module is compiled with 'LibreSSL 2.8.3'. See: https://github.com/urllib3/urllib3/issues/3020
  warnings.warn(
[21:59:27] FETCH_START: https://huancayo.doplim.com.pe/doy-ayuda-economica-a-jovencitas-o-senoritas-962613729-id-346383.html
