[16:33:49] START Doplim category cusco (main li.cnt-list_ads ONLY, tuned)
[16:33:49] base=https://www.doplim.com.pe/s/hombre-busca-mujer/cusco/
[16:33:49] LIST p1: https://www.doplim.com.pe/s/hombre-busca-mujer/cusco/
[16:35:09]   main li.cnt-list_ads IDs: 13
[16:35:46]   + https://cusco-capital.doplim.com.pe/ayuda-economica-cusco-id-470450.ht
[16:36:19]   + https://cusco-capital.doplim.com.pe/brindo-ayuda-de-s-500-id-470454.ht
[16:36:46]   + https://cusco-capital.doplim.com.pe/ayuda-economica-para-senoritas-id-
[16:37:16]   + https://cusco-capital.doplim.com.pe/ayuda-economico-chicas-en-apuro-id
[16:37:46]   + https://cusco-capital.doplim.com.pe/ayuda-a-chicas-en-apuro-id-966877.
[16:38:14]   + https://cusco-capital.doplim.com.pe/ayuda-economica-para-chicas-de-18-
[16:38:53]   + https://cusco-capital.doplim.com.pe/cusco-brindo-ayuda-economica-a-muj
[16:39:51]   + https://cusco-capital.doplim.com.pe/quiero-conocer-alguna-chica-para-b
[16:40:15]   + https://cusco-capital.doplim.com.pe/ayuda-economica-a-srtas-de-100-a-m
[16:40:47]   + https://cusco-capital.doplim.com.pe/ayuda-economica-solo-para-mujeres-
[16:41:16]   + https://cusco-capital.doplim.com.pe/necesitas-ayuda-te-ofrezco-mi-apoy
[16:41:16] LIST p2: https://www.doplim.com.pe/s/hombre-busca-mujer/cusco/?page=2
[16:41:57]   main li.cnt-list_ads IDs: 13
[16:42:33] LIST p3: https://www.doplim.com.pe/s/hombre-busca-mujer/cusco/?page=3
[16:43:44]   main li.cnt-list_ads IDs: 13
[16:44:23]   + https://cusco-capital.doplim.com.pe/doy-servicio-gratis-a-mujeres-soy-
[16:44:24] LIST p4: https://www.doplim.com.pe/s/hombre-busca-mujer/cusco/?page=4
[16:45:21]   main li.cnt-list_ads IDs: 13
[16:45:21] LIST p5: https://www.doplim.com.pe/s/hombre-busca-mujer/cusco/?page=5
[16:46:40]   main li.cnt-list_ads IDs: 13
[16:46:41] LIST p6: https://www.doplim.com.pe/s/hombre-busca-mujer/cusco/?page=6
[16:47:42]   main li.cnt-list_ads IDs: 13
[16:47:43] LIST p7: https://www.doplim.com.pe/s/hombre-busca-mujer/cusco/?page=7
[16:48:39]   main li.cnt-list_ads IDs: 13
[16:48:39] LIST p8: https://www.doplim.com.pe/s/hombre-busca-mujer/cusco/?page=8
[16:49:38]   main li.cnt-list_ads IDs: 13
[16:49:38] LIST p9: https://www.doplim.com.pe/s/hombre-busca-mujer/cusco/?page=9
[16:50:45]   main li.cnt-list_ads IDs: 13
[16:50:46] LIST p10: https://www.doplim.com.pe/s/hombre-busca-mujer/cusco/?page=10
[16:52:05]   main li.cnt-list_ads IDs: 13
[16:52:06] LIST p11: https://www.doplim.com.pe/s/hombre-busca-mujer/cusco/?page=11
[16:53:13]   main li.cnt-list_ads IDs: 13
[16:53:13] LIST p12: https://www.doplim.com.pe/s/hombre-busca-mujer/cusco/?page=12
[16:54:19]   main li.cnt-list_ads IDs: 13
[16:54:20] LIST p13: https://www.doplim.com.pe/s/hombre-busca-mujer/cusco/?page=13
[16:55:16]   main li.cnt-list_ads IDs: 13
[16:55:16] LIST p14: https://www.doplim.com.pe/s/hombre-busca-mujer/cusco/?page=14
[16:56:22]   main li.cnt-list_ads IDs: 13
[16:56:23] LIST p15: https://www.doplim.com.pe/s/hombre-busca-mujer/cusco/?page=15
[16:57:24]   main li.cnt-list_ads IDs: 13
[16:57:25] LIST p16: https://www.doplim.com.pe/s/hombre-busca-mujer/cusco/?page=16
[16:58:20]   main li.cnt-list_ads IDs: 13
[16:58:21] LIST p17: https://www.doplim.com.pe/s/hombre-busca-mujer/cusco/?page=17
[16:59:25]   main li.cnt-list_ads IDs: 13
[16:59:26] LIST p18: https://www.doplim.com.pe/s/hombre-busca-mujer/cusco/?page=18
[17:00:29]   main li.cnt-list_ads IDs: 13
[17:00:30] LIST p19: https://www.doplim.com.pe/s/hombre-busca-mujer/cusco/?page=19
[17:17:05]   main li.cnt-list_ads IDs: 13
[17:17:05] LIST p20: https://www.doplim.com.pe/s/hombre-busca-mujer/cusco/?page=20
[17:21:05]   main li.cnt-list_ads IDs: 13
[17:21:06] LIST p21: https://www.doplim.com.pe/s/hombre-busca-mujer/cusco/?page=21
[17:47:16]   main li.cnt-list_ads IDs: 13
[17:47:16] LIST p22: https://www.doplim.com.pe/s/hombre-busca-mujer/cusco/?page=22
[17:50:45]   main li.cnt-list_ads IDs: 13
[17:50:46] LIST p23: https://www.doplim.com.pe/s/hombre-busca-mujer/cusco/?page=23
[17:52:04]   main li.cnt-list_ads IDs: 13
[17:52:05] LIST p24: https://www.doplim.com.pe/s/hombre-busca-mujer/cusco/?page=24
[17:52:58]   main li.cnt-list_ads IDs: 13
[17:52:59] LIST p25: https://www.doplim.com.pe/s/hombre-busca-mujer/cusco/?page=25
[17:54:03]   main li.cnt-list_ads IDs: 13
[17:54:03] LIST p26: https://www.doplim.com.pe/s/hombre-busca-mujer/cusco/?page=26
[17:55:11]   main li.cnt-list_ads IDs: 13
[17:55:12] LIST p27: https://www.doplim.com.pe/s/hombre-busca-mujer/cusco/?page=27
[17:56:23]   main li.cnt-list_ads IDs: 13
[17:56:23] LIST p28: https://www.doplim.com.pe/s/hombre-busca-mujer/cusco/?page=28
[17:57:24]   main li.cnt-list_ads IDs: 13
[17:57:24] LIST p29: https://www.doplim.com.pe/s/hombre-busca-mujer/cusco/?page=29
[17:58:30]   main li.cnt-list_ads IDs: 13
[17:58:31] DONE Doplim cat cusco: added=12
