[16:33:53] START Doplim category piura (main li.cnt-list_ads ONLY, tuned)
[16:33:53] base=https://www.doplim.com.pe/s/hombre-busca-mujer/piura/
[16:33:53] LIST p1: https://www.doplim.com.pe/s/hombre-busca-mujer/piura/
[16:34:52]   main li.cnt-list_ads IDs: 13
[16:36:07]   + https://piura-capital.doplim.com.pe/bribdo-ayuda-economica-a-senirutas
[16:36:48]   + https://piura-capital.doplim.com.pe/ofrezco-apoyo-economico-a-mujeres-
[16:37:26]   + https://piura-capital.doplim.com.pe/apoyo-economico-a-chicas-estudiant
[16:38:05]   + https://piura-capital.doplim.com.pe/apoyo-economico-para-senoritas-id-
[16:38:46]   + https://piura-capital.doplim.com.pe/ayuda-economica-por-intimidad-id-1
[16:39:10]   + https://piura-capital.doplim.com.pe/brindo-ayuda-economica-a-srta-y-sr
[16:39:45]   + https://piura-capital.doplim.com.pe/ofrezco-apoyo-economico-a-chicas-i
[16:40:13]   + https://piura-capital.doplim.com.pe/apoyo-economico-a-estudiantes-y-un
[16:40:49]   + https://piura-capital.doplim.com.pe/apoyo-economico-piura-id-1509107.h
[16:41:12]   + https://piura-capital.doplim.com.pe/ayuda-economica-a-senoritas-estudi
[16:41:53]   + https://piura-capital.doplim.com.pe/apoyo-economico-a-senoritas-estudi
[16:42:29]   + https://piura-capital.doplim.com.pe/ayuda-economica-a-senoritas-por-mo
[16:42:30] LIST p2: https://www.doplim.com.pe/s/hombre-busca-mujer/piura/?page=2
[16:43:30]   main li.cnt-list_ads IDs: 13
[16:43:51] LIST p3: https://www.doplim.com.pe/s/hombre-busca-mujer/piura/?page=3
[16:44:49]   main li.cnt-list_ads IDs: 13
[16:45:18] LIST p4: https://www.doplim.com.pe/s/hombre-busca-mujer/piura/?page=4
[16:46:35]   main li.cnt-list_ads IDs: 13
[16:47:03] LIST p5: https://www.doplim.com.pe/s/hombre-busca-mujer/piura/?page=5
[16:48:04]   main li.cnt-list_ads IDs: 13
[16:48:30] LIST p6: https://www.doplim.com.pe/s/hombre-busca-mujer/piura/?page=6
[16:49:26]   main li.cnt-list_ads IDs: 13
[16:49:52] LIST p7: https://www.doplim.com.pe/s/hombre-busca-mujer/piura/?page=7
[16:51:01]   main li.cnt-list_ads IDs: 13
[16:51:22] LIST p8: https://www.doplim.com.pe/s/hombre-busca-mujer/piura/?page=8
[16:52:27]   main li.cnt-list_ads IDs: 13
[16:52:54] LIST p9: https://www.doplim.com.pe/s/hombre-busca-mujer/piura/?page=9
[16:53:54]   main li.cnt-list_ads IDs: 13
[16:54:30] LIST p10: https://www.doplim.com.pe/s/hombre-busca-mujer/piura/?page=10
[16:55:35]   main li.cnt-list_ads IDs: 13
[16:56:08] LIST p11: https://www.doplim.com.pe/s/hombre-busca-mujer/piura/?page=11
[16:57:17]   main li.cnt-list_ads IDs: 13
[16:57:50] LIST p12: https://www.doplim.com.pe/s/hombre-busca-mujer/piura/?page=12
[16:58:49]   main li.cnt-list_ads IDs: 13
[16:59:18] LIST p13: https://www.doplim.com.pe/s/hombre-busca-mujer/piura/?page=13
[17:00:22]   main li.cnt-list_ads IDs: 13
[17:00:59] LIST p14: https://www.doplim.com.pe/s/hombre-busca-mujer/piura/?page=14
[17:18:48]   main li.cnt-list_ads IDs: 13
[17:21:00] LIST p15: https://www.doplim.com.pe/s/hombre-busca-mujer/piura/?page=15
[17:52:06]   main li.cnt-list_ads IDs: 13
[17:52:42] LIST p16: https://www.doplim.com.pe/s/hombre-busca-mujer/piura/?page=16
[17:53:46]   main li.cnt-list_ads IDs: 13
[17:54:26] LIST p17: https://www.doplim.com.pe/s/hombre-busca-mujer/piura/?page=17
[17:55:17]   main li.cnt-list_ads IDs: 13
[17:55:54] LIST p18: https://www.doplim.com.pe/s/hombre-busca-mujer/piura/?page=18
[17:57:00]   main li.cnt-list_ads IDs: 13
[17:57:35] LIST p19: https://www.doplim.com.pe/s/hombre-busca-mujer/piura/?page=19
[17:58:38]   main li.cnt-list_ads IDs: 13
[17:59:08] LIST p20: https://www.doplim.com.pe/s/hombre-busca-mujer/piura/?page=20
[18:00:22]   main li.cnt-list_ads IDs: 13
[18:01:37]   + https://piura-capital.doplim.com.pe/doy-sexo-a-mujeres-gorditas-no-imp
[18:01:38] LIST p21: https://www.doplim.com.pe/s/hombre-busca-mujer/piura/?page=21
[18:27:25]   main li.cnt-list_ads IDs: 13
[18:27:25] LIST p22: https://www.doplim.com.pe/s/hombre-busca-mujer/piura/?page=22
[18:28:39]   main li.cnt-list_ads IDs: 13
[18:28:39] LIST p23: https://www.doplim.com.pe/s/hombre-busca-mujer/piura/?page=23
[18:29:42]   main li.cnt-list_ads IDs: 13
[18:29:42] LIST p24: https://www.doplim.com.pe/s/hombre-busca-mujer/piura/?page=24
[18:30:40]   main li.cnt-list_ads IDs: 13
[18:30:41] LIST p25: https://www.doplim.com.pe/s/hombre-busca-mujer/piura/?page=25
[18:31:53]   main li.cnt-list_ads IDs: 13
[18:31:53] LIST p26: https://www.doplim.com.pe/s/hombre-busca-mujer/piura/?page=26
[18:37:30]   main li.cnt-list_ads IDs: 13
[18:37:30] LIST p27: https://www.doplim.com.pe/s/hombre-busca-mujer/piura/?page=27
[18:38:49]   main li.cnt-list_ads IDs: 13
[18:38:49] LIST p28: https://www.doplim.com.pe/s/hombre-busca-mujer/piura/?page=28
[18:42:49]   main li.cnt-list_ads IDs: 13
[18:42:49] LIST p29: https://www.doplim.com.pe/s/hombre-busca-mujer/piura/?page=29
[18:44:03]   main li.cnt-list_ads IDs: 13
[18:44:04] DONE Doplim cat piura: added=13
