[17:51:02] START Doplim cat puno (main li.cnt-list_ads ONLY, tuned)
[17:51:02] base=https://www.doplim.com.pe/s/hombre-busca-mujer/puno/
[17:51:02] LIST p1: https://www.doplim.com.pe/s/hombre-busca-mujer/puno/
[17:52:04]   main li.cnt-list_ads IDs: 5
[17:52:33]   + https://puno-capital.doplim.com.pe/busco-chica-que-requiera-ayuda-econ
[17:53:16]   + https://puno-capital.doplim.com.pe/gratis-apoyo-economico-id-1486858.h
[17:54:56] LIST p2: https://www.doplim.com.pe/s/hombre-busca-mujer/puno/?page=2
[17:56:02]   main li.cnt-list_ads IDs: 5
[17:57:43] LIST p3: https://www.doplim.com.pe/s/hombre-busca-mujer/puno/?page=3
[17:58:54]   main li.cnt-list_ads IDs: 5
[18:00:31] LIST p4: https://www.doplim.com.pe/s/hombre-busca-mujer/puno/?page=4
[18:27:29]   main li.cnt-list_ads IDs: 5
[18:29:09] LIST p5: https://www.doplim.com.pe/s/hombre-busca-mujer/puno/?page=5
[18:30:10]   main li.cnt-list_ads IDs: 5
[18:31:42] LIST p6: https://www.doplim.com.pe/s/hombre-busca-mujer/puno/?page=6
[18:37:26]   main li.cnt-list_ads IDs: 5
[18:39:21] LIST p7: https://www.doplim.com.pe/s/hombre-busca-mujer/puno/?page=7
[18:43:18]   main li.cnt-list_ads IDs: 5
[18:45:27] LIST p8: https://www.doplim.com.pe/s/hombre-busca-mujer/puno/?page=8
[18:46:31]   main li.cnt-list_ads IDs: 5
[18:55:51] LIST p9: https://www.doplim.com.pe/s/hombre-busca-mujer/puno/?page=9
[18:56:50]   main li.cnt-list_ads IDs: 5
[19:03:03] LIST p10: https://www.doplim.com.pe/s/hombre-busca-mujer/puno/?page=10
[19:04:37]   main li.cnt-list_ads IDs: 5
[19:06:45] LIST p11: https://www.doplim.com.pe/s/hombre-busca-mujer/puno/?page=11
[19:07:41]   main li.cnt-list_ads IDs: 5
[19:09:43] LIST p12: https://www.doplim.com.pe/s/hombre-busca-mujer/puno/?page=12
[19:11:05]   main li.cnt-list_ads IDs: 5
[19:13:06] LIST p13: https://www.doplim.com.pe/s/hombre-busca-mujer/puno/?page=13
[19:14:13]   main li.cnt-list_ads IDs: 5
[19:15:46] LIST p14: https://www.doplim.com.pe/s/hombre-busca-mujer/puno/?page=14
[19:16:54]   main li.cnt-list_ads IDs: 5
[19:18:29] LIST p15: https://www.doplim.com.pe/s/hombre-busca-mujer/puno/?page=15
[19:19:34]   main li.cnt-list_ads IDs: 5
[19:21:14] LIST p16: https://www.doplim.com.pe/s/hombre-busca-mujer/puno/?page=16
[19:22:17]   main li.cnt-list_ads IDs: 5
[19:23:49] LIST p17: https://www.doplim.com.pe/s/hombre-busca-mujer/puno/?page=17
[19:24:56]   main li.cnt-list_ads IDs: 5
[19:26:44] LIST p18: https://www.doplim.com.pe/s/hombre-busca-mujer/puno/?page=18
[19:27:49]   main li.cnt-list_ads IDs: 5
[19:29:16] LIST p19: https://www.doplim.com.pe/s/hombre-busca-mujer/puno/?page=19
[19:30:05]   main li.cnt-list_ads IDs: 5
[19:31:42] LIST p20: https://www.doplim.com.pe/s/hombre-busca-mujer/puno/?page=20
[19:33:08]   main li.cnt-list_ads IDs: 5
[19:34:51] LIST p21: https://www.doplim.com.pe/s/hombre-busca-mujer/puno/?page=21
[19:35:44]   main li.cnt-list_ads IDs: 5
[19:37:28] LIST p22: https://www.doplim.com.pe/s/hombre-busca-mujer/puno/?page=22
[19:38:23]   main li.cnt-list_ads IDs: 5
[19:40:12] LIST p23: https://www.doplim.com.pe/s/hombre-busca-mujer/puno/?page=23
[19:41:21]   main li.cnt-list_ads IDs: 5
[19:43:12] LIST p24: https://www.doplim.com.pe/s/hombre-busca-mujer/puno/?page=24
[19:44:23]   main li.cnt-list_ads IDs: 5
[19:45:47] LIST p25: https://www.doplim.com.pe/s/hombre-busca-mujer/puno/?page=25
[19:46:48]   main li.cnt-list_ads IDs: 5
[19:57:44] LIST p26: https://www.doplim.com.pe/s/hombre-busca-mujer/puno/?page=26
[19:58:50]   main li.cnt-list_ads IDs: 5
[20:00:16] LIST p27: https://www.doplim.com.pe/s/hombre-busca-mujer/puno/?page=27
[20:01:24]   main li.cnt-list_ads IDs: 5
[20:03:15] LIST p28: https://www.doplim.com.pe/s/hombre-busca-mujer/puno/?page=28
[20:04:04]   main li.cnt-list_ads IDs: 5
[20:06:01] LIST p29: https://www.doplim.com.pe/s/hombre-busca-mujer/puno/?page=29
[20:07:05]   main li.cnt-list_ads IDs: 5
[20:08:28] DONE Doplim cat puno: added=2
