[17:51:05] START Doplim cat huancavelica (main li.cnt-list_ads ONLY, tuned)
[17:51:05] base=https://www.doplim.com.pe/s/hombre-busca-mujer/huancavelica/
[17:51:05] LIST p1: https://www.doplim.com.pe/s/hombre-busca-mujer/huancavelica/
[17:52:01]   main li.cnt-list_ads IDs: 5
[17:52:23]   + https://huancavelica-capital.doplim.com.pe/ae-a-senoritas-en-hvca-whas
[17:52:55]   + https://huancavelica-capital.doplim.com.pe/se-brinda-ayuda-economica-i
[17:54:47]   + https://huancavelica-capital.doplim.com.pe/brindo-servicio-a-damas-de-
[17:54:47] LIST p2: https://www.doplim.com.pe/s/hombre-busca-mujer/huancavelica/?page=2
[17:55:53]   main li.cnt-list_ads IDs: 5
[17:57:28] LIST p3: https://www.doplim.com.pe/s/hombre-busca-mujer/huancavelica/?page=3
[17:58:25]   main li.cnt-list_ads IDs: 5
[17:59:36] LIST p4: https://www.doplim.com.pe/s/hombre-busca-mujer/huancavelica/?page=4
[18:01:52]   main li.cnt-list_ads IDs: 5
[18:28:02]   + https://huancavelica-capital.doplim.com.pe/brindo-sexo-a-damas-que-des
[18:28:03] LIST p5: https://www.doplim.com.pe/s/hombre-busca-mujer/huancavelica/?page=5
[18:29:15]   main li.cnt-list_ads IDs: 5
[18:30:04] LIST p6: https://www.doplim.com.pe/s/hombre-busca-mujer/huancavelica/?page=6
[18:31:02]   main li.cnt-list_ads IDs: 5
[18:31:38] LIST p7: https://www.doplim.com.pe/s/hombre-busca-mujer/huancavelica/?page=7
[18:37:07]   main li.cnt-list_ads IDs: 5
[18:37:39] LIST p8: https://www.doplim.com.pe/s/hombre-busca-mujer/huancavelica/?page=8
[18:38:48]   main li.cnt-list_ads IDs: 5
[18:39:25] LIST p9: https://www.doplim.com.pe/s/hombre-busca-mujer/huancavelica/?page=9
[18:43:18]   main li.cnt-list_ads IDs: 5
[18:43:46] LIST p10: https://www.doplim.com.pe/s/hombre-busca-mujer/huancavelica/?page=10
[18:44:50]   main li.cnt-list_ads IDs: 5
[18:45:22]   + https://huancavelica-capital.doplim.com.pe/brindo-servicio-a-senoritas
[18:45:23] LIST p11: https://www.doplim.com.pe/s/hombre-busca-mujer/huancavelica/?page=11
[18:46:30]   main li.cnt-list_ads IDs: 5
[18:46:30] LIST p12: https://www.doplim.com.pe/s/hombre-busca-mujer/huancavelica/?page=12
[18:52:09]   main li.cnt-list_ads IDs: 5
[18:52:09] LIST p13: https://www.doplim.com.pe/s/hombre-busca-mujer/huancavelica/?page=13
[18:56:12]   main li.cnt-list_ads IDs: 5
[18:56:13] LIST p14: https://www.doplim.com.pe/s/hombre-busca-mujer/huancavelica/?page=14
[18:57:22]   main li.cnt-list_ads IDs: 5
[18:57:22] LIST p15: https://www.doplim.com.pe/s/hombre-busca-mujer/huancavelica/?page=15
[19:02:58]   main li.cnt-list_ads IDs: 5
[19:02:59] LIST p16: https://www.doplim.com.pe/s/hombre-busca-mujer/huancavelica/?page=16
[19:04:07]   main li.cnt-list_ads IDs: 5
[19:04:07] LIST p17: https://www.doplim.com.pe/s/hombre-busca-mujer/huancavelica/?page=17
[19:05:11]   main li.cnt-list_ads IDs: 5
[19:05:11] LIST p18: https://www.doplim.com.pe/s/hombre-busca-mujer/huancavelica/?page=18
[19:06:54]   main li.cnt-list_ads IDs: 5
[19:06:54] LIST p19: https://www.doplim.com.pe/s/hombre-busca-mujer/huancavelica/?page=19
[19:08:07]   main li.cnt-list_ads IDs: 5
[19:08:07] LIST p20: https://www.doplim.com.pe/s/hombre-busca-mujer/huancavelica/?page=20
[19:09:17]   main li.cnt-list_ads IDs: 5
[19:09:17] LIST p21: https://www.doplim.com.pe/s/hombre-busca-mujer/huancavelica/?page=21
[19:10:47]   main li.cnt-list_ads IDs: 5
[19:10:48] LIST p22: https://www.doplim.com.pe/s/hombre-busca-mujer/huancavelica/?page=22
[19:11:48]   main li.cnt-list_ads IDs: 5
[19:11:49] LIST p23: https://www.doplim.com.pe/s/hombre-busca-mujer/huancavelica/?page=23
[19:13:02]   main li.cnt-list_ads IDs: 5
[19:13:02] LIST p24: https://www.doplim.com.pe/s/hombre-busca-mujer/huancavelica/?page=24
[19:14:06]   main li.cnt-list_ads IDs: 5
[19:14:07] LIST p25: https://www.doplim.com.pe/s/hombre-busca-mujer/huancavelica/?page=25
[19:15:25]   main li.cnt-list_ads IDs: 5
[19:15:25] LIST p26: https://www.doplim.com.pe/s/hombre-busca-mujer/huancavelica/?page=26
[19:16:45]   main li.cnt-list_ads IDs: 5
[19:16:45] LIST p27: https://www.doplim.com.pe/s/hombre-busca-mujer/huancavelica/?page=27
[19:17:50]   main li.cnt-list_ads IDs: 5
[19:17:50] LIST p28: https://www.doplim.com.pe/s/hombre-busca-mujer/huancavelica/?page=28
[19:18:56]   main li.cnt-list_ads IDs: 5
[19:18:57] LIST p29: https://www.doplim.com.pe/s/hombre-busca-mujer/huancavelica/?page=29
[19:19:55]   main li.cnt-list_ads IDs: 5
[19:19:55] DONE Doplim cat huancavelica: added=5
