[17:50:57] START Doplim cat callao (main li.cnt-list_ads ONLY, tuned)
[17:50:57] base=https://www.doplim.com.pe/s/hombre-busca-mujer/callao/
[17:50:57] LIST p1: https://www.doplim.com.pe/s/hombre-busca-mujer/callao/
[17:52:00]   main li.cnt-list_ads IDs: 6
[17:52:40]   + https://callao.doplim.com.pe/buscas-apoyo-y-algo-mas-hablemos-id-15045
[17:53:05]   + https://lima.doplim.com.pe/brindo-ayuda-economica-a-mujeres-maduras-id
[17:53:36]   + https://lima.doplim.com.pe/brindo-ayuda-economica-a-senora-sola-o-madr
[17:54:18]   + https://callao.doplim.com.pe/servicio-sesxual-id-1512025.html
[17:54:49]   + https://lima.doplim.com.pe/caballero-profesional-ofrece-ayuda-economic
[17:55:28] LIST p2: https://www.doplim.com.pe/s/hombre-busca-mujer/callao/?page=2
[17:56:23]   main li.cnt-list_ads IDs: 6
[17:57:02] LIST p3: https://www.doplim.com.pe/s/hombre-busca-mujer/callao/?page=3
[17:58:04]   main li.cnt-list_ads IDs: 6
[17:58:43] LIST p4: https://www.doplim.com.pe/s/hombre-busca-mujer/callao/?page=4
[18:00:03]   main li.cnt-list_ads IDs: 6
[18:00:37] LIST p5: https://www.doplim.com.pe/s/hombre-busca-mujer/callao/?page=5
[18:18:38]   main li.cnt-list_ads IDs: 6
[18:27:23] LIST p6: https://www.doplim.com.pe/s/hombre-busca-mujer/callao/?page=6
[18:28:42]   main li.cnt-list_ads IDs: 6
[18:29:18] LIST p7: https://www.doplim.com.pe/s/hombre-busca-mujer/callao/?page=7
[18:30:44]   main li.cnt-list_ads IDs: 6
[18:31:14] LIST p8: https://www.doplim.com.pe/s/hombre-busca-mujer/callao/?page=8
[18:36:49]   main li.cnt-list_ads IDs: 6
[18:38:08] LIST p9: https://www.doplim.com.pe/s/hombre-busca-mujer/callao/?page=9
[18:39:33]   main li.cnt-list_ads IDs: 6
[18:42:48]   + https://callao.doplim.com.pe/doy-servicio-a-mujeres-de-20-a-40-id-1509
[18:42:49] LIST p10: https://www.doplim.com.pe/s/hombre-busca-mujer/callao/?page=10
[18:43:59]   main li.cnt-list_ads IDs: 6
[18:43:59] LIST p11: https://www.doplim.com.pe/s/hombre-busca-mujer/callao/?page=11
[18:45:09]   main li.cnt-list_ads IDs: 6
[18:45:09] LIST p12: https://www.doplim.com.pe/s/hombre-busca-mujer/callao/?page=12
[18:46:31]   main li.cnt-list_ads IDs: 6
[18:46:31] LIST p13: https://www.doplim.com.pe/s/hombre-busca-mujer/callao/?page=13
[18:51:58]   main li.cnt-list_ads IDs: 6
[18:51:58] LIST p14: https://www.doplim.com.pe/s/hombre-busca-mujer/callao/?page=14
[18:56:22]   main li.cnt-list_ads IDs: 6
[18:56:22] LIST p15: https://www.doplim.com.pe/s/hombre-busca-mujer/callao/?page=15
[18:57:26]   main li.cnt-list_ads IDs: 6
[18:57:27] LIST p16: https://www.doplim.com.pe/s/hombre-busca-mujer/callao/?page=16
[19:03:11]   main li.cnt-list_ads IDs: 6
[19:03:12] LIST p17: https://www.doplim.com.pe/s/hombre-busca-mujer/callao/?page=17
[19:04:21]   main li.cnt-list_ads IDs: 6
[19:04:22] LIST p18: https://www.doplim.com.pe/s/hombre-busca-mujer/callao/?page=18
[19:05:35]   main li.cnt-list_ads IDs: 6
[19:05:35] LIST p19: https://www.doplim.com.pe/s/hombre-busca-mujer/callao/?page=19
[19:07:01]   main li.cnt-list_ads IDs: 6
[19:07:02] LIST p20: https://www.doplim.com.pe/s/hombre-busca-mujer/callao/?page=20
[19:08:07]   main li.cnt-list_ads IDs: 6
[19:08:07] LIST p21: https://www.doplim.com.pe/s/hombre-busca-mujer/callao/?page=21
[19:09:19]   main li.cnt-list_ads IDs: 6
[19:09:20] LIST p22: https://www.doplim.com.pe/s/hombre-busca-mujer/callao/?page=22
[19:10:16]   main li.cnt-list_ads IDs: 6
[19:10:17] LIST p23: https://www.doplim.com.pe/s/hombre-busca-mujer/callao/?page=23
[19:11:51]   main li.cnt-list_ads IDs: 6
[19:11:51] LIST p24: https://www.doplim.com.pe/s/hombre-busca-mujer/callao/?page=24
[19:13:07]   main li.cnt-list_ads IDs: 6
[19:13:08] LIST p25: https://www.doplim.com.pe/s/hombre-busca-mujer/callao/?page=25
[19:14:11]   main li.cnt-list_ads IDs: 6
[19:14:11] LIST p26: https://www.doplim.com.pe/s/hombre-busca-mujer/callao/?page=26
[19:15:24]   main li.cnt-list_ads IDs: 6
[19:15:24] LIST p27: https://www.doplim.com.pe/s/hombre-busca-mujer/callao/?page=27
[19:16:40]   main li.cnt-list_ads IDs: 6
[19:16:41] LIST p28: https://www.doplim.com.pe/s/hombre-busca-mujer/callao/?page=28
[19:17:47]   main li.cnt-list_ads IDs: 6
[19:17:48] LIST p29: https://www.doplim.com.pe/s/hombre-busca-mujer/callao/?page=29
[19:18:49]   main li.cnt-list_ads IDs: 6
[19:18:49] DONE Doplim cat callao: added=6
