[17:51:04] START Doplim cat ayacucho (main li.cnt-list_ads ONLY, tuned)
[17:51:04] base=https://www.doplim.com.pe/s/hombre-busca-mujer/ayacucho/
[17:51:04] LIST p1: https://www.doplim.com.pe/s/hombre-busca-mujer/ayacucho/
[17:52:08]   main li.cnt-list_ads IDs: 7
[17:54:04]   + https://nazca.doplim.com.pe/doy-ayuda-economica-constante-a-senoritas-
[17:54:39]   + https://lima.doplim.com.pe/brindo-ayuda-economica-chicas-de-18-a-24-id
[17:55:11]   + https://lima.doplim.com.pe/brindo-ayuda-economica-a-senoritas-universi
[17:55:45] LIST p2: https://www.doplim.com.pe/s/hombre-busca-mujer/ayacucho/?page=2
[17:56:57]   main li.cnt-list_ads IDs: 7
[17:58:42] LIST p3: https://www.doplim.com.pe/s/hombre-busca-mujer/ayacucho/?page=3
[18:00:00]   main li.cnt-list_ads IDs: 7
[18:27:35] LIST p4: https://www.doplim.com.pe/s/hombre-busca-mujer/ayacucho/?page=4
[18:28:37]   main li.cnt-list_ads IDs: 7
[18:30:03] LIST p5: https://www.doplim.com.pe/s/hombre-busca-mujer/ayacucho/?page=5
[18:31:06]   main li.cnt-list_ads IDs: 7
[18:37:21] LIST p6: https://www.doplim.com.pe/s/hombre-busca-mujer/ayacucho/?page=6
[18:38:31]   main li.cnt-list_ads IDs: 7
[18:39:59] LIST p7: https://www.doplim.com.pe/s/hombre-busca-mujer/ayacucho/?page=7
[18:43:36]   main li.cnt-list_ads IDs: 7
[18:45:22] LIST p8: https://www.doplim.com.pe/s/hombre-busca-mujer/ayacucho/?page=8
[18:46:47]   main li.cnt-list_ads IDs: 7
[18:56:16] LIST p9: https://www.doplim.com.pe/s/hombre-busca-mujer/ayacucho/?page=9
[18:57:56]   main li.cnt-list_ads IDs: 7
[19:04:25] LIST p10: https://www.doplim.com.pe/s/hombre-busca-mujer/ayacucho/?page=10
[19:05:28]   main li.cnt-list_ads IDs: 7
[19:07:33] LIST p11: https://www.doplim.com.pe/s/hombre-busca-mujer/ayacucho/?page=11
[19:08:43]   main li.cnt-list_ads IDs: 7
[19:10:04]   + https://lima.doplim.com.pe/tomas-valle-y-elmer-fosset-el-relax-de-id-1
[19:10:32] LIST p12: https://www.doplim.com.pe/s/hombre-busca-mujer/ayacucho/?page=12
[19:12:00]   main li.cnt-list_ads IDs: 7
[19:13:11] LIST p13: https://www.doplim.com.pe/s/hombre-busca-mujer/ayacucho/?page=13
[19:14:19]   main li.cnt-list_ads IDs: 7
[19:15:21] LIST p14: https://www.doplim.com.pe/s/hombre-busca-mujer/ayacucho/?page=14
[19:16:44]   main li.cnt-list_ads IDs: 7
[19:18:00] LIST p15: https://www.doplim.com.pe/s/hombre-busca-mujer/ayacucho/?page=15
[19:19:34]   main li.cnt-list_ads IDs: 7
[19:20:38] LIST p16: https://www.doplim.com.pe/s/hombre-busca-mujer/ayacucho/?page=16
[19:21:42]   main li.cnt-list_ads IDs: 7
[19:22:47] LIST p17: https://www.doplim.com.pe/s/hombre-busca-mujer/ayacucho/?page=17
[19:23:52]   main li.cnt-list_ads IDs: 7
[19:24:44] LIST p18: https://www.doplim.com.pe/s/hombre-busca-mujer/ayacucho/?page=18
[19:25:39]   main li.cnt-list_ads IDs: 7
[19:26:42] LIST p19: https://www.doplim.com.pe/s/hombre-busca-mujer/ayacucho/?page=19
[19:27:53]   main li.cnt-list_ads IDs: 7
[19:28:52] LIST p20: https://www.doplim.com.pe/s/hombre-busca-mujer/ayacucho/?page=20
[19:30:00]   main li.cnt-list_ads IDs: 7
[19:30:46] LIST p21: https://www.doplim.com.pe/s/hombre-busca-mujer/ayacucho/?page=21
[19:32:20]   main li.cnt-list_ads IDs: 7
[19:33:42] LIST p22: https://www.doplim.com.pe/s/hombre-busca-mujer/ayacucho/?page=22
[19:34:34]   main li.cnt-list_ads IDs: 7
[19:35:28] LIST p23: https://www.doplim.com.pe/s/hombre-busca-mujer/ayacucho/?page=23
[19:36:25]   main li.cnt-list_ads IDs: 7
[19:38:30] LIST p24: https://www.doplim.com.pe/s/hombre-busca-mujer/ayacucho/?page=24
[19:39:43]   main li.cnt-list_ads IDs: 7
[19:40:58] LIST p25: https://www.doplim.com.pe/s/hombre-busca-mujer/ayacucho/?page=25
[19:42:12]   main li.cnt-list_ads IDs: 7
[19:43:17] LIST p26: https://www.doplim.com.pe/s/hombre-busca-mujer/ayacucho/?page=26
[19:44:22]   main li.cnt-list_ads IDs: 7
[19:45:32] LIST p27: https://www.doplim.com.pe/s/hombre-busca-mujer/ayacucho/?page=27
[19:46:31]   main li.cnt-list_ads IDs: 7
[19:57:09] LIST p28: https://www.doplim.com.pe/s/hombre-busca-mujer/ayacucho/?page=28
[20:04:39]   main li.cnt-list_ads IDs: 7
[20:05:35] LIST p29: https://www.doplim.com.pe/s/hombre-busca-mujer/ayacucho/?page=29
[20:06:23]   main li.cnt-list_ads IDs: 7
[20:07:28] DONE Doplim cat ayacucho: added=4
