[16:33:50] START Doplim category chiclayo (main li.cnt-list_ads ONLY, tuned)
[16:33:50] base=https://www.doplim.com.pe/s/hombre-busca-mujer/chiclayo/
[16:33:51] LIST p1: https://www.doplim.com.pe/s/hombre-busca-mujer/chiclayo/
[16:34:58]   main li.cnt-list_ads IDs: 10
[16:35:28]   + https://chiclayo.doplim.com.pe/soy-un-joven-que-busca-pagar-sus-estudi
[16:36:03]   + https://chiclayo.doplim.com.pe/brindo-ayuda-economica-id-1515832.html
[16:36:35]   + https://chiclayo.doplim.com.pe/ofrezco-apoyo-economico-a-mujer-soltera
[16:39:23]   + https://chiclayo.doplim.com.pe/universitario-busca-apoyo-economico-id-
[16:40:03]   + https://chiclayo.doplim.com.pe/se-ofrece-apoyo-economico-a-mujer-de-25
[16:40:37]   + https://chiclayo.doplim.com.pe/se-brinda-ayuda-economica-a-mujer-25-30
[16:40:37] LIST p2: https://www.doplim.com.pe/s/hombre-busca-mujer/chiclayo/?page=2
[16:41:42]   main li.cnt-list_ads IDs: 10
[16:43:47] LIST p3: https://www.doplim.com.pe/s/hombre-busca-mujer/chiclayo/?page=3
[16:44:40]   main li.cnt-list_ads IDs: 10
[16:46:38] LIST p4: https://www.doplim.com.pe/s/hombre-busca-mujer/chiclayo/?page=4
[16:47:37]   main li.cnt-list_ads IDs: 10
[16:49:50] LIST p5: https://www.doplim.com.pe/s/hombre-busca-mujer/chiclayo/?page=5
[16:51:02]   main li.cnt-list_ads IDs: 10
[16:53:01] LIST p6: https://www.doplim.com.pe/s/hombre-busca-mujer/chiclayo/?page=6
[16:54:04]   main li.cnt-list_ads IDs: 10
[16:55:29]   + https://chiclayo.doplim.com.pe/busco-mujeres-de-toda-edad-no-importa-s
[16:55:53] LIST p7: https://www.doplim.com.pe/s/hombre-busca-mujer/chiclayo/?page=7
[16:56:56]   main li.cnt-list_ads IDs: 10
[16:58:39] LIST p8: https://www.doplim.com.pe/s/hombre-busca-mujer/chiclayo/?page=8
[16:59:34]   main li.cnt-list_ads IDs: 10
[17:16:36] LIST p9: https://www.doplim.com.pe/s/hombre-busca-mujer/chiclayo/?page=9
[17:21:33]   main li.cnt-list_ads IDs: 10
[17:49:57] LIST p10: https://www.doplim.com.pe/s/hombre-busca-mujer/chiclayo/?page=10
[17:50:51]   main li.cnt-list_ads IDs: 10
[17:52:30] LIST p11: https://www.doplim.com.pe/s/hombre-busca-mujer/chiclayo/?page=11
[17:53:29]   main li.cnt-list_ads IDs: 10
[17:58:44] LIST p12: https://www.doplim.com.pe/s/hombre-busca-mujer/chiclayo/?page=12
[17:59:44]   main li.cnt-list_ads IDs: 10
[18:01:56] LIST p13: https://www.doplim.com.pe/s/hombre-busca-mujer/chiclayo/?page=13
[18:28:38]   main li.cnt-list_ads IDs: 10
[18:30:23] LIST p14: https://www.doplim.com.pe/s/hombre-busca-mujer/chiclayo/?page=14
[18:31:34]   main li.cnt-list_ads IDs: 10
[18:37:31] LIST p15: https://www.doplim.com.pe/s/hombre-busca-mujer/chiclayo/?page=15
[18:38:46]   main li.cnt-list_ads IDs: 10
[18:43:07] LIST p16: https://www.doplim.com.pe/s/hombre-busca-mujer/chiclayo/?page=16
[18:44:24]   main li.cnt-list_ads IDs: 10
[18:46:05] LIST p17: https://www.doplim.com.pe/s/hombre-busca-mujer/chiclayo/?page=17
[18:47:09]   main li.cnt-list_ads IDs: 10
[18:56:33] LIST p18: https://www.doplim.com.pe/s/hombre-busca-mujer/chiclayo/?page=18
[18:57:39]   main li.cnt-list_ads IDs: 10
[19:03:53] LIST p19: https://www.doplim.com.pe/s/hombre-busca-mujer/chiclayo/?page=19
[19:05:05]   main li.cnt-list_ads IDs: 10
[19:07:04] LIST p20: https://www.doplim.com.pe/s/hombre-busca-mujer/chiclayo/?page=20
[19:08:24]   main li.cnt-list_ads IDs: 10
[19:10:20] LIST p21: https://www.doplim.com.pe/s/hombre-busca-mujer/chiclayo/?page=21
[19:11:35]   main li.cnt-list_ads IDs: 10
[19:13:09] LIST p22: https://www.doplim.com.pe/s/hombre-busca-mujer/chiclayo/?page=22
[19:14:23]   main li.cnt-list_ads IDs: 10
[19:15:26]   + https://chiclayo.doplim.com.pe/busco-mujeres-maduras-id-1447258.html
[19:15:57] LIST p23: https://www.doplim.com.pe/s/hombre-busca-mujer/chiclayo/?page=23
[19:16:55]   main li.cnt-list_ads IDs: 10
[19:17:29]   + https://chiclayo.doplim.com.pe/servicio-a-mujeres-de-18-a-30-anos-id-1
[19:18:18] LIST p24: https://www.doplim.com.pe/s/hombre-busca-mujer/chiclayo/?page=24
[19:19:21]   main li.cnt-list_ads IDs: 10
[19:20:15] LIST p25: https://www.doplim.com.pe/s/hombre-busca-mujer/chiclayo/?page=25
[19:21:07]   main li.cnt-list_ads IDs: 10
[19:21:40] LIST p26: https://www.doplim.com.pe/s/hombre-busca-mujer/chiclayo/?page=26
[19:22:39]   main li.cnt-list_ads IDs: 10
[19:23:09] LIST p27: https://www.doplim.com.pe/s/hombre-busca-mujer/chiclayo/?page=27
[19:23:58]   main li.cnt-list_ads IDs: 10
[19:24:20] LIST p28: https://www.doplim.com.pe/s/hombre-busca-mujer/chiclayo/?page=28
[19:25:14]   main li.cnt-list_ads IDs: 10
[19:25:54] LIST p29: https://www.doplim.com.pe/s/hombre-busca-mujer/chiclayo/?page=29
[19:27:20]   main li.cnt-list_ads IDs: 10
[19:28:02] DONE Doplim cat chiclayo: added=9
