[17:50:56] START Doplim cat huancayo (main li.cnt-list_ads ONLY, tuned)
[17:50:56] base=https://www.doplim.com.pe/s/hombre-busca-mujer/huancayo/
[17:50:56] LIST p1: https://www.doplim.com.pe/s/hombre-busca-mujer/huancayo/
[17:52:03]   main li.cnt-list_ads IDs: 13
[17:52:39]   + https://huancayo.doplim.com.pe/ayuda-economica-a-jovencitas-sin-hijos-
[17:53:45]   + https://huancayo.doplim.com.pe/ayuda-economica-a-mujeres-hyo-id-151188
[17:54:26]   + https://huancayo.doplim.com.pe/brindo-ayuda-economica-a-mujeres-de-hua
[17:54:58]   + https://huancayo.doplim.com.pe/se-brinda-apoyo-economico-id-1511538.ht
[17:56:36]   + https://huancayo.doplim.com.pe/solo-senoritas-id-1510193.html
[17:57:09]   + https://huancayo.doplim.com.pe/servicio-relax-a-mujeres-id-1509743.htm
[17:58:00]   + https://huancayo.doplim.com.pe/solo-para-chicas-id-1509537.html
[17:58:33]   + https://huancayo.doplim.com.pe/ayuda-economica-solo-a-senoritas-de-hua
[17:59:10]   + https://huancayo.doplim.com.pe/ayuda-economica-a-senoritas-de-huancayo
[17:59:52]   + https://huancayo.doplim.com.pe/ayuda-economica-senoritas-de-huancayo-i
[17:59:53] LIST p2: https://www.doplim.com.pe/s/hombre-busca-mujer/huancayo/?page=2
[18:01:37]   main li.cnt-list_ads IDs: 0
[18:01:38] LIST p3: https://www.doplim.com.pe/s/hombre-busca-mujer/huancayo/?page=3
[18:27:22]   main li.cnt-list_ads IDs: 13
[18:29:24] LIST p4: https://www.doplim.com.pe/s/hombre-busca-mujer/huancayo/?page=4
[18:30:40]   main li.cnt-list_ads IDs: 13
[18:36:42] LIST p5: https://www.doplim.com.pe/s/hombre-busca-mujer/huancayo/?page=5
[18:37:49]   main li.cnt-list_ads IDs: 13
[18:39:38]   + https://huancayo.doplim.com.pe/hombre-en-busca-de-complacer-id-1510595
[18:39:38] LIST p6: https://www.doplim.com.pe/s/hombre-busca-mujer/huancayo/?page=6
[18:43:13]   main li.cnt-list_ads IDs: 13
[18:44:32] LIST p7: https://www.doplim.com.pe/s/hombre-busca-mujer/huancayo/?page=7
[18:45:29]   main li.cnt-list_ads IDs: 13
[18:47:02] LIST p8: https://www.doplim.com.pe/s/hombre-busca-mujer/huancayo/?page=8
[18:55:48]   main li.cnt-list_ads IDs: 13
[18:56:53] LIST p9: https://www.doplim.com.pe/s/hombre-busca-mujer/huancayo/?page=9
[18:58:01]   main li.cnt-list_ads IDs: 13
[19:03:36] LIST p10: https://www.doplim.com.pe/s/hombre-busca-mujer/huancayo/?page=10
[19:04:54]   main li.cnt-list_ads IDs: 13
[19:06:27] LIST p11: https://www.doplim.com.pe/s/hombre-busca-mujer/huancayo/?page=11
[19:07:39]   main li.cnt-list_ads IDs: 13
[19:08:40] LIST p12: https://www.doplim.com.pe/s/hombre-busca-mujer/huancayo/?page=12
[19:09:41]   main li.cnt-list_ads IDs: 13
[19:10:37] LIST p13: https://www.doplim.com.pe/s/hombre-busca-mujer/huancayo/?page=13
[19:11:38]   main li.cnt-list_ads IDs: 13
[19:12:46] LIST p14: https://www.doplim.com.pe/s/hombre-busca-mujer/huancayo/?page=14
[19:14:11]   main li.cnt-list_ads IDs: 13
[19:15:22] LIST p15: https://www.doplim.com.pe/s/hombre-busca-mujer/huancayo/?page=15
[19:16:24]   main li.cnt-list_ads IDs: 13
[19:17:26] LIST p16: https://www.doplim.com.pe/s/hombre-busca-mujer/huancayo/?page=16
[19:18:30]   main li.cnt-list_ads IDs: 13
[19:19:39] LIST p17: https://www.doplim.com.pe/s/hombre-busca-mujer/huancayo/?page=17
[19:20:57]   main li.cnt-list_ads IDs: 13
[19:22:19]   + https://huancayo.doplim.com.pe/doy-servicio-a-mujeres-id-1511414.html
[19:22:20] LIST p18: https://www.doplim.com.pe/s/hombre-busca-mujer/huancayo/?page=18
[19:23:53]   main li.cnt-list_ads IDs: 13
[19:24:33] LIST p19: https://www.doplim.com.pe/s/hombre-busca-mujer/huancayo/?page=19
[19:25:47]   main li.cnt-list_ads IDs: 13
[19:26:13] LIST p20: https://www.doplim.com.pe/s/hombre-busca-mujer/huancayo/?page=20
[19:27:16]   main li.cnt-list_ads IDs: 13
[19:27:39] LIST p21: https://www.doplim.com.pe/s/hombre-busca-mujer/huancayo/?page=21
[19:28:46]   main li.cnt-list_ads IDs: 13
[19:29:08] LIST p22: https://www.doplim.com.pe/s/hombre-busca-mujer/huancayo/?page=22
[19:30:02]   main li.cnt-list_ads IDs: 13
[19:30:29] LIST p23: https://www.doplim.com.pe/s/hombre-busca-mujer/huancayo/?page=23
[19:31:28]   main li.cnt-list_ads IDs: 13
[19:32:10] LIST p24: https://www.doplim.com.pe/s/hombre-busca-mujer/huancayo/?page=24
[19:33:35]   main li.cnt-list_ads IDs: 13
[19:34:00] LIST p25: https://www.doplim.com.pe/s/hombre-busca-mujer/huancayo/?page=25
[19:35:01]   main li.cnt-list_ads IDs: 13
[19:35:25] LIST p26: https://www.doplim.com.pe/s/hombre-busca-mujer/huancayo/?page=26
[19:36:23]   main li.cnt-list_ads IDs: 13
[19:36:46] LIST p27: https://www.doplim.com.pe/s/hombre-busca-mujer/huancayo/?page=27
[19:37:54]   main li.cnt-list_ads IDs: 13
[19:38:28] LIST p28: https://www.doplim.com.pe/s/hombre-busca-mujer/huancayo/?page=28
[19:39:34]   main li.cnt-list_ads IDs: 13
[19:40:29] LIST p29: https://www.doplim.com.pe/s/hombre-busca-mujer/huancayo/?page=29
[19:41:45]   main li.cnt-list_ads IDs: 13
[19:42:20] DONE Doplim cat huancayo: added=12
