[17:51:00] START Doplim cat chimbote (main li.cnt-list_ads ONLY, tuned)
[17:51:00] base=https://www.doplim.com.pe/s/hombre-busca-mujer/chimbote/
[17:51:00] LIST p1: https://www.doplim.com.pe/s/hombre-busca-mujer/chimbote/
[17:52:25]   main li.cnt-list_ads IDs: 5
[17:52:48]   + https://chimbote.doplim.com.pe/busco-chica-joven-o-madura-id-1516879.h
[17:53:28]   + https://chimbote.doplim.com.pe/se-busca-chica-para-encuentro-id-150227
[17:56:05]   + https://chimbote.doplim.com.pe/busco-chica-para-apoyarla-economicament
[17:56:38]   + https://chimbote.doplim.com.pe/ofresco-apoyo-economico-a-mujer-id-1268
[17:57:25] LIST p2: https://www.doplim.com.pe/s/hombre-busca-mujer/chimbote/?page=2
[17:58:27]   main li.cnt-list_ads IDs: 5
[17:59:00] LIST p3: https://www.doplim.com.pe/s/hombre-busca-mujer/chimbote/?page=3
[18:00:09]   main li.cnt-list_ads IDs: 5
[18:01:49] LIST p4: https://www.doplim.com.pe/s/hombre-busca-mujer/chimbote/?page=4
[18:28:13]   main li.cnt-list_ads IDs: 5
[18:28:41] LIST p5: https://www.doplim.com.pe/s/hombre-busca-mujer/chimbote/?page=5
[18:29:48]   main li.cnt-list_ads IDs: 5
[18:30:21] LIST p6: https://www.doplim.com.pe/s/hombre-busca-mujer/chimbote/?page=6
[18:31:33]   main li.cnt-list_ads IDs: 5
[18:32:04] LIST p7: https://www.doplim.com.pe/s/hombre-busca-mujer/chimbote/?page=7
[18:37:19]   main li.cnt-list_ads IDs: 5
[18:37:49] LIST p8: https://www.doplim.com.pe/s/hombre-busca-mujer/chimbote/?page=8
[18:39:10]   main li.cnt-list_ads IDs: 5
[18:39:39] LIST p9: https://www.doplim.com.pe/s/hombre-busca-mujer/chimbote/?page=9
[18:43:22]   main li.cnt-list_ads IDs: 5
[18:44:07] LIST p10: https://www.doplim.com.pe/s/hombre-busca-mujer/chimbote/?page=10
[18:45:37]   main li.cnt-list_ads IDs: 5
[18:46:14] LIST p11: https://www.doplim.com.pe/s/hombre-busca-mujer/chimbote/?page=11
[18:51:53]   main li.cnt-list_ads IDs: 5
[18:55:40] LIST p12: https://www.doplim.com.pe/s/hombre-busca-mujer/chimbote/?page=12
[18:56:56]   main li.cnt-list_ads IDs: 5
[18:57:20] LIST p13: https://www.doplim.com.pe/s/hombre-busca-mujer/chimbote/?page=13
[19:03:03]   main li.cnt-list_ads IDs: 5
[19:03:47] LIST p14: https://www.doplim.com.pe/s/hombre-busca-mujer/chimbote/?page=14
[19:05:03]   main li.cnt-list_ads IDs: 5
[19:05:38] LIST p15: https://www.doplim.com.pe/s/hombre-busca-mujer/chimbote/?page=15
[19:07:09]   main li.cnt-list_ads IDs: 5
[19:07:41] LIST p16: https://www.doplim.com.pe/s/hombre-busca-mujer/chimbote/?page=16
[19:09:03]   main li.cnt-list_ads IDs: 5
[19:09:34] LIST p17: https://www.doplim.com.pe/s/hombre-busca-mujer/chimbote/?page=17
[19:10:43]   main li.cnt-list_ads IDs: 5
[19:11:13] LIST p18: https://www.doplim.com.pe/s/hombre-busca-mujer/chimbote/?page=18
[19:12:27]   main li.cnt-list_ads IDs: 5
[19:13:06] LIST p19: https://www.doplim.com.pe/s/hombre-busca-mujer/chimbote/?page=19
[19:14:26]   main li.cnt-list_ads IDs: 5
[19:14:53] LIST p20: https://www.doplim.com.pe/s/hombre-busca-mujer/chimbote/?page=20
[19:15:55]   main li.cnt-list_ads IDs: 5
[19:16:29] LIST p21: https://www.doplim.com.pe/s/hombre-busca-mujer/chimbote/?page=21
[19:17:40]   main li.cnt-list_ads IDs: 5
[19:18:39] LIST p22: https://www.doplim.com.pe/s/hombre-busca-mujer/chimbote/?page=22
[19:19:53]   main li.cnt-list_ads IDs: 5
[19:20:26] LIST p23: https://www.doplim.com.pe/s/hombre-busca-mujer/chimbote/?page=23
[19:21:29]   main li.cnt-list_ads IDs: 5
[19:21:53] LIST p24: https://www.doplim.com.pe/s/hombre-busca-mujer/chimbote/?page=24
[19:23:14]   main li.cnt-list_ads IDs: 5
[19:23:42] LIST p25: https://www.doplim.com.pe/s/hombre-busca-mujer/chimbote/?page=25
[19:24:42]   main li.cnt-list_ads IDs: 5
[19:25:18] LIST p26: https://www.doplim.com.pe/s/hombre-busca-mujer/chimbote/?page=26
[19:26:17]   main li.cnt-list_ads IDs: 5
[19:26:50] LIST p27: https://www.doplim.com.pe/s/hombre-busca-mujer/chimbote/?page=27
[19:27:56]   main li.cnt-list_ads IDs: 5
[19:28:35] LIST p28: https://www.doplim.com.pe/s/hombre-busca-mujer/chimbote/?page=28
[19:29:38]   main li.cnt-list_ads IDs: 5
[19:30:10] LIST p29: https://www.doplim.com.pe/s/hombre-busca-mujer/chimbote/?page=29
[19:31:30]   main li.cnt-list_ads IDs: 5
[19:32:15] DONE Doplim cat chimbote: added=4
