[18:55:35] START locanto_fast target=1500 start_tagged_detail=449 content_heuristic≈449 mode=seeds
[18:55:35] START locanto_fast target=1500 start_tagged_detail=449 content_heuristic≈449 mode=seeds
[18:55:35] START locanto_fast target=1500 start_tagged_detail=449 content_heuristic≈449 mode=seeds
[18:55:35] START locanto_fast target=1500 start_tagged_detail=449 content_heuristic≈449 mode=seeds
[18:55:35] LOADED seeds_in=2768 from SCRATCH/implementer/seeds_locanto_fast_1783553280.jsonl
[18:55:35] LOADED seeds_in=2768 from SCRATCH/implementer/seeds_locanto_fast_1783553280.jsonl
[18:55:35] LOADED seeds_in=2768 from SCRATCH/implementer/seeds_locanto_fast_1783553280.jsonl
[18:55:35] LOADED seeds_in=2768 from SCRATCH/implementer/seeds_locanto_fast_1783553280.jsonl
[18:55:35] shard 2/4 size=272
[18:55:35] pending after dedup/shard=272 (from 2768)
[18:55:35] shard 1/4 size=272
[18:55:35] FETCH start pending=272 mode=serial_playwright tag=locanto_fast
[18:55:35] pending after dedup/shard=272 (from 2768)
[18:55:35] FETCH start pending=272 mode=serial_playwright tag=locanto_fast
[18:55:35] shard 0/4 size=272
[18:55:35] pending after dedup/shard=272 (from 2768)
[18:55:35] FETCH start pending=272 mode=serial_playwright tag=locanto_fast
[18:55:35] shard 3/4 size=272
[18:55:35] pending after dedup/shard=272 (from 2768)
[18:55:35] FETCH start pending=272 mode=serial_playwright tag=locanto_fast
[18:55:49] SAVED 1 total~450 title='Busco Hombres discreto varoniles que deseen algo caleta' locanto_fast_873c167765a2e405.html
[18:55:49] PROGRESS done=1/272 saved=1 skip=0 rate=4.4/min tagged=450
[18:55:49] SAVED 1 total~450 title='Busco BUSCO MUJER PARA SER AMIGOS, Chimbote – 45' locanto_fast_789db5c4b87add46.html
[18:55:49] PROGRESS done=1/272 saved=1 skip=0 rate=4.3/min tagged=450
[18:55:51] SAVED 1 total~450 title='Apoyo económico a chica universitaria, Chiclayo – 29' locanto_fast_db5c093e31637793.html
[18:55:51] PROGRESS done=1/272 saved=1 skip=0 rate=3.6/min tagged=450
[18:55:52] SAVED 1 total~450 title='Colageno joven para mujeres en la ciudad de Arequipa – ' locanto_fast_8575bf26827fb395.html
[18:55:52] PROGRESS done=1/272 saved=1 skip=0 rate=3.4/min tagged=450
[18:56:02] SAVED 2 total~451 title='Brindo de 200 a 400 a chicas de 18 a 20 años por intimi' locanto_fast_63d0d835405e9b75.html
[18:56:02] PROGRESS done=2/272 saved=2 skip=0 rate=4.4/min tagged=451
[18:56:07] SAVED 2 total~451 title='TOP CACHERO ACTIVO SCORT FOLLADOR ATIENDO PASIVS MDUR S' locanto_fast_aed5b2ca1cf5d6a6.html
[18:56:07] PROGRESS done=2/272 saved=2 skip=0 rate=3.7/min tagged=451
[18:56:13] SAVED 2 total~451 title='Ayuda económica total discreción, Arequipa – 44' locanto_fast_4feeff32b4f83571.html
[18:56:13] PROGRESS done=2/272 saved=2 skip=0 rate=3.1/min tagged=451
[18:56:14] SAVED 2 total~451 title='Alguna madre soltera o cuarentona para pasar el rato so' locanto_fast_575614ec867decaa.html
[18:56:14] PROGRESS done=2/272 saved=2 skip=0 rate=3.1/min tagged=451
[18:56:16] SAVED 3 total~452 title='Busco relaciones íntimas, sin dinero de por medio (Solo' locanto_fast_1c18737319608ed7.html
[18:56:16] PROGRESS done=3/272 saved=3 skip=0 rate=4.4/min tagged=452
[18:56:27] SAVED 3 total~452 title='Busco chica para sexo sin compromiso, Puno – 25' locanto_fast_ba77428dadf65428.html
[18:56:27] PROGRESS done=3/272 saved=3 skip=0 rate=3.4/min tagged=452
[18:56:28] SAVED 3 total~452 title='Hay k hacer algo riko solo mujeres de 18 a 55años, Lima' locanto_fast_06292f809c21e26f.html
[18:56:28] PROGRESS done=3/272 saved=3 skip=0 rate=3.4/min tagged=452
[18:56:30] SAVED 4 total~453 title='Mírame este culo firme.. ven y bájame toda la leche, pa' locanto_fast_004fa4d08dab7489.html
[18:56:33] SAVED 3 total~452 title='Caballero maduro busca compañía femenina con beneficio ' locanto_fast_280753abaa31653f.html
[18:56:33] PROGRESS done=3/272 saved=3 skip=0 rate=3.1/min tagged=452
[18:56:48] SAVED 4 total~453 title='Gocho moreno venezolano.. complaciente y dispuesto a do' locanto_fast_a7afc427f98f7632.html
[18:57:55] PROGRESS done=5/272 saved=4 skip=1 rate=1.7/min tagged=453
[18:58:05] SAVED 4 total~453 title='SOY MUY SENSUAL PAPASITO DE PERRITO AHZME GOZAR, Trujil' locanto_fast_933f6209ab30efad.html
[18:58:14] SAVED 5 total~454 title='ESTOY BUSCANDO CHICA QUE DESEA SER MADRE, Lima – 29' locanto_fast_f974b31736e88855.html
[18:58:19] SAVED 5 total~454 title='Busco cumplir todas tus fantasias, soy dotado joven bie' locanto_fast_cdd791d6145a4981.html
[18:58:19] PROGRESS done=5/272 saved=5 skip=0 rate=1.8/min tagged=454
[18:59:26] PROGRESS done=10/272 saved=9 skip=1 rate=2.3/min tagged=458
[18:59:47] SAVED 10 total~459 title='Busco mujer de Ica, madura de preferencia – 42' locanto_fast_0191a34c374ef44d.html
[18:59:52] SAVED 10 total~459 title='Ayudo a mujer casada ,soltera ,con problemas de casa , ' locanto_fast_b97324a554865562.html
[18:59:52] PROGRESS done=10/272 saved=10 skip=0 rate=2.3/min tagged=459
[19:00:34] SAVED 5 total~454 title='Busco mujer para relación ocasional - informal, arequip' locanto_fast_8f786953d87d2788.html
[19:00:34] PROGRESS done=5/272 saved=5 skip=0 rate=1.0/min tagged=454
[19:00:59] PROGRESS done=15/272 saved=14 skip=1 rate=2.6/min tagged=463
[19:01:26] PROGRESS done=15/272 saved=14 skip=1 rate=2.4/min tagged=463
[19:02:08] SAVED 10 total~459 title='busco chica nome inporta la edad, lima – 21' locanto_fast_c8c2319823d77632.html
[19:02:08] PROGRESS done=10/272 saved=10 skip=0 rate=1.5/min tagged=459
[19:02:30] PROGRESS done=20/272 saved=19 skip=1 rate=2.7/min tagged=468
[19:02:50] SAVED 20 total~469 title='Solo para mujeres que tal si lo hacemos usando un antif' locanto_fast_e511e83db864f595.html
[19:02:55] PROGRESS done=20/272 saved=19 skip=1 rate=2.6/min tagged=468
[19:03:07] SAVED 4 total~453 title='KMASUTRA EROTANTRICOS/ANTISTRS PR HMBRS MSJSTA JOVENCIT' locanto_fast_60d72464cdfa2b62.html
[19:03:17] SAVED 20 total~469 title='Chica para Grabar video Porno CON ANONIMATO, se guarda ' locanto_fast_6a66af46821974b3.html
[19:07:04] SAVED 5 total~454 title='CABALLERO PROFESIONAL CIX, Chiclayo – 57' locanto_fast_82d6020a37ab5c54.html
[19:07:04] PROGRESS done=5/272 saved=5 skip=0 rate=0.4/min tagged=454
[19:23:44] PROGRESS done=15/272 saved=14 skip=1 rate=0.5/min tagged=463
[19:38:37] PROGRESS done=25/272 saved=24 skip=1 rate=0.6/min tagged=473
[19:39:18] SAVED 10 total~459 title='Apoyo económico a señorita o señora que tenga disponibi' locanto_fast_1a1d23ad0fdb9a66.html
[19:39:18] PROGRESS done=10/272 saved=10 skip=0 rate=0.2/min tagged=459
[19:51:28] PROGRESS done=30/272 saved=29 skip=1 rate=0.5/min tagged=478
[19:51:41] PROGRESS done=15/272 saved=14 skip=1 rate=0.2/min tagged=463
[19:51:43] SAVED 30 total~479 title='Chimbote...rica jovencita con ricas nalgas apretaditas ' locanto_fast_30357b7086b2e387.html
[19:52:50] PROGRESS done=35/272 saved=34 skip=1 rate=0.6/min tagged=483
[19:53:11] PROGRESS done=20/272 saved=19 skip=1 rate=0.3/min tagged=468
[19:53:23] SAVED 20 total~469 title='Soy una chica de 20 años chimbotana muy linda blanquita' locanto_fast_53c21d34f9e647bf.html
[19:53:39] PROGRESS done=25/272 saved=23 skip=2 rate=0.4/min tagged=472
[19:54:18] PROGRESS done=40/272 saved=39 skip=1 rate=0.7/min tagged=488
[19:54:37] SAVED 40 total~489 title='Apoyo económico inmediato y discreto a señoritas, Cajam' locanto_fast_587879307c5b0939.html
[19:54:38] PROGRESS done=25/272 saved=24 skip=1 rate=0.4/min tagged=473
[19:54:56] PROGRESS done=30/272 saved=28 skip=2 rate=0.5/min tagged=477
[19:55:24] SAVED 30 total~479 title='Buscho srta universtaria CON o SIN experiencia, BUEN PA' locanto_fast_e00fb75965a18736.html
[19:56:03] PROGRESS done=45/272 saved=43 skip=2 rate=0.7/min tagged=492
[19:56:04] PROGRESS done=30/272 saved=29 skip=1 rate=0.5/min tagged=478
[19:56:11] PROGRESS done=35/272 saved=33 skip=2 rate=0.5/min tagged=482
