[19:56:21] START locanto_fast target=1500 start_tagged_detail=572 content_heuristic≈572 mode=seeds
[19:56:21] START locanto_fast target=1500 start_tagged_detail=572 content_heuristic≈572 mode=seeds
[19:56:21] START locanto_fast target=1500 start_tagged_detail=572 content_heuristic≈572 mode=seeds
[19:56:21] START locanto_fast target=1500 start_tagged_detail=572 content_heuristic≈572 mode=seeds
[19:56:21] LOADED seeds_in=1919 from SCRATCH/implementer/seeds_locanto_ayuda_only.jsonl
[19:56:21] LOADED seeds_in=1919 from SCRATCH/implementer/seeds_locanto_ayuda_only.jsonl
[19:56:21] LOADED seeds_in=1919 from SCRATCH/implementer/seeds_locanto_ayuda_only.jsonl
[19:56:21] LOADED seeds_in=1919 from SCRATCH/implementer/seeds_locanto_ayuda_only.jsonl
[19:56:21] shard 1/4 size=91
[19:56:21] pending after dedup/shard=91 (from 1919)
[19:56:21] FETCH start pending=91 mode=serial_playwright tag=locanto_fast
[19:56:21] shard 3/4 size=90
[19:56:21] pending after dedup/shard=90 (from 1919)
[19:56:21] FETCH start pending=90 mode=serial_playwright tag=locanto_fast
[19:56:21] shard 2/4 size=91
[19:56:21] pending after dedup/shard=91 (from 1919)
[19:56:21] shard 0/4 size=91
[19:56:21] pending after dedup/shard=91 (from 1919)
[19:56:21] FETCH start pending=91 mode=serial_playwright tag=locanto_fast
[19:56:21] FETCH start pending=91 mode=serial_playwright tag=locanto_fast
[19:56:34] SAVED 1 total~573 title='OFRESCO UNA AYUDA ECONOMICAS A CHICA, ESTUDIANTE O MADR' locanto_fast_76a573ea6f292c3f.html
[19:56:34] PROGRESS done=1/91 saved=1 skip=0 rate=4.3/min tagged=573
[19:56:40] SAVED 1 total~573 title='Dotado busca gorditas y da apoyo, Socabaya – 40' locanto_fast_5d1feae58ca3d41a.html
[19:56:40] PROGRESS done=1/91 saved=1 skip=0 rate=3.1/min tagged=573
[19:56:40] SAVED 1 total~573 title='Busco sumisa, que quiera Ayuda económica,, Lima – 41' locanto_fast_751d949fc58da231.html
[19:56:40] PROGRESS done=1/90 saved=1 skip=0 rate=3.1/min tagged=573
[19:56:40] SAVED 1 total~573 title='Doy ayuda económica a mujer Bajita, 1.50 aprox, efectiv' locanto_fast_2ed2cf8e33098739.html
[19:56:40] PROGRESS done=1/91 saved=1 skip=0 rate=3.1/min tagged=573
[19:57:00] SAVED 2 total~574 title='Ayuda económica AE Piura total discreción 25 años – 25' locanto_fast_892e6756e4178171.html
[19:57:00] PROGRESS done=2/91 saved=2 skip=0 rate=3.0/min tagged=574
[19:57:01] SAVED 2 total~574 title='Ae ayuda económica a señoritas de 18 - 22 años, Cusco –' locanto_fast_6277630aad486f56.html
[19:57:01] PROGRESS done=2/90 saved=2 skip=0 rate=3.0/min tagged=574
[19:57:15] SAVED 3 total~575 title='Ayuda económica para señorita de 26 años, Lima' locanto_fast_97fca39e5a727c72.html
[19:57:15] PROGRESS done=3/90 saved=3 skip=0 rate=3.3/min tagged=575
[19:57:19] SAVED 3 total~575 title='BRINDO AYUDA ECONÓMICA DISCRETA SOLO MUJERES, Lima – 35' locanto_fast_37a04a115d47eef4.html
[19:57:19] PROGRESS done=3/91 saved=3 skip=0 rate=3.1/min tagged=575
[19:57:31] SAVED 4 total~576 title='Doy ayuda económica A señora o señoritaa, Cusco – 38' locanto_fast_4504f16343a102bd.html
[19:57:34] SAVED 4 total~576 title='APOYO ECONOMICO SRTA DE CASA, Lima – 31' locanto_fast_9f580c966a3c3ba5.html
[19:57:44] SAVED 5 total~577 title='Apoyo económico para señoritas discretas, Cajamarca – 3' locanto_fast_a8d7a608b84839ca.html
[19:57:44] PROGRESS done=5/90 saved=5 skip=0 rate=3.6/min tagged=577
[19:57:52] SAVED 5 total~577 title='Busco relación seria con señoritaaa o señora, Cusco – 3' locanto_fast_07ae3c7da2cf0948.html
[19:57:52] PROGRESS done=5/91 saved=5 skip=0 rate=3.3/min tagged=577
[19:59:02] SAVED 10 total~582 title='Ayuda economica AE a mujeres, Tacna – 36' locanto_fast_e1c7de8a1c9833e5.html
[19:59:02] PROGRESS done=10/90 saved=10 skip=0 rate=3.7/min tagged=582
[19:59:16] SAVED 10 total~582 title='Piura.. linda señorita muy golosa con ricas nalgas apre' locanto_fast_eb3b54aadef439cb.html
[19:59:16] PROGRESS done=10/91 saved=10 skip=0 rate=3.4/min tagged=582
[20:00:15] PROGRESS done=15/90 saved=15 skip=0 rate=3.8/min tagged=587
[20:00:27] PROGRESS done=15/91 saved=15 skip=0 rate=3.7/min tagged=587
[20:01:49] SAVED 20 total~592 title='SOLIDARIDAD A MUJERES ESTUDIANTES DE JULIACA, JULIACA J' locanto_fast_05f59cb934a8eb51.html
[20:01:49] PROGRESS done=20/91 saved=20 skip=0 rate=3.7/min tagged=592
[20:02:21] PROGRESS done=20/90 saved=19 skip=1 rate=3.2/min tagged=591
[20:02:35] SAVED 20 total~592 title='Doy ayuda económica a madres solteras, Ica – 24' locanto_fast_b0094b0887e0801b.html
[20:02:46] SAVED 2 total~574 title='Apoyo económico para mujer de contextura delgada, Lima ' locanto_fast_8f82deaf5fda6918.html
[20:02:46] PROGRESS done=2/91 saved=2 skip=0 rate=0.3/min tagged=574
[20:02:47] SAVED 2 total~574 title='Ayuda Económica S/. 200 de hombre maduro, Arequipa – 50' locanto_fast_4f6019d7ecbb58ee.html
[20:02:47] PROGRESS done=2/91 saved=2 skip=0 rate=0.3/min tagged=574
[20:03:01] SAVED 3 total~575 title='CABALLERO BRINDA AYUDA A MUJERES EN LIMA**, Lima – 40' locanto_fast_ad7b2877a0a59a90.html
[20:03:01] PROGRESS done=3/91 saved=3 skip=0 rate=0.4/min tagged=575
[20:03:03] SAVED 3 total~575 title='Universitaria. Me desnudare Toda para ti., Chimbote – 2' locanto_fast_e71e954128794b22.html
[20:03:03] PROGRESS done=3/91 saved=3 skip=0 rate=0.4/min tagged=575
[20:03:19] SAVED 4 total~576 title='Solicito una Señorita Practicante de Marketing, Lima – ' locanto_fast_96750c0d2b2c1e1f.html
[20:03:41] PROGRESS done=25/90 saved=24 skip=1 rate=3.3/min tagged=596
[20:04:49] PROGRESS done=25/91 saved=25 skip=0 rate=3.0/min tagged=597
[20:05:00] PROGRESS done=30/90 saved=29 skip=1 rate=3.4/min tagged=601
[20:05:14] SAVED 30 total~602 title='BRINDO APOYO ECONOMICO CHICAS, MADRES SOLTERAS, UNIVERS' locanto_fast_aaea420711939b47.html
[20:06:04] SAVED 30 total~602 title='Apoyó económico para mujer estudiando, José Leonardo Or' locanto_fast_ce1373943b447840.html
[20:06:04] PROGRESS done=30/91 saved=30 skip=0 rate=3.1/min tagged=602
[20:06:19] PROGRESS done=35/90 saved=34 skip=1 rate=3.4/min tagged=606
[20:07:30] PROGRESS done=35/91 saved=35 skip=0 rate=3.1/min tagged=607
[20:07:35] PROGRESS done=40/90 saved=39 skip=1 rate=3.5/min tagged=611
[20:07:50] SAVED 40 total~612 title='BRINDO AYUDA ECONÓMICA A SEÑORITAS NECESITADAS, Trujill' locanto_fast_9531b7f39227bf45.html
[20:08:43] SAVED 40 total~612 title='Apoyo E Para todas las mujeres maduras que la quieran p' locanto_fast_468ccd0b3bf1434c.html
[20:08:43] PROGRESS done=40/91 saved=40 skip=0 rate=3.2/min tagged=612
[20:08:49] PROGRESS done=45/90 saved=44 skip=1 rate=3.5/min tagged=616
[20:09:50] SAVED 5 total~577 title='Busco señorita para acuerdo de apoyo económico, Cajamar' locanto_fast_5f9e04373da5c0d9.html
[20:09:50] PROGRESS done=5/91 saved=5 skip=0 rate=0.4/min tagged=577
[20:09:52] SAVED 4 total~576 title='Apoyo economico para señoritas, Cusco – 36' locanto_fast_6a762632207f2c39.html
[20:10:09] SAVED 5 total~577 title='Solo mujeres apoyoco económico, Chimbote – 24' locanto_fast_bcfbee8dcbc439b7.html
[20:10:09] PROGRESS done=5/91 saved=5 skip=0 rate=0.4/min tagged=577
[20:10:40] PROGRESS done=45/91 saved=44 skip=1 rate=3.1/min tagged=616
[20:10:52] PROGRESS done=50/90 saved=48 skip=2 rate=3.3/min tagged=620
[20:11:21] SAVED 10 total~582 title='Ayuda económica señoritas de Huancayo – 30' locanto_fast_61b9dfa51c879588.html
[20:11:21] PROGRESS done=10/91 saved=10 skip=0 rate=0.7/min tagged=582
[20:11:25] SAVED 50 total~622 title='Busco señorita o señora para encuentro casual todo con ' locanto_fast_0c05510f54902736.html
[20:11:26] SAVED 10 total~582 title='Ddoy ayuda económica a señoras y señoriras, Cusco – 39' locanto_fast_d2082ce3fb293b05.html
[20:11:26] PROGRESS done=10/91 saved=10 skip=0 rate=0.7/min tagged=582
