/Users/pabloillescas/Library/Python/3.9/lib/python/site-packages/urllib3/__init__.py:35: NotOpenSSLWarning: urllib3 v2 only supports OpenSSL 1.1.1+, currently the 'ssl' module is compiled with 'LibreSSL 2.8.3'. See: https://github.com/urllib3/urllib3/issues/3020
  warnings.warn(
START Locanto hombre collection target=400 cities=['lima', 'arequipa', 'trujillo', 'cusco', 'piura', 'chiclayo', 'huancayo'] mode=directs+listings
Searching DDG with 4 workers across 16 queries
DDG search 'site:locanto.com.pe "Hombre-busca-mujer" "ID_" (ay' -> 0 directs
DDG search 'ayuda economica OR apoyo economico OR "doy ayuda" ' -> 0 directs
DDG search 'ayuda economica OR apoyo economico OR "doy ayuda" ' -> 0 directs
DDG search 'site:locanto.com.pe "Hombre-busca-mujer" "ID_" (ay' -> 0 directs
DDG search 'site:locanto.com.pe "Hombre-busca-mujer" "ID_" (ay' -> 0 directs
DDG search 'ayuda economica OR apoyo economico OR "doy ayuda" ' -> 0 directs
DDG search 'site:locanto.com.pe "Hombre-busca-mujer" "ID_" (ay' -> 0 directs
DDG search 'ayuda economica OR apoyo economico OR "doy ayuda" ' -> 0 directs
DDG search 'ayuda economica OR apoyo economico OR "doy ayuda" ' -> 0 directs
DDG search 'site:locanto.com.pe "Hombre-busca-mujer" "ID_" (ay' -> 0 directs
DDG search 'ayuda economica OR apoyo economico OR "doy ayuda" ' -> 0 directs
DDG search 'ayuda economica OR apoyo economico OR "doy ayuda" ' -> 0 directs
DDG search 'site:locanto.com.pe "Hombre-busca-mujer" "ID_" (ay' -> 0 directs
DDG search 'site:locanto.com.pe "Hombre-busca-mujer" "ID_" (ay' -> 0 directs
DDG search 'site:locanto.com.pe "Hombre-busca-mujer" "ID_" (ay' -> 0 directs
DDG search 'ayuda economica OR apoyo economico OR "doy ayuda" ' -> 0 directs
Total unique directs from search-first: 0
DONE: added=0 attempted=0 inter_skips=0
