[15:18:00] === NEW DIRECTS PUSH per scraping_strategy_guide ===
[15:18:00] Targets: 13
[15:18:00] FETCH https://www.locanto.com.pe/lima/ID_8658918794/Brindo-apoyo-economico-para-senoritas.html
[15:25:15]   inter gate skip
[15:25:15] FETCH https://www.locanto.com.pe/lima/ID_7995095766/BRINDO-APOYO-ECONOMICO-A-SENORITAS-DE-18-A-4
[15:32:31]   inter gate skip
[15:32:31] FETCH https://www.locanto.com.pe/lima/ID_8536942354/Brindo-apoyo-economico-de-18-a-24-anos.html
[15:41:05]   inter gate skip
[15:41:05] FETCH https://www.locanto.com.pe/lima/ID_5652125249/DOY-AYUDA-ECONOMICA-A-SENORITAS.html
[15:48:49]   inter gate skip
[15:48:49] FETCH https://www.locanto.com.pe/lima/ID_5292850951/Brindo-apoyo-economico-a-Senoritas.html
[15:56:29]   inter gate skip
[15:56:29] FETCH https://www.locanto.com.pe/lima/ID_7597046874/Brindo-apoyo-economico-a-chica.html
[16:16:14]   inter gate skip
[16:16:14] FETCH https://www.locanto.com.pe/lima/ID_8418716449/Brindo-apoyo-economico-a-senorita.html
[16:23:33]   inter gate skip
[16:23:33] FETCH https://www.locanto.com.pe/arequipa/ID_7640099842/Ayuda-economica.html
[16:30:53]   inter gate skip
[16:30:53] FETCH https://www.locanto.com.pe/trujillo/ID_5099425348/Brindo-apoyo-economico-a-senoritas.html
[16:38:26]   inter gate skip
[16:38:26] FETCH https://www.locanto.com.pe/callao/ID_8281605774/DOY-AYUDA-ECONOMICA-CALLAO.html
[16:46:01]   inter gate skip
[16:46:01] FETCH https://cusco-capital.doplim.com.pe/doy-ayuda-economica-busco-sb-id-1515500.html
[16:49:42]   ADDED 1 raw=new_directs_guide_35f8765158001275.html
[16:49:42] FETCH https://piura-capital.doplim.com.pe/me-llamo-daniel-brindo-ayuda-economica-id-1356815.html
[16:53:56]   dup skip
[16:53:56] FETCH https://trujillo.doplim.com.pe/brindo-apoyo-economico-a-senoritas-id-977092.html
[16:58:18]   ADDED 2 raw=new_directs_guide_9fb6461982436dfb.html
[16:58:18] DONE added=2
