/Users/pabloillescas/Library/Python/3.9/lib/python/site-packages/urllib3/__init__.py:35: NotOpenSSLWarning: urllib3 v2 only supports OpenSSL 1.1.1+, currently the 'ssl' module is compiled with 'LibreSSL 2.8.3'. See: https://github.com/urllib3/urllib3/issues/3020
  warnings.warn(
[20:31:16] LIST https://www.evisex.pe/encuentros/apoyo-economico.htm: cards_ok=28 new=28 total=35
[20:31:18] LIST https://www.evisex.pe/encuentros/apoyo-economico/clasificados/2: cards_ok=29 new=29 total=64
[20:31:19] LIST https://www.evisex.pe/encuentros/apoyo-economico/clasificados/3: cards_ok=29 new=29 total=93
[20:31:20] LIST https://www.evisex.pe/encuentros/apoyo-economico/clasificados/4: cards_ok=30 new=30 total=123
[20:31:22] LIST https://www.evisex.pe/encuentros/apoyo-economico/clasificados/5: cards_ok=28 new=28 total=151
[20:31:23] LIST https://www.evisex.pe/encuentros/apoyo-economico/clasificados/6: cards_ok=27 new=27 total=178
[20:31:24] LIST https://www.evisex.pe/encuentros/apoyo-economico/clasificados/7: cards_ok=27 new=27 total=205
[20:31:25] LIST https://www.evisex.pe/encuentros/apoyo-economico/clasificados/8: cards_ok=29 new=29 total=234
[20:31:26] LIST https://www.evisex.pe/encuentros/apoyo-economico/clasificados/9: cards_ok=29 new=29 total=263
[20:31:27] LIST https://www.evisex.pe/encuentros/apoyo-economico/clasificados/10: cards_ok=28 new=28 total=291
[20:31:28] LIST https://www.evisex.pe/encuentros/apoyo-economico/clasificados/11: cards_ok=26 new=26 total=317
[20:31:29] LIST https://www.evisex.pe/encuentros/apoyo-economico/clasificados/12: cards_ok=29 new=29 total=346
[20:31:30] LIST https://www.evisex.pe/encuentros/apoyo-economico/clasificados/13: cards_ok=28 new=28 total=374
[20:31:31] LIST https://www.evisex.pe/encuentros/apoyo-economico/clasificados/14: cards_ok=28 new=28 total=402
[20:31:32] LIST https://www.evisex.pe/encuentros/apoyo-economico/clasificados/15: cards_ok=23 new=23 total=425
[20:31:32] LIST skip https://www.evisex.pe/encuentros/ayuda-economica-a-mujeres-de-lima.htm status=403 len=2219
[20:31:33] LIST skip https://www.evisex.pe/encuentros/ayuda-economica-a-mujeres-de-lima/clasificados/2 status=403 len=2219
[20:31:33] LIST skip https://www.evisex.pe/encuentros/sexo-a-cambio-de-ayuda-economica.htm status=403 len=2219
[20:31:33] LIST skip https://www.evisex.pe/encuentros/sexo-a-cambio-de-ayuda-economica/clasificados/2 status=403 len=2219
[20:31:33] LIST skip https://www.evisex.pe/encuentros/ayuda-economica-a-cambio-de-intimidad.htm status=403 len=2219
[20:31:33] LIST skip https://www.evisex.pe/encuentros/ayuda-economica-a-cambio-de-intimidad/clasificados/2 status=403 len=2219
[20:31:33] LIST skip https://www.evisex.pe/encuentros/mujer-busca-hombre/mujer-busca-ayuda-economica.htm status=403 len=2219
[20:31:33] LIST skip https://www.evisex.pe/encuentros/mujer-busca-hombre/mujer-busca-ayuda-economica/clasificados/2 status=403 len=2219
[20:31:33] LIST skip https://www.evisex.pe/encuentros/busca-hombre-para-ayuda-economica.htm status=403 len=2219
[20:31:33] LIST skip https://www.evisex.pe/encuentros/busca-hombre-para-ayuda-economica/clasificados/2 status=403 len=2219
[20:31:34] LIST skip https://www.evisex.pe/encuentros/hombre-busca-mujer.htm status=403 len=2219
[20:31:34] LIST skip https://www.evisex.pe/encuentros/hombre-busca-mujer/clasificados/2 status=403 len=2219
[20:31:34] LIST skip https://lima.evisex.pe/encuentros/apoyo-economico.htm status=403 len=2219
[20:31:34] LIST skip https://lima.evisex.pe/encuentros/apoyo-economico/clasificados/2 status=403 len=2219
[20:31:36] LIST https://www.evisos.com.pe/por-ayuda-economica.htm: cards_ok=11 new=11 total=436
[20:31:36] LIST https://www.evisos.com.pe/por-ayuda-economica/clasificados/2: cards_ok=1 new=1 total=437
[20:31:38] LIST https://www.evisos.com.pe/por-ayuda-economica/clasificados/3: cards_ok=11 new=0 total=437
[20:31:39] LIST https://www.evisos.com.pe/por-ayuda-economica/clasificados/4: cards_ok=11 new=0 total=437
[20:31:41] LIST https://www.evisos.com.pe/por-ayuda-economica/clasificados/5: cards_ok=11 new=0 total=437
[20:31:41] LIST https://www.evisos.com.pe/apoyo-economico.htm: cards_ok=5 new=4 total=441
[20:31:42] LIST https://www.evisos.com.pe/apoyo-economico/clasificados/2: cards_ok=3 new=3 total=444
[20:31:43] LIST https://www.evisos.com.pe/apoyo-economico/clasificados/3: cards_ok=3 new=3 total=447
[20:31:44] LIST https://www.evisos.com.pe/apoyo-economico/clasificados/4: cards_ok=5 new=0 total=447
[20:31:46] LIST https://www.evisos.com.pe/apoyo-economico/clasificados/5: cards_ok=5 new=0 total=447
[20:31:46] LIST skip https://www.evisos.com.pe/apoyo-economico/clasificados/6 status=403 len=2714
[20:31:48] LIST skip https://lima.evisos.com.pe/por-ayuda-economica.htm status=403 len=2714
[20:31:48] LIST skip https://lima.evisos.com.pe/por-ayuda-economica/clasificados/2 status=403 len=2714
[20:31:48] LIST skip https://lima.evisos.com.pe/apoyo-economico.htm status=403 len=2714
[20:31:49] LIST skip https://lima.evisos.com.pe/apoyo-economico/clasificados/2 status=403 len=2714
[20:31:49] LIST skip https://www.evisos.com.pe/brindo-ayuda.htm status=403 len=2714
[20:31:49] LIST skip https://www.evisos.com.pe/brindo-ayuda/clasificados/2 status=403 len=2714
[20:31:50] LIST skip https://www.evisos.com.pe/doy-ayuda.htm status=403 len=2714
[20:31:50] LIST skip https://www.evisos.com.pe/doy-ayuda/clasificados/2 status=403 len=2714
[20:31:51] LIST skip https://arequipa.evisos.com.pe/por-ayuda-economica.htm status=403 len=2714
[20:31:52] LIST skip https://arequipa.evisos.com.pe/por-ayuda-economica/clasificados/2 status=403 len=2714
[20:31:53] LIST skip https://trujillo.evisos.com.pe/por-ayuda-economica.htm status=403 len=2714
[20:31:53] LIST skip https://trujillo.evisos.com.pe/por-ayuda-economica/clasificados/2 status=403 len=2714
[20:31:55] LIST skip https://cusco.evisos.com.pe/por-ayuda-economica.htm status=403 len=2714
[20:31:55] LIST skip https://cusco.evisos.com.pe/por-ayuda-economica/clasificados/2 status=403 len=2714
[20:31:55] START seeds=447 start_files=69 target=150
