/Users/pabloillescas/Library/Python/3.9/lib/python/site-packages/urllib3/__init__.py:35: NotOpenSSLWarning: urllib3 v2 only supports OpenSSL 1.1.1+, currently the 'ssl' module is compiled with 'LibreSSL 2.8.3'. See: https://github.com/urllib3/urllib3/issues/3020
  warnings.warn(
[20:39:46] START seeds=15 target=250 max_visit=900
[20:39:47] SAVED 1 'Doy ayuda económica - Santo Tomñás' ciudadanuncios_8e9db56f66056dc2.html q=18
[20:39:48] SAVED 2 'Ayuda económica a señoras - Lima' ciudadanuncios_14920b9d3b6ebed9.html q=18
[20:39:48] SAVED 3 'Doy ayuda económica a mujeres en abancay total discreción - ' ciudadanuncios_ad95f866947438e5.html q=19
[20:39:49] SAVED 4 'Doy ayuda económica. - Cusco' ciudadanuncios_14bb7fd91b843d24.html q=25
[20:39:50] SAVED 5 'Brindo apoyo a señoritas - Puerto Maldonado' ciudadanuncios_06523c7e5ee3f080.html q=34
[20:39:51] SAVED 6 'Brindo ayuda economica - Lima' ciudadanuncios_9652476f1c8dace2.html q=40
[20:39:51] SAVED 7 'Brindo ayuda económica a señoritas - Juliaca' ciudadanuncios_9012307c712d1733.html q=47
[20:39:52] SAVED 8 'Brindo ayuda economica solamente a una señorita entre 18 a 4' ciudadanuncios_5e49488e6d474251.html q=55
[20:39:53] SAVED 10 'Brindo ayuda económica a chica tranqui - Lima' ciudadanuncios_fa9a860b5e26adc7.html q=67
[20:39:56] SAVED 15 'brindo ayuda economica no son engaños. Para señoritas Piura ' ciudadanuncios_80295451a05a0ccf.html q=93
[20:39:59] SAVED 20 'Doy ayuda economica a señoras de 45 años a mas sin limites d' ciudadanuncios_6fc9255fa718a6c4.html q=102
[20:40:02] SAVED 25 'Doy ayuda economica – 39 - Cusco' ciudadanuncios_e455dd30f9aa0a80.html q=112
[20:40:02] PROGRESS visited=25 saved=25 skip=0 err=0 queue=112
[20:40:04] SAVED 30 'Brindo apoyo a señoritas - Juliaca' ciudadanuncios_dd7409e81d283395.html q=126
[20:40:08] SAVED 35 'Brindo apoyo a señoritas - Juliaca' ciudadanuncios_37b6d4c6427c1a03.html q=138
[20:40:10] SAVED 40 'Brindo ayuda economica - Lima' ciudadanuncios_9de651d6caf1eba1.html q=133
[20:40:12] SAVED 45 'Brindo ayuda económica a madres solteras - Lima' ciudadanuncios_c034ae5647a073b0.html q=152
[20:40:14] SAVED 50 'Brindo ayuda económica a señoritas de Juliaca - Juliaca' ciudadanuncios_099ba7a8e8217c89.html q=157
[20:40:15] PROGRESS visited=50 saved=50 skip=0 err=0 queue=157
[20:40:17] SAVED 55 'Brindo ayuda economica a señorita entre 18 a 40 años - Lima' ciudadanuncios_48a0358090835782.html q=160
[20:40:20] SAVED 60 'Brindo ayuda economica a señorita entre 25 a 40 años - Lima' ciudadanuncios_7cbdccd587993d29.html q=166
[20:40:23] SAVED 65 'Ofrezco apoyo económico - Tacna' ciudadanuncios_776eed5bcf78680a.html q=186
[20:40:27] SAVED 70 'Ayuda economica - Ica' ciudadanuncios_845bec1e348f5f70.html q=191
[20:40:30] PROGRESS visited=75 saved=74 skip=1 err=0 queue=207
[20:40:30] SAVED 75 'Brindo buena ayuda economica a chicas - Lima' ciudadanuncios_f1c82a7a94407873.html q=210
[20:40:33] SAVED 80 'Se brinda ayuda economica - Huánuco' ciudadanuncios_32e1ba9b1d10e058.html q=222
[20:40:36] SAVED 85 'Brindo ayuda económica a señoritas - Cusco' ciudadanuncios_c4d0b3593fad634b.html q=235
[20:40:38] SAVED 90 'Brindo apoyo a señoritas - Juliaca' ciudadanuncios_d2bb13df0074a7ea.html q=240
[20:40:41] SAVED 95 'Doy ayuda económica - San Vicente de Cañete' ciudadanuncios_fa4eec726454719e.html q=250
[20:40:43] PROGRESS visited=100 saved=99 skip=1 err=0 queue=261
[20:40:43] SAVED 100 'Ayuda económica - Piura' ciudadanuncios_cf81bd98749c981d.html q=260
[20:40:46] SAVED 105 'Brindo ayuda económica - Piura' ciudadanuncios_6f58e39b9e3770e2.html q=264
[20:40:48] SAVED 110 'Ayuda economica damas de 18 a mas - Cerro de Pasco' ciudadanuncios_17f8f2f3a9ddca75.html q=278
[20:40:51] SAVED 115 'Encuentros ocasionales a cambio de ayuda económica - Lima' ciudadanuncios_f4b8badfb9064237.html q=291
[20:40:53] SAVED 120 'Pasivo 45 años, ofrece ayuda económica a Activo joven - Lima' ciudadanuncios_e437d553204bd7de.html q=288
[20:40:56] PROGRESS visited=125 saved=123 skip=2 err=0 queue=286
[20:40:56] SAVED 125 'Ayuda económica a chicas - Cusco' ciudadanuncios_d55bca4364ee905c.html q=286
[20:41:00] SAVED 130 'Ayuda económica para   damas - Puno' ciudadanuncios_db5513c2ef0074e2.html q=297
[20:41:03] SAVED 135 'Doy ayuda económica a madre soltera entre 18 y 25 años - Lim' ciudadanuncios_d6e2324bc8a3e49d.html q=314
[20:41:06] SAVED 140 'Busco y brindo ayuda a una dama sencilla - Lima' ciudadanuncios_c7aa4892173a3e43.html q=331
[20:41:09] SAVED 145 'Doy ayuda economica - Puno' ciudadanuncios_d3f3dc939baa83b9.html q=334
[20:41:11] PROGRESS visited=150 saved=148 skip=2 err=0 queue=331
[20:41:12] SAVED 150 'Doy ayuda economica - Juli' ciudadanuncios_597d11bcb9cb111b.html q=330
[20:41:15] SAVED 155 'Apoyo economico constante - Huancayo' ciudadanuncios_cdb38fdc92c847dc.html q=330
[20:41:18] SAVED 160 'Ayuda económica - Tacna' ciudadanuncios_5efa6277d4f266b8.html q=341
[20:41:20] SAVED 165 'Brindo ayuda economica ha señoritas - Juliaca' ciudadanuncios_bb17a06a01db9fba.html q=360
[20:41:24] SAVED 170 'Se brinda ayuda económica señora o señorita - Juliaca' ciudadanuncios_a102f79b7a13c211.html q=363
[20:41:27] PROGRESS visited=175 saved=173 skip=2 err=0 queue=361
[20:41:28] SAVED 175 'Ayuda económica - Lima' ciudadanuncios_d027212bd7fb97a7.html q=366
[20:41:30] SAVED 180 'Ofresco ayuda económica a MUJERES necesitadas soy un caballe' ciudadanuncios_a89eb7b677370aff.html q=367
[20:41:33] SAVED 185 'Apoyo económico - Lima' ciudadanuncios_5433bdc718cc2409.html q=364
[20:41:36] SAVED 190 'Ayuda economica - Trujillo' ciudadanuncios_a8bda400c6d5af34.html q=368
[20:41:40] SAVED 195 'Ayuda económica madres solteras - Lima' ciudadanuncios_82222fec0f4d7f66.html q=373
[20:41:42] PROGRESS visited=200 saved=198 skip=2 err=0 queue=375
[20:41:43] SAVED 200 'Se da ayuda económica  a señoras y  señoritas - Juliaca' ciudadanuncios_e873f75d8a4d9660.html q=382
[20:41:45] SAVED 205 'Brindo ayuda economica a señoritas juliaca - Juliaca' ciudadanuncios_ba9cff9bf24b228f.html q=387
[20:41:48] SAVED 210 'Doy ayuda económica a señoras o señoritas pago 150 - Juliaca' ciudadanuncios_90a7ddab0c279943.html q=390
[20:41:51] SAVED 215 'Busco chica peruana para apoyo económico, entre 18 a 25 - Li' ciudadanuncios_4ed77cd67c3f2cd3.html q=405
[20:41:54] SAVED 220 'Chica peruana entre 18 a 25 para apoyo económico - Lima' ciudadanuncios_adfeed401df16d91.html q=410
[20:41:56] PROGRESS visited=225 saved=223 skip=2 err=0 queue=411
[20:41:57] SAVED 225 'Ayuda económica - Lima' ciudadanuncios_61025cc33c00575b.html q=410
[20:42:00] SAVED 230 'Ayuda económica para señoritas - Chiclayo' ciudadanuncios_e642ed78a061e984.html q=411
[20:42:04] SAVED 235 'Ayuda economica - Lima' ciudadanuncios_812b83e4fcca8e6d.html q=419
[20:42:06] SAVED 240 'Brindo ayuda económico - San Vicente de Cañete' ciudadanuncios_15a465d5de30a326.html q=416
[20:42:09] SAVED 245 'Ofrezco apoyo economico a señorita menro de 28 años - Lima' ciudadanuncios_db990316a10618e1.html q=415
[20:42:11] PROGRESS visited=250 saved=248 skip=2 err=0 queue=413
[20:42:13] SAVED 250 'Ayuda economica a señoritas y señoras solteras - Imperial' ciudadanuncios_ed8e8f821581d786.html q=413
[20:42:13] DONE saved=250 skip=2 err=0 visited=252 queue_left=413
