/Users/pabloillescas/Library/Python/3.9/lib/python/site-packages/urllib3/__init__.py:35: NotOpenSSLWarning: urllib3 v2 only supports OpenSSL 1.1.1+, currently the 'ssl' module is compiled with 'LibreSSL 2.8.3'. See: https://github.com/urllib3/urllib3/issues/3020
  warnings.warn(
[18:55:35] START locanto_fast target=1500 start_tagged_detail=449 content_heuristic≈449 mode=seeds
[18:55:35] LOADED seeds_in=2768 from SCRATCH/implementer/seeds_locanto_fast_1783553280.jsonl
[18:55:35] shard 3/4 size=272
[18:55:35] pending after dedup/shard=272 (from 2768)
[18:55:35] FETCH start pending=272 mode=serial_playwright tag=locanto_fast
[18:55:51] SAVED 1 total~450 title='Apoyo económico a chica universitaria, Chiclayo – 29' locanto_fast_db5c093e31637793.html
[18:55:51] PROGRESS done=1/272 saved=1 skip=0 rate=3.6/min tagged=450
[18:56:13] SAVED 2 total~451 title='Ayuda económica total discreción, Arequipa – 44' locanto_fast_4feeff32b4f83571.html
[18:56:13] PROGRESS done=2/272 saved=2 skip=0 rate=3.1/min tagged=451
[18:56:28] SAVED 3 total~452 title='Hay k hacer algo riko solo mujeres de 18 a 55años, Lima' locanto_fast_06292f809c21e26f.html
[18:56:28] PROGRESS done=3/272 saved=3 skip=0 rate=3.4/min tagged=452
[18:58:05] SAVED 4 total~453 title='SOY MUY SENSUAL PAPASITO DE PERRITO AHZME GOZAR, Trujil' locanto_fast_933f6209ab30efad.html
[18:58:19] SAVED 5 total~454 title='Busco cumplir todas tus fantasias, soy dotado joven bie' locanto_fast_cdd791d6145a4981.html
[18:58:19] PROGRESS done=5/272 saved=5 skip=0 rate=1.8/min tagged=454
[18:59:52] SAVED 10 total~459 title='Ayudo a mujer casada ,soltera ,con problemas de casa , ' locanto_fast_b97324a554865562.html
[18:59:52] PROGRESS done=10/272 saved=10 skip=0 rate=2.3/min tagged=459
[19:01:26] PROGRESS done=15/272 saved=14 skip=1 rate=2.4/min tagged=463
[19:02:55] PROGRESS done=20/272 saved=19 skip=1 rate=2.6/min tagged=468
[19:03:17] SAVED 20 total~469 title='Chica para Grabar video Porno CON ANONIMATO, se guarda ' locanto_fast_6a66af46821974b3.html
[19:53:39] PROGRESS done=25/272 saved=23 skip=2 rate=0.4/min tagged=472
[19:54:56] PROGRESS done=30/272 saved=28 skip=2 rate=0.5/min tagged=477
[19:55:24] SAVED 30 total~479 title='Buscho srta universtaria CON o SIN experiencia, BUEN PA' locanto_fast_e00fb75965a18736.html
[19:56:11] PROGRESS done=35/272 saved=33 skip=2 rate=0.5/min tagged=482
