/Users/pabloillescas/Library/Python/3.9/lib/python/site-packages/urllib3/__init__.py:35: NotOpenSSLWarning: urllib3 v2 only supports OpenSSL 1.1.1+, currently the 'ssl' module is compiled with 'LibreSSL 2.8.3'. See: https://github.com/urllib3/urllib3/issues/3020
  warnings.warn(
[20:57:31] START seeds=1000 target=200 max_visit=1800
[20:57:36] expand-only visited=50 q=969 saved=0
[20:57:42] expand-only visited=100 q=956 saved=0
[20:57:48] expand-only visited=150 q=923 saved=0
[20:57:53] expand-only visited=200 q=889 saved=0
[20:57:59] expand-only visited=250 q=854 saved=0
[20:58:04] expand-only visited=300 q=813 saved=0
[20:58:09] expand-only visited=350 q=786 saved=0
[20:58:15] expand-only visited=400 q=749 saved=0
[20:58:20] expand-only visited=450 q=707 saved=0
[20:58:26] expand-only visited=500 q=662 saved=0
[20:58:31] expand-only visited=550 q=613 saved=0
[20:58:37] expand-only visited=600 q=585 saved=0
[20:58:43] expand-only visited=650 q=584 saved=0
[20:58:49] expand-only visited=700 q=574 saved=0
[20:58:54] expand-only visited=750 q=535 saved=0
[20:59:00] expand-only visited=800 q=523 saved=0
[20:59:06] expand-only visited=850 q=495 saved=0
[20:59:11] expand-only visited=900 q=458 saved=0
[20:59:17] expand-only visited=950 q=430 saved=0
[20:59:23] expand-only visited=1000 q=420 saved=0
[20:59:25] SAVED 1 'Apoyo económico a mujeres de todas las edades a cambio de se' ciudadanuncios_8a7add89e510b91a.html q=417
[20:59:25] SAVED 2 'Ayuda económica a mujeres de cualquier edad 969705269. - Huá' ciudadanuncios_48e3e45bf6873cc6.html q=416
[20:59:26] SAVED 3 'Ofrezco ayuda económica a mujeres de cualquier edad 96970526' ciudadanuncios_b8abbd6bc5303ce2.html q=415
[20:59:26] SAVED 4 'Apoyo económico para mujeres en apuros , mujeres de cualquie' ciudadanuncios_1a71337e6516273f.html q=414
[20:59:27] SAVED 5 'Ayuda económica para mujeres no importa edad a cambio de sex' ciudadanuncios_0625fb433ee992a1.html q=414
[20:59:27] SAVED 6 'Ayuda económica para mujeres 969705269 - Huánuco' ciudadanuncios_d3e72770fe9ebbd6.html q=413
[20:59:28] SAVED 7 'Ayuda económica para mujeres 969705269 - Huánuco' ciudadanuncios_112a6adba81086b2.html q=412
[20:59:28] SAVED 8 'Ayuda económica para mujeres de cualquier edad 969705269 - H' ciudadanuncios_d2e3c5a05632e63c.html q=411
[20:59:30] SAVED 10 'Doy apoyo económico - Juliaca' ciudadanuncios_13091ec318e93648.html q=409
[20:59:33] SAVED 15 'Doy apoyo economico a activo - Lima' ciudadanuncios_a12373cc4531dc32.html q=407
[20:59:36] SAVED 20 'Doy. Apoyo económico - Cusco' ciudadanuncios_0fee02fdb474cec2.html q=404
[20:59:39] PROGRESS visited=1025 saved=23 skip=1002 err=0 queue=402
[20:59:40] SAVED 25 'Ayuda económica - Juliaca' ciudadanuncios_b4b8ce1707af3442.html q=401
[20:59:43] SAVED 30 'Brindo servicio sexual a cambio de ayuda economica - Arequip' ciudadanuncios_abba6b7f2a1b5812.html q=396
[20:59:46] SAVED 35 'Ayuda económica - Chanchamayo' ciudadanuncios_bf1e7985f0b93096.html q=390
[20:59:49] SAVED 40 'Ayuda económica huancayo activos - Huancayo' ciudadanuncios_34dc758ff2222f0a.html q=387
[20:59:51] SAVED 45 'Doy servicio x ayuda económica - Arequipa' ciudadanuncios_bbc2903fb597409c.html q=383
[20:59:53] PROGRESS visited=1050 saved=47 skip=1003 err=0 queue=381
[20:59:54] SAVED 50 'Doy apoyo económico a chicas de lurin - Lima' ciudadanuncios_166c6b8eeff4b50d.html q=381
[20:59:57] SAVED 55 'Se da ayuda económica - Puerto Maldonado' ciudadanuncios_9fa1f44e34da2bd5.html q=376
[21:00:01] SAVED 60 'Busco mujer 19años Virgen discreta doy apoyo - Lima' ciudadanuncios_cc68e9475f572f5e.html q=371
[21:00:05] SAVED 65 'Ayuda economica achicas discretas - Lima' ciudadanuncios_d887d2b1efbf3623.html q=374
[21:00:07] PROGRESS visited=1075 saved=67 skip=1008 err=0 queue=372
[21:00:08] SAVED 70 'Apoyo economico a cambio de experiencia - Cerro de Pasco' ciudadanuncios_f1305466b813720a.html q=369
[21:00:11] SAVED 75 'Apoyo economico - Arequipa' ciudadanuncios_041cadb023dacadf.html q=365
[21:00:14] SAVED 80 'Busco chica para encuentro placentero, se da apoyo economico' ciudadanuncios_d180f7d584d2fda0.html q=361
[21:00:17] SAVED 85 'Señoritas o señora que quieran apoyo económico - Juliaca' ciudadanuncios_54a27834ae7a544f.html q=359
[21:00:20] SAVED 90 'Busco parejas de esposo mayores de 45 años para sexo de trío' ciudadanuncios_1b982373f005f1e1.html q=354
[21:00:20] PROGRESS visited=1100 saved=90 skip=1010 err=0 queue=354
[21:00:22] SAVED 95 'Brindo ayuda solo esta semana con 150 soles para señorita - ' ciudadanuncios_9e44c185f2dd3469.html q=349
[21:00:25] SAVED 100 'Ayuda económica a cambio de sexo - Juliaca' ciudadanuncios_96b7ce9557cd8796.html q=346
[21:00:29] SAVED 105 'Brindo apoyo economico - Moquegua' ciudadanuncios_abe0b370d084242a.html q=341
[21:00:33] SAVED 110 'Apoyo económico a señoritas - Tingo María' ciudadanuncios_d14842ba0bf4cd2e.html q=338
[21:00:37] SAVED 115 'Caballero brinda apoyo economico a señorita estudiante - Lim' ciudadanuncios_7ab61b23496e3474.html q=340
[21:00:37] PROGRESS visited=1125 saved=115 skip=1010 err=0 queue=340
[21:00:40] SAVED 120 'Ayuda economica - Cusco' ciudadanuncios_2607354777c49647.html q=336
[21:00:43] SAVED 125 'Ayuda económica - Cusco' ciudadanuncios_c3f914084611d018.html q=334
[21:00:46] SAVED 130 'Apoyo economico activos hyo - Huancayo' ciudadanuncios_a22ec02bc89cfc02.html q=329
[21:00:51] SAVED 135 'Apoyo económico para señorita - Chiclayo' ciudadanuncios_5d35a6a8e20c63cc.html q=326
[21:00:52] PROGRESS visited=1150 saved=137 skip=1013 err=0 queue=323
[21:00:55] SAVED 140 'Ayuda economica - Huaral' ciudadanuncios_e35135764a8b1046.html q=322
[21:00:59] SAVED 145 'Brindo ayuda económica a mujeres - Lima' ciudadanuncios_3d3f6672c51a40fb.html q=319
[21:01:02] SAVED 150 'Ayudo economicamente si tienes apuros economicos oh necesita' ciudadanuncios_1afdafcaf2e5cc65.html q=316
[21:01:05] SAVED 155 'Se da ayuda económica a venezolanos - Arequipa' ciudadanuncios_b8b68680aa3853c4.html q=321
[21:01:08] SAVED 160 'Ayuda economica a embarazada - Lima' ciudadanuncios_afc3470e1d1217f4.html q=316
[21:01:08] PROGRESS visited=1175 saved=160 skip=1015 err=0 queue=316
[21:01:11] SAVED 165 'Doy apoyo económico a señorita - Piura' ciudadanuncios_3b325276303ece6c.html q=316
[21:01:14] SAVED 170 'Busco mujeres que deseen ayuda económica - Huancayo' ciudadanuncios_cc44bf6ea891bdaf.html q=322
[21:01:17] SAVED 175 'Brindo ayuda económica a dama - Lima' ciudadanuncios_f39205eca9de2c4f.html q=323
[21:01:20] SAVED 180 'Amiga par salir a divertirse con ayuda económica - Cerro de ' ciudadanuncios_8a167eaff705de23.html q=322
[21:01:23] SAVED 185 'Doy apoyo a señoritas y señoras - Huánuco' ciudadanuncios_be83dd3a0e49cb43.html q=319
[21:01:23] PROGRESS visited=1200 saved=185 skip=1015 err=0 queue=319
[21:01:26] SAVED 190 'Alguna amiga madura que quiera apoyo economico - Lima' ciudadanuncios_b9bf98d798cf5343.html q=314
[21:01:29] SAVED 195 'Les ayudo economicamente - Juliaca' ciudadanuncios_6a15c93494b587da.html q=310
[21:01:32] SAVED 200 'Busco activos mayores de 45 años doy ayuda economico - Lima' ciudadanuncios_6fabe6c310bb663e.html q=307
[21:01:32] DONE saved=200 skip=1015 err=0 visited=1215 queue_left=307
