/Users/pabloillescas/Library/Python/3.9/lib/python/site-packages/urllib3/__init__.py:35: NotOpenSSLWarning: urllib3 v2 only supports OpenSSL 1.1.1+, currently the 'ssl' module is compiled with 'LibreSSL 2.8.3'. See: https://github.com/urllib3/urllib3/issues/3020
  warnings.warn(
[18:55:44] START seeds=904 start_files=11
[18:56:52] SAVED 1 total~12 'Esika cyzone peru: inscripcion de consultoras aquí!!' evisos_pw_fb689f1bf0a166be.html
[18:58:11] SAVED 2 total~13 'Busco ayuda economica' evisos_pw_92554599e51870c1.html
[18:58:26] SAVED 3 total~14 'Hola soy una mujer muy cariñosa esperando por ti' evisos_pw_28ef21664bb7f1b0.html
[18:58:46] SAVED 4 total~15 'Vibrador sexo oral pretty love mabel en Moquegua - Salu' evisos_pw_baebeabd1fb2ca40.html
[18:59:07] SAVED 5 total~16 'Amarres homosexual.. en Callao - Otros Servicios | 7361' evisos_pw_0e945a1bce7c990b.html
[18:59:25] SAVED 6 total~17 'En el centro de piura alquilo habitacion' evisos_pw_f63feeb9e7d92b0d.html
[19:01:35] SAVED 9 total~20 'Camino a la verdad' evisos_pw_c7dae82599b95733.html
[19:51:22] SAVED 12 total~23 'Alquiler practicos departamentos en miraflores a precio' evisos_pw_e37a826030bfd83e.html
[19:54:30] SAVED 15 total~26 'Alquilo minidepa o cuarto amplio en sjl canto rey en Li' evisos_pw_99ce667727d4998f.html
[19:55:16] SAVED 18 total~29 'Traducciones e interpretaciones' evisos_pw_e96e99fd49798baf.html
[20:00:08] SAVED 21 total~32 'Se busca baterista y bajista principiantes (san miguel)' evisos_pw_55dd93a75cc84ede.html
[20:02:54] SAVED 24 total~35 'Lectura de cartas la solucion a tus problemas - en Matu' evisos_pw_caa9ac52ce0225db.html
[20:12:23] SAVED 27 total~38 'Busco novia' evisos_pw_93c278582516f38e.html
[20:13:23] SAVED 30 total~41 'Alquilo local comercial' evisos_pw_159874b4348d446e.html
[20:14:50] SAVED 33 total~44 'Solo ayuda economica soy una chica' evisos_pw_724d2e82ed1bed24.html
[20:15:43] SAVED 36 total~47 'Franquicias tecnoforex interesante!!..........' evisos_pw_e95b6eee54cd6fdf.html
[20:16:33] PROGRESS i=100/904 saved=37 skip=63 err=0
[20:17:02] SAVED 39 total~50 'Buesco gente seria para formar banda' evisos_pw_653def63b30f0703.html
[20:18:02] SAVED 42 total~53 'Trabaja medio tiempo en Lima - Ofertas de Trabajo | 601' evisos_pw_b0f50fc49d97fd92.html
[20:20:31] SAVED 45 total~56 'Mapfre, [email\xa0protected] profesionales de cuentas y as' evisos_pw_f26ac2d194d84ab4.html
[20:21:18] SAVED 48 total~59 'Oportunidad para damas conductoras' evisos_pw_84a3df1ddb5db1cd.html
[20:22:17] SAVED 51 total~62 'Experta colombiana ayuda profesional mediante visualiza' evisos_pw_17343498728d4244.html
[20:25:10] SAVED 54 total~65 'Suministro e instalacion aluzinc tr4' evisos_pw_c3c11994b4832ff7.html
[20:27:18] PROGRESS i=140/904 saved=55 skip=85 err=0
[20:28:32] SAVED 57 total~68 'Busco personas u empresas altruistas para la creación d' evisos_pw_aa5007f168345aa1.html
