[13:31:32] START chimbote more (main cards ONLY)
[13:31:32] base=https://www.locanto.com.pe/chimbote/Hombre-busca-mujer/20701
[13:31:32] p1
[13:32:26]   IDs: 46
[13:32:45]   +added
[13:33:16]   +added
[13:33:59]   +added
[13:34:44]   +added
[13:35:35]   +added
[13:36:28]   +added
[13:36:58]   +added
[13:37:43]   +added
[13:38:36]   +added
[13:39:29]   +added
[13:40:22]   +added
[13:41:12]   +added
[13:42:04]   +added
[13:42:28]   +added
[13:43:24]   +added
[13:44:16]   +added
[13:45:06]   +added
[13:45:58]   +added
[13:46:48]   +added
[13:47:42]   +added
[13:47:42] p2
[13:48:45]   IDs: 46
[13:48:45] p3
[13:50:10]   IDs: 46
[13:50:11] p4
[13:52:48]   IDs: 46
[13:52:49] p5
[13:53:42]   IDs: 46
[13:53:42] p6
[13:54:41]   IDs: 46
[13:54:41] p7
[13:55:39]   IDs: 46
[13:55:40] p8
[13:56:27]   IDs: 46
[13:56:27] p9
[13:57:34]   IDs: 46
[13:57:35] p10
[13:58:37]   IDs: 46
[13:58:37] p11
[13:59:35]   IDs: 46
[13:59:35] p12
[14:00:28]   IDs: 46
[14:00:28] p13
[14:01:33]   IDs: 46
[14:01:33] p14
[14:02:33]   IDs: 46
[14:02:33] p15
[14:03:27]   IDs: 46
[14:03:27] p16
[14:20:29]   IDs: 46
[14:20:29] p17
[14:22:49]   IDs: 46
[14:22:49] p18
[14:24:48]   IDs: 46
[14:24:49] p19
[14:26:29]   IDs: 46
[14:26:29] p20
[14:56:33]   IDs: 46
[14:56:34] p21
[14:57:34]   IDs: 46
[14:57:34] p22
[14:58:40]   IDs: 46
[14:58:40] p23
[14:59:43]   IDs: 46
[14:59:43] p24
[15:00:46]   IDs: 46
[15:00:46] p25
[15:01:34]   IDs: 46
[15:01:34] p26
[15:02:37]   IDs: 46
[15:02:38] p27
[15:03:33]   IDs: 46
[15:03:34] p28
[15:04:06]   IDs: 46
[15:04:06] p29
[15:05:08]   IDs: 46
[15:05:08] p30
[15:06:08]   IDs: 46
[15:06:08] p31
[15:07:06]   IDs: 46
[15:07:06] p32
[15:08:09]   IDs: 46
[15:08:09] p33
[15:08:46]   IDs: 46
[15:08:46] p34
[15:09:44]   IDs: 46
[15:09:44] p35
[15:10:35]   IDs: 46
[15:10:36] p36
[15:11:32]   IDs: 46
[15:11:32] p37
[15:12:32]   IDs: 46
[15:12:32] p38
[15:13:36]   IDs: 46
[15:13:36] p39
[15:14:34]   IDs: 46
[15:14:34] DONE chimbote added=20
