[13:34:33] START Lima fresh high (main cards ONLY, tuned)
[13:34:33] base=https://www.locanto.com.pe/lima/Hombre-busca-mujer/20701
[13:34:33] LIST p150: https://www.locanto.com.pe/lima/Hombre-busca-mujer/20701/150/?query=ayuda+economica
[13:35:32]   main IDs: 43
[13:36:07] LIST p151: https://www.locanto.com.pe/lima/Hombre-busca-mujer/20701/151/?query=ayuda+economica
[13:37:15]   main IDs: 44
[13:38:07]   + https://www.locanto.com.pe/lima/ID_8921116591/ayuda-economico-a-mujere
[13:38:57]   + https://www.locanto.com.pe/lima/ID_6493356460/BUSCO-1-SOLA-SENORITA-PA
[13:41:46] LIST p152: https://www.locanto.com.pe/lima/Hombre-busca-mujer/20701/152/?query=ayuda+economica
[13:42:30]   main IDs: 44
[13:45:39] LIST p153: https://www.locanto.com.pe/lima/Hombre-busca-mujer/20701/153/?query=ayuda+economica
[13:46:11]   main IDs: 44
[13:48:32] LIST p154: https://www.locanto.com.pe/lima/Hombre-busca-mujer/20701/154/?query=ayuda+economica
[13:49:49]   main IDs: 44
[13:53:06] LIST p155: https://www.locanto.com.pe/lima/Hombre-busca-mujer/20701/155/?query=ayuda+economica
[13:54:08]   main IDs: 44
[13:56:52] LIST p156: https://www.locanto.com.pe/lima/Hombre-busca-mujer/20701/156/?query=ayuda+economica
[13:58:01]   main IDs: 44
[14:00:45] LIST p157: https://www.locanto.com.pe/lima/Hombre-busca-mujer/20701/157/?query=ayuda+economica
[14:01:45]   main IDs: 44
[14:20:34] LIST p158: https://www.locanto.com.pe/lima/Hombre-busca-mujer/20701/158/?query=ayuda+economica
[14:22:51]   main IDs: 44
[14:55:12] LIST p159: https://www.locanto.com.pe/lima/Hombre-busca-mujer/20701/159/?query=ayuda+economica
[14:56:41]   main IDs: 43
[14:59:21] LIST p160: https://www.locanto.com.pe/lima/Hombre-busca-mujer/20701/160/?query=ayuda+economica
[15:00:25]   main IDs: 43
[15:02:55] LIST p161: https://www.locanto.com.pe/lima/Hombre-busca-mujer/20701/161/?query=ayuda+economica
[15:03:54]   main IDs: 43
[15:06:05] LIST p162: https://www.locanto.com.pe/lima/Hombre-busca-mujer/20701/162/?query=ayuda+economica
[15:07:02]   main IDs: 43
[15:09:38] LIST p163: https://www.locanto.com.pe/lima/Hombre-busca-mujer/20701/163/?query=ayuda+economica
[15:10:37]   main IDs: 43
[15:12:13] LIST p164: https://www.locanto.com.pe/lima/Hombre-busca-mujer/20701/164/?query=ayuda+economica
[15:13:06]   main IDs: 43
[15:14:41] LIST p165: https://www.locanto.com.pe/lima/Hombre-busca-mujer/20701/165/?query=ayuda+economica
[15:15:43]   main IDs: 43
[15:17:33] LIST p166: https://www.locanto.com.pe/lima/Hombre-busca-mujer/20701/166/?query=ayuda+economica
[15:18:09]   main IDs: 43
[15:20:09] LIST p167: https://www.locanto.com.pe/lima/Hombre-busca-mujer/20701/167/?query=ayuda+economica
[15:21:07]   main IDs: 43
[15:23:11] LIST p168: https://www.locanto.com.pe/lima/Hombre-busca-mujer/20701/168/?query=ayuda+economica
[15:23:51]   main IDs: 43
[15:25:37] LIST p169: https://www.locanto.com.pe/lima/Hombre-busca-mujer/20701/169/?query=ayuda+economica
[15:26:05]   main IDs: 43
[15:27:34] LIST p170: https://www.locanto.com.pe/lima/Hombre-busca-mujer/20701/170/?query=ayuda+economica
[15:28:11]   main IDs: 43
[15:29:42] LIST p171: https://www.locanto.com.pe/lima/Hombre-busca-mujer/20701/171/?query=ayuda+economica
[15:30:12]   main IDs: 43
[15:31:16] LIST p172: https://www.locanto.com.pe/lima/Hombre-busca-mujer/20701/172/?query=ayuda+economica
[15:31:46]   main IDs: 43
[15:32:47] LIST p173: https://www.locanto.com.pe/lima/Hombre-busca-mujer/20701/173/?query=ayuda+economica
[15:33:15]   main IDs: 43
[15:34:37] LIST p174: https://www.locanto.com.pe/lima/Hombre-busca-mujer/20701/174/?query=ayuda+economica
[15:34:59]   main IDs: 43
[15:35:53] LIST p175: https://www.locanto.com.pe/lima/Hombre-busca-mujer/20701/175/?query=ayuda+economica
[15:36:16]   main IDs: 43
[15:37:10] LIST p176: https://www.locanto.com.pe/lima/Hombre-busca-mujer/20701/176/?query=ayuda+economica
[15:37:35]   main IDs: 43
[15:38:28] LIST p177: https://www.locanto.com.pe/lima/Hombre-busca-mujer/20701/177/?query=ayuda+economica
[15:40:48]   main IDs: 43
[15:41:36] LIST p178: https://www.locanto.com.pe/lima/Hombre-busca-mujer/20701/178/?query=ayuda+economica
[15:42:02]   main IDs: 43
[15:42:52] LIST p179: https://www.locanto.com.pe/lima/Hombre-busca-mujer/20701/179/?query=ayuda+economica
[15:43:17]   main IDs: 43
[15:44:07] LIST p180: https://www.locanto.com.pe/lima/Hombre-busca-mujer/20701/180/?query=ayuda+economica
[15:44:33]   main IDs: 43
[16:00:24] LIST p181: https://www.locanto.com.pe/lima/Hombre-busca-mujer/20701/181/?query=ayuda+economica
[16:16:11]   main IDs: 43
[16:17:04]   + https://www.locanto.com.pe/lima/ID_8954183374/Alguien-que-me-pueda-ayu
[16:17:33]   + https://www.locanto.com.pe/lima/ID_8797245727/Caballero-busca-dama-de-
[16:17:56]   + https://www.locanto.com.pe/lima/ID_8438737083/Madre-soltera-en-busca-d
[16:19:27] LIST p182: https://www.locanto.com.pe/lima/Hombre-busca-mujer/20701/182/?query=ayuda+economica
[16:20:00]   main IDs: 43
[16:21:06] LIST p183: https://www.locanto.com.pe/lima/Hombre-busca-mujer/20701/183/?query=ayuda+economica
[16:21:23]   main IDs: 43
[16:22:30] LIST p184: https://www.locanto.com.pe/lima/Hombre-busca-mujer/20701/184/?query=ayuda+economica
[16:22:51]   main IDs: 43
[16:23:51] LIST p185: https://www.locanto.com.pe/lima/Hombre-busca-mujer/20701/185/?query=ayuda+economica
[16:24:11]   main IDs: 43
[16:25:10] LIST p186: https://www.locanto.com.pe/lima/Hombre-busca-mujer/20701/186/?query=ayuda+economica
[16:25:52]   main IDs: 43
[16:26:53] LIST p187: https://www.locanto.com.pe/lima/Hombre-busca-mujer/20701/187/?query=ayuda+economica
[16:27:31]   main IDs: 43
[16:28:23] LIST p188: https://www.locanto.com.pe/lima/Hombre-busca-mujer/20701/188/?query=ayuda+economica
[16:28:42]   main IDs: 43
[16:29:53] LIST p189: https://www.locanto.com.pe/lima/Hombre-busca-mujer/20701/189/?query=ayuda+economica
[16:30:30]   main IDs: 43
[16:31:26] LIST p190: https://www.locanto.com.pe/lima/Hombre-busca-mujer/20701/190/?query=ayuda+economica
[16:32:15]   main IDs: 43
[16:33:12] LIST p191: https://www.locanto.com.pe/lima/Hombre-busca-mujer/20701/191/?query=ayuda+economica
[16:33:32]   main IDs: 43
[16:34:33] LIST p192: https://www.locanto.com.pe/lima/Hombre-busca-mujer/20701/192/?query=ayuda+economica
[16:35:17]   main IDs: 43
[16:36:25] LIST p193: https://www.locanto.com.pe/lima/Hombre-busca-mujer/20701/193/?query=ayuda+economica
[16:36:49]   main IDs: 43
[16:37:56] LIST p194: https://www.locanto.com.pe/lima/Hombre-busca-mujer/20701/194/?query=ayuda+economica
[16:38:17]   main IDs: 43
[16:39:09] LIST p195: https://www.locanto.com.pe/lima/Hombre-busca-mujer/20701/195/?query=ayuda+economica
[16:39:29]   main IDs: 43
[16:40:24] LIST p196: https://www.locanto.com.pe/lima/Hombre-busca-mujer/20701/196/?query=ayuda+economica
[16:41:07]   main IDs: 43
[16:42:15] LIST p197: https://www.locanto.com.pe/lima/Hombre-busca-mujer/20701/197/?query=ayuda+economica
[16:43:35]   main IDs: 43
[16:44:33] LIST p198: https://www.locanto.com.pe/lima/Hombre-busca-mujer/20701/198/?query=ayuda+economica
[16:44:53]   main IDs: 43
[16:45:53] LIST p199: https://www.locanto.com.pe/lima/Hombre-busca-mujer/20701/199/?query=ayuda+economica
[16:46:22]   main IDs: 43
[16:47:32] LIST p200: https://www.locanto.com.pe/lima/Hombre-busca-mujer/20701/200/?query=ayuda+economica
[16:47:51]   main IDs: 43
[16:48:54] LIST p201: https://www.locanto.com.pe/lima/Hombre-busca-mujer/20701/201/?query=ayuda+economica
[16:49:27]   main IDs: 43
[16:50:14] LIST p202: https://www.locanto.com.pe/lima/Hombre-busca-mujer/20701/202/?query=ayuda+economica
[16:50:38]   main IDs: 43
[16:51:29] LIST p203: https://www.locanto.com.pe/lima/Hombre-busca-mujer/20701/203/?query=ayuda+economica
[16:51:57]   main IDs: 43
[16:53:00] LIST p204: https://www.locanto.com.pe/lima/Hombre-busca-mujer/20701/204/?query=ayuda+economica
[16:53:18]   main IDs: 43
[16:54:11] LIST p205: https://www.locanto.com.pe/lima/Hombre-busca-mujer/20701/205/?query=ayuda+economica
[16:57:34]   main IDs: 43
[16:58:29] LIST p206: https://www.locanto.com.pe/lima/Hombre-busca-mujer/20701/206/?query=ayuda+economica
[16:58:55]   main IDs: 43
[16:59:54] LIST p207: https://www.locanto.com.pe/lima/Hombre-busca-mujer/20701/207/?query=ayuda+economica
[17:21:23]   main IDs: 43
[17:47:10] LIST p208: https://www.locanto.com.pe/lima/Hombre-busca-mujer/20701/208/?query=ayuda+economica
[17:49:42]   main IDs: 43
[17:49:43] LIST p209: https://www.locanto.com.pe/lima/Hombre-busca-mujer/20701/209/?query=ayuda+economica
[17:50:03]   main IDs: 43
[17:50:03] LIST p210: https://www.locanto.com.pe/lima/Hombre-busca-mujer/20701/210/?query=ayuda+economica
[17:50:28]   main IDs: 43
[17:50:28] LIST p211: https://www.locanto.com.pe/lima/Hombre-busca-mujer/20701/211/?query=ayuda+economica
[17:50:52]   main IDs: 43
[17:50:52] LIST p212: https://www.locanto.com.pe/lima/Hombre-busca-mujer/20701/212/?query=ayuda+economica
[17:51:11]   main IDs: 43
[17:51:12] LIST p213: https://www.locanto.com.pe/lima/Hombre-busca-mujer/20701/213/?query=ayuda+economica
[17:51:40]   main IDs: 43
[17:51:40] LIST p214: https://www.locanto.com.pe/lima/Hombre-busca-mujer/20701/214/?query=ayuda+economica
[17:51:58]   main IDs: 43
[17:51:58] LIST p215: https://www.locanto.com.pe/lima/Hombre-busca-mujer/20701/215/?query=ayuda+economica
[17:52:26]   main IDs: 43
[17:52:26] LIST p216: https://www.locanto.com.pe/lima/Hombre-busca-mujer/20701/216/?query=ayuda+economica
[17:52:51]   main IDs: 43
[17:52:52] LIST p217: https://www.locanto.com.pe/lima/Hombre-busca-mujer/20701/217/?query=ayuda+economica
[17:53:13]   main IDs: 43
[17:53:13] LIST p218: https://www.locanto.com.pe/lima/Hombre-busca-mujer/20701/218/?query=ayuda+economica
[17:56:56]   main IDs: 43
[17:56:56] LIST p219: https://www.locanto.com.pe/lima/Hombre-busca-mujer/20701/219/?query=ayuda+economica
[17:57:30]   main IDs: 43
[17:57:30] LIST p220: https://www.locanto.com.pe/lima/Hombre-busca-mujer/20701/220/?query=ayuda+economica
[17:58:01]   main IDs: 43
[17:58:01] LIST p221: https://www.locanto.com.pe/lima/Hombre-busca-mujer/20701/221/?query=ayuda+economica
[17:58:29]   main IDs: 43
[17:58:29] LIST p222: https://www.locanto.com.pe/lima/Hombre-busca-mujer/20701/222/?query=ayuda+economica
[17:58:56]   main IDs: 43
[17:58:56] LIST p223: https://www.locanto.com.pe/lima/Hombre-busca-mujer/20701/223/?query=ayuda+economica
[17:59:56]   main IDs: 43
[17:59:56] LIST p224: https://www.locanto.com.pe/lima/Hombre-busca-mujer/20701/224/?query=ayuda+economica
[18:00:30]   main IDs: 43
[18:00:30] LIST p225: https://www.locanto.com.pe/lima/Hombre-busca-mujer/20701/225/?query=ayuda+economica
[18:00:56]   main IDs: 43
[18:00:56] LIST p226: https://www.locanto.com.pe/lima/Hombre-busca-mujer/20701/226/?query=ayuda+economica
[18:27:08]   main IDs: 43
[18:27:08] LIST p227: https://www.locanto.com.pe/lima/Hombre-busca-mujer/20701/227/?query=ayuda+economica
[18:27:33]   main IDs: 43
[18:28:29]   + https://www.locanto.com.pe/lima/ID_8907366728/Necesito-apoyo-economico
[18:28:30] LIST p228: https://www.locanto.com.pe/lima/Hombre-busca-mujer/20701/228/?query=ayuda+economica
[18:29:09]   main IDs: 43
[18:29:43] LIST p229: https://www.locanto.com.pe/lima/Hombre-busca-mujer/20701/229/?query=ayuda+economica
[18:30:09]   main IDs: 43
[18:30:44] LIST p230: https://www.locanto.com.pe/lima/Hombre-busca-mujer/20701/230/?query=ayuda+economica
[18:31:38]   main IDs: 43
[18:36:36] LIST p231: https://www.locanto.com.pe/lima/Hombre-busca-mujer/20701/231/?query=ayuda+economica
[18:37:07]   main IDs: 43
[18:37:54] LIST p232: https://www.locanto.com.pe/lima/Hombre-busca-mujer/20701/232/?query=ayuda+economica
[18:38:25]   main IDs: 43
[18:39:49] LIST p233: https://www.locanto.com.pe/lima/Hombre-busca-mujer/20701/233/?query=ayuda+economica
[18:43:01]   main IDs: 43
[18:44:05] LIST p234: https://www.locanto.com.pe/lima/Hombre-busca-mujer/20701/234/?query=ayuda+economica
[18:44:39]   main IDs: 43
[18:45:37] LIST p235: https://www.locanto.com.pe/lima/Hombre-busca-mujer/20701/235/?query=ayuda+economica
[18:46:08]   main IDs: 43
[18:46:57] LIST p236: https://www.locanto.com.pe/lima/Hombre-busca-mujer/20701/236/?query=ayuda+economica
[18:51:36]   main IDs: 43
[18:55:47] LIST p237: https://www.locanto.com.pe/lima/Hombre-busca-mujer/20701/237/?query=ayuda+economica
[18:56:26]   main IDs: 43
[18:57:19] LIST p238: https://www.locanto.com.pe/lima/Hombre-busca-mujer/20701/238/?query=ayuda+economica
[18:58:00]   main IDs: 43
[19:03:38] LIST p239: https://www.locanto.com.pe/lima/Hombre-busca-mujer/20701/239/?query=ayuda+economica
[19:04:09]   main IDs: 43
[19:05:09] LIST p240: https://www.locanto.com.pe/lima/Hombre-busca-mujer/20701/240/?query=ayuda+economica
[19:05:33]   main IDs: 43
[19:06:54] LIST p241: https://www.locanto.com.pe/lima/Hombre-busca-mujer/20701/241/?query=ayuda+economica
[19:07:20]   main IDs: 43
[19:08:25] LIST p242: https://www.locanto.com.pe/lima/Hombre-busca-mujer/20701/242/?query=ayuda+economica
[19:08:51]   main IDs: 43
[19:09:44] LIST p243: https://www.locanto.com.pe/lima/Hombre-busca-mujer/20701/243/?query=ayuda+economica
[19:10:16]   main IDs: 43
[19:11:06] LIST p244: https://www.locanto.com.pe/lima/Hombre-busca-mujer/20701/244/?query=ayuda+economica
[19:11:34]   main IDs: 43
[19:12:31] LIST p245: https://www.locanto.com.pe/lima/Hombre-busca-mujer/20701/245/?query=ayuda+economica
[19:12:58]   main IDs: 43
[19:13:41] LIST p246: https://www.locanto.com.pe/lima/Hombre-busca-mujer/20701/246/?query=ayuda+economica
[19:14:12]   main IDs: 43
[19:14:56] LIST p247: https://www.locanto.com.pe/lima/Hombre-busca-mujer/20701/247/?query=ayuda+economica
[19:15:25]   main IDs: 43
[19:16:24] LIST p248: https://www.locanto.com.pe/lima/Hombre-busca-mujer/20701/248/?query=ayuda+economica
[19:16:58]   main IDs: 43
[19:17:36] LIST p249: https://www.locanto.com.pe/lima/Hombre-busca-mujer/20701/249/?query=ayuda+economica
[19:18:02]   main IDs: 43
[19:19:23] DONE Lima high added=6
