[13:31:34] START lima more (main cards ONLY)
[13:31:34] base=https://www.locanto.com.pe/lima/Hombre-busca-mujer/20701
[13:31:34] p80
[13:32:35]   IDs: 43
[13:33:11]   +added
[13:33:52]   +added
[13:34:39]   +added
[13:34:40] p81
[13:35:20]   IDs: 43
[13:35:20] p82
[13:36:18]   IDs: 44
[13:37:13]   +added
[13:38:07]   +added
[13:41:31] p83
[13:42:30]   IDs: 44
[13:46:03] p84
[13:47:00]   IDs: 44
[13:52:09] p85
[13:53:05]   IDs: 44
[13:56:54] p86
[13:58:02]   IDs: 44
[14:01:37] p87
[14:02:20]   IDs: 44
[14:23:51] p88
[14:26:09]   IDs: 44
[14:57:42] p89
[14:58:45]   IDs: 43
[15:01:20] p90
[15:02:19]   IDs: 43
[15:04:56] p91
[15:05:34]   IDs: 43
[15:07:57] p92
[15:08:57]   IDs: 43
[15:10:59] p93
[15:11:56]   IDs: 43
[15:14:27] p94
[15:15:26]   IDs: 43
[15:17:16] p95
[15:18:11]   IDs: 43
[15:19:56] p96
[15:20:53]   IDs: 43
[15:22:34] p97
[15:23:05]   IDs: 43
[15:25:11] p98
[15:25:39]   IDs: 43
[15:27:19] p99
[15:28:04]   IDs: 43
[15:29:17] p100
[15:29:59]   IDs: 43
[15:31:07] p101
[15:31:39]   IDs: 43
[15:32:55] p102
[15:33:21]   IDs: 43
[15:35:05] p103
[15:35:32]   IDs: 43
[15:36:28] p104
[15:36:53]   IDs: 43
[15:37:48] p105
[15:38:13]   IDs: 43
[15:39:00] p106
[15:39:20]   IDs: 43
[15:40:07] p107
[15:41:00]   IDs: 43
[15:41:47] p108
[15:42:08]   IDs: 43
[15:43:09] p109
[15:43:40]   IDs: 43
[15:44:26] p110
[15:44:47]   IDs: 43
[16:16:29] p111
[16:17:40]   IDs: 43
[16:18:36]   +added
[16:19:05]   +added
[16:19:27]   +added
[16:19:58] p112
[16:20:19]   IDs: 43
[16:20:53] p113
[16:21:13]   IDs: 43
[16:21:56] p114
[16:22:22]   IDs: 43
[16:23:04] p115
[16:23:38]   IDs: 43
[16:24:31] p116
[16:25:02]   IDs: 43
[16:25:58] p117
[16:26:29]   IDs: 43
[16:27:10] p118
[16:27:37]   IDs: 43
[16:28:26] p119
[16:29:16]   IDs: 43
[16:30:09] p120
[16:30:39]   IDs: 43
[16:31:22] p121
[16:31:46]   IDs: 43
[16:32:40] p122
[16:32:59]   IDs: 43
[16:33:46] p123
[16:34:05]   IDs: 43
[16:34:56] p124
[16:35:24]   IDs: 43
[16:36:18] p125
[16:36:45]   IDs: 43
[16:37:26] p126
[16:38:06]   IDs: 43
[16:39:00] p127
[16:39:18]   IDs: 43
[16:40:05] p128
[16:40:26]   IDs: 43
[16:41:11] p129
[16:41:31]   IDs: 43
[16:42:19] p130
[16:42:39]   IDs: 43
[16:43:35] p131
[16:43:56]   IDs: 43
[16:44:40] p132
[16:45:15]   IDs: 43
[16:46:01] p133
[16:46:26]   IDs: 43
[16:47:18] p134
[16:47:40]   IDs: 43
[16:48:33] p135
[16:49:07]   IDs: 43
[16:49:50] p136
[16:50:34]   IDs: 43
[16:51:06] p137
[16:51:50]   IDs: 43
[16:52:45] p138
[16:53:37]   IDs: 43
[16:54:26] p139
[16:56:16]   IDs: 43
[16:57:03] p140
[16:57:24]   IDs: 43
[16:58:14] p141
[16:58:32]   IDs: 43
[16:59:14] p142
[16:59:56]   IDs: 43
[17:00:43] p143
[17:01:03]   IDs: 43
[17:18:13] p144
[17:53:02]   IDs: 43
[17:53:20] p145
[17:53:42]   IDs: 43
[17:53:58] p146
[17:55:44]   IDs: 43
[17:56:06] p147
[17:56:28]   IDs: 43
[17:56:46] p148
[17:57:17]   IDs: 43
[17:57:38] p149
[17:58:23]   IDs: 43
[17:58:43] DONE lima added=8
