[13:36:08] START huancavelica keep collecting (main cards ONLY, tuned)
[13:36:08] base=https://www.locanto.com.pe/huancavelica/Hombre-busca-mujer/20701
[13:36:08] p1
[13:37:11]   IDs: 9
[13:37:58]   +added
[13:38:39]   +added
[13:39:28]   +added
[13:40:21]   +added
[13:41:14]   +added
[13:42:03]   +added
[13:42:56]   +added
[13:43:45]   +added
[13:44:43]   +added
[13:44:43] p2
[13:45:42]   IDs: 9
[13:45:42] p3
[13:46:32]   IDs: 9
[13:46:33] p4
[13:47:31]   IDs: 9
[13:47:31] p5
[13:48:27]   IDs: 9
[13:48:28] p6
[13:49:40]   IDs: 9
[13:49:41] p7
[13:50:58]   IDs: 9
[13:50:58] p8
[13:52:14]   IDs: 9
[13:52:14] p9
[13:53:28]   IDs: 9
[13:53:28] p10
[13:54:33]   IDs: 9
[13:54:34] p11
[13:55:32]   IDs: 9
[13:55:32] p12
[13:56:29]   IDs: 9
[13:56:29] p13
[13:57:29]   IDs: 9
[13:57:30] p14
[13:58:22]   IDs: 9
[13:58:23] p15
[13:59:26]   IDs: 9
[13:59:26] p16
[14:00:22]   IDs: 9
[14:00:23] p17
[14:01:21]   IDs: 9
[14:01:21] p18
[14:02:19]   IDs: 9
[14:02:19] p19
[14:03:09]   IDs: 9
[14:03:09] p20
[14:19:17]   IDs: 9
[14:19:17] p21
[14:22:12]   IDs: 9
[14:22:12] p22
[14:24:08]   IDs: 9
[14:24:08] p23
[14:25:59]   IDs: 9
[14:26:00] p24
[14:55:11]   IDs: 9
[14:55:12] p25
[14:56:34]   IDs: 9
[14:56:34] p26
[14:57:32]   IDs: 9
[14:57:33] p27
[14:58:40]   IDs: 9
[14:58:40] p28
[14:59:45]   IDs: 9
[14:59:45] p29
[15:00:41]   IDs: 9
[15:00:41] p30
[15:01:40]   IDs: 9
[15:01:40] p31
[15:02:33]   IDs: 9
[15:02:33] p32
[15:03:29]   IDs: 9
[15:03:29] p33
[15:04:32]   IDs: 9
[15:04:32] p34
[15:05:32]   IDs: 9
[15:05:32] p35
[15:06:05]   IDs: 9
[15:06:05] p36
[15:07:06]   IDs: 9
[15:07:06] p37
[15:08:09]   IDs: 9
[15:08:09] p38
[15:09:08]   IDs: 9
[15:09:08] p39
[15:10:09]   IDs: 9
[15:10:09] p40
[15:11:09]   IDs: 9
[15:11:10] p41
[15:12:07]   IDs: 9
[15:12:07] p42
[15:13:07]   IDs: 9
[15:13:07] p43
[15:13:31]   IDs: 9
[15:13:31] p44
[15:14:21]   IDs: 9
[15:14:21] p45
[15:15:05]   IDs: 9
[15:15:06] p46
[15:15:39]   IDs: 9
[15:15:40] p47
[15:16:22]   IDs: 9
[15:16:22] p48
[15:17:16]   IDs: 9
[15:17:16] p49
[15:18:09]   IDs: 9
[15:18:09] DONE huancavelica added=9
