[13:30:17] START trujillo v3 section list crawl (main cards ONLY, tuned)
[13:30:17] base=https://www.locanto.com.pe/trujillo/Hombre-busca-mujer/20701
[13:30:17] LIST p1: https://www.locanto.com.pe/trujillo/Hombre-busca-mujer/20701/1/?query=ayuda+economica
[13:30:46]   main IDs: 46
[13:32:05]   + https://www.locanto.com.pe/trujillo/ID_7638712943/COMINICARSE-SOLO-MUJ
[13:32:46]   + https://www.locanto.com.pe/trujillo/ID_7729674694/Ayuda-economica-Para
[13:33:18]   + https://www.locanto.com.pe/trujillo/ID_8199719249/Brindo-ayuda-o-apoyo
[13:33:39]   + https://www.locanto.com.pe/trujillo/ID_8085769747/Hombre-solvente-da-a
[13:34:10]   + https://www.locanto.com.pe/trujillo/ID_8089143995/Doy-ayuda-economica-
[13:35:01]   + https://www.locanto.com.pe/trujillo/ID_7830685360/Doy-ayuda-economica-
[13:35:53]   + https://www.locanto.com.pe/trujillo/ID_7826564194/Ayuda-Economica-a-mu
[13:36:46]   + https://www.locanto.com.pe/trujillo/ID_8721112750/Ayuda-Economica-en-T
[13:37:37]   + https://www.locanto.com.pe/trujillo/ID_8507927242/Busco-amiga-para-pas
[13:38:31]   + https://www.locanto.com.pe/trujillo/ID_7545047225/Ayuda-economica-a-ma
[13:38:58]   + https://www.locanto.com.pe/trujillo/ID_8571289382/Hombre-maduro-busca-
[13:39:53]   + https://www.locanto.com.pe/trujillo/ID_8942121221/Doy-ayuda-economica-
[13:40:42]   + https://www.locanto.com.pe/trujillo/ID_8942104037/Brindo-ayuda-economi
[13:41:41]   + https://www.locanto.com.pe/trujillo/ID_8062503448/AYUDA-ECONOMICA-SENO
[13:42:33]   + https://www.locanto.com.pe/trujillo/ID_7506012277/Ayuda-economica-en-T
[13:43:35]   + https://www.locanto.com.pe/trujillo/ID_8300662889/Ayuda-economica-a-mu
[13:44:17]   + https://www.locanto.com.pe/trujillo/ID_8466770288/Brindo-ayuda-economi
[13:44:55]   + https://www.locanto.com.pe/trujillo/ID_7934935499/BRINDO-AYUDA-ECONOMI
[13:44:55] LIST p2: https://www.locanto.com.pe/trujillo/Hombre-busca-mujer/20701/2/?query=ayuda+economica
[13:45:40]   main IDs: 47
[13:46:30]   + https://www.locanto.com.pe/trujillo/ID_7598185042/Doy-ayuda-economica-
[13:47:21]   + https://www.locanto.com.pe/trujillo/ID_7698592474/Soy-hombre-de-25-ano
[13:48:01]   + https://www.locanto.com.pe/trujillo/ID_7624118134/Brindo-ayuda-economi
[13:48:55]   + https://www.locanto.com.pe/trujillo/ID_8147904370/Ayuda-economica-para
[13:50:14]   + https://www.locanto.com.pe/trujillo/ID_8865285936/Brindo-ayuda-economi
[13:52:56]   + https://www.locanto.com.pe/trujillo/ID_8144193869/AYUDA-ECONOMICA-TOTA
[13:53:45]   + https://www.locanto.com.pe/trujillo/ID_8861540799/Brindo-ayuda-economi
[13:54:30]   + https://www.locanto.com.pe/trujillo/ID_8436960449/Doy-ayuda-economica-
[13:55:20]   + https://www.locanto.com.pe/trujillo/ID_8411032298/Busco-mama-soltera-p
[13:56:14]   + https://www.locanto.com.pe/trujillo/ID_8628311753/Entrego-ayuda-a-muje
[13:56:52]   + https://www.locanto.com.pe/trujillo/ID_5228349149/Ayuda-economica-para
[13:57:48]   + https://www.locanto.com.pe/trujillo/ID_6567437408/Ayuda-economica-para
[13:58:41]   + https://www.locanto.com.pe/trujillo/ID_7239657548/Ayuda-economica-para
[13:59:33]   + https://www.locanto.com.pe/trujillo/ID_7066401301/Ayuda-economica-a-Sr
[14:00:27]   + https://www.locanto.com.pe/trujillo/ID_7701652669/AYUDA-ECONOMICA-A-SE
[14:01:19]   + https://www.locanto.com.pe/trujillo/ID_7880156918/Maduro-muy-discreto-
[14:02:11]   + https://www.locanto.com.pe/trujillo/ID_8009882012/busco-chica-de-18-a-
[14:02:38]   + https://www.locanto.com.pe/trujillo/ID_7906311200/Apoyo-Ayuda-economic
[14:03:32]   + https://www.locanto.com.pe/trujillo/ID_7872772958/Ayuda-economica-Truj
[14:20:25]   + https://www.locanto.com.pe/trujillo/ID_8613415276/Busco-chica-para-ayu
[14:22:29]   + https://www.locanto.com.pe/trujillo/ID_8610519103/Ayuda-economica-para
[14:24:27]   + https://www.locanto.com.pe/trujillo/ID_8242296285/Doy-ayuda-economica-
[14:25:57]   + https://www.locanto.com.pe/trujillo/ID_8595697975/Busco-pasarla-bien-e
[14:42:07]   + https://www.locanto.com.pe/trujillo/ID_8000839583/Busco-senoras-doy-ay
[14:42:07] LIST p3: https://www.locanto.com.pe/trujillo/Hombre-busca-mujer/20701/3/?query=ayuda+economica
[14:56:04]   main IDs: 45
[14:56:59]   + https://www.locanto.com.pe/trujillo/ID_6956399851/Busco-senorita-de-ca
[14:57:30]   + https://www.locanto.com.pe/trujillo/ID_6535421861/Estoy-entregando-ayu
[14:58:24]   + https://www.locanto.com.pe/trujillo/ID_6783681040/Doy-ayuda-economica-
[14:59:15]   + https://www.locanto.com.pe/trujillo/ID_7326930196/brindo-ayuda-economi
[15:00:10]   + https://www.locanto.com.pe/trujillo/ID_7199916505/BRINDO-AYUDA-ECONOMI
[15:00:56]   + https://www.locanto.com.pe/trujillo/ID_9028861950/Doy-ayuda-economica-
[15:01:35]   + https://www.locanto.com.pe/trujillo/ID_7557486354/Doy-ayuda-economica-
[15:02:09]   + https://www.locanto.com.pe/trujillo/ID_7070205657/Entrego-ayuda-econom
[15:02:55]   + https://www.locanto.com.pe/trujillo/ID_7199916421/DOY-AYUDA-ECONOMICA-
[15:03:29]   + https://www.locanto.com.pe/trujillo/ID_7752934951/Brindo-ayuda-economi
[15:04:21]   + https://www.locanto.com.pe/trujillo/ID_7548156979/DOY-AYUDA-A-MUJER-SO
[15:04:56]   + https://www.locanto.com.pe/trujillo/ID_7654759423/Ayuda-economica-a-mu
[15:05:51]   + https://www.locanto.com.pe/trujillo/ID_8768259882/Ofrezco-ayuda-econom
[15:06:15]   + https://www.locanto.com.pe/trujillo/ID_7329395830/Doy-ayuda-economica-
[15:07:04]   + https://www.locanto.com.pe/trujillo/ID_7554809490/Ayuda-economica-a-se
[15:07:56]   + https://www.locanto.com.pe/trujillo/ID_8247399891/brindo-ayuda-economi
[15:08:47]   + https://www.locanto.com.pe/trujillo/ID_7076003831/ENTREGO-AYUDA-ECONOM
[15:09:39]   + https://www.locanto.com.pe/trujillo/ID_7562134974/Doy-ayuda-economica-
[15:10:32]   + https://www.locanto.com.pe/trujillo/ID_7562160276/DOY-AYUDA-ECONOMICA-
[15:11:22]   + https://www.locanto.com.pe/trujillo/ID_7562160678/HOLA-SENORITA-SOY-MI
[15:11:58]   + https://www.locanto.com.pe/trujillo/ID_8219702812/Brindo-ayudar-econom
[15:12:42]   + https://www.locanto.com.pe/trujillo/ID_7323881473/DOY-AYUDA-ECONOMICA-
[15:13:31]   + https://www.locanto.com.pe/trujillo/ID_7548266368/HOLA-SENORITAS-YO-LE
[15:14:23]   + https://www.locanto.com.pe/trujillo/ID_7548283243/Brindo-ayuda-economi
[15:14:23] LIST p4: https://www.locanto.com.pe/trujillo/Hombre-busca-mujer/20701/4/?query=ayuda+economica
[15:15:17]   main IDs: 48
[15:15:53]   + https://www.locanto.com.pe/trujillo/ID_8193446986/Ayuda-economica-para
[15:16:25]   + https://www.locanto.com.pe/trujillo/ID_7318312033/DOY-AYUDA-ECONOMICA-
[15:16:49]   + https://www.locanto.com.pe/trujillo/ID_7199917606/DOY-AYUDA-ECONOMICA-
[15:17:33]   + https://www.locanto.com.pe/trujillo/ID_7726548267/Ayuda-economica-a-mu
[15:18:27]   + https://www.locanto.com.pe/trujillo/ID_8068185067/Doy-ayuda-economica-
[15:18:52]   + https://www.locanto.com.pe/trujillo/ID_4395324425/Brindo-ayuda-economi
[15:19:27]   + https://www.locanto.com.pe/trujillo/ID_7629175997/HOLA-CHICAS-LES-PUED
[15:19:53]   + https://www.locanto.com.pe/trujillo/ID_6535459478/DOY-AYUDA-ECONOMICA-
[15:20:14]   + https://www.locanto.com.pe/trujillo/ID_6774822538/Doy-ayuda-economica-
[15:20:35]   + https://www.locanto.com.pe/trujillo/ID_8188521547/Entrego-ayuda-econom
[15:21:00]   + https://www.locanto.com.pe/trujillo/ID_7625834348/Ayuda-economica-a-ca
[15:21:23]   + https://www.locanto.com.pe/trujillo/ID_8188637297/ENTREGO-AYUDA-A-MUJE
[15:22:14]   + https://www.locanto.com.pe/trujillo/ID_6774821966/DOY-AYUDA-ECONOMICA-
[15:22:52]   + https://www.locanto.com.pe/trujillo/ID_6774822035/Doy-ayuda-economica-
[15:22:53] DONE trujillo: added=80
