[13:30:24] START tacna v3 section list crawl (main cards ONLY, tuned)
[13:30:24] base=https://www.locanto.com.pe/tacna/Hombre-busca-mujer/20701
[13:30:24] LIST p1: https://www.locanto.com.pe/tacna/Hombre-busca-mujer/20701/1/?query=ayuda+economica
[13:31:25]   main IDs: 37
[13:32:13]   + https://www.locanto.com.pe/tacna/ID_8186279129/Apoyo-para-Madres-solte
[13:32:46]   + https://www.locanto.com.pe/tacna/ID_8289629338/BUEN-DIA-BRINDO-APOYO-E
[13:33:41]   + https://www.locanto.com.pe/tacna/ID_8357201794/Ayuda-economica.html
[13:34:18]   + https://www.locanto.com.pe/tacna/ID_7687341769/SE-DA-APOYO-A-SENORITA.
[13:35:06]   + https://www.locanto.com.pe/tacna/ID_8353904303/Solo-mujeres-tetonas-qu
[13:35:29]   + https://www.locanto.com.pe/tacna/ID_7581962974/Ayuda-economica-a-chica
[13:35:57]   + https://www.locanto.com.pe/tacna/ID_7720186218/SE-APOYA-A-SENORITA.htm
[13:36:37]   + https://www.locanto.com.pe/tacna/ID_8213019958/Senorita-de-19-anos-bus
[13:37:30]   + https://www.locanto.com.pe/tacna/ID_7535667569/Necesito-ayuda-economic
[13:38:22]   + https://www.locanto.com.pe/tacna/ID_8090673437/Brindo-ayuda-economica-
[13:39:12]   + https://www.locanto.com.pe/tacna/ID_3789652217/Apoyo-para-una-sola-per
[13:41:15]   + https://www.locanto.com.pe/tacna/ID_8085714647/Apoyo-economico.html
[13:42:09]   + https://www.locanto.com.pe/tacna/ID_8085241026/Se-ofrece-ayuda-economi
[13:42:57]   + https://www.locanto.com.pe/tacna/ID_6798332872/Brindo-ayuda-economica-
[13:43:49]   + https://www.locanto.com.pe/tacna/ID_8304060212/Universitaria-busca-apo
[13:44:33]   + https://www.locanto.com.pe/tacna/ID_7654852742/Se-brinda-apoyo-economi
[13:45:25]   + https://www.locanto.com.pe/tacna/ID_7920980907/Se-ofrece-ayuda-economi
[13:45:58]   + https://www.locanto.com.pe/tacna/ID_6642517209/Se-busca-chica-de-18-a-
[13:46:45]   + https://www.locanto.com.pe/tacna/ID_7711993683/Ayuda-Economica-a-Senor
[13:47:14]   + https://www.locanto.com.pe/tacna/ID_7112521386/Apoyo-Economico-Senorit
[13:48:02]   + https://www.locanto.com.pe/tacna/ID_7710206256/Doy-ayuda-economica-a-s
[13:48:55]   + https://www.locanto.com.pe/tacna/ID_8164003330/ESTUDIANTE-UNIVERSITARI
[13:50:13]   + https://www.locanto.com.pe/tacna/ID_8172178484/Ayuda-economica-a-senor
[13:51:40] LIST p2: https://www.locanto.com.pe/tacna/Hombre-busca-mujer/20701/2/?query=ayuda+economica
[13:52:51]   main IDs: 37
[13:54:05]   + https://www.locanto.com.pe/tacna/ID_8032641378/Chico-de-33-anos-brinda
[13:54:06] LIST p3: https://www.locanto.com.pe/tacna/Hombre-busca-mujer/20701/3/?query=ayuda+economica
[13:55:11]   main IDs: 37
[13:55:35] LIST p4: https://www.locanto.com.pe/tacna/Hombre-busca-mujer/20701/4/?query=ayuda+economica
[13:56:25]   main IDs: 37
[13:57:22] LIST p5: https://www.locanto.com.pe/tacna/Hombre-busca-mujer/20701/5/?query=ayuda+economica
[13:58:06]   main IDs: 37
[13:59:02] LIST p6: https://www.locanto.com.pe/tacna/Hombre-busca-mujer/20701/6/?query=ayuda+economica
[14:00:06]   main IDs: 37
[14:00:54] LIST p7: https://www.locanto.com.pe/tacna/Hombre-busca-mujer/20701/7/?query=ayuda+economica
[14:02:00]   main IDs: 37
[14:02:38] LIST p8: https://www.locanto.com.pe/tacna/Hombre-busca-mujer/20701/8/?query=ayuda+economica
[14:03:38]   main IDs: 37
[14:20:29] LIST p9: https://www.locanto.com.pe/tacna/Hombre-busca-mujer/20701/9/?query=ayuda+economica
[14:22:48]   main IDs: 37
[14:24:37] LIST p10: https://www.locanto.com.pe/tacna/Hombre-busca-mujer/20701/10/?query=ayuda+economica
[14:25:59]   main IDs: 37
[14:42:10] LIST p11: https://www.locanto.com.pe/tacna/Hombre-busca-mujer/20701/11/?query=ayuda+economica
[14:56:26]   main IDs: 37
[14:57:15] LIST p12: https://www.locanto.com.pe/tacna/Hombre-busca-mujer/20701/12/?query=ayuda+economica
[14:58:14]   main IDs: 37
[14:58:57] LIST p13: https://www.locanto.com.pe/tacna/Hombre-busca-mujer/20701/13/?query=ayuda+economica
[14:59:39]   main IDs: 37
[15:00:27] LIST p14: https://www.locanto.com.pe/tacna/Hombre-busca-mujer/20701/14/?query=ayuda+economica
[15:01:11]   main IDs: 37
[15:01:52] LIST p15: https://www.locanto.com.pe/tacna/Hombre-busca-mujer/20701/15/?query=ayuda+economica
[15:02:51]   main IDs: 37
[15:03:38] LIST p16: https://www.locanto.com.pe/tacna/Hombre-busca-mujer/20701/16/?query=ayuda+economica
[15:04:40]   main IDs: 37
[15:05:09] LIST p17: https://www.locanto.com.pe/tacna/Hombre-busca-mujer/20701/17/?query=ayuda+economica
[15:05:48]   main IDs: 37
[15:06:37] LIST p18: https://www.locanto.com.pe/tacna/Hombre-busca-mujer/20701/18/?query=ayuda+economica
[15:07:34]   main IDs: 37
[15:08:30] LIST p19: https://www.locanto.com.pe/tacna/Hombre-busca-mujer/20701/19/?query=ayuda+economica
[15:09:32]   main IDs: 37
[15:10:09] LIST p20: https://www.locanto.com.pe/tacna/Hombre-busca-mujer/20701/20/?query=ayuda+economica
[15:11:14]   main IDs: 37
[15:12:04] LIST p21: https://www.locanto.com.pe/tacna/Hombre-busca-mujer/20701/21/?query=ayuda+economica
[15:12:59]   main IDs: 37
[15:13:25] LIST p22: https://www.locanto.com.pe/tacna/Hombre-busca-mujer/20701/22/?query=ayuda+economica
[15:14:23]   main IDs: 37
[15:15:06] LIST p23: https://www.locanto.com.pe/tacna/Hombre-busca-mujer/20701/23/?query=ayuda+economica
[15:16:04]   main IDs: 37
[15:16:53] LIST p24: https://www.locanto.com.pe/tacna/Hombre-busca-mujer/20701/24/?query=ayuda+economica
[15:17:47]   main IDs: 37
[15:18:33] LIST p25: https://www.locanto.com.pe/tacna/Hombre-busca-mujer/20701/25/?query=ayuda+economica
[15:19:29]   main IDs: 37
[15:19:55] LIST p26: https://www.locanto.com.pe/tacna/Hombre-busca-mujer/20701/26/?query=ayuda+economica
[15:20:54]   main IDs: 37
[15:21:18] LIST p27: https://www.locanto.com.pe/tacna/Hombre-busca-mujer/20701/27/?query=ayuda+economica
[15:22:14]   main IDs: 37
[15:23:02] LIST p28: https://www.locanto.com.pe/tacna/Hombre-busca-mujer/20701/28/?query=ayuda+economica
[15:23:34]   main IDs: 37
[15:24:07] LIST p29: https://www.locanto.com.pe/tacna/Hombre-busca-mujer/20701/29/?query=ayuda+economica
[15:25:00]   main IDs: 37
[15:25:41] LIST p30: https://www.locanto.com.pe/tacna/Hombre-busca-mujer/20701/30/?query=ayuda+economica
[15:26:29]   main IDs: 37
[15:26:59] LIST p31: https://www.locanto.com.pe/tacna/Hombre-busca-mujer/20701/31/?query=ayuda+economica
[15:27:40]   main IDs: 37
[15:28:03] LIST p32: https://www.locanto.com.pe/tacna/Hombre-busca-mujer/20701/32/?query=ayuda+economica
[15:28:53]   main IDs: 37
[15:29:30] LIST p33: https://www.locanto.com.pe/tacna/Hombre-busca-mujer/20701/33/?query=ayuda+economica
[15:30:16]   main IDs: 37
[15:30:34] LIST p34: https://www.locanto.com.pe/tacna/Hombre-busca-mujer/20701/34/?query=ayuda+economica
[15:30:58]   main IDs: 37
[15:31:28] LIST p35: https://www.locanto.com.pe/tacna/Hombre-busca-mujer/20701/35/?query=ayuda+economica
[15:32:06]   main IDs: 37
[15:32:27] LIST p36: https://www.locanto.com.pe/tacna/Hombre-busca-mujer/20701/36/?query=ayuda+economica
[15:33:07]   main IDs: 37
[15:33:44] LIST p37: https://www.locanto.com.pe/tacna/Hombre-busca-mujer/20701/37/?query=ayuda+economica
[15:34:17]   main IDs: 37
[15:34:37] LIST p38: https://www.locanto.com.pe/tacna/Hombre-busca-mujer/20701/38/?query=ayuda+economica
[15:35:07]   main IDs: 37
[15:35:25] LIST p39: https://www.locanto.com.pe/tacna/Hombre-busca-mujer/20701/39/?query=ayuda+economica
[15:35:54]   main IDs: 37
[15:36:12] LIST p40: https://www.locanto.com.pe/tacna/Hombre-busca-mujer/20701/40/?query=ayuda+economica
[15:36:34]   main IDs: 37
[15:36:53] LIST p41: https://www.locanto.com.pe/tacna/Hombre-busca-mujer/20701/41/?query=ayuda+economica
[15:37:19]   main IDs: 37
[15:37:35] LIST p42: https://www.locanto.com.pe/tacna/Hombre-busca-mujer/20701/42/?query=ayuda+economica
[15:37:58]   main IDs: 37
[15:38:16] LIST p43: https://www.locanto.com.pe/tacna/Hombre-busca-mujer/20701/43/?query=ayuda+economica
[15:38:38]   main IDs: 37
[15:38:54] LIST p44: https://www.locanto.com.pe/tacna/Hombre-busca-mujer/20701/44/?query=ayuda+economica
[15:39:25]   main IDs: 37
[15:39:41] LIST p45: https://www.locanto.com.pe/tacna/Hombre-busca-mujer/20701/45/?query=ayuda+economica
[15:40:28]   main IDs: 37
[15:40:40] LIST p46: https://www.locanto.com.pe/tacna/Hombre-busca-mujer/20701/46/?query=ayuda+economica
[15:41:08]   main IDs: 37
[15:41:20] LIST p47: https://www.locanto.com.pe/tacna/Hombre-busca-mujer/20701/47/?query=ayuda+economica
[15:41:38]   main IDs: 37
[15:41:52] LIST p48: https://www.locanto.com.pe/tacna/Hombre-busca-mujer/20701/48/?query=ayuda+economica
[15:42:19]   main IDs: 37
[15:42:37] LIST p49: https://www.locanto.com.pe/tacna/Hombre-busca-mujer/20701/49/?query=ayuda+economica
[15:43:13]   main IDs: 37
[15:43:25] LIST p50: https://www.locanto.com.pe/tacna/Hombre-busca-mujer/20701/50/?query=ayuda+economica
[15:43:49]   main IDs: 37
[15:44:03] DONE tacna: added=24
