[13:30:17] START cusco v3 section list crawl (main cards ONLY, tuned)
[13:30:17] base=https://www.locanto.com.pe/cusco/Hombre-busca-mujer/20701
[13:30:17] LIST p1: https://www.locanto.com.pe/cusco/Hombre-busca-mujer/20701/1/?query=ayuda+economica
[13:31:20]   main IDs: 48
[13:32:45]   + https://www.locanto.com.pe/cusco/ID_7616954587/Ayuda-economica-en-efec
[13:33:17]   + https://www.locanto.com.pe/cusco/ID_7616954852/Doy-ayuda-economica-en-
[13:34:00]   + https://www.locanto.com.pe/cusco/ID_7618232566/ayuda-economica-con-dis
[13:34:18]   + https://www.locanto.com.pe/cusco/ID_7618232809/Doy-ayuda-economica-en-
[13:35:11]   + https://www.locanto.com.pe/cusco/ID_8681956361/Ayuda-economica-a-senor
[13:35:57]   + https://www.locanto.com.pe/cusco/ID_8912764656/DOY-AYUDA-ECONOMICA-A-Q
[13:36:36]   + https://www.locanto.com.pe/cusco/ID_8047502369/Doy-ayuda-economica-a-c
[13:37:15]   + https://www.locanto.com.pe/cusco/ID_8047182372/AYUDA-ECONOMICA-A-SENOR
[13:38:16]   + https://www.locanto.com.pe/cusco/ID_7609602973/AYUDA-ECONOMICA-A-SENOR
[13:39:11]   + https://www.locanto.com.pe/cusco/ID_8906946135/Ayuda-economica-a-joven
[13:39:50]   + https://www.locanto.com.pe/cusco/ID_8785754527/Ayuda-economica-a-senor
[13:40:42]   + https://www.locanto.com.pe/cusco/ID_7604624116/AYUDA-ECONOMICA-A-SENOR
[13:41:35]   + https://www.locanto.com.pe/cusco/ID_8447656747/Ayuda-economica-cusco-a
[13:42:25]   + https://www.locanto.com.pe/cusco/ID_8901896311/Doy-ayuda-economica-con
[13:43:16]   + https://www.locanto.com.pe/cusco/ID_8901717879/ayuda-economica-para-sr
[13:44:07]   + https://www.locanto.com.pe/cusco/ID_8161304978/Se-da-ayuda-economica-a
[13:44:32]   + https://www.locanto.com.pe/cusco/ID_7603079270/se-brinda-ayuda-economi
[13:45:21]   + https://www.locanto.com.pe/cusco/ID_7603082201/se-brinda-ayuda-economi
[13:45:21] LIST p2: https://www.locanto.com.pe/cusco/Hombre-busca-mujer/20701/2/?query=ayuda+economica
[13:46:21]   main IDs: 48
[13:47:12]   + https://www.locanto.com.pe/cusco/ID_7800654075/Doy-ayuda-economica-con
[13:47:37]   + https://www.locanto.com.pe/cusco/ID_8815854419/Brindo-ayuda-economica-
[13:48:18]   + https://www.locanto.com.pe/cusco/ID_8808477591/Se-brinda-ayuda-economi
[13:49:17]   + https://www.locanto.com.pe/cusco/ID_8786148220/Doy-ayuda-economica-a-s
[13:50:55]   + https://www.locanto.com.pe/cusco/ID_6963285938/Ayuda-economica-apoyo-a
[13:52:08]   + https://www.locanto.com.pe/cusco/ID_7132583409/Soy-sugar-daddy-brindo-
[13:53:13]   + https://www.locanto.com.pe/cusco/ID_7129317240/Brindo-ayuda-economica-
[13:53:57]   + https://www.locanto.com.pe/cusco/ID_7133341731/Soy-sugar-daddy-brindo-
[13:54:50]   + https://www.locanto.com.pe/cusco/ID_7334407832/Ayuda-economica-cusco-D
[13:55:40]   + https://www.locanto.com.pe/cusco/ID_9043237112/Doy-ayuda-economica-a-s
[13:56:31]   + https://www.locanto.com.pe/cusco/ID_8765088148/Ayuda-economica-Cusco-S
[13:57:27]   + https://www.locanto.com.pe/cusco/ID_8784085598/Ayuda-economica-para-se
[13:58:20]   + https://www.locanto.com.pe/cusco/ID_8788937023/Doy-ayuda-economica-a-s
[13:58:58]   + https://www.locanto.com.pe/cusco/ID_8576098248/Chicas-doy-ayuda-econom
[13:59:39]   + https://www.locanto.com.pe/cusco/ID_7979345205/Doy-ayuda-economica.htm
[14:00:05]   + https://www.locanto.com.pe/cusco/ID_8784067945/Ayuda-economica-a-unive
[14:00:55]   + https://www.locanto.com.pe/cusco/ID_8514267251/Doy-ayuda-al-instante-a
[14:01:51]   + https://www.locanto.com.pe/cusco/ID_8774431531/Ayuda-economica-Cusco-a
[14:02:43]   + https://www.locanto.com.pe/cusco/ID_8776953222/Ayuda-economica-univers
[14:03:34]   + https://www.locanto.com.pe/cusco/ID_8777162979/Ayuda-economica-cusco-a
[14:20:23]   + https://www.locanto.com.pe/cusco/ID_8545381449/Ayuda-economica-a-chica
[14:22:25]   + https://www.locanto.com.pe/cusco/ID_8344297137/senorita-doy-ayuda-econ
[14:24:17]   + https://www.locanto.com.pe/cusco/ID_8344321070/brindo-ayuda-economica-
[14:26:08]   + https://www.locanto.com.pe/cusco/ID_8344355911/Brindo-ayuda-economica-
[14:42:07]   + https://www.locanto.com.pe/cusco/ID_8344389362/Ayuda-economica-y-apoyo
[14:42:07] LIST p3: https://www.locanto.com.pe/cusco/Hombre-busca-mujer/20701/3/?query=ayuda+economica
[14:56:03]   main IDs: 48
[14:56:54]   + https://www.locanto.com.pe/cusco/ID_7640144916/AYUDA-ECONOMICA-SENORIT
[14:57:30]   + https://www.locanto.com.pe/cusco/ID_8197674672/Doy-ayuda-economica-con
[14:58:29]   + https://www.locanto.com.pe/cusco/ID_8494062484/Ayuda-economica-para-se
[14:59:27]   + https://www.locanto.com.pe/cusco/ID_8966087347/Brindo-ayuda-economica-
[15:00:20]   + https://www.locanto.com.pe/cusco/ID_8514247228/Doy-ayuda-economica-a-c
[15:00:56]   + https://www.locanto.com.pe/cusco/ID_6317916993/Ayuda-economica-total-d
[15:01:48]   + https://www.locanto.com.pe/cusco/ID_6317967292/Ayuda-economica-total-d
[15:02:34]   + https://www.locanto.com.pe/cusco/ID_6439748570/Doy-ayuda-economica.htm
[15:03:21]   + https://www.locanto.com.pe/cusco/ID_8948058346/AYUDA-ECONOMICA-TODO-DI
[15:03:52]   + https://www.locanto.com.pe/cusco/ID_8489861425/Doy-ayuda-economica-a-c
[15:04:41]   + https://www.locanto.com.pe/cusco/ID_7931916584/Ayuda-economica-con-dis
[15:05:10]   + https://www.locanto.com.pe/cusco/ID_8934650694/Doy-ayuda-economica-a-s
[15:06:02]   + https://www.locanto.com.pe/cusco/ID_8296918353/Ayuda-economica.html
[15:06:27]   + https://www.locanto.com.pe/cusco/ID_6937983980/Ayuda-Economica-para-Tu
[15:07:18]   + https://www.locanto.com.pe/cusco/ID_7616186531/Se-da-ayuda-economica-r
[15:07:45]   + https://www.locanto.com.pe/cusco/ID_7616955152/ayuda-economica-con-dis
[15:08:38]   + https://www.locanto.com.pe/cusco/ID_8443544753/Dindoy-ayuda-economica-
[15:09:33]   + https://www.locanto.com.pe/cusco/ID_7791393237/AYUDA-ECONOMICA-A-SENOR
[15:10:13]   + https://www.locanto.com.pe/cusco/ID_7791394901/BRINDO-AYUDA-ECONOMICA-
[15:11:02]   + https://www.locanto.com.pe/cusco/ID_8168567655/Doy-ayuda-economica-chi
[15:11:32]   + https://www.locanto.com.pe/cusco/ID_7790789306/DOY-AYUDA-ECONOMICA-A-S
[15:12:09]   + https://www.locanto.com.pe/cusco/ID_8906439953/Ayuda-economica-cusco-a
[15:12:58]   + https://www.locanto.com.pe/cusco/ID_8906377696/ayuda-economica-a-senor
[15:13:50]   + https://www.locanto.com.pe/cusco/ID_7824724308/Ayuda-economica-constan
[15:13:51] LIST p4: https://www.locanto.com.pe/cusco/Hombre-busca-mujer/20701/4/?query=ayuda+economica
[15:14:44]   main IDs: 26
[15:15:33]   + https://www.locanto.com.pe/cusco/ID_4304644591/ayuda-economica-aaa-muj
[15:16:19]   + https://www.locanto.com.pe/cusco/ID_8851544353/Doy-ayuda-economica-de-
[15:16:49]   + https://www.locanto.com.pe/cusco/ID_8141434277/Doyyy-ayuda-economica-a
[15:17:36]   + https://www.locanto.com.pe/cusco/ID_7623659580/Ddoy-ayuda-economica-so
[15:18:07]   + https://www.locanto.com.pe/cusco/ID_7623677487/Doyy-ayuda-economica-a-
[15:18:58]   + https://www.locanto.com.pe/cusco/ID_7609791187/Doyy-ayuda-economica-a-
[15:19:26]   + https://www.locanto.com.pe/cusco/ID_7609802683/Soy-solvente-y-doy-ayud
[15:19:46]   + https://www.locanto.com.pe/cusco/ID_6502162297/Brindo-ayuda-economica-
[15:20:37]   + https://www.locanto.com.pe/cusco/ID_8415677998/Doy-ayuda-economica-al-
[15:21:01]   + https://www.locanto.com.pe/cusco/ID_8391148224/Ayuda-economica-a-srta.
[15:21:25]   + https://www.locanto.com.pe/cusco/ID_8130376205/Ayuda-economica.html
[15:22:04]   + https://www.locanto.com.pe/cusco/ID_7800659679/Doy-ayuda-economica-con
[15:22:34]   + https://www.locanto.com.pe/cusco/ID_7800655928/Doy-ayuda-economica-con
[15:22:35] DONE cusco: added=80
