[13:28:20] START piura section list crawl (main cards ONLY, tuned extract, filtered)
[13:28:20] base=https://www.locanto.com.pe/piura/Hombre-busca-mujer/20701
[13:28:20] LIST p1: https://www.locanto.com.pe/piura/Hombre-busca-mujer/20701/1/?query=ayuda+economica
[13:28:40]   main IDs: 48
[13:28:51]   + https://www.locanto.com.pe/piura/ID_7759887493/Necesitas-ayuda-economi
[13:29:08]   + https://www.locanto.com.pe/piura/ID_8818370192/Se-brinda-ayuda-economi
[13:29:27]   + https://www.locanto.com.pe/piura/ID_7754574545/Ayuda-Economica-Piura-s
[13:29:49]   + https://www.locanto.com.pe/piura/ID_7669507781/Ayuda-economica-para-se
[13:30:06]   + https://www.locanto.com.pe/piura/ID_7988782592/Ayuda-economica-para-se
[13:30:45]   + https://www.locanto.com.pe/piura/ID_8570723861/Ayuda-economica-para-se
[13:31:12]   + https://www.locanto.com.pe/piura/ID_7309775079/Ayuda-economica-chicas-
[13:31:49]   + https://www.locanto.com.pe/piura/ID_7748761550/Doy-ayuda-economica-a-m
[13:32:13]   + https://www.locanto.com.pe/piura/ID_8774640132/Ofrezco-ayuda-economica
[13:33:08]   + https://www.locanto.com.pe/piura/ID_5993220579/Se-da-ayuda-economica-p
[13:33:29]   + https://www.locanto.com.pe/piura/ID_7747315820/Ayuda-economica-Piura.h
[13:34:09]   + https://www.locanto.com.pe/piura/ID_8349529801/ayuda-economica-para-mu
[13:34:35]   + https://www.locanto.com.pe/piura/ID_8345387113/Ayuda-economica-Piura-2
[13:35:26]   + https://www.locanto.com.pe/piura/ID_8745626508/Brindo-Ayuda-Economica-
[13:35:55]   + https://www.locanto.com.pe/piura/ID_7970594955/Ayuda-economica.html
[13:37:00]   + https://www.locanto.com.pe/piura/ID_7540906865/Ayuda-Economica-discret
[13:37:50]   + https://www.locanto.com.pe/piura/ID_8211885435/Doy-ayuda-economica-de-
[13:38:42]   + https://www.locanto.com.pe/piura/ID_7736004513/Ayuda-economica.html
[13:39:39]   + https://www.locanto.com.pe/piura/ID_8208047535/AYUDA-ECONOMICA-PIURA.h
[13:40:32]   + https://www.locanto.com.pe/piura/ID_8208904132/AYUDA-ECONOMICA-PIURA-Y
[13:41:24]   + https://www.locanto.com.pe/piura/ID_7959384896/Ayuda-economica-a-chica
[13:42:16]   + https://www.locanto.com.pe/piura/ID_7734094471/Ayuda-economica-a-chica
[13:43:04]   + https://www.locanto.com.pe/piura/ID_8990785484/Ayuda-Economica-Piura-2
[13:43:25]   + https://www.locanto.com.pe/piura/ID_8990776498/Brindo-Ayuda-Economica-
[13:44:26]   + https://www.locanto.com.pe/piura/ID_8092585858/Busco-mujeres-discretas
[13:45:12]   + https://www.locanto.com.pe/piura/ID_8942236626/Doy-ayuda-economica-a-c
[13:46:06]   + https://www.locanto.com.pe/piura/ID_8323415294/Ayuda-economica-solo-ch
[13:46:54]   + https://www.locanto.com.pe/piura/ID_7944631054/DOY-AYUDA-ECONOMICA-PIU
[13:47:50]   + https://www.locanto.com.pe/piura/ID_5386060894/Ayuda-economica-por-el-
[13:48:19]   + https://www.locanto.com.pe/piura/ID_5386061029/Ayuda-economica-por-el-
[13:49:17]   + https://www.locanto.com.pe/piura/ID_4819609798/Ayuda-economica-por-el-
[13:50:54]   + https://www.locanto.com.pe/piura/ID_5386061283/Ayuda-economica-por-el-
[13:52:07]   + https://www.locanto.com.pe/piura/ID_5386061141/Ayuda-economica-por-el-
[13:53:12]   + https://www.locanto.com.pe/piura/ID_4776758126/Ayuda-economica-el-mont
[13:54:00]   + https://www.locanto.com.pe/piura/ID_4774397192/Ayuda-economica-por-el-
[13:54:58]   + https://www.locanto.com.pe/piura/ID_7521571042/Doy-ayuda-economica-en-
[13:55:50]   + https://www.locanto.com.pe/piura/ID_8073399097/AYUDA-ECONOMICA-A-JOVEN
[13:56:39]   + https://www.locanto.com.pe/piura/ID_8188151659/Ayuda-economica-para-se
[13:57:35]   + https://www.locanto.com.pe/piura/ID_8308132779/Ayuda-economica-madre-s
[13:58:29]   + https://www.locanto.com.pe/piura/ID_8304090984/Ayuda-economica.html
[13:59:25]   + https://www.locanto.com.pe/piura/ID_7626511520/Ayuda-economica-Piura.h
[14:00:13]   + https://www.locanto.com.pe/piura/ID_8665603905/Doy-ayuda-economica-a-c
[14:01:05]   + https://www.locanto.com.pe/piura/ID_6755670532/Ayuda-economica-a-mujer
[14:01:49]   + https://www.locanto.com.pe/piura/ID_7624115335/Ayuda-economica.html
[14:02:44]   + https://www.locanto.com.pe/piura/ID_8935800366/Ayuda-economica-a-joven
[14:03:38]   + https://www.locanto.com.pe/piura/ID_7720153811/Ayuda-economica.html
[14:22:45]   + https://www.locanto.com.pe/piura/ID_7716104180/Ayuda-economica-para-se
[14:22:46] LIST p2: https://www.locanto.com.pe/piura/Hombre-busca-mujer/20701/2/?query=ayuda+economica
[14:24:50]   main IDs: 27
[14:26:20]   + https://www.locanto.com.pe/piura/ID_8926730062/Quienes-buscan-ayuda-ec
[14:55:14]   + https://www.locanto.com.pe/piura/ID_7915794749/AYUDA-ECONOMICA-A-MUJER
[14:56:24]   + https://www.locanto.com.pe/piura/ID_7614290617/Se-ayuda-economica-a-mu
[14:57:13]   + https://www.locanto.com.pe/piura/ID_7498595461/Ayuda-economica-para-mu
[14:58:07]   + https://www.locanto.com.pe/piura/ID_8907385523/ayuda-economica-a-mujer
[14:58:55]   + https://www.locanto.com.pe/piura/ID_8665588441/Ayuda-economica-para-ch
[14:59:46]   + https://www.locanto.com.pe/piura/ID_8161249325/Brindo-ayuda-economica.
[15:00:40]   + https://www.locanto.com.pe/piura/ID_7892080183/BRINDO-AYUDA-ECONOMICA.
[15:01:30]   + https://www.locanto.com.pe/piura/ID_8630633851/Busco-chicapara-ayudar-
[15:02:22]   + https://www.locanto.com.pe/piura/ID_8405908952/Ayuda-economica-discret
[15:03:12]   + https://www.locanto.com.pe/piura/ID_8636490396/A-E-ayuda-economica-sol
[15:04:04]   + https://www.locanto.com.pe/piura/ID_8011694295/Brindo-ayuda-economica-
[15:04:53]   + https://www.locanto.com.pe/piura/ID_5906171803/Se-da-ayuda-economica-a
[15:05:47]   + https://www.locanto.com.pe/piura/ID_4420313725/Brindo-ayuda-economica-
[15:06:40]   + https://www.locanto.com.pe/piura/ID_4787526492/Brindo-ayuda-economica-
[15:07:31]   + https://www.locanto.com.pe/piura/ID_8129858788/Ayuda-economica-Piura-y
[15:08:19]   + https://www.locanto.com.pe/piura/ID_7998466300/Ayuda-economica-para-se
[15:09:06]   + https://www.locanto.com.pe/piura/ID_8587517299/Doy-ayuda-economica-a-c
[15:09:59]   + https://www.locanto.com.pe/piura/ID_8808247304/DOY-AYUDA-ECONOMICA-PRE
[15:10:44]   + https://www.locanto.com.pe/piura/ID_8582592804/Doy-ayuda-economica-a-c
[15:11:21]   + https://www.locanto.com.pe/piura/ID_8235119308/Ofrezco-ayuda-economica
[15:11:45]   + https://www.locanto.com.pe/piura/ID_7751194481/Brindo-ayuda-economica-
[15:12:24]   + https://www.locanto.com.pe/piura/ID_8566414827/Joven-atletico-brinda-a
[15:13:15]   + https://www.locanto.com.pe/piura/ID_6784186232/BUENA-Y-CONSTANTE-AYUDA
[15:13:49]   + https://www.locanto.com.pe/piura/ID_6432919612/DOY-AYUDA-ECONOMICA-EN-
[15:13:50] LIST p3: https://www.locanto.com.pe/piura/Hombre-busca-mujer/20701/3/?query=ayuda+economica
[15:14:34]   main IDs: 43
[15:15:06]   + https://www.locanto.com.pe/piura/ID_8570758281/Srita-de-18-a-24-anos-5
[15:15:39]   + https://www.locanto.com.pe/piura/ID_9042728124/Brindo-apoyo-economico-
[15:16:14]   + https://www.locanto.com.pe/piura/ID_7981483749/Brindo-ayuda-economica-
[15:17:03]   + https://www.locanto.com.pe/piura/ID_6882169250/Doy-ayuda-economica-tot
[15:17:32]   + https://www.locanto.com.pe/piura/ID_5378229139/Se-da-ayuda-economica-p
[15:18:26]   + https://www.locanto.com.pe/piura/ID_8224446514/Busco-conversar-y-o-dar
[15:18:49]   + https://www.locanto.com.pe/piura/ID_8696322516/Amiga-q-nesecite-apoyo-
[15:19:35]   + https://www.locanto.com.pe/piura/ID_9026309912/Doy-apoyo-economico-a-m
[15:20:25]   + https://www.locanto.com.pe/piura/ID_7328382144/SOMOS-PAREJA-JOVEN-DE-P
[15:21:17]   + https://www.locanto.com.pe/piura/ID_7536501465/Senoritas-que-necesiten
[15:22:04]   + https://www.locanto.com.pe/piura/ID_7536388206/Ayuda-economica.html
[15:22:25]   + https://www.locanto.com.pe/piura/ID_7733938950/Se-necesita-ayuda-econo
[15:22:43]   + https://www.locanto.com.pe/piura/ID_8203523227/Se-brinda-ayuda-economi
[15:23:03]   + https://www.locanto.com.pe/piura/ID_8745658209/Ayuda-economica-para-mu
[15:23:24]   + https://www.locanto.com.pe/piura/ID_8523700308/AYUDA-ECONOMICA-A-SENOR
[15:23:57]   + https://www.locanto.com.pe/piura/ID_7830611321/Doy-ayuda-economica-sol
[15:24:40]   + https://www.locanto.com.pe/piura/ID_7532010446/Brindo-ayuda-economica-
[15:25:28]   + https://www.locanto.com.pe/piura/ID_8329568113/Brindo-apoyo-economico-
[15:26:08]   + https://www.locanto.com.pe/piura/ID_8518430047/Doy-ayuda-economica-sol
[15:26:42]   + https://www.locanto.com.pe/piura/ID_7950323950/Ayuda-economica-a-madre
[15:27:08]   + https://www.locanto.com.pe/piura/ID_8739549803/Busco-mujer-a-cambio-de
[15:27:58]   + https://www.locanto.com.pe/piura/ID_8759657700/AYUDA-ECONOMICA-A-MUJER
[15:28:27]   + https://www.locanto.com.pe/piura/ID_7140196391/Se-da-ayuda-economica-a
[15:28:51]   + https://www.locanto.com.pe/piura/ID_7729251102/Deseo-apoyar-economicam
[15:29:17]   + https://www.locanto.com.pe/piura/ID_5311010875/Ayuda-economica-por-el-
[15:30:05]   + https://www.locanto.com.pe/piura/ID_5209989782/Ayuda-economica-por-el-
[15:30:21]   + https://www.locanto.com.pe/piura/ID_8727084852/Quiero-mamar-pinga-rico
[15:30:44]   + https://www.locanto.com.pe/piura/ID_7517953727/Ayuda-economica-a-srtas
[15:31:07]   + https://www.locanto.com.pe/piura/ID_8967819160/Hola-necesito-ayuda-eco
[15:31:35]   + https://www.locanto.com.pe/piura/ID_8193442818/Brindo-ayuda-economica-
[15:31:58]   + https://www.locanto.com.pe/piura/ID_8076627706/Apoyo-economico-a-unive
[15:32:20]   + https://www.locanto.com.pe/piura/ID_8720484056/Lindas-chicas-en-Piura-
[15:32:42]   + https://www.locanto.com.pe/piura/ID_7844617239/Ayuda-economica-a-mujer
[15:33:00]   + https://www.locanto.com.pe/piura/ID_8960136371/Ayuda-economica-a-Srtas
[15:33:20]   + https://www.locanto.com.pe/piura/ID_8488533603/Ayuda-economica-a-mujer
[15:33:45]   + https://www.locanto.com.pe/piura/ID_8954662481/Brindo-ayuda-economica-
[15:34:04]   + https://www.locanto.com.pe/piura/ID_8184696000/necesito-ayuda-economic
[15:34:28]   + https://www.locanto.com.pe/piura/ID_8463662237/Doy-ayuda-economica-a-c
[15:34:55]   + https://www.locanto.com.pe/piura/ID_7342372758/AYUDA-ECONOMICA-PIURA.h
[15:35:16]   + https://www.locanto.com.pe/piura/ID_8062552157/Apoyo-economico-senorit
[15:35:17] LIST p4: https://www.locanto.com.pe/piura/Hombre-busca-mujer/20701/4/?query=ayuda+economica
[15:35:44]   main IDs: 43
[15:35:44] LIST p5: https://www.locanto.com.pe/piura/Hombre-busca-mujer/20701/5/?query=ayuda+economica
[15:36:13]   main IDs: 43
[15:36:13] LIST p6: https://www.locanto.com.pe/piura/Hombre-busca-mujer/20701/6/?query=ayuda+economica
[15:36:40]   main IDs: 43
[15:36:40] LIST p7: https://www.locanto.com.pe/piura/Hombre-busca-mujer/20701/7/?query=ayuda+economica
[15:37:04]   main IDs: 43
[15:37:05] LIST p8: https://www.locanto.com.pe/piura/Hombre-busca-mujer/20701/8/?query=ayuda+economica
[15:37:31]   main IDs: 43
[15:37:31] LIST p9: https://www.locanto.com.pe/piura/Hombre-busca-mujer/20701/9/?query=ayuda+economica
[15:37:57]   main IDs: 43
[15:37:57] LIST p10: https://www.locanto.com.pe/piura/Hombre-busca-mujer/20701/10/?query=ayuda+economica
[15:38:20]   main IDs: 43
[15:38:20] LIST p11: https://www.locanto.com.pe/piura/Hombre-busca-mujer/20701/11/?query=ayuda+economica
[15:40:43]   main IDs: 43
[15:40:44] LIST p12: https://www.locanto.com.pe/piura/Hombre-busca-mujer/20701/12/?query=ayuda+economica
[15:41:16]   main IDs: 43
[15:41:17] LIST p13: https://www.locanto.com.pe/piura/Hombre-busca-mujer/20701/13/?query=ayuda+economica
[15:41:41]   main IDs: 43
[15:41:41] LIST p14: https://www.locanto.com.pe/piura/Hombre-busca-mujer/20701/14/?query=ayuda+economica
[15:42:03]   main IDs: 43
[15:42:03] LIST p15: https://www.locanto.com.pe/piura/Hombre-busca-mujer/20701/15/?query=ayuda+economica
[15:42:28]   main IDs: 43
[15:42:29] LIST p16: https://www.locanto.com.pe/piura/Hombre-busca-mujer/20701/16/?query=ayuda+economica
[15:42:56]   main IDs: 43
[15:42:57] LIST p17: https://www.locanto.com.pe/piura/Hombre-busca-mujer/20701/17/?query=ayuda+economica
[15:43:24]   main IDs: 43
[15:43:25] LIST p18: https://www.locanto.com.pe/piura/Hombre-busca-mujer/20701/18/?query=ayuda+economica
[15:43:46]   main IDs: 43
[15:43:47] LIST p19: https://www.locanto.com.pe/piura/Hombre-busca-mujer/20701/19/?query=ayuda+economica
[15:44:08]   main IDs: 43
[15:44:08] LIST p20: https://www.locanto.com.pe/piura/Hombre-busca-mujer/20701/20/?query=ayuda+economica
[15:44:30]   main IDs: 43
[15:44:30] LIST p21: https://www.locanto.com.pe/piura/Hombre-busca-mujer/20701/21/?query=ayuda+economica
[15:44:53]   main IDs: 43
[15:44:53] LIST p22: https://www.locanto.com.pe/piura/Hombre-busca-mujer/20701/22/?query=ayuda+economica
[16:00:09]   main IDs: 43
[16:00:10] LIST p23: https://www.locanto.com.pe/piura/Hombre-busca-mujer/20701/23/?query=ayuda+economica
[16:15:06]   main IDs: 43
[16:15:07] LIST p24: https://www.locanto.com.pe/piura/Hombre-busca-mujer/20701/24/?query=ayuda+economica
[16:16:13]   main IDs: 43
[16:16:13] LIST p25: https://www.locanto.com.pe/piura/Hombre-busca-mujer/20701/25/?query=ayuda+economica
[16:16:48]   main IDs: 43
[16:16:49] LIST p26: https://www.locanto.com.pe/piura/Hombre-busca-mujer/20701/26/?query=ayuda+economica
[16:17:20]   main IDs: 43
[16:17:20] LIST p27: https://www.locanto.com.pe/piura/Hombre-busca-mujer/20701/27/?query=ayuda+economica
[16:17:55]   main IDs: 43
[16:17:56] LIST p28: https://www.locanto.com.pe/piura/Hombre-busca-mujer/20701/28/?query=ayuda+economica
[16:18:28]   main IDs: 43
[16:18:29] LIST p29: https://www.locanto.com.pe/piura/Hombre-busca-mujer/20701/29/?query=ayuda+economica
[16:19:03]   main IDs: 43
[16:19:04] LIST p30: https://www.locanto.com.pe/piura/Hombre-busca-mujer/20701/30/?query=ayuda+economica
[16:19:38]   main IDs: 43
[16:19:38] LIST p31: https://www.locanto.com.pe/piura/Hombre-busca-mujer/20701/31/?query=ayuda+economica
[16:20:01]   main IDs: 43
[16:20:02] LIST p32: https://www.locanto.com.pe/piura/Hombre-busca-mujer/20701/32/?query=ayuda+economica
[16:20:23]   main IDs: 43
[16:20:23] LIST p33: https://www.locanto.com.pe/piura/Hombre-busca-mujer/20701/33/?query=ayuda+economica
[16:20:49]   main IDs: 43
[16:20:49] LIST p34: https://www.locanto.com.pe/piura/Hombre-busca-mujer/20701/34/?query=ayuda+economica
[16:21:31]   main IDs: 43
[16:21:32] LIST p35: https://www.locanto.com.pe/piura/Hombre-busca-mujer/20701/35/?query=ayuda+economica
[16:22:08]   main IDs: 43
[16:22:08] LIST p36: https://www.locanto.com.pe/piura/Hombre-busca-mujer/20701/36/?query=ayuda+economica
[16:22:38]   main IDs: 43
[16:22:39] LIST p37: https://www.locanto.com.pe/piura/Hombre-busca-mujer/20701/37/?query=ayuda+economica
[16:22:59]   main IDs: 43
[16:22:59] LIST p38: https://www.locanto.com.pe/piura/Hombre-busca-mujer/20701/38/?query=ayuda+economica
[16:23:24]   main IDs: 43
[16:23:25] LIST p39: https://www.locanto.com.pe/piura/Hombre-busca-mujer/20701/39/?query=ayuda+economica
[16:23:54]   main IDs: 43
[16:23:55] LIST p40: https://www.locanto.com.pe/piura/Hombre-busca-mujer/20701/40/?query=ayuda+economica
[16:24:31]   main IDs: 43
[16:24:32] LIST p41: https://www.locanto.com.pe/piura/Hombre-busca-mujer/20701/41/?query=ayuda+economica
[16:24:50]   main IDs: 43
[16:24:51] LIST p42: https://www.locanto.com.pe/piura/Hombre-busca-mujer/20701/42/?query=ayuda+economica
[16:25:31]   main IDs: 43
[16:25:31] LIST p43: https://www.locanto.com.pe/piura/Hombre-busca-mujer/20701/43/?query=ayuda+economica
[16:26:08]   main IDs: 43
[16:26:08] LIST p44: https://www.locanto.com.pe/piura/Hombre-busca-mujer/20701/44/?query=ayuda+economica
[16:26:32]   main IDs: 43
[16:26:33] LIST p45: https://www.locanto.com.pe/piura/Hombre-busca-mujer/20701/45/?query=ayuda+economica
[16:26:52]   main IDs: 43
[16:26:53] LIST p46: https://www.locanto.com.pe/piura/Hombre-busca-mujer/20701/46/?query=ayuda+economica
[16:27:15]   main IDs: 43
[16:27:16] LIST p47: https://www.locanto.com.pe/piura/Hombre-busca-mujer/20701/47/?query=ayuda+economica
[16:27:41]   main IDs: 43
[16:27:42] LIST p48: https://www.locanto.com.pe/piura/Hombre-busca-mujer/20701/48/?query=ayuda+economica
[16:28:37]   main IDs: 43
[16:28:37] LIST p49: https://www.locanto.com.pe/piura/Hombre-busca-mujer/20701/49/?query=ayuda+economica
[16:28:55]   main IDs: 43
[16:28:56] LIST p50: https://www.locanto.com.pe/piura/Hombre-busca-mujer/20701/50/?query=ayuda+economica
[16:29:19]   main IDs: 43
[16:29:20] LIST p51: https://www.locanto.com.pe/piura/Hombre-busca-mujer/20701/51/?query=ayuda+economica
[16:29:44]   main IDs: 43
[16:29:44] LIST p52: https://www.locanto.com.pe/piura/Hombre-busca-mujer/20701/52/?query=ayuda+economica
[16:30:13]   main IDs: 43
[16:30:14] LIST p53: https://www.locanto.com.pe/piura/Hombre-busca-mujer/20701/53/?query=ayuda+economica
[16:30:34]   main IDs: 43
[16:30:35] LIST p54: https://www.locanto.com.pe/piura/Hombre-busca-mujer/20701/54/?query=ayuda+economica
[16:30:53]   main IDs: 43
[16:30:53] LIST p55: https://www.locanto.com.pe/piura/Hombre-busca-mujer/20701/55/?query=ayuda+economica
[16:31:31]   main IDs: 43
[16:31:31] LIST p56: https://www.locanto.com.pe/piura/Hombre-busca-mujer/20701/56/?query=ayuda+economica
[16:31:51]   main IDs: 43
[16:31:52] LIST p57: https://www.locanto.com.pe/piura/Hombre-busca-mujer/20701/57/?query=ayuda+economica
[16:32:10]   main IDs: 43
[16:32:10] LIST p58: https://www.locanto.com.pe/piura/Hombre-busca-mujer/20701/58/?query=ayuda+economica
[16:33:05]   main IDs: 43
[16:33:06] LIST p59: https://www.locanto.com.pe/piura/Hombre-busca-mujer/20701/59/?query=ayuda+economica
[16:33:56]   main IDs: 43
[16:33:57] LIST p60: https://www.locanto.com.pe/piura/Hombre-busca-mujer/20701/60/?query=ayuda+economica
[16:34:46]   main IDs: 43
[16:34:47] DONE piura: added=112 last_p=60
