[13:28:25] START cusco (main cards ONLY)
[13:28:25] p1
[13:29:20]   IDs: 48
[13:32:00]   +added
[13:32:35]   +added
[13:32:58]   +added
[13:33:49]   +added
[13:34:32]   +added
[13:34:53]   +added
[13:35:32]   +added
[13:36:06]   +added
[13:36:57]   +added
[13:37:41]   +added
[13:38:07]   +added
[13:39:01]   +added
[13:39:53]   +added
[13:40:42]   +added
[13:41:35]   +added
[13:42:25]   +added
[13:43:22]   +added
[13:44:13]   +added
[13:45:05]   +added
[13:45:56]   +added
[13:46:40]   +added
[13:47:13]   +added
[13:48:00]   +added
[13:48:55]   +added
[13:50:18]   +added
[13:51:58]   +added
[13:51:59] p2
[13:52:57]   IDs: 48
[13:53:42]   +added
[13:54:35]   +added
[13:55:26]   +added
[13:56:16]   +added
[13:57:07]   +added
[13:57:54]   +added
[13:58:50]   +added
[13:59:43]   +added
[14:00:37]   +added
[14:01:16]   +added
[14:02:08]   +added
[14:02:46]   +added
[14:03:40]   +added
[14:25:37]   +added
[14:26:27]   +added
[14:55:13]   +added
[14:56:31]   +added
[14:56:56]   +added
[14:57:52]   +added
[14:58:41]   +added
[14:59:13]   +added
[15:00:02]   +added
[15:00:42]   +added
[15:01:35]   +added
[15:02:20]   +added
[15:03:00]   +added
[15:03:01] p3
[15:03:58]   IDs: 48
[15:04:23]   +added
[15:05:18]   +added
[15:06:06]   +added
[15:06:52]   +added
[15:07:29]   +added
[15:08:14]   +added
[15:09:03]   +added
[15:09:50]   +added
[15:10:29]   +added
[15:11:17]   +added
[15:11:34]   +added
[15:12:20]   +added
[15:13:06]   +added
[15:13:59]   +added
[15:14:40]   +added
[15:15:17]   +added
[15:16:06]   +added
[15:16:34]   +added
[15:17:21]   +added
[15:17:53]   +added
[15:18:42]   +added
[15:19:35]   +added
[15:20:14]   +added
[15:21:07]   +added
[15:21:25]   +added
[15:21:52]   +added
[15:22:25]   +added
[15:23:05]   +added
[15:23:52]   +added
[15:23:53] DONE cusco added=81
