[13:31:30] START huancayo more (main cards ONLY)
[13:31:30] base=https://www.locanto.com.pe/huancayo/Hombre-busca-mujer/20701
[13:31:30] p1
[13:32:15]   IDs: 47
[13:32:46]   +added
[13:33:17]   +added
[13:35:04]   +added
[13:35:44]   +added
[13:36:40]   +added
[13:37:32]   +added
[13:38:24]   +added
[13:39:13]   +added
[13:40:09]   +added
[13:41:06]   +added
[13:41:56]   +added
[13:42:16]   +added
[13:43:02]   +added
[13:43:55]   +added
[13:44:52]   +added
[13:45:44]   +added
[13:46:24]   +added
[13:47:11]   +added
[13:47:12] p2
[13:48:04]   IDs: 20
[13:48:38]   +added
[13:49:49]   +added
[13:51:25]   +added
[13:52:36]   +added
[13:53:31]   +added
[13:54:25]   +added
[13:54:58]   +added
[13:55:49]   +added
[13:56:40]   +added
[13:57:30]   +added
[13:58:23]   +added
[13:59:15]   +added
[14:00:03]   +added
[14:00:54]   +added
[14:01:52]   +added
[14:02:50]   +added
[14:03:38]   +added
[14:22:37]   +added
[14:24:24] p3
[14:26:10]   IDs: 43
[14:42:13]   +added
[14:56:22]   +added
[14:57:13]   +added
[14:58:03]   +added
[14:58:24]   +added
[14:59:19]   +added
[15:00:11]   +added
[15:01:04]   +added
[15:01:34]   +added
[15:02:27]   +added
[15:03:18]   +added
[15:04:12]   +added
[15:05:04]   +added
[15:05:33]   +added
[15:06:23]   +added
[15:06:52]   +added
[15:07:47]   +added
[15:07:48] p4
[15:08:46]   IDs: 43
[15:08:46] p5
[15:09:45]   IDs: 43
[15:09:46] p6
[15:10:43]   IDs: 43
[15:10:44] p7
[15:11:22]   IDs: 43
[15:11:22] p8
[15:12:24]   IDs: 43
[15:12:25] p9
[15:13:30]   IDs: 43
[15:13:30] p10
[15:14:33]   IDs: 43
[15:14:34] p11
[15:15:33]   IDs: 43
[15:15:34] p12
[15:16:31]   IDs: 43
[15:16:32] p13
[15:17:14]   IDs: 43
[15:17:15] p14
[15:18:14]   IDs: 43
[15:18:14] p15
[15:19:08]   IDs: 43
[15:19:09] p16
[15:20:05]   IDs: 43
[15:20:05] p17
[15:20:47]   IDs: 43
[15:20:47] p18
[15:21:45]   IDs: 43
[15:21:45] p19
[15:22:25]   IDs: 43
[15:22:26] p20
[15:23:22]   IDs: 43
[15:23:22] p21
[15:24:15]   IDs: 43
[15:24:15] p22
[15:25:09]   IDs: 43
[15:25:10] p23
[15:26:08]   IDs: 43
[15:26:08] p24
[15:26:41]   IDs: 43
[15:26:41] p25
[15:27:43]   IDs: 43
[15:27:43] p26
[15:28:22]   IDs: 43
[15:28:23] p27
[15:29:23]   IDs: 43
[15:29:24] p28
[15:30:21]   IDs: 43
[15:30:21] p29
[15:31:16]   IDs: 43
[15:31:16] p30
[15:31:50]   IDs: 43
[15:31:50] p31
[15:32:15]   IDs: 43
[15:32:15] p32
[15:33:01]   IDs: 43
[15:33:01] p33
[15:33:26]   IDs: 43
[15:33:27] p34
[15:33:50]   IDs: 43
[15:33:50] p35
[15:34:25]   IDs: 43
[15:34:26] p36
[15:34:47]   IDs: 43
[15:34:47] p37
[15:35:13]   IDs: 43
[15:35:13] p38
[15:35:38]   IDs: 43
[15:35:39] p39
[15:36:08]   IDs: 43
[15:36:09] DONE huancayo added=53
