[13:30:23] START cajamarca v3 section list crawl (main cards ONLY, tuned)
[13:30:23] base=https://www.locanto.com.pe/cajamarca/Hombre-busca-mujer/20701
[13:30:23] LIST p1: https://www.locanto.com.pe/cajamarca/Hombre-busca-mujer/20701/1/?query=ayuda+economica
[13:30:58]   main IDs: 48
[13:34:08]   + https://www.locanto.com.pe/cajamarca/ID_8627783272/DOY-AYUDA-ECONOMICA
[13:34:50]   + https://www.locanto.com.pe/cajamarca/ID_8041247666/Ayuda-economica-inm
[13:35:16]   + https://www.locanto.com.pe/cajamarca/ID_8041246870/Ayuda-Economica-Par
[13:36:08]   + https://www.locanto.com.pe/cajamarca/ID_8014311508/Doy-ayuda-economica
[13:37:01]   + https://www.locanto.com.pe/cajamarca/ID_8144580472/Busco-joven-mujer-e
[13:37:51]   + https://www.locanto.com.pe/cajamarca/ID_8144589713/El-anuncio-va-dirig
[13:38:43]   + https://www.locanto.com.pe/cajamarca/ID_8449108929/Doy-ayuda-economica
[13:39:36]   + https://www.locanto.com.pe/cajamarca/ID_7768014816/DOY-AYUDA-ECONOMICA
[13:40:27]   + https://www.locanto.com.pe/cajamarca/ID_7767985906/Busco-chica-de-casa
[13:41:21]   + https://www.locanto.com.pe/cajamarca/ID_8118174529/Doy-Ayuda-Economica
[13:42:03]   + https://www.locanto.com.pe/cajamarca/ID_6841202954/Brindo-ayuda-econom
[13:42:50]   + https://www.locanto.com.pe/cajamarca/ID_6841200882/Hola-Doy-ayuda-econ
[13:43:43]   + https://www.locanto.com.pe/cajamarca/ID_7067033920/Busco-encuentro-cas
[13:44:39]   + https://www.locanto.com.pe/cajamarca/ID_7067033881/Doy-ayuda-a-mujer-c
[13:45:29]   + https://www.locanto.com.pe/cajamarca/ID_7671805518/Hola-amiga-si-busca
[13:45:55]   + https://www.locanto.com.pe/cajamarca/ID_7850683990/Doy-ayuda-economica
[13:46:44]   + https://www.locanto.com.pe/cajamarca/ID_8572476297/AYUDA-economica-ama
[13:47:32]   + https://www.locanto.com.pe/cajamarca/ID_7975996190/Ayuda-Economica-Caj
[13:48:20]   + https://www.locanto.com.pe/cajamarca/ID_7670737882/HOLA-a-mujeres-en-g
[13:49:18]   + https://www.locanto.com.pe/cajamarca/ID_8771030745/Se-brinda-AE-Ayuda-
[13:50:54]   + https://www.locanto.com.pe/cajamarca/ID_7670784661/Busco-chica-para-en
[13:52:07]   + https://www.locanto.com.pe/cajamarca/ID_7541264559/Doy-ayuda-economica
[13:52:08] LIST p2: https://www.locanto.com.pe/cajamarca/Hombre-busca-mujer/20701/2/?query=ayuda+economica
[13:53:21]   main IDs: 39
[13:53:57]   + https://www.locanto.com.pe/cajamarca/ID_7899727781/Ayuda-economica-par
[13:54:49]   + https://www.locanto.com.pe/cajamarca/ID_8278857744/Ayuda-economica-par
[13:55:43]   + https://www.locanto.com.pe/cajamarca/ID_7910820701/Doy-ayuda-economica
[13:56:26]   + https://www.locanto.com.pe/cajamarca/ID_7810644567/DOY-AYUDA-ECONOMICA
[13:57:23]   + https://www.locanto.com.pe/cajamarca/ID_8032520789/Doy-ayuda-economica
[13:58:33]   + https://www.locanto.com.pe/cajamarca/ID_8419214553/AYUDA-ECONOMICA-PAR
[13:59:26]   + https://www.locanto.com.pe/cajamarca/ID_8419231730/AYUDA-ECONOMICA-PAR
[14:00:17]   + https://www.locanto.com.pe/cajamarca/ID_8419261379/AYUDA-ECONOMICA-PAR
[14:01:22]   + https://www.locanto.com.pe/cajamarca/ID_8419298919/AYUDA-ECONOMICA-PAR
[14:02:24]   + https://www.locanto.com.pe/cajamarca/ID_8420838371/TRABAJO-Y-AYUDA-ECO
[14:03:09]   + https://www.locanto.com.pe/cajamarca/ID_6767287576/DOY-AYUDA-ECONOMICA
[14:19:19]   + https://www.locanto.com.pe/cajamarca/ID_6963447162/BRINDO-AYUDA-ECONOM
[14:22:06]   + https://www.locanto.com.pe/cajamarca/ID_6858014096/BRINDO-AYUDA-ECONOM
[14:23:59]   + https://www.locanto.com.pe/cajamarca/ID_6918618482/DOY-AYUDA-ECONOMICA
[14:25:54]   + https://www.locanto.com.pe/cajamarca/ID_7489849975/BUSCO-A-SENORITAS-Q
[14:42:07]   + https://www.locanto.com.pe/cajamarca/ID_6726321721/A-senoritas-de-casa
[14:56:12]   + https://www.locanto.com.pe/cajamarca/ID_7489654721/SENORITAS-SI-NECESI
[14:56:48]   + https://www.locanto.com.pe/cajamarca/ID_7584448146/AYUDA-economica.htm
[14:57:31]   + https://www.locanto.com.pe/cajamarca/ID_8144599755/HOLA-CHICAS-ESTE-AN
[14:58:09]   + https://www.locanto.com.pe/cajamarca/ID_8041238507/Ayuda-Economica-a-S
[14:58:58]   + https://www.locanto.com.pe/cajamarca/ID_6726321419/Mujeres-que-necesit
[14:59:39]   + https://www.locanto.com.pe/cajamarca/ID_7301459986/Doy-ayuda-economica
[15:00:37]   + https://www.locanto.com.pe/cajamarca/ID_6877907149/Entrego-ayuda-econo
[15:01:25]   + https://www.locanto.com.pe/cajamarca/ID_7041772314/bRINDO-APOYO-O-AYUD
[15:02:19]   + https://www.locanto.com.pe/cajamarca/ID_6886666711/Entrego-ayuda-econo
[15:02:19] LIST p3: https://www.locanto.com.pe/cajamarca/Hombre-busca-mujer/20701/3/?query=ayuda+economica
[15:03:14]   main IDs: 45
[15:03:46]   + https://www.locanto.com.pe/cajamarca/ID_7562185388/Doy-ayuda-economica
[15:04:05]   + https://www.locanto.com.pe/cajamarca/ID_7562190790/Doy-ayuda-a-senoras
[15:04:56]   + https://www.locanto.com.pe/cajamarca/ID_7670720266/Doy-ayuda-economica
[15:05:53]   + https://www.locanto.com.pe/cajamarca/ID_7670726236/El-aviso-es-para-se
[15:06:16]   + https://www.locanto.com.pe/cajamarca/ID_7671809162/Buenas-tardes-senor
[15:06:36]   + https://www.locanto.com.pe/cajamarca/ID_8118195890/Busco-Sugar-Baby-Pa
[15:07:24]   + https://www.locanto.com.pe/cajamarca/ID_8373314047/Ofrezco-apoyo-econo
[15:07:50]   + https://www.locanto.com.pe/cajamarca/ID_7067033633/Brindo-ayuda-econom
[15:08:48]   + https://www.locanto.com.pe/cajamarca/ID_7067033980/Busco-encuentro-cas
[15:09:26]   + https://www.locanto.com.pe/cajamarca/ID_7562078632/Doy-ayuda-economica
[15:10:16]   + https://www.locanto.com.pe/cajamarca/ID_7575113571/Brindo-ayuda-econom
[15:11:08]   + https://www.locanto.com.pe/cajamarca/ID_8128400716/Busco-Senorita-Que-
[15:11:56]   + https://www.locanto.com.pe/cajamarca/ID_7743510706/Doy-apoyo-economico
[15:12:43]   + https://www.locanto.com.pe/cajamarca/ID_8361261635/Apoyo-economico-par
[15:12:59]   + https://www.locanto.com.pe/cajamarca/ID_6841183282/BUENAS-TARDES-DOY-A
[15:13:27]   + https://www.locanto.com.pe/cajamarca/ID_7225726424/Entrego-ayuda-para-
[15:14:14]   + https://www.locanto.com.pe/cajamarca/ID_6843058536/Doy-ayuda-economico
[15:15:00]   + https://www.locanto.com.pe/cajamarca/ID_7301439624/Estoy-buscando-chic
[15:15:43]   + https://www.locanto.com.pe/cajamarca/ID_7277376581/Doy-ayuda-a-chicas-
[15:16:34]   + https://www.locanto.com.pe/cajamarca/ID_7562168452/ENTREGO-AYUDA-ECONO
[15:17:21]   + https://www.locanto.com.pe/cajamarca/ID_7860265416/Hola-Chicas-de-Caja
[15:18:12]   + https://www.locanto.com.pe/cajamarca/ID_8349462810/Apoyo-economico-dis
[15:18:41]   + https://www.locanto.com.pe/cajamarca/ID_7660089275/Ayuda-economica-par
[15:19:08]   + https://www.locanto.com.pe/cajamarca/ID_7660087000/Brindo-apoyo-a-seno
[15:19:57]   + https://www.locanto.com.pe/cajamarca/ID_8345363249/Necesitas-dinero-ex
[15:19:58] LIST p4: https://www.locanto.com.pe/cajamarca/Hombre-busca-mujer/20701/4/?query=ayuda+economica
[15:20:46]   main IDs: 45
[15:20:47] LIST p5: https://www.locanto.com.pe/cajamarca/Hombre-busca-mujer/20701/5/?query=ayuda+economica
[15:21:40]   main IDs: 45
[15:21:40] LIST p6: https://www.locanto.com.pe/cajamarca/Hombre-busca-mujer/20701/6/?query=ayuda+economica
[15:22:37]   main IDs: 45
[15:22:38] LIST p7: https://www.locanto.com.pe/cajamarca/Hombre-busca-mujer/20701/7/?query=ayuda+economica
[15:23:32]   main IDs: 45
[15:23:32] LIST p8: https://www.locanto.com.pe/cajamarca/Hombre-busca-mujer/20701/8/?query=ayuda+economica
[15:24:09]   main IDs: 45
[15:24:09] LIST p9: https://www.locanto.com.pe/cajamarca/Hombre-busca-mujer/20701/9/?query=ayuda+economica
[15:24:51]   main IDs: 45
[15:24:51] LIST p10: https://www.locanto.com.pe/cajamarca/Hombre-busca-mujer/20701/10/?query=ayuda+economica
[15:25:18]   main IDs: 45
[15:25:18] LIST p11: https://www.locanto.com.pe/cajamarca/Hombre-busca-mujer/20701/11/?query=ayuda+economica
[15:25:55]   main IDs: 45
[15:25:56] LIST p12: https://www.locanto.com.pe/cajamarca/Hombre-busca-mujer/20701/12/?query=ayuda+economica
[15:26:30]   main IDs: 45
[15:26:30] LIST p13: https://www.locanto.com.pe/cajamarca/Hombre-busca-mujer/20701/13/?query=ayuda+economica
[15:27:29]   main IDs: 45
[15:27:29] LIST p14: https://www.locanto.com.pe/cajamarca/Hombre-busca-mujer/20701/14/?query=ayuda+economica
[15:28:18]   main IDs: 45
[15:28:19] LIST p15: https://www.locanto.com.pe/cajamarca/Hombre-busca-mujer/20701/15/?query=ayuda+economica
[15:29:08]   main IDs: 45
[15:29:08] LIST p16: https://www.locanto.com.pe/cajamarca/Hombre-busca-mujer/20701/16/?query=ayuda+economica
[15:29:49]   main IDs: 45
[15:29:49] LIST p17: https://www.locanto.com.pe/cajamarca/Hombre-busca-mujer/20701/17/?query=ayuda+economica
[15:30:28]   main IDs: 45
[15:30:28] LIST p18: https://www.locanto.com.pe/cajamarca/Hombre-busca-mujer/20701/18/?query=ayuda+economica
[15:30:56]   main IDs: 45
[15:30:56] LIST p19: https://www.locanto.com.pe/cajamarca/Hombre-busca-mujer/20701/19/?query=ayuda+economica
[15:31:29]   main IDs: 45
[15:31:30] LIST p20: https://www.locanto.com.pe/cajamarca/Hombre-busca-mujer/20701/20/?query=ayuda+economica
[15:32:19]   main IDs: 45
[15:32:19] LIST p21: https://www.locanto.com.pe/cajamarca/Hombre-busca-mujer/20701/21/?query=ayuda+economica
[15:33:00]   main IDs: 45
[15:33:00] LIST p22: https://www.locanto.com.pe/cajamarca/Hombre-busca-mujer/20701/22/?query=ayuda+economica
[15:33:27]   main IDs: 45
[15:33:27] LIST p23: https://www.locanto.com.pe/cajamarca/Hombre-busca-mujer/20701/23/?query=ayuda+economica
[15:34:20]   main IDs: 45
[15:34:21] LIST p24: https://www.locanto.com.pe/cajamarca/Hombre-busca-mujer/20701/24/?query=ayuda+economica
[15:34:47]   main IDs: 45
[15:34:47] LIST p25: https://www.locanto.com.pe/cajamarca/Hombre-busca-mujer/20701/25/?query=ayuda+economica
[15:35:16]   main IDs: 45
[15:35:16] LIST p26: https://www.locanto.com.pe/cajamarca/Hombre-busca-mujer/20701/26/?query=ayuda+economica
[15:35:48]   main IDs: 45
[15:35:48] LIST p27: https://www.locanto.com.pe/cajamarca/Hombre-busca-mujer/20701/27/?query=ayuda+economica
[15:36:15]   main IDs: 45
[15:36:16] LIST p28: https://www.locanto.com.pe/cajamarca/Hombre-busca-mujer/20701/28/?query=ayuda+economica
[15:36:44]   main IDs: 45
[15:36:44] LIST p29: https://www.locanto.com.pe/cajamarca/Hombre-busca-mujer/20701/29/?query=ayuda+economica
[15:37:09]   main IDs: 45
[15:37:09] LIST p30: https://www.locanto.com.pe/cajamarca/Hombre-busca-mujer/20701/30/?query=ayuda+economica
[15:37:29]   main IDs: 45
[15:37:30] LIST p31: https://www.locanto.com.pe/cajamarca/Hombre-busca-mujer/20701/31/?query=ayuda+economica
[15:37:51]   main IDs: 45
[15:37:52] LIST p32: https://www.locanto.com.pe/cajamarca/Hombre-busca-mujer/20701/32/?query=ayuda+economica
[15:38:17]   main IDs: 45
[15:38:17] LIST p33: https://www.locanto.com.pe/cajamarca/Hombre-busca-mujer/20701/33/?query=ayuda+economica
[15:40:39]   main IDs: 45
[15:40:39] LIST p34: https://www.locanto.com.pe/cajamarca/Hombre-busca-mujer/20701/34/?query=ayuda+economica
[15:41:05]   main IDs: 45
[15:41:06] LIST p35: https://www.locanto.com.pe/cajamarca/Hombre-busca-mujer/20701/35/?query=ayuda+economica
[15:41:38]   main IDs: 45
[15:41:38] LIST p36: https://www.locanto.com.pe/cajamarca/Hombre-busca-mujer/20701/36/?query=ayuda+economica
[15:42:07]   main IDs: 45
[15:42:07] LIST p37: https://www.locanto.com.pe/cajamarca/Hombre-busca-mujer/20701/37/?query=ayuda+economica
[15:42:48]   main IDs: 45
[15:42:48] LIST p38: https://www.locanto.com.pe/cajamarca/Hombre-busca-mujer/20701/38/?query=ayuda+economica
[15:43:06]   main IDs: 45
[15:43:06] LIST p39: https://www.locanto.com.pe/cajamarca/Hombre-busca-mujer/20701/39/?query=ayuda+economica
[15:43:27]   main IDs: 45
[15:43:28] LIST p40: https://www.locanto.com.pe/cajamarca/Hombre-busca-mujer/20701/40/?query=ayuda+economica
[15:43:55]   main IDs: 45
[15:43:55] LIST p41: https://www.locanto.com.pe/cajamarca/Hombre-busca-mujer/20701/41/?query=ayuda+economica
[15:44:16]   main IDs: 45
[15:44:16] LIST p42: https://www.locanto.com.pe/cajamarca/Hombre-busca-mujer/20701/42/?query=ayuda+economica
[15:44:59]   main IDs: 45
[15:45:00] LIST p43: https://www.locanto.com.pe/cajamarca/Hombre-busca-mujer/20701/43/?query=ayuda+economica
[16:15:03]   main IDs: 45
[16:15:04] LIST p44: https://www.locanto.com.pe/cajamarca/Hombre-busca-mujer/20701/44/?query=ayuda+economica
[16:16:16]   main IDs: 45
[16:16:16] LIST p45: https://www.locanto.com.pe/cajamarca/Hombre-busca-mujer/20701/45/?query=ayuda+economica
[16:16:46]   main IDs: 45
[16:16:47] LIST p46: https://www.locanto.com.pe/cajamarca/Hombre-busca-mujer/20701/46/?query=ayuda+economica
[16:17:23]   main IDs: 45
[16:17:23] LIST p47: https://www.locanto.com.pe/cajamarca/Hombre-busca-mujer/20701/47/?query=ayuda+economica
[16:17:55]   main IDs: 45
[16:17:55] LIST p48: https://www.locanto.com.pe/cajamarca/Hombre-busca-mujer/20701/48/?query=ayuda+economica
[16:18:30]   main IDs: 45
[16:18:31] LIST p49: https://www.locanto.com.pe/cajamarca/Hombre-busca-mujer/20701/49/?query=ayuda+economica
[16:18:57]   main IDs: 45
[16:18:57] LIST p50: https://www.locanto.com.pe/cajamarca/Hombre-busca-mujer/20701/50/?query=ayuda+economica
[16:19:29]   main IDs: 45
[16:19:29] DONE cajamarca: added=72
