[13:28:18] START chiclayo section list crawl (main cards ONLY, tuned extract, filtered)
[13:28:18] base=https://www.locanto.com.pe/chiclayo/Hombre-busca-mujer/20701
[13:28:18] LIST p1: https://www.locanto.com.pe/chiclayo/Hombre-busca-mujer/20701/1/?query=ayuda+economica
[13:28:46]   main IDs: 38
[13:29:01]   + https://www.locanto.com.pe/chiclayo/ID_8434621483/Ayuda-economica-en-C
[13:29:21]   + https://www.locanto.com.pe/chiclayo/ID_8053808284/Ayuda-economica-a-un
[13:29:41]   + https://www.locanto.com.pe/chiclayo/ID_8053817635/Se-brinda-ayuda-econ
[13:29:58]   + https://www.locanto.com.pe/chiclayo/ID_8053825175/Si-buscas-ayuda-econ
[13:30:15]   + https://www.locanto.com.pe/chiclayo/ID_5799742994/Ayuda-economica-para
[13:30:37]   + https://www.locanto.com.pe/chiclayo/ID_5831838214/Te-ofrezco-ayuda-eco
[13:30:58]   + https://www.locanto.com.pe/chiclayo/ID_7611982401/Ayuda-economica-a-un
[13:31:50]   + https://www.locanto.com.pe/chiclayo/ID_5517581437/Ayuda-economica-para
[13:32:37]   + https://www.locanto.com.pe/chiclayo/ID_5373096730/Ayuda-economica-solo
[13:32:59]   + https://www.locanto.com.pe/chiclayo/ID_5319737621/ofrezco-ayuda-econom
[13:33:29]   + https://www.locanto.com.pe/chiclayo/ID_8423977317/Ayuda-economica-sola
[13:34:00]   + https://www.locanto.com.pe/chiclayo/ID_8147923625/Ayuda-economica.html
[13:34:17]   + https://www.locanto.com.pe/chiclayo/ID_7698702679/AYUDA-ECONOMICA-PARA
[13:34:52]   + https://www.locanto.com.pe/chiclayo/ID_8643051244/Brindo-ayuda-economi
[13:35:41]   + https://www.locanto.com.pe/chiclayo/ID_8863014934/Ayuda-economica-a-se
[13:36:07]   + https://www.locanto.com.pe/chiclayo/ID_5086476354/Ayuda-economica-solo
[13:37:01]   + https://www.locanto.com.pe/chiclayo/ID_8410093999/Ayuda-economica-ayud
[13:37:38]   + https://www.locanto.com.pe/chiclayo/ID_7432188570/Ayuda-Economica-dama
[13:38:31]   + https://www.locanto.com.pe/chiclayo/ID_8018436086/Ayuda-economica-a-ch
[13:38:58]   + https://www.locanto.com.pe/chiclayo/ID_8018270745/Ayuda-economica-a-mu
[13:39:52]   + https://www.locanto.com.pe/chiclayo/ID_8018293069/Brindo-ayuda-economi
[13:40:42]   + https://www.locanto.com.pe/chiclayo/ID_8018337256/Te-ofrezco-ayuda-eco
[13:41:34]   + https://www.locanto.com.pe/chiclayo/ID_8126524329/Soltero-brinda-ayuda
[13:42:26]   + https://www.locanto.com.pe/chiclayo/ID_8124349894/Ayuda-economica-a-ch
[13:43:24]   + https://www.locanto.com.pe/chiclayo/ID_8126362949/Ayuda-economica-solo
[13:44:20]   + https://www.locanto.com.pe/chiclayo/ID_8126365795/Ayuda-economica-en-c
[13:45:12]   + https://www.locanto.com.pe/chiclayo/ID_8126368947/Ofrezco-ayuda-econom
[13:45:55]   + https://www.locanto.com.pe/chiclayo/ID_8226093064/Ayuda-economica-muje
[13:46:47]   + https://www.locanto.com.pe/chiclayo/ID_7418222831/Busco-mujer-que-brin
[13:47:36]   + https://www.locanto.com.pe/chiclayo/ID_6916283097/Brindo-pequena-ayuda
[13:48:32]   + https://www.locanto.com.pe/chiclayo/ID_7002890620/Ayuda-economica-solo
[13:49:38]   + https://www.locanto.com.pe/chiclayo/ID_6674255828/ayuda-economica-solo
[13:50:54]   + https://www.locanto.com.pe/chiclayo/ID_6674253510/Ayuda-economica-en-c
[13:52:09]   + https://www.locanto.com.pe/chiclayo/ID_6674253337/ayuda-economica-a-ch
[13:53:14]   + https://www.locanto.com.pe/chiclayo/ID_6674252892/Ayuda-economica-solo
[13:54:05]   + https://www.locanto.com.pe/chiclayo/ID_6674252434/Ayuda-economica-solo
[13:54:57]   + https://www.locanto.com.pe/chiclayo/ID_7323897021/Doy-ayuda-economica-
[13:54:58] LIST p2: https://www.locanto.com.pe/chiclayo/Hombre-busca-mujer/20701/2/?query=ayuda+economica
[13:56:00]   main IDs: 46
[13:56:57]   + https://www.locanto.com.pe/chiclayo/ID_9039922197/BRINDO-AYUDA-ECONOMI
[13:57:51]   + https://www.locanto.com.pe/chiclayo/ID_7747528011/Soy-universitario-bu
[13:58:43]   + https://www.locanto.com.pe/chiclayo/ID_7550457977/apoyo-economica-a-ch
[13:59:16]   + https://www.locanto.com.pe/chiclayo/ID_7854192711/Brindo-Ayuda-Economi
[14:00:04]   + https://www.locanto.com.pe/chiclayo/ID_9026293893/Apoyo-economico-para
[14:00:53]   + https://www.locanto.com.pe/chiclayo/ID_8480060181/Busco-senora-madura-
[14:01:51]   + https://www.locanto.com.pe/chiclayo/ID_8209556274/Universitaria-busca-
[14:02:38]   + https://www.locanto.com.pe/chiclayo/ID_8742263075/Ayuda-economica-para
[14:03:09]   + https://www.locanto.com.pe/chiclayo/ID_7957875379/Dama-si-necesitas-ay
[14:19:13]   + https://www.locanto.com.pe/chiclayo/ID_7815108442/Ayuda-economica-a-se
[14:23:06]   + https://www.locanto.com.pe/chiclayo/ID_5036692333/Brindo-ayuda-economi
[14:24:52]   + https://www.locanto.com.pe/chiclayo/ID_8939224876/Ayuda-economica-para
[14:26:35]   + https://www.locanto.com.pe/chiclayo/ID_7630124396/Ayuda-Economica-Chic
[14:56:34]   + https://www.locanto.com.pe/chiclayo/ID_8465368535/Ayuda-economica-a-se
[14:57:26]   + https://www.locanto.com.pe/chiclayo/ID_8465360827/Ayuda-economica-a-se
[14:57:59]   + https://www.locanto.com.pe/chiclayo/ID_8289371765/Alguna-chica-univers
[14:58:26]   + https://www.locanto.com.pe/chiclayo/ID_8912504162/Ayuda-economica-a-da
[14:59:21]   + https://www.locanto.com.pe/chiclayo/ID_7712805936/Doy-Apoyo-Economico-
[15:00:16]   + https://www.locanto.com.pe/chiclayo/ID_5828938422/te-ofrezco-ayuda-eco
[15:01:08]   + https://www.locanto.com.pe/chiclayo/ID_8439273851/BRINDO-APOYO-ECONOMI
[15:01:57]   + https://www.locanto.com.pe/chiclayo/ID_7328827087/Brindo-ayuda-economi
[15:02:46]   + https://www.locanto.com.pe/chiclayo/ID_8162820596/Busco-senora-madura-
[15:03:38]   + https://www.locanto.com.pe/chiclayo/ID_8167986049/Busco-mujer-madura-p
[15:04:29]   + https://www.locanto.com.pe/chiclayo/ID_8289410821/Busco-senora-madura-
[15:05:10]   + https://www.locanto.com.pe/chiclayo/ID_7631554130/Ayuda-economica-solo
[15:06:01]   + https://www.locanto.com.pe/chiclayo/ID_8272957295/Busco-apoyar-a-chica
[15:06:50]   + https://www.locanto.com.pe/chiclayo/ID_8264760577/Busco-mujer-madura-p
[15:07:37]   + https://www.locanto.com.pe/chiclayo/ID_7582024534/Ayuda-economica.html
[15:08:20]   + https://www.locanto.com.pe/chiclayo/ID_8018499943/Ayuda-economica-a-es
[15:09:03]   + https://www.locanto.com.pe/chiclayo/ID_8018506728/Brindo-ayuda-economi
[15:09:54]   + https://www.locanto.com.pe/chiclayo/ID_8018540058/Doy-ayuda-economica-
[15:10:46]   + https://www.locanto.com.pe/chiclayo/ID_8602490058/Acuerdo-Privado-Ayud
[15:11:24]   + https://www.locanto.com.pe/chiclayo/ID_7780589217/Senorita-para-apoyo-
[15:12:17]   + https://www.locanto.com.pe/chiclayo/ID_8136647280/busco-senora-madura-
[15:12:49]   + https://www.locanto.com.pe/chiclayo/ID_8005304932/Brindo-Ayuda-Economi
[15:13:37]   + https://www.locanto.com.pe/chiclayo/ID_8125288698/Ayuda-economica-lind
[15:14:12]   + https://www.locanto.com.pe/chiclayo/ID_7864043232/Brindo-apoyo-economi
[15:14:50]   + https://www.locanto.com.pe/chiclayo/ID_8370504042/Doy-ayuda-economica-
[15:14:51] LIST p3: https://www.locanto.com.pe/chiclayo/Hombre-busca-mujer/20701/3/?query=ayuda+economica
[15:15:43]   main IDs: 46
[15:16:13]   + https://www.locanto.com.pe/chiclayo/ID_8476864099/APOYO-ECONOMICO-A-SE
[15:16:59]   + https://www.locanto.com.pe/chiclayo/ID_8055626294/Ayuda-economica-a-co
[15:17:00] LIST p4: https://www.locanto.com.pe/chiclayo/Hombre-busca-mujer/20701/4/?query=ayuda+economica
[15:18:00]   main IDs: 46
[15:18:01] LIST p5: https://www.locanto.com.pe/chiclayo/Hombre-busca-mujer/20701/5/?query=ayuda+economica
[15:18:41]   main IDs: 46
[15:18:41] LIST p6: https://www.locanto.com.pe/chiclayo/Hombre-busca-mujer/20701/6/?query=ayuda+economica
[15:19:37]   main IDs: 46
[15:19:37] LIST p7: https://www.locanto.com.pe/chiclayo/Hombre-busca-mujer/20701/7/?query=ayuda+economica
[15:20:32]   main IDs: 46
[15:20:33] LIST p8: https://www.locanto.com.pe/chiclayo/Hombre-busca-mujer/20701/8/?query=ayuda+economica
[15:21:33]   main IDs: 46
[15:21:34] LIST p9: https://www.locanto.com.pe/chiclayo/Hombre-busca-mujer/20701/9/?query=ayuda+economica
[15:22:05]   main IDs: 46
[15:22:06] LIST p10: https://www.locanto.com.pe/chiclayo/Hombre-busca-mujer/20701/10/?query=ayuda+economica
[15:22:59]   main IDs: 46
[15:22:59] LIST p11: https://www.locanto.com.pe/chiclayo/Hombre-busca-mujer/20701/11/?query=ayuda+economica
[15:24:00]   main IDs: 46
[15:24:00] LIST p12: https://www.locanto.com.pe/chiclayo/Hombre-busca-mujer/20701/12/?query=ayuda+economica
[15:24:31]   main IDs: 46
[15:24:31] LIST p13: https://www.locanto.com.pe/chiclayo/Hombre-busca-mujer/20701/13/?query=ayuda+economica
[15:25:18]   main IDs: 46
[15:25:18] LIST p14: https://www.locanto.com.pe/chiclayo/Hombre-busca-mujer/20701/14/?query=ayuda+economica
[15:26:02]   main IDs: 46
[15:26:03] LIST p15: https://www.locanto.com.pe/chiclayo/Hombre-busca-mujer/20701/15/?query=ayuda+economica
[15:26:36]   main IDs: 46
[15:26:36] LIST p16: https://www.locanto.com.pe/chiclayo/Hombre-busca-mujer/20701/16/?query=ayuda+economica
[15:27:17]   main IDs: 46
[15:27:17] LIST p17: https://www.locanto.com.pe/chiclayo/Hombre-busca-mujer/20701/17/?query=ayuda+economica
[15:27:48]   main IDs: 46
[15:27:48] LIST p18: https://www.locanto.com.pe/chiclayo/Hombre-busca-mujer/20701/18/?query=ayuda+economica
[15:28:42]   main IDs: 46
[15:28:42] LIST p19: https://www.locanto.com.pe/chiclayo/Hombre-busca-mujer/20701/19/?query=ayuda+economica
[15:29:30]   main IDs: 46
[15:29:30] LIST p20: https://www.locanto.com.pe/chiclayo/Hombre-busca-mujer/20701/20/?query=ayuda+economica
[15:30:14]   main IDs: 46
[15:30:15] LIST p21: https://www.locanto.com.pe/chiclayo/Hombre-busca-mujer/20701/21/?query=ayuda+economica
[15:30:43]   main IDs: 46
[15:30:44] LIST p22: https://www.locanto.com.pe/chiclayo/Hombre-busca-mujer/20701/22/?query=ayuda+economica
[15:31:29]   main IDs: 46
[15:31:30] LIST p23: https://www.locanto.com.pe/chiclayo/Hombre-busca-mujer/20701/23/?query=ayuda+economica
[15:31:55]   main IDs: 46
[15:31:55] LIST p24: https://www.locanto.com.pe/chiclayo/Hombre-busca-mujer/20701/24/?query=ayuda+economica
[15:32:34]   main IDs: 46
[15:32:34] LIST p25: https://www.locanto.com.pe/chiclayo/Hombre-busca-mujer/20701/25/?query=ayuda+economica
[15:32:59]   main IDs: 46
[15:33:00] LIST p26: https://www.locanto.com.pe/chiclayo/Hombre-busca-mujer/20701/26/?query=ayuda+economica
[15:33:33]   main IDs: 46
[15:33:34] LIST p27: https://www.locanto.com.pe/chiclayo/Hombre-busca-mujer/20701/27/?query=ayuda+economica
[15:34:04]   main IDs: 46
[15:34:05] LIST p28: https://www.locanto.com.pe/chiclayo/Hombre-busca-mujer/20701/28/?query=ayuda+economica
[15:34:47]   main IDs: 46
[15:34:47] LIST p29: https://www.locanto.com.pe/chiclayo/Hombre-busca-mujer/20701/29/?query=ayuda+economica
[15:35:09]   main IDs: 46
[15:35:10] LIST p30: https://www.locanto.com.pe/chiclayo/Hombre-busca-mujer/20701/30/?query=ayuda+economica
[15:35:39]   main IDs: 46
[15:35:40] LIST p31: https://www.locanto.com.pe/chiclayo/Hombre-busca-mujer/20701/31/?query=ayuda+economica
[15:36:11]   main IDs: 46
[15:36:12] LIST p32: https://www.locanto.com.pe/chiclayo/Hombre-busca-mujer/20701/32/?query=ayuda+economica
[15:36:34]   main IDs: 46
[15:36:34] LIST p33: https://www.locanto.com.pe/chiclayo/Hombre-busca-mujer/20701/33/?query=ayuda+economica
[15:36:57]   main IDs: 46
[15:36:57] LIST p34: https://www.locanto.com.pe/chiclayo/Hombre-busca-mujer/20701/34/?query=ayuda+economica
[15:37:18]   main IDs: 46
[15:37:18] LIST p35: https://www.locanto.com.pe/chiclayo/Hombre-busca-mujer/20701/35/?query=ayuda+economica
[15:37:43]   main IDs: 46
[15:37:43] LIST p36: https://www.locanto.com.pe/chiclayo/Hombre-busca-mujer/20701/36/?query=ayuda+economica
[15:38:07]   main IDs: 46
[15:38:08] LIST p37: https://www.locanto.com.pe/chiclayo/Hombre-busca-mujer/20701/37/?query=ayuda+economica
[15:38:34]   main IDs: 46
[15:38:35] LIST p38: https://www.locanto.com.pe/chiclayo/Hombre-busca-mujer/20701/38/?query=ayuda+economica
[15:40:55]   main IDs: 46
[15:40:56] LIST p39: https://www.locanto.com.pe/chiclayo/Hombre-busca-mujer/20701/39/?query=ayuda+economica
[15:41:19]   main IDs: 46
[15:41:20] LIST p40: https://www.locanto.com.pe/chiclayo/Hombre-busca-mujer/20701/40/?query=ayuda+economica
[15:41:49]   main IDs: 46
[15:41:50] LIST p41: https://www.locanto.com.pe/chiclayo/Hombre-busca-mujer/20701/41/?query=ayuda+economica
[15:42:14]   main IDs: 46
[15:42:14] LIST p42: https://www.locanto.com.pe/chiclayo/Hombre-busca-mujer/20701/42/?query=ayuda+economica
[15:42:37]   main IDs: 46
[15:42:38] LIST p43: https://www.locanto.com.pe/chiclayo/Hombre-busca-mujer/20701/43/?query=ayuda+economica
[15:43:00]   main IDs: 46
[15:43:00] LIST p44: https://www.locanto.com.pe/chiclayo/Hombre-busca-mujer/20701/44/?query=ayuda+economica
[15:43:29]   main IDs: 46
[15:43:30] LIST p45: https://www.locanto.com.pe/chiclayo/Hombre-busca-mujer/20701/45/?query=ayuda+economica
[15:44:06]   main IDs: 46
[15:44:07] LIST p46: https://www.locanto.com.pe/chiclayo/Hombre-busca-mujer/20701/46/?query=ayuda+economica
[15:44:37]   main IDs: 46
[15:44:38] LIST p47: https://www.locanto.com.pe/chiclayo/Hombre-busca-mujer/20701/47/?query=ayuda+economica
[15:44:58]   main IDs: 46
[15:44:58] LIST p48: https://www.locanto.com.pe/chiclayo/Hombre-busca-mujer/20701/48/?query=ayuda+economica
[16:15:27]   main IDs: 0
[16:15:28] LIST p49: https://www.locanto.com.pe/chiclayo/Hombre-busca-mujer/20701/49/?query=ayuda+economica
[16:16:35]   main IDs: 46
[16:16:35] LIST p50: https://www.locanto.com.pe/chiclayo/Hombre-busca-mujer/20701/50/?query=ayuda+economica
[16:17:05]   main IDs: 46
[16:17:05] LIST p51: https://www.locanto.com.pe/chiclayo/Hombre-busca-mujer/20701/51/?query=ayuda+economica
[16:18:23]   main IDs: 46
[16:18:23] LIST p52: https://www.locanto.com.pe/chiclayo/Hombre-busca-mujer/20701/52/?query=ayuda+economica
[16:18:54]   main IDs: 46
[16:18:55] LIST p53: https://www.locanto.com.pe/chiclayo/Hombre-busca-mujer/20701/53/?query=ayuda+economica
[16:19:26]   main IDs: 46
[16:19:27] LIST p54: https://www.locanto.com.pe/chiclayo/Hombre-busca-mujer/20701/54/?query=ayuda+economica
[16:19:49]   main IDs: 46
[16:19:49] LIST p55: https://www.locanto.com.pe/chiclayo/Hombre-busca-mujer/20701/55/?query=ayuda+economica
[16:20:23]   main IDs: 46
[16:20:24] LIST p56: https://www.locanto.com.pe/chiclayo/Hombre-busca-mujer/20701/56/?query=ayuda+economica
[16:21:10]   main IDs: 46
[16:21:10] LIST p57: https://www.locanto.com.pe/chiclayo/Hombre-busca-mujer/20701/57/?query=ayuda+economica
[16:21:52]   main IDs: 46
[16:21:53] LIST p58: https://www.locanto.com.pe/chiclayo/Hombre-busca-mujer/20701/58/?query=ayuda+economica
[16:22:17]   main IDs: 46
[16:22:17] LIST p59: https://www.locanto.com.pe/chiclayo/Hombre-busca-mujer/20701/59/?query=ayuda+economica
[16:22:44]   main IDs: 46
[16:22:45] LIST p60: https://www.locanto.com.pe/chiclayo/Hombre-busca-mujer/20701/60/?query=ayuda+economica
[16:23:20]   main IDs: 46
[16:23:20] DONE chiclayo: added=77 last_p=60
