[13:36:09] START puno keep collecting (main cards ONLY, tuned)
[13:36:09] base=https://www.locanto.com.pe/puno/Hombre-busca-mujer/20701
[13:36:09] p1
[13:37:16]   IDs: 30
[13:39:06]   +added
[13:40:06]   +added
[13:40:59]   +added
[13:41:52]   +added
[13:42:44]   +added
[13:43:38]   +added
[13:44:41]   +added
[13:45:34]   +added
[13:46:23]   +added
[13:46:50]   +added
[13:47:46]   +added
[13:48:36]   +added
[13:49:48]   +added
[13:50:57]   +added
[13:52:11]   +added
[13:54:11]   +added
[13:55:04]   +added
[13:56:01]   +added
[13:56:02] p2
[13:56:50]   IDs: 30
[13:58:33] p3
[13:59:17]   IDs: 30
[14:00:54] p4
[14:02:00]   IDs: 30
[14:03:44] p5
[14:23:15]   IDs: 30
[14:42:08] p6
[14:56:47]   IDs: 30
[14:58:23]   +added
[14:58:24] p7
[14:59:23]   IDs: 30
[15:00:10] p8
[15:00:57]   IDs: 30
[15:01:51] p9
[15:02:50]   IDs: 30
[15:03:39] p10
[15:04:23]   IDs: 30
[15:05:17] p11
[15:06:21]   IDs: 30
[15:06:50] p12
[15:07:52]   IDs: 30
[15:08:45] p13
[15:09:28]   IDs: 30
[15:09:59] p14
[15:10:42]   IDs: 30
[15:11:32] p15
[15:12:34]   IDs: 30
[15:13:27] p16
[15:14:00]   IDs: 30
[15:14:50] p17
[15:15:18]   IDs: 30
[15:16:06] p18
[15:16:59]   IDs: 30
[15:17:31] p19
[15:18:11]   IDs: 30
[15:19:03] p20
[15:19:39]   IDs: 30
[15:20:25] p21
[15:21:17]   IDs: 30
[15:21:51] p22
[15:22:46]   IDs: 30
[15:23:14] p23
[15:23:51]   IDs: 30
[15:24:17] p24
[15:25:08]   IDs: 30
[15:25:46] p25
[15:26:16]   IDs: 30
[15:26:42] p26
[15:27:31]   IDs: 30
[15:27:56] p27
[15:28:28]   IDs: 30
[15:29:09] p28
[15:30:04]   IDs: 30
[15:30:25] p29
[15:30:55]   IDs: 30
[15:31:17] p30
[15:31:46]   IDs: 30
[15:32:06] p31
[15:32:37]   IDs: 30
[15:33:14] p32
[15:33:55]   IDs: 30
[15:34:12] p33
[15:34:36]   IDs: 30
[15:34:55] p34
[15:35:21]   IDs: 30
[15:35:43] p35
[15:36:09]   IDs: 30
[15:36:24] p36
[15:36:49]   IDs: 30
[15:37:03] p37
[15:37:28]   IDs: 30
[15:37:46] p38
[15:38:12]   IDs: 30
[15:38:28] p39
[15:40:49]   IDs: 30
[15:41:03] p40
[15:41:30]   IDs: 30
[15:41:46] p41
[15:42:11]   IDs: 30
[15:42:32] p42
[15:43:01]   IDs: 30
[15:43:21] p43
[15:43:42]   IDs: 30
[15:43:59] p44
[15:44:26]   IDs: 30
[15:44:44] p45
[16:15:02]   IDs: 30
[16:16:14] p46
[16:16:43]   IDs: 30
[16:17:09] p47
[16:17:41]   IDs: 30
[16:18:08] p48
[16:18:41]   IDs: 30
[16:19:08] p49
[16:19:39]   IDs: 30
[16:19:54] DONE puno added=19
