[13:29:26] START lima section list crawl (main cards ONLY, tuned extract, filtered)
[13:29:26] base=https://www.locanto.com.pe/lima/Hombre-busca-mujer/20701
[13:29:26] LIST p1: https://www.locanto.com.pe/lima/Hombre-busca-mujer/20701/1/?query=ayuda+economica
[13:29:50]   main IDs: 48
[13:30:59]   + https://www.locanto.com.pe/lima/ID_8219861786/Doy-ayuda-economica-a-ca
[13:31:20]   + https://www.locanto.com.pe/lima/ID_8220346900/Brindo-Ayuda-Economica-a
[13:31:42]   + https://www.locanto.com.pe/lima/ID_7666733212/Brindo-ayuda-Ayuda-Econo
[13:32:02]   + https://www.locanto.com.pe/lima/ID_8111368972/Busco-una-sola-Senorita-
[13:32:24]   + https://www.locanto.com.pe/lima/ID_8148062840/Ayuda-economica-a-chica-
[13:33:15]   + https://www.locanto.com.pe/lima/ID_7909429149/Ayuda-Economica-a-chicas
[13:33:42]   + https://www.locanto.com.pe/lima/ID_8110711255/AYUDA-ECONOMICA-S-100-LI
[13:34:10]   + https://www.locanto.com.pe/lima/ID_8555271855/Ayuda-economica-de-joven
[13:34:42]   + https://www.locanto.com.pe/lima/ID_7914603410/SOY-CABALLERO-QUE-OFRECE
[13:35:03]   + https://www.locanto.com.pe/lima/ID_8146295199/Entrego-ayuda-economica-
[13:35:04] LIST p2: https://www.locanto.com.pe/lima/Hombre-busca-mujer/20701/2/?query=ayuda+economica
[13:36:04]   main IDs: 46
[13:36:54]   + https://www.locanto.com.pe/lima/ID_8146303931/Brindo-ayuda-economica-a
[13:37:41]   + https://www.locanto.com.pe/lima/ID_8218577056/Caballero-ofrece-ayuda-e
[13:39:51]   + https://www.locanto.com.pe/lima/ID_7713727379/Ayuda-Economica-para-Muj
[13:40:42]   + https://www.locanto.com.pe/lima/ID_7103177289/busco-una-amiga-para-bri
[13:41:31]   + https://www.locanto.com.pe/lima/ID_6695950053/doy-ayuda-economica-a-ch
[13:42:20]   + https://www.locanto.com.pe/lima/ID_6645386317/ayuda-economica-a-chicas
[13:43:07]   + https://www.locanto.com.pe/lima/ID_6643783026/caballero-brinda-ayuda-e
[13:43:29]   + https://www.locanto.com.pe/lima/ID_7747540499/Doy-ayuda-economica-a-ch
[13:44:29]   + https://www.locanto.com.pe/lima/ID_9019684632/Ayuda-economica-a-chicas
[13:45:04]   + https://www.locanto.com.pe/lima/ID_9019369721/Ayuda-economica-ojo-muje
[13:45:55]   + https://www.locanto.com.pe/lima/ID_7556600562/Ayuda-economica-srta-o-m
[13:46:34]   + https://www.locanto.com.pe/lima/ID_7558366413/Ofrezco-ayuda-economica-
[13:47:23]   + https://www.locanto.com.pe/lima/ID_8217083991/Tienes-problemas-economi
[13:48:16]   + https://www.locanto.com.pe/lima/ID_9019178735/Hombre-generoso-ofrece-a
[13:49:07]   + https://www.locanto.com.pe/lima/ID_7657830009/Ayuda-economica-de-200-s
[13:50:28]   + https://www.locanto.com.pe/lima/ID_7360911667/Ayuda-economica-solo-a-m
[13:52:07]   + https://www.locanto.com.pe/lima/ID_7975340382/Me-escribes-si-necesitas
[13:53:09]   + https://www.locanto.com.pe/lima/ID_7740097606/Ofrezco-Ayuda-Economica-
[13:53:10] LIST p3: https://www.locanto.com.pe/lima/Hombre-busca-mujer/20701/3/?query=ayuda+economica
[13:54:10]   main IDs: 48
[13:54:59]   + https://www.locanto.com.pe/lima/ID_8104773337/Joven-Ingeniero-respetuo
[13:55:58]   + https://www.locanto.com.pe/lima/ID_8341839704/Joven-brinda-ayuda-econo
[13:56:52]   + https://www.locanto.com.pe/lima/ID_8343067186/Ayuda-Economica-Solo-Chi
[13:57:49]   + https://www.locanto.com.pe/lima/ID_8343067716/Ayuda-Economica-Maduras.
[13:58:42]   + https://www.locanto.com.pe/lima/ID_8535914826/JOVEN-PROFESIONAL-BRINDA
[13:59:33]   + https://www.locanto.com.pe/lima/ID_7294463448/AYUDA-ECONOMICA-A-SRTA-D
[14:00:24]   + https://www.locanto.com.pe/lima/ID_9015241942/Ayuda-economica-constant
[14:01:13]   + https://www.locanto.com.pe/lima/ID_7433047604/AYUDA-ECONOMICA-SRTA-DE-
[14:01:47]   + https://www.locanto.com.pe/lima/ID_8586844765/Ayuda-economica-a-mujere
[14:02:42]   + https://www.locanto.com.pe/lima/ID_4564108522/Solo-para-mujer-doy-ayud
[14:03:26]   + https://www.locanto.com.pe/lima/ID_9013965371/Ofresco-ayuda-economica-
[14:20:25]   + https://www.locanto.com.pe/lima/ID_7101850688/Ayuda-economica-para-per
[14:22:25]   + https://www.locanto.com.pe/lima/ID_9011825461/Ayuda-economica-a-mujer-
[14:24:15]   + https://www.locanto.com.pe/lima/ID_7654848204/AYUDO-economicamente-a-s
[14:26:03]   + https://www.locanto.com.pe/lima/ID_7742071619/Ayuda-economica-para-est
[14:42:07]   + https://www.locanto.com.pe/lima/ID_8103787847/Busco-una-sola-Senorita-
[14:56:18]   + https://www.locanto.com.pe/lima/ID_8142271797/BRINDO-AYUDA-ECONOMICA-C
[14:57:09]   + https://www.locanto.com.pe/lima/ID_7969659492/Ayuda-economica-a-mujere
[14:57:27]   + https://www.locanto.com.pe/lima/ID_9010678193/Ayuda-economica-a-chica-
[14:58:24]   + https://www.locanto.com.pe/lima/ID_8733693324/Ayuda-economica-Los-Oliv
[14:59:15]   + https://www.locanto.com.pe/lima/ID_9010157787/Se-busca-chica-liberal-p
[15:00:10]   + https://www.locanto.com.pe/lima/ID_6992356119/Se-brinda-ayuda-economic
[15:01:01]   + https://www.locanto.com.pe/lima/ID_9009443970/DOY-AYUDA-ECONOMICA-A-SE
[15:01:52]   + https://www.locanto.com.pe/lima/ID_8526951025/DOY-AYUDA-ECONOMICA-A-MA
[15:02:48]   + https://www.locanto.com.pe/lima/ID_7840569759/AYUDA-ECONOMICA-A-SENORI
[15:03:11]   + https://www.locanto.com.pe/lima/ID_8341701871/Doy-Ayuda-Economica-a-Se
[15:04:06]   + https://www.locanto.com.pe/lima/ID_8529880999/AYUDA-ECONOMICA-BENEFICI
[15:04:57]   + https://www.locanto.com.pe/lima/ID_8532156523/ayudo-economico-a-mujere
[15:05:33]   + https://www.locanto.com.pe/lima/ID_7325447223/Ayuda-economicas-a-chica
[15:06:22]   + https://www.locanto.com.pe/lima/ID_9007773579/Hombre-generoso-da-ayuda
[15:07:12]   + https://www.locanto.com.pe/lima/ID_6991206653/AYUDA-ECONOMICA-POR-SALI
[15:07:49]   + https://www.locanto.com.pe/lima/ID_4610555466/Estoy-buscando-mujer-par
[15:08:33]   + https://www.locanto.com.pe/lima/ID_8544047879/Empresario-Busca-Chica-J
[15:09:26]   + https://www.locanto.com.pe/lima/ID_7215965112/Ayuda-economica-todo-lim
[15:10:18]   + https://www.locanto.com.pe/lima/ID_6352321420/Doy-ayuda-economica-a-sr
[15:11:07]   + https://www.locanto.com.pe/lima/ID_7840191056/Ayuda-economica-segura-y
[15:12:00]   + https://www.locanto.com.pe/lima/ID_7840227107/Ayuda-Economica-a-Senori
[15:12:48]   + https://www.locanto.com.pe/lima/ID_8557981214/AYUDA-ECONOMICA-800-SOLE
[15:13:37]   + https://www.locanto.com.pe/lima/ID_7665009751/Ayuda-para-senorita-en-a
[15:14:12]   + https://www.locanto.com.pe/lima/ID_8558781097/AYUDA-ECONOMICA-PARA-CHI
[15:14:42]   + https://www.locanto.com.pe/lima/ID_7541497113/Brindo-ayuda-economica-a
[15:15:05]   + https://www.locanto.com.pe/lima/ID_8101681016/Busco-solo-a-1-Senorita-
[15:15:29]   + https://www.locanto.com.pe/lima/ID_8213923037/Busco-solo-a-1-Senorita-
[15:15:54]   + https://www.locanto.com.pe/lima/ID_8337754430/Embarazada-ayuda-economi
[15:16:48]   + https://www.locanto.com.pe/lima/ID_7651043034/Ayuda-economica-a-senori
[15:16:49] LIST p4: https://www.locanto.com.pe/lima/Hombre-busca-mujer/20701/4/?query=ayuda+economica
[15:17:45]   main IDs: 46
[15:18:07]   + https://www.locanto.com.pe/lima/ID_8143430650/BRINDO-AYUDA-ECONOMICA-A
[15:18:56]   + https://www.locanto.com.pe/lima/ID_7891035423/Ayuda-economica-chicas-d
[15:19:20]   + https://www.locanto.com.pe/lima/ID_5139884102/AYUDA-ECONOMICA-A-SENORA
[15:20:05]   + https://www.locanto.com.pe/lima/ID_6439674443/AYUDA-ECONOMICA-A-SENORA
[15:20:45]   + https://www.locanto.com.pe/lima/ID_9004008844/Hombre-generoso-brinda-a
[15:21:32]   + https://www.locanto.com.pe/lima/ID_7287847550/AYUDA-ECONOMICA-A-SRTA-D
[15:22:23]   + https://www.locanto.com.pe/lima/ID_9003485879/BRINDO-AYUDA-ECONOMICA-A
[15:23:11]   + https://www.locanto.com.pe/lima/ID_7652581464/AYUDA-ECONOMICA-PARA-MUJ
[15:23:47]   + https://www.locanto.com.pe/lima/ID_7652272483/Brindo-ayuda-economica-a
[15:24:16]   + https://www.locanto.com.pe/lima/ID_9003299963/Doy-ayuda-apoyo-economic
[15:25:02]   + https://www.locanto.com.pe/lima/ID_7841054371/Brindo-Ayuda-Economica-a
[15:25:46]   + https://www.locanto.com.pe/lima/ID_8099794725/Buscas-Dinero-Ayuda-Cons
[15:26:18]   + https://www.locanto.com.pe/lima/ID_8100281741/JOVEN-PRESTA-AYUDA-ECONO
[15:26:42]   + https://www.locanto.com.pe/lima/ID_8535759041/EMPRESARIO-BUSCA-CHICA-A
[15:27:30]   + https://www.locanto.com.pe/lima/ID_8538622243/SUGAR-BRINDA-BUSCA-CHICA
[15:28:04]   + https://www.locanto.com.pe/lima/ID_8543433752/Se-Busca-Chicas-de-18-a-
[15:28:35]   + https://www.locanto.com.pe/lima/ID_8544038119/Ayuda-Economica-a-Chicas
[15:29:16]   + https://www.locanto.com.pe/lima/ID_7736310888/Ayuda-economica-en-Lima.
[15:29:42]   + https://www.locanto.com.pe/lima/ID_8209387979/Ayuda-economica-a-estudi
[15:30:05]   + https://www.locanto.com.pe/lima/ID_8337624487/Busco-una-embarazada-par
[15:30:37]   + https://www.locanto.com.pe/lima/ID_8759400562/Ayuda-economica-a-madres
[15:31:17]   + https://www.locanto.com.pe/lima/ID_7330250224/AYUDA-ECONOMICA-A-CHICAS
[15:31:38]   + https://www.locanto.com.pe/lima/ID_9001304593/Caballero-da-su-ayuda-ec
[15:32:01]   + https://www.locanto.com.pe/lima/ID_4983452457/soy-sugar-daddy-y-brindo
[15:32:20]   + https://www.locanto.com.pe/lima/ID_8118132917/Ofrezco-Ayuda-economica-
[15:32:42]   + https://www.locanto.com.pe/lima/ID_8530706002/EMPRESARIO-CON-DEPARTAME
[15:33:18]   + https://www.locanto.com.pe/lima/ID_6815831746/Brindo-Ayuda-Economica-a
[15:33:19] DONE lima: added=100 last_p=4
