[13:33:09] START Lima fresh high (main cards ONLY, tuned)
[13:33:09] base=https://www.locanto.com.pe/lima/Hombre-busca-mujer/20701
[13:33:09] LIST p100: https://www.locanto.com.pe/lima/Hombre-busca-mujer/20701/100/?query=ayuda+economica
[13:33:58]   main IDs: 43
[13:35:34]   + https://www.locanto.com.pe/lima/ID_8333351164/Ayuda-economica-damas-no
[13:36:26]   + https://www.locanto.com.pe/lima/ID_6493356460/BUSCO-1-SOLA-SENORITA-PA
[13:36:27] LIST p101: https://www.locanto.com.pe/lima/Hombre-busca-mujer/20701/101/?query=ayuda+economica
[13:36:56]   main IDs: 44
[13:38:32]   + https://www.locanto.com.pe/lima/ID_8921116591/ayuda-economico-a-mujere
[13:42:41] LIST p102: https://www.locanto.com.pe/lima/Hombre-busca-mujer/20701/102/?query=ayuda+economica
[13:43:47]   main IDs: 44
[13:49:02] LIST p103: https://www.locanto.com.pe/lima/Hombre-busca-mujer/20701/103/?query=ayuda+economica
[13:50:53]   main IDs: 44
[13:56:26] LIST p104: https://www.locanto.com.pe/lima/Hombre-busca-mujer/20701/104/?query=ayuda+economica
[13:57:28]   main IDs: 44
[14:02:58] LIST p105: https://www.locanto.com.pe/lima/Hombre-busca-mujer/20701/105/?query=ayuda+economica
[14:19:15]   main IDs: 44
[14:56:40] LIST p106: https://www.locanto.com.pe/lima/Hombre-busca-mujer/20701/106/?query=ayuda+economica
[14:57:46]   main IDs: 43
[15:00:56] LIST p107: https://www.locanto.com.pe/lima/Hombre-busca-mujer/20701/107/?query=ayuda+economica
[15:01:58]   main IDs: 43
[15:04:37] LIST p108: https://www.locanto.com.pe/lima/Hombre-busca-mujer/20701/108/?query=ayuda+economica
[15:05:37]   main IDs: 43
[15:08:31] LIST p109: https://www.locanto.com.pe/lima/Hombre-busca-mujer/20701/109/?query=ayuda+economica
[15:09:03]   main IDs: 43
[15:12:33] LIST p110: https://www.locanto.com.pe/lima/Hombre-busca-mujer/20701/110/?query=ayuda+economica
[15:13:33]   main IDs: 43
[15:16:44] LIST p111: https://www.locanto.com.pe/lima/Hombre-busca-mujer/20701/111/?query=ayuda+economica
[15:17:20]   main IDs: 43
[15:19:47] LIST p112: https://www.locanto.com.pe/lima/Hombre-busca-mujer/20701/112/?query=ayuda+economica
[15:20:15]   main IDs: 43
[15:23:03] LIST p113: https://www.locanto.com.pe/lima/Hombre-busca-mujer/20701/113/?query=ayuda+economica
[15:23:41]   main IDs: 43
[15:25:47] LIST p114: https://www.locanto.com.pe/lima/Hombre-busca-mujer/20701/114/?query=ayuda+economica
[15:26:16]   main IDs: 43
[15:28:09] LIST p115: https://www.locanto.com.pe/lima/Hombre-busca-mujer/20701/115/?query=ayuda+economica
[15:28:47]   main IDs: 43
[15:30:45] LIST p116: https://www.locanto.com.pe/lima/Hombre-busca-mujer/20701/116/?query=ayuda+economica
[15:31:17]   main IDs: 43
[15:32:55] LIST p117: https://www.locanto.com.pe/lima/Hombre-busca-mujer/20701/117/?query=ayuda+economica
[15:33:21]   main IDs: 43
[15:35:12] LIST p118: https://www.locanto.com.pe/lima/Hombre-busca-mujer/20701/118/?query=ayuda+economica
[15:35:36]   main IDs: 43
[15:36:48] LIST p119: https://www.locanto.com.pe/lima/Hombre-busca-mujer/20701/119/?query=ayuda+economica
[15:37:15]   main IDs: 43
[15:38:22] LIST p120: https://www.locanto.com.pe/lima/Hombre-busca-mujer/20701/120/?query=ayuda+economica
[15:38:43]   main IDs: 43
[15:39:40] LIST p121: https://www.locanto.com.pe/lima/Hombre-busca-mujer/20701/121/?query=ayuda+economica
[15:40:03]   main IDs: 43
[15:41:06] LIST p122: https://www.locanto.com.pe/lima/Hombre-busca-mujer/20701/122/?query=ayuda+economica
[15:41:33]   main IDs: 43
[15:42:32] LIST p123: https://www.locanto.com.pe/lima/Hombre-busca-mujer/20701/123/?query=ayuda+economica
[15:43:00]   main IDs: 43
[15:44:12] LIST p124: https://www.locanto.com.pe/lima/Hombre-busca-mujer/20701/124/?query=ayuda+economica
[15:44:32]   main IDs: 43
[16:16:27] LIST p125: https://www.locanto.com.pe/lima/Hombre-busca-mujer/20701/125/?query=ayuda+economica
[16:16:56]   main IDs: 43
[16:18:05]   + https://www.locanto.com.pe/lima/ID_8954183374/Alguien-que-me-pueda-ayu
[16:18:35]   + https://www.locanto.com.pe/lima/ID_8797245727/Caballero-busca-dama-de-
[16:19:04]   + https://www.locanto.com.pe/lima/ID_8438737083/Madre-soltera-en-busca-d
[16:20:02]   + https://www.locanto.com.pe/lima/ID_8907366728/Necesito-apoyo-economico
[16:20:02] LIST p126: https://www.locanto.com.pe/lima/Hombre-busca-mujer/20701/126/?query=ayuda+economica
[16:20:44]   main IDs: 43
[16:21:42] LIST p127: https://www.locanto.com.pe/lima/Hombre-busca-mujer/20701/127/?query=ayuda+economica
[16:22:03]   main IDs: 43
[16:23:17] LIST p128: https://www.locanto.com.pe/lima/Hombre-busca-mujer/20701/128/?query=ayuda+economica
[16:23:45]   main IDs: 43
[16:24:42] LIST p129: https://www.locanto.com.pe/lima/Hombre-busca-mujer/20701/129/?query=ayuda+economica
[16:25:12]   main IDs: 43
[16:26:10] LIST p130: https://www.locanto.com.pe/lima/Hombre-busca-mujer/20701/130/?query=ayuda+economica
[16:26:49]   main IDs: 43
[16:27:55] LIST p131: https://www.locanto.com.pe/lima/Hombre-busca-mujer/20701/131/?query=ayuda+economica
[16:28:14]   main IDs: 43
[16:29:23] LIST p132: https://www.locanto.com.pe/lima/Hombre-busca-mujer/20701/132/?query=ayuda+economica
[16:30:04]   main IDs: 43
[16:31:01] LIST p133: https://www.locanto.com.pe/lima/Hombre-busca-mujer/20701/133/?query=ayuda+economica
[16:31:21]   main IDs: 43
[16:32:28] LIST p134: https://www.locanto.com.pe/lima/Hombre-busca-mujer/20701/134/?query=ayuda+economica
[16:32:48]   main IDs: 43
[16:33:47] LIST p135: https://www.locanto.com.pe/lima/Hombre-busca-mujer/20701/135/?query=ayuda+economica
[16:34:18]   main IDs: 43
[16:35:29] LIST p136: https://www.locanto.com.pe/lima/Hombre-busca-mujer/20701/136/?query=ayuda+economica
[16:36:29]   main IDs: 43
[16:37:44] LIST p137: https://www.locanto.com.pe/lima/Hombre-busca-mujer/20701/137/?query=ayuda+economica
[16:38:28]   main IDs: 43
[16:39:24] LIST p138: https://www.locanto.com.pe/lima/Hombre-busca-mujer/20701/138/?query=ayuda+economica
[16:39:44]   main IDs: 43
[16:40:46] LIST p139: https://www.locanto.com.pe/lima/Hombre-busca-mujer/20701/139/?query=ayuda+economica
[16:42:12]   main IDs: 43
[16:43:15] LIST p140: https://www.locanto.com.pe/lima/Hombre-busca-mujer/20701/140/?query=ayuda+economica
[16:43:43]   main IDs: 43
[16:44:55] LIST p141: https://www.locanto.com.pe/lima/Hombre-busca-mujer/20701/141/?query=ayuda+economica
[16:46:14]   main IDs: 43
[16:47:19] LIST p142: https://www.locanto.com.pe/lima/Hombre-busca-mujer/20701/142/?query=ayuda+economica
[16:48:08]   main IDs: 43
[16:49:07] LIST p143: https://www.locanto.com.pe/lima/Hombre-busca-mujer/20701/143/?query=ayuda+economica
[16:50:11]   main IDs: 43
[16:51:05] LIST p144: https://www.locanto.com.pe/lima/Hombre-busca-mujer/20701/144/?query=ayuda+economica
[16:51:29]   main IDs: 43
[16:52:21] LIST p145: https://www.locanto.com.pe/lima/Hombre-busca-mujer/20701/145/?query=ayuda+economica
[16:52:39]   main IDs: 43
[16:53:43] LIST p146: https://www.locanto.com.pe/lima/Hombre-busca-mujer/20701/146/?query=ayuda+economica
[16:54:07]   main IDs: 43
[16:55:08] LIST p147: https://www.locanto.com.pe/lima/Hombre-busca-mujer/20701/147/?query=ayuda+economica
[16:55:55]   main IDs: 43
[16:56:44] LIST p148: https://www.locanto.com.pe/lima/Hombre-busca-mujer/20701/148/?query=ayuda+economica
[16:57:03]   main IDs: 43
[16:58:08] LIST p149: https://www.locanto.com.pe/lima/Hombre-busca-mujer/20701/149/?query=ayuda+economica
[16:58:29]   main IDs: 43
[16:59:27] LIST p150: https://www.locanto.com.pe/lima/Hombre-busca-mujer/20701/150/?query=ayuda+economica
[16:59:43]   main IDs: 43
[17:00:42] LIST p151: https://www.locanto.com.pe/lima/Hombre-busca-mujer/20701/151/?query=ayuda+economica
[17:01:00]   main IDs: 43
[17:20:44] LIST p152: https://www.locanto.com.pe/lima/Hombre-busca-mujer/20701/152/?query=ayuda+economica
[17:21:52]   main IDs: 43
[17:21:53] LIST p153: https://www.locanto.com.pe/lima/Hombre-busca-mujer/20701/153/?query=ayuda+economica
[17:46:54]   main IDs: 43
[17:46:55] LIST p154: https://www.locanto.com.pe/lima/Hombre-busca-mujer/20701/154/?query=ayuda+economica
[17:47:56]   main IDs: 43
[17:47:57] LIST p155: https://www.locanto.com.pe/lima/Hombre-busca-mujer/20701/155/?query=ayuda+economica
[17:49:49]   main IDs: 43
[17:49:49] LIST p156: https://www.locanto.com.pe/lima/Hombre-busca-mujer/20701/156/?query=ayuda+economica
[17:50:15]   main IDs: 43
[17:50:15] LIST p157: https://www.locanto.com.pe/lima/Hombre-busca-mujer/20701/157/?query=ayuda+economica
[17:50:40]   main IDs: 43
[17:50:41] LIST p158: https://www.locanto.com.pe/lima/Hombre-busca-mujer/20701/158/?query=ayuda+economica
[17:51:10]   main IDs: 43
[17:51:10] LIST p159: https://www.locanto.com.pe/lima/Hombre-busca-mujer/20701/159/?query=ayuda+economica
[17:51:35]   main IDs: 43
[17:51:35] LIST p160: https://www.locanto.com.pe/lima/Hombre-busca-mujer/20701/160/?query=ayuda+economica
[17:52:20]   main IDs: 43
[17:52:20] LIST p161: https://www.locanto.com.pe/lima/Hombre-busca-mujer/20701/161/?query=ayuda+economica
[17:52:45]   main IDs: 43
[17:52:46] LIST p162: https://www.locanto.com.pe/lima/Hombre-busca-mujer/20701/162/?query=ayuda+economica
[17:53:32]   main IDs: 43
[17:53:33] LIST p163: https://www.locanto.com.pe/lima/Hombre-busca-mujer/20701/163/?query=ayuda+economica
[19:33:57]   main IDs: 43
[19:33:57] LIST p164: https://www.locanto.com.pe/lima/Hombre-busca-mujer/20701/164/?query=ayuda+economica
[19:34:46]   main IDs: 43
[19:34:59]   + https://www.locanto.com.pe/lima/ID_8728015417/Ayuda-economica-Apoyo-ec
[19:36:00] LIST p165: https://www.locanto.com.pe/lima/Hombre-busca-mujer/20701/165/?query=ayuda+economica
[19:36:48]   main IDs: 43
[19:37:11] LIST p166: https://www.locanto.com.pe/lima/Hombre-busca-mujer/20701/166/?query=ayuda+economica
[19:37:51]   main IDs: 43
[19:38:23] LIST p167: https://www.locanto.com.pe/lima/Hombre-busca-mujer/20701/167/?query=ayuda+economica
[19:39:10]   main IDs: 43
[19:39:45] LIST p168: https://www.locanto.com.pe/lima/Hombre-busca-mujer/20701/168/?query=ayuda+economica
[19:40:05]   main IDs: 43
[19:40:33] LIST p169: https://www.locanto.com.pe/lima/Hombre-busca-mujer/20701/169/?query=ayuda+economica
[19:40:51]   main IDs: 43
[19:41:34] LIST p170: https://www.locanto.com.pe/lima/Hombre-busca-mujer/20701/170/?query=ayuda+economica
[19:42:22]   main IDs: 43
[19:42:51] LIST p171: https://www.locanto.com.pe/lima/Hombre-busca-mujer/20701/171/?query=ayuda+economica
[19:43:46]   main IDs: 43
[19:44:21] LIST p172: https://www.locanto.com.pe/lima/Hombre-busca-mujer/20701/172/?query=ayuda+economica
[19:45:08]   main IDs: 43
[19:45:35] LIST p173: https://www.locanto.com.pe/lima/Hombre-busca-mujer/20701/173/?query=ayuda+economica
[19:46:21]   main IDs: 43
[19:46:47] LIST p174: https://www.locanto.com.pe/lima/Hombre-busca-mujer/20701/174/?query=ayuda+economica
[19:56:38]   main IDs: 44
[19:57:00] LIST p175: https://www.locanto.com.pe/lima/Hombre-busca-mujer/20701/175/?query=ayuda+economica
[20:02:41]   main IDs: 44
[20:03:34] LIST p176: https://www.locanto.com.pe/lima/Hombre-busca-mujer/20701/176/?query=ayuda+economica
[20:04:22]   main IDs: 44
[20:04:56] LIST p177: https://www.locanto.com.pe/lima/Hombre-busca-mujer/20701/177/?query=ayuda+economica
[20:05:15]   main IDs: 44
[20:05:40] LIST p178: https://www.locanto.com.pe/lima/Hombre-busca-mujer/20701/178/?query=ayuda+economica
[20:06:27]   main IDs: 44
[20:06:51] LIST p179: https://www.locanto.com.pe/lima/Hombre-busca-mujer/20701/179/?query=ayuda+economica
[20:07:38]   main IDs: 44
[20:08:17] LIST p180: https://www.locanto.com.pe/lima/Hombre-busca-mujer/20701/180/?query=ayuda+economica
[20:09:04]   main IDs: 44
[20:09:25] LIST p181: https://www.locanto.com.pe/lima/Hombre-busca-mujer/20701/181/?query=ayuda+economica
[20:10:11]   main IDs: 44
[20:10:34] LIST p182: https://www.locanto.com.pe/lima/Hombre-busca-mujer/20701/182/?query=ayuda+economica
[20:11:20]   main IDs: 44
[20:11:56] LIST p183: https://www.locanto.com.pe/lima/Hombre-busca-mujer/20701/183/?query=ayuda+economica
[20:12:43]   main IDs: 44
[20:13:14] LIST p184: https://www.locanto.com.pe/lima/Hombre-busca-mujer/20701/184/?query=ayuda+economica
[20:14:01]   main IDs: 44
[20:14:42] LIST p185: https://www.locanto.com.pe/lima/Hombre-busca-mujer/20701/185/?query=ayuda+economica
[20:15:30]   main IDs: 44
[20:16:04] LIST p186: https://www.locanto.com.pe/lima/Hombre-busca-mujer/20701/186/?query=ayuda+economica
[20:16:52]   main IDs: 44
[20:17:27] LIST p187: https://www.locanto.com.pe/lima/Hombre-busca-mujer/20701/187/?query=ayuda+economica
[20:17:47]   main IDs: 44
[20:18:16] LIST p188: https://www.locanto.com.pe/lima/Hombre-busca-mujer/20701/188/?query=ayuda+economica
[20:18:33]   main IDs: 44
[20:19:10] LIST p189: https://www.locanto.com.pe/lima/Hombre-busca-mujer/20701/189/?query=ayuda+economica
[20:19:57]   main IDs: 44
[20:20:23] LIST p190: https://www.locanto.com.pe/lima/Hombre-busca-mujer/20701/190/?query=ayuda+economica
[20:20:42]   main IDs: 44
[20:21:08] LIST p191: https://www.locanto.com.pe/lima/Hombre-busca-mujer/20701/191/?query=ayuda+economica
[20:21:54]   main IDs: 44
[20:22:22] LIST p192: https://www.locanto.com.pe/lima/Hombre-busca-mujer/20701/192/?query=ayuda+economica
[20:23:07]   main IDs: 44
[20:23:46] LIST p193: https://www.locanto.com.pe/lima/Hombre-busca-mujer/20701/193/?query=ayuda+economica
[20:24:32]   main IDs: 44
[20:25:07] LIST p194: https://www.locanto.com.pe/lima/Hombre-busca-mujer/20701/194/?query=ayuda+economica
[20:25:54]   main IDs: 44
[20:26:24] LIST p195: https://www.locanto.com.pe/lima/Hombre-busca-mujer/20701/195/?query=ayuda+economica
[20:27:12]   main IDs: 44
[20:27:46] LIST p196: https://www.locanto.com.pe/lima/Hombre-busca-mujer/20701/196/?query=ayuda+economica
[20:28:33]   main IDs: 44
[20:29:02] LIST p197: https://www.locanto.com.pe/lima/Hombre-busca-mujer/20701/197/?query=ayuda+economica
[20:29:28]   main IDs: 44
[20:30:03] LIST p198: https://www.locanto.com.pe/lima/Hombre-busca-mujer/20701/198/?query=ayuda+economica
[20:30:51]   main IDs: 44
[20:31:31] LIST p199: https://www.locanto.com.pe/lima/Hombre-busca-mujer/20701/199/?query=ayuda+economica
[20:33:00]   main IDs: 44
[20:33:34] DONE Lima high added=8
