[13:38:07] START cusco rerun clean (main cards ONLY)
[13:38:07] p1
[13:39:07]   IDs: 48
[13:41:51]   +added
[13:42:46]   +added
[13:43:22]   +added
[13:44:16]   +added
[13:45:12]   +added
[13:46:03]   +added
[13:46:03] p2
[13:47:00]   IDs: 48
[13:47:23]   +added
[13:48:17]   +added
[13:49:14]   +added
[13:50:55]   +added
[13:52:08]   +added
[13:53:13]   +added
[13:54:05]   +added
[13:54:58]   +added
[13:55:55]   +added
[13:56:49]   +added
[13:57:43]   +added
[13:58:23]   +added
[13:59:19]   +added
[14:00:14]   +added
[14:00:53]   +added
[14:01:52]   +added
[14:02:51]   +added
[14:03:25]   +added
[14:19:14]   +added
[14:23:12]   +added
[14:25:36]   +added
[14:42:07]   +added
[14:56:14]   +added
[14:57:04]   +added
[14:57:05] p3
[14:57:59]   IDs: 48
[14:58:48]   +added
[14:59:41]   +added
[15:00:21]   +added
[15:01:15]   +added
[15:02:10]   +added
[15:03:03]   +added
[15:03:53]   +added
[15:04:45]   +added
[15:05:34]   +added
[15:06:29]   +added
[15:07:16]   +added
[15:07:50]   +added
[15:08:31]   +added
[15:09:03]   +added
[15:09:40]   +added
[15:10:27]   +added
[15:11:09]   +added
[15:11:33]   +added
[15:12:21]   +added
[15:12:51]   +added
[15:13:42]   +added
[15:14:15]   +added
[15:14:41]   +added
[15:15:27]   +added
[15:15:28] p4
[15:16:26]   IDs: 26
[15:17:00]   +added
[15:17:54]   +added
[15:18:21]   +added
[15:19:08]   +added
[15:20:02]   +added
[15:20:47]   +added
[15:21:37]   +added
[15:22:15]   +added
[15:22:34]   +added
[15:23:15]   +added
[15:23:59]   +added
[15:24:22]   +added
[15:24:42]   +added
[15:25:25]   +added
[15:25:48]   +added
[15:26:34]   +added
[15:27:01]   +added
[15:27:24]   +added
[15:27:47]   +added
[15:28:18]   +added
[15:28:46]   +added
[15:29:19]   +added
[15:29:44]   +added
[15:29:59]   +added
[15:30:14]   +added
[15:30:15] DONE cusco added=79
