[13:36:24] START puno keep2 (main cards ONLY, tuned)
[13:36:24] base=https://www.locanto.com.pe/puno/Hombre-busca-mujer/20701
[13:36:24] p1
[13:37:14]   IDs: 30
[13:38:08]   +added
[13:38:59]   +added
[13:39:51]   +added
[13:40:42]   +added
[13:41:35]   +added
[13:42:23]   +added
[13:43:16]   +added
[13:44:04]   +added
[13:44:33]   +added
[13:45:25]   +added
[13:46:22]   +added
[13:47:14]   +added
[13:48:04]   +added
[13:48:59]   +added
[13:50:19]   +added
[13:50:19] p2
[13:51:56]   IDs: 30
[13:51:57] p3
[13:53:01]   IDs: 30
[13:53:01] p4
[13:53:55]   IDs: 30
[13:53:55] p5
[13:54:58]   IDs: 30
[13:54:58] p6
[13:55:59]   IDs: 30
[13:56:00] p7
[13:57:00]   IDs: 30
[13:57:01] p8
[13:58:04]   IDs: 30
[13:58:04] p9
[13:59:04]   IDs: 30
[13:59:05] p10
[13:59:56]   IDs: 30
[13:59:56] p11
[14:00:51]   IDs: 30
[14:00:51] p12
[14:01:53]   IDs: 30
[14:01:53] p13
[14:02:57]   IDs: 30
[14:02:57] p14
[14:19:14]   IDs: 30
[14:19:15] p15
[14:21:50]   IDs: 30
[14:21:51] p16
[14:23:54]   IDs: 30
[14:23:54] p17
[14:26:09]   IDs: 30
[14:26:09] p18
[14:55:14]   IDs: 30
[14:55:14] p19
[14:56:20]   IDs: 30
[14:56:20] p20
[14:57:15]   IDs: 30
[14:57:15] p21
[14:58:13]   IDs: 30
[14:58:13] p22
[14:59:13]   IDs: 30
[14:59:14] p23
[15:00:16]   IDs: 30
[15:00:17] p24
[15:01:13]   IDs: 30
[15:01:14] p25
[15:02:15]   IDs: 30
[15:02:15] p26
[15:03:12]   IDs: 30
[15:03:12] p27
[15:04:10]   IDs: 30
[15:04:10] p28
[15:04:44]   IDs: 30
[15:04:45] p29
[15:05:40]   IDs: 30
[15:05:40] p30
[15:06:40]   IDs: 30
[15:06:40] p31
[15:07:26]   IDs: 30
[15:07:26] p32
[15:08:16]   IDs: 30
[15:08:17] p33
[15:09:12]   IDs: 30
[15:09:13] p34
[15:10:13]   IDs: 30
[15:10:13] p35
[15:11:02]   IDs: 30
[15:11:03] p36
[15:11:58]   IDs: 30
[15:11:58] p37
[15:12:49]   IDs: 30
[15:12:49] p38
[15:13:16]   IDs: 30
[15:13:16] p39
[15:14:12]   IDs: 30
[15:14:12] DONE puno added=15
