/Users/pabloillescas/Library/Python/3.9/lib/python/site-packages/urllib3/__init__.py:35: NotOpenSSLWarning: urllib3 v2 only supports OpenSSL 1.1.1+, currently the 'ssl' module is compiled with 'LibreSSL 2.8.3'. See: https://github.com/urllib3/urllib3/issues/3020
  warnings.warn(
[12:51:24] SHARD p50+ pure section list crawl (main cards ONLY)
SHARD p50+ pure section list crawl (main cards ONLY)
[12:51:24] base=https://www.locanto.com.pe/lima/Hombre-busca-mujer/20701
base=https://www.locanto.com.pe/lima/Hombre-busca-mujer/20701
[12:51:24] LIST p50: https://www.locanto.com.pe/lima/Hombre-busca-mujer/20701/50/?query=ayuda+economica
LIST p50: https://www.locanto.com.pe/lima/Hombre-busca-mujer/20701/50/?query=ayuda+economica
[12:52:10]   main article.posting_listing IDs: 43
  main article.posting_listing IDs: 43
[12:52:23]   + https://www.locanto.com.pe/lima/ID_9042630897/Ayuda-economica-a-chicas-en-lima.html
  + https://www.locanto.com.pe/lima/ID_9042630897/Ayuda-economica-a-chicas-en-lima.html
[12:52:40]   + https://www.locanto.com.pe/lima/ID_8376035330/Brindo-apoyo-economico-a-mujeres-que-pasen-urgencias.html
  + https://www.locanto.com.pe/lima/ID_8376035330/Brindo-apoyo-economico-a-mujeres-que-pasen-urgencias.html
[13:08:21]   + https://www.locanto.com.pe/lima/ID_8784472040/Ayuda-real-solo-chicas-que-necesite.html
  + https://www.locanto.com.pe/lima/ID_8784472040/Ayuda-real-solo-chicas-que-necesite.html
[13:08:48]   + https://www.locanto.com.pe/lima/ID_7321882516/Doy-ayuda-economica-Busco-chica-para-sugar-baby.html
  + https://www.locanto.com.pe/lima/ID_7321882516/Doy-ayuda-economica-Busco-chica-para-sugar-baby.html
[13:25:08]   + https://www.locanto.com.pe/lima/ID_8711388266/Apoyo-economico-a-mujeres-entre-18-a-27-anos.html
  + https://www.locanto.com.pe/lima/ID_8711388266/Apoyo-economico-a-mujeres-entre-18-a-27-anos.html
[13:25:25]   + https://www.locanto.com.pe/lima/ID_6687796862/Brindo-Ayuda-economica-a-senorita.html
  + https://www.locanto.com.pe/lima/ID_6687796862/Brindo-Ayuda-economica-a-senorita.html
[13:26:04]   + https://www.locanto.com.pe/lima/ID_8425114631/senorita-para-ayuda-Economica-y-compartir-buenos-momentos.html
  + https://www.locanto.com.pe/lima/ID_8425114631/senorita-para-ayuda-Economica-y-compartir-buenos-momentos.html
[13:26:20]   + https://www.locanto.com.pe/lima/ID_9030132608/Brindo-apoyo-Economico-senoritas-grabacion-xxx-Lima.html
  + https://www.locanto.com.pe/lima/ID_9030132608/Brindo-apoyo-Economico-senoritas-grabacion-xxx-Lima.html
[13:26:31]   + https://www.locanto.com.pe/lima/ID_8765451564/Sra-de-Casa-Busca-Apoyo-economico-SJM.html
  + https://www.locanto.com.pe/lima/ID_8765451564/Sra-de-Casa-Busca-Apoyo-economico-SJM.html
[13:27:17]   + https://www.locanto.com.pe/lima/ID_7748740999/Brindo-Ayuda-economica-a-chicas-de-18-a-24-anos.html
  + https://www.locanto.com.pe/lima/ID_7748740999/Brindo-Ayuda-economica-a-chicas-de-18-a-24-anos.html
[13:27:32]   + https://www.locanto.com.pe/lima/ID_8836353669/MILFS-MADURAS-SOLTERAS-CASADAS-REALES-BUSCAN-APOYO-ECONOMICO.html
  + https://www.locanto.com.pe/lima/ID_8836353669/MILFS-MADURAS-SOLTERAS-CASADAS-REALES-BUSCAN-APOYO-ECONOMICO.html
[13:27:46]   + https://www.locanto.com.pe/lima/ID_8949863123/CHICAS-UNIVERSITARIAS-CALETASY-ATRACTIVAS-BUSCAN-APOYO-ECONOMICO.html
  + https://www.locanto.com.pe/lima/ID_8949863123/CHICAS-UNIVERSITARIAS-CALETASY-ATRACTIVAS-BUSCAN-APOYO-ECONOMICO.html
[13:28:02]   + https://www.locanto.com.pe/lima/ID_6718689784/SE-BRINDA-APOYO-ECONOMICO-A-CHICAS-COLEGIALAS-O-UNIVERSITARIAS.html
  + https://www.locanto.com.pe/lima/ID_6718689784/SE-BRINDA-APOYO-ECONOMICO-A-CHICAS-COLEGIALAS-O-UNIVERSITARIAS.html
[13:28:20]   + https://www.locanto.com.pe/lima/ID_8875338200/Apoyo-ecnomico-para-srta-no-busco-scort-discrecion-y-anonimato.html
  + https://www.locanto.com.pe/lima/ID_8875338200/Apoyo-ecnomico-para-srta-no-busco-scort-discrecion-y-anonimato.html
[13:28:36]   + https://www.locanto.com.pe/lima/ID_7033890303/Oportunidad-de-Ayuda-para-Chicas-Jovenes.html
  + https://www.locanto.com.pe/lima/ID_7033890303/Oportunidad-de-Ayuda-para-Chicas-Jovenes.html
[13:28:55]   + https://www.locanto.com.pe/lima/ID_8083278333/BUSCO-UNA-AMIGA-CON-BENEFICIOS-LE-AYUDO-ECONOMICAMENTE.html
  + https://www.locanto.com.pe/lima/ID_8083278333/BUSCO-UNA-AMIGA-CON-BENEFICIOS-LE-AYUDO-ECONOMICAMENTE.html
[13:29:09]   + https://www.locanto.com.pe/lima/ID_8797770133/AYUDA-ECONOMICA-CONSTANTE-Y-EXCLUSIVO-SENORITAS-DE-19-29.html
  + https://www.locanto.com.pe/lima/ID_8797770133/AYUDA-ECONOMICA-CONSTANTE-Y-EXCLUSIVO-SENORITAS-DE-19-29.html
[13:29:26]   + https://www.locanto.com.pe/lima/ID_8440916252/Ayuda-economica-constante.html
  + https://www.locanto.com.pe/lima/ID_8440916252/Ayuda-economica-constante.html
[13:29:48]   + https://www.locanto.com.pe/lima/ID_8876128407/APOYO-ECONOMICO-LIMA-AYUDA-ECONOMICA-LIMA-PARA-SRTA-o-madre-solt.html
  + https://www.locanto.com.pe/lima/ID_8876128407/APOYO-ECONOMICO-LIMA-AYUDA-ECONOMICA-LIMA-PARA-SRTA-o-madre-solt.html
[13:30:12]   + https://www.locanto.com.pe/lima/ID_8532054515/Lorena-de-23-anos-en-busca-de-ayuda-economica.html
  + https://www.locanto.com.pe/lima/ID_8532054515/Lorena-de-23-anos-en-busca-de-ayuda-economica.html
[13:30:38]   + https://www.locanto.com.pe/lima/ID_6559685669/APOYO-ECONOMICO-A-SENORITAS-CULONAS-CON-ORGASMOS.html
  + https://www.locanto.com.pe/lima/ID_6559685669/APOYO-ECONOMICO-A-SENORITAS-CULONAS-CON-ORGASMOS.html
[13:31:23]   + https://www.locanto.com.pe/lima/ID_7412687637/Apoyo-economico-a-mujeres-en-apuros.html
  + https://www.locanto.com.pe/lima/ID_7412687637/Apoyo-economico-a-mujeres-en-apuros.html
[13:32:14]   + https://www.locanto.com.pe/lima/ID_8083134255/APOYO-ECONOMICO-PARA-CHICAS-ESTUDIANTES-Lima.html
  + https://www.locanto.com.pe/lima/ID_8083134255/APOYO-ECONOMICO-PARA-CHICAS-ESTUDIANTES-Lima.html
