[13:30:22] START piura v3 section list crawl (main cards ONLY, tuned)
[13:30:22] base=https://www.locanto.com.pe/piura/Hombre-busca-mujer/20701
[13:30:22] LIST p1: https://www.locanto.com.pe/piura/Hombre-busca-mujer/20701/1/?query=ayuda+economica
[13:31:13]   main IDs: 48
[13:32:24]   + https://www.locanto.com.pe/piura/ID_7748761550/Doy-ayuda-economica-a-m
[13:33:16]   + https://www.locanto.com.pe/piura/ID_8774640132/Ofrezco-ayuda-economica
[13:34:10]   + https://www.locanto.com.pe/piura/ID_5993220579/Se-da-ayuda-economica-p
[13:34:41]   + https://www.locanto.com.pe/piura/ID_7747315820/Ayuda-economica-Piura.h
[13:35:02]   + https://www.locanto.com.pe/piura/ID_8349529801/ayuda-economica-para-mu
[13:35:45]   + https://www.locanto.com.pe/piura/ID_8345387113/Ayuda-economica-Piura-2
[13:36:37]   + https://www.locanto.com.pe/piura/ID_8745626508/Brindo-Ayuda-Economica-
[13:37:25]   + https://www.locanto.com.pe/piura/ID_7970594955/Ayuda-economica.html
[13:38:42]   + https://www.locanto.com.pe/piura/ID_7540906865/Ayuda-Economica-discret
[13:39:31]   + https://www.locanto.com.pe/piura/ID_8211885435/Doy-ayuda-economica-de-
[13:40:22]   + https://www.locanto.com.pe/piura/ID_7736004513/Ayuda-economica.html
[13:41:15]   + https://www.locanto.com.pe/piura/ID_8208047535/AYUDA-ECONOMICA-PIURA.h
[13:42:03]   + https://www.locanto.com.pe/piura/ID_8208904132/AYUDA-ECONOMICA-PIURA-Y
[13:42:55]   + https://www.locanto.com.pe/piura/ID_7959384896/Ayuda-economica-a-chica
[13:43:45]   + https://www.locanto.com.pe/piura/ID_7734094471/Ayuda-economica-a-chica
[13:44:34]   + https://www.locanto.com.pe/piura/ID_8990785484/Ayuda-Economica-Piura-2
[13:45:23]   + https://www.locanto.com.pe/piura/ID_8990776498/Brindo-Ayuda-Economica-
[13:46:17]   + https://www.locanto.com.pe/piura/ID_8092585858/Busco-mujeres-discretas
[13:46:17] LIST p2: https://www.locanto.com.pe/piura/Hombre-busca-mujer/20701/2/?query=ayuda+economica
[13:46:51]   main IDs: 27
[13:47:46]   + https://www.locanto.com.pe/piura/ID_8926730062/Quienes-buscan-ayuda-ec
[13:48:42]   + https://www.locanto.com.pe/piura/ID_7915794749/AYUDA-ECONOMICA-A-MUJER
[13:49:53]   + https://www.locanto.com.pe/piura/ID_7614290617/Se-ayuda-economica-a-mu
[13:51:25]   + https://www.locanto.com.pe/piura/ID_7498595461/Ayuda-economica-para-mu
[13:52:35]   + https://www.locanto.com.pe/piura/ID_8907385523/ayuda-economica-a-mujer
[13:53:35]   + https://www.locanto.com.pe/piura/ID_8665588441/Ayuda-economica-para-ch
[13:54:28]   + https://www.locanto.com.pe/piura/ID_8161249325/Brindo-ayuda-economica.
[13:55:20]   + https://www.locanto.com.pe/piura/ID_7892080183/BRINDO-AYUDA-ECONOMICA.
[13:55:50]   + https://www.locanto.com.pe/piura/ID_8630633851/Busco-chicapara-ayudar-
[13:56:38]   + https://www.locanto.com.pe/piura/ID_8405908952/Ayuda-economica-discret
[13:57:14]   + https://www.locanto.com.pe/piura/ID_8636490396/A-E-ayuda-economica-sol
[13:58:06]   + https://www.locanto.com.pe/piura/ID_8011694295/Brindo-ayuda-economica-
[13:58:54]   + https://www.locanto.com.pe/piura/ID_5906171803/Se-da-ayuda-economica-a
[13:59:43]   + https://www.locanto.com.pe/piura/ID_4420313725/Brindo-ayuda-economica-
[14:00:38]   + https://www.locanto.com.pe/piura/ID_4787526492/Brindo-ayuda-economica-
[14:01:30]   + https://www.locanto.com.pe/piura/ID_8129858788/Ayuda-economica-Piura-y
[14:01:53]   + https://www.locanto.com.pe/piura/ID_7998466300/Ayuda-economica-para-se
[14:02:51]   + https://www.locanto.com.pe/piura/ID_8587517299/Doy-ayuda-economica-a-c
[14:03:35]   + https://www.locanto.com.pe/piura/ID_8808247304/DOY-AYUDA-ECONOMICA-PRE
[14:20:25]   + https://www.locanto.com.pe/piura/ID_8582592804/Doy-ayuda-economica-a-c
[14:22:24]   + https://www.locanto.com.pe/piura/ID_8235119308/Ofrezco-ayuda-economica
[14:24:16]   + https://www.locanto.com.pe/piura/ID_7751194481/Brindo-ayuda-economica-
[14:26:08]   + https://www.locanto.com.pe/piura/ID_8566414827/Joven-atletico-brinda-a
[14:26:09] LIST p3: https://www.locanto.com.pe/piura/Hombre-busca-mujer/20701/3/?query=ayuda+economica
[14:55:15]   main IDs: 43
[14:56:28]   + https://www.locanto.com.pe/piura/ID_8570758281/Srita-de-18-a-24-anos-5
[14:57:18]   + https://www.locanto.com.pe/piura/ID_9042728124/Brindo-apoyo-economico-
[14:58:10]   + https://www.locanto.com.pe/piura/ID_7981483749/Brindo-ayuda-economica-
[14:59:03]   + https://www.locanto.com.pe/piura/ID_6882169250/Doy-ayuda-economica-tot
[14:59:52]   + https://www.locanto.com.pe/piura/ID_5378229139/Se-da-ayuda-economica-p
[15:00:37]   + https://www.locanto.com.pe/piura/ID_8224446514/Busco-conversar-y-o-dar
[15:00:57]   + https://www.locanto.com.pe/piura/ID_8696322516/Amiga-q-nesecite-apoyo-
[15:01:34]   + https://www.locanto.com.pe/piura/ID_9026309912/Doy-apoyo-economico-a-m
[15:02:09]   + https://www.locanto.com.pe/piura/ID_7328382144/SOMOS-PAREJA-JOVEN-DE-P
[15:02:58]   + https://www.locanto.com.pe/piura/ID_7536501465/Senoritas-que-necesiten
[15:03:46]   + https://www.locanto.com.pe/piura/ID_7536388206/Ayuda-economica.html
[15:04:20]   + https://www.locanto.com.pe/piura/ID_7733938950/Se-necesita-ayuda-econo
[15:04:55]   + https://www.locanto.com.pe/piura/ID_8203523227/Se-brinda-ayuda-economi
[15:05:48]   + https://www.locanto.com.pe/piura/ID_8745658209/Ayuda-economica-para-mu
[15:06:37]   + https://www.locanto.com.pe/piura/ID_8523700308/AYUDA-ECONOMICA-A-SENOR
[15:07:23]   + https://www.locanto.com.pe/piura/ID_7830611321/Doy-ayuda-economica-sol
[15:08:12]   + https://www.locanto.com.pe/piura/ID_7532010446/Brindo-ayuda-economica-
[15:09:04]   + https://www.locanto.com.pe/piura/ID_8329568113/Brindo-apoyo-economico-
[15:09:57]   + https://www.locanto.com.pe/piura/ID_8518430047/Doy-ayuda-economica-sol
[15:10:45]   + https://www.locanto.com.pe/piura/ID_7950323950/Ayuda-economica-a-madre
[15:11:21]   + https://www.locanto.com.pe/piura/ID_8739549803/Busco-mujer-a-cambio-de
[15:12:10]   + https://www.locanto.com.pe/piura/ID_8759657700/AYUDA-ECONOMICA-A-MUJER
[15:12:11] LIST p4: https://www.locanto.com.pe/piura/Hombre-busca-mujer/20701/4/?query=ayuda+economica
[15:12:58]   main IDs: 43
[15:12:58] LIST p5: https://www.locanto.com.pe/piura/Hombre-busca-mujer/20701/5/?query=ayuda+economica
[15:13:54]   main IDs: 43
[15:13:55] LIST p6: https://www.locanto.com.pe/piura/Hombre-busca-mujer/20701/6/?query=ayuda+economica
[15:14:54]   main IDs: 43
[15:14:54] LIST p7: https://www.locanto.com.pe/piura/Hombre-busca-mujer/20701/7/?query=ayuda+economica
[15:15:28]   main IDs: 43
[15:15:28] LIST p8: https://www.locanto.com.pe/piura/Hombre-busca-mujer/20701/8/?query=ayuda+economica
[15:16:15]   main IDs: 43
[15:16:15] LIST p9: https://www.locanto.com.pe/piura/Hombre-busca-mujer/20701/9/?query=ayuda+economica
[15:17:10]   main IDs: 43
[15:17:11] LIST p10: https://www.locanto.com.pe/piura/Hombre-busca-mujer/20701/10/?query=ayuda+economica
[15:18:10]   main IDs: 43
[15:18:10] LIST p11: https://www.locanto.com.pe/piura/Hombre-busca-mujer/20701/11/?query=ayuda+economica
[15:18:54]   main IDs: 43
[15:18:54] LIST p12: https://www.locanto.com.pe/piura/Hombre-busca-mujer/20701/12/?query=ayuda+economica
[15:19:37]   main IDs: 43
[15:19:37] LIST p13: https://www.locanto.com.pe/piura/Hombre-busca-mujer/20701/13/?query=ayuda+economica
[15:20:35]   main IDs: 43
[15:20:36] LIST p14: https://www.locanto.com.pe/piura/Hombre-busca-mujer/20701/14/?query=ayuda+economica
[15:21:17]   main IDs: 43
[15:21:17] LIST p15: https://www.locanto.com.pe/piura/Hombre-busca-mujer/20701/15/?query=ayuda+economica
[15:21:49]   main IDs: 43
[15:21:49] LIST p16: https://www.locanto.com.pe/piura/Hombre-busca-mujer/20701/16/?query=ayuda+economica
[15:22:51]   main IDs: 43
[15:22:52] LIST p17: https://www.locanto.com.pe/piura/Hombre-busca-mujer/20701/17/?query=ayuda+economica
[15:23:34]   main IDs: 43
[15:23:34] LIST p18: https://www.locanto.com.pe/piura/Hombre-busca-mujer/20701/18/?query=ayuda+economica
[15:24:31]   main IDs: 43
[15:24:32] LIST p19: https://www.locanto.com.pe/piura/Hombre-busca-mujer/20701/19/?query=ayuda+economica
[15:25:18]   main IDs: 43
[15:25:18] LIST p20: https://www.locanto.com.pe/piura/Hombre-busca-mujer/20701/20/?query=ayuda+economica
[15:26:16]   main IDs: 43
[15:26:17] LIST p21: https://www.locanto.com.pe/piura/Hombre-busca-mujer/20701/21/?query=ayuda+economica
[15:26:52]   main IDs: 43
[15:26:53] LIST p22: https://www.locanto.com.pe/piura/Hombre-busca-mujer/20701/22/?query=ayuda+economica
[15:27:31]   main IDs: 43
[15:27:32] LIST p23: https://www.locanto.com.pe/piura/Hombre-busca-mujer/20701/23/?query=ayuda+economica
[15:28:05]   main IDs: 43
[15:28:06] LIST p24: https://www.locanto.com.pe/piura/Hombre-busca-mujer/20701/24/?query=ayuda+economica
[15:28:59]   main IDs: 43
[15:28:59] LIST p25: https://www.locanto.com.pe/piura/Hombre-busca-mujer/20701/25/?query=ayuda+economica
[15:29:58]   main IDs: 43
[15:29:59] LIST p26: https://www.locanto.com.pe/piura/Hombre-busca-mujer/20701/26/?query=ayuda+economica
[15:30:37]   main IDs: 43
[15:30:38] LIST p27: https://www.locanto.com.pe/piura/Hombre-busca-mujer/20701/27/?query=ayuda+economica
[15:31:07]   main IDs: 43
[15:31:08] LIST p28: https://www.locanto.com.pe/piura/Hombre-busca-mujer/20701/28/?query=ayuda+economica
[15:31:38]   main IDs: 43
[15:31:38] LIST p29: https://www.locanto.com.pe/piura/Hombre-busca-mujer/20701/29/?query=ayuda+economica
[15:32:06]   main IDs: 43
[15:32:06] LIST p30: https://www.locanto.com.pe/piura/Hombre-busca-mujer/20701/30/?query=ayuda+economica
[15:32:41]   main IDs: 43
[15:32:42] LIST p31: https://www.locanto.com.pe/piura/Hombre-busca-mujer/20701/31/?query=ayuda+economica
[15:33:07]   main IDs: 43
[15:33:07] LIST p32: https://www.locanto.com.pe/piura/Hombre-busca-mujer/20701/32/?query=ayuda+economica
[15:33:32]   main IDs: 43
[15:33:32] LIST p33: https://www.locanto.com.pe/piura/Hombre-busca-mujer/20701/33/?query=ayuda+economica
[15:34:02]   main IDs: 43
[15:34:03] LIST p34: https://www.locanto.com.pe/piura/Hombre-busca-mujer/20701/34/?query=ayuda+economica
[15:34:30]   main IDs: 43
[15:34:30] LIST p35: https://www.locanto.com.pe/piura/Hombre-busca-mujer/20701/35/?query=ayuda+economica
[15:35:08]   main IDs: 43
[15:35:08] LIST p36: https://www.locanto.com.pe/piura/Hombre-busca-mujer/20701/36/?query=ayuda+economica
[15:35:30]   main IDs: 43
[15:35:30] LIST p37: https://www.locanto.com.pe/piura/Hombre-busca-mujer/20701/37/?query=ayuda+economica
[15:36:01]   main IDs: 43
[15:36:01] LIST p38: https://www.locanto.com.pe/piura/Hombre-busca-mujer/20701/38/?query=ayuda+economica
[15:36:29]   main IDs: 43
[15:36:29] LIST p39: https://www.locanto.com.pe/piura/Hombre-busca-mujer/20701/39/?query=ayuda+economica
[15:36:57]   main IDs: 43
[15:36:57] LIST p40: https://www.locanto.com.pe/piura/Hombre-busca-mujer/20701/40/?query=ayuda+economica
[15:37:25]   main IDs: 43
[15:37:25] LIST p41: https://www.locanto.com.pe/piura/Hombre-busca-mujer/20701/41/?query=ayuda+economica
[15:37:49]   main IDs: 43
[15:37:49] LIST p42: https://www.locanto.com.pe/piura/Hombre-busca-mujer/20701/42/?query=ayuda+economica
[15:38:15]   main IDs: 43
[15:38:16] LIST p43: https://www.locanto.com.pe/piura/Hombre-busca-mujer/20701/43/?query=ayuda+economica
[16:54:17]   main IDs: 43
[16:54:17] LIST p44: https://www.locanto.com.pe/piura/Hombre-busca-mujer/20701/44/?query=ayuda+economica
[16:56:54]   main IDs: 43
[16:56:54] LIST p45: https://www.locanto.com.pe/piura/Hombre-busca-mujer/20701/45/?query=ayuda+economica
[16:57:34]   main IDs: 43
[16:57:34] LIST p46: https://www.locanto.com.pe/piura/Hombre-busca-mujer/20701/46/?query=ayuda+economica
[16:59:56]   main IDs: 43
[16:59:56] LIST p47: https://www.locanto.com.pe/piura/Hombre-busca-mujer/20701/47/?query=ayuda+economica
[17:17:02]   main IDs: 43
[17:17:02] LIST p48: https://www.locanto.com.pe/piura/Hombre-busca-mujer/20701/48/?query=ayuda+economica
[17:20:57]   main IDs: 0
[17:20:58] LIST p49: https://www.locanto.com.pe/piura/Hombre-busca-mujer/20701/49/?query=ayuda+economica
[17:51:16]   main IDs: 43
[17:51:16] LIST p50: https://www.locanto.com.pe/piura/Hombre-busca-mujer/20701/50/?query=ayuda+economica
[17:51:56]   main IDs: 43
[17:52:12]   + https://www.locanto.com.pe/piura/ID_8581043816/Soy-universitaria-quier
[17:52:13] DONE piura: added=64
