[13:36:10] START lima keep collecting (main cards ONLY, tuned)
[13:36:10] base=https://www.locanto.com.pe/lima/Hombre-busca-mujer/20701
[13:36:11] p150
[13:37:19]   IDs: 44
[13:41:43] p151
[13:42:44]   IDs: 44
[13:46:45] p152
[13:47:38]   IDs: 44
[13:53:32] p153
[13:54:34]   IDs: 44
[13:58:56] p154
[13:59:54]   IDs: 44
[14:19:17] p155
[14:22:14]   IDs: 44
[14:56:57] p156
[14:57:58]   IDs: 43
[15:00:59] p157
[15:02:01]   IDs: 43
[15:05:19] p158
[15:06:22]   IDs: 43
[15:09:25] p159
[15:10:28]   IDs: 43
[15:13:22] p160
[15:14:19]   IDs: 43
[15:16:58] p161
[15:17:53]   IDs: 43
[15:20:15] p162
[15:21:12]   IDs: 43
[15:23:21] p163
[15:24:08]   IDs: 43
[15:26:17] p164
[15:27:15]   IDs: 43
[15:29:31] p165
[15:30:06]   IDs: 43
[15:31:56] p166
[15:32:28]   IDs: 43
[15:33:43] p167
[15:34:29]   IDs: 43
[15:35:58] p168
[15:36:27]   IDs: 43
[15:37:41] p169
[15:38:04]   IDs: 43
[15:39:04] p170
[15:40:01]   IDs: 43
[15:40:57] p171
[15:41:25]   IDs: 43
[15:42:37] p172
[15:43:04]   IDs: 43
[15:44:06] p173
[15:44:29]   IDs: 43
[16:15:59] p174
[16:16:44]   IDs: 43
[16:17:32]   +added
[16:17:55]   +added
[16:18:28]   +added
[16:19:37] p175
[16:19:57]   IDs: 43
[16:21:05] p176
[16:21:26]   IDs: 43
[16:22:23] p177
[16:23:05]   IDs: 43
[16:24:10] p178
[16:24:40]   IDs: 43
[16:25:50] p179
[16:26:19]   IDs: 43
[16:27:21] p180
[16:27:52]   IDs: 43
[16:29:05] p181
[16:29:40]   IDs: 43
[16:30:32] p182
[16:31:14]   IDs: 43
[16:32:07] p183
[16:32:32]   IDs: 43
[16:33:31] p184
[16:34:03]   IDs: 43
[16:35:03] p185
[16:35:26]   IDs: 43
[16:36:28] p186
[16:37:14]   IDs: 43
[16:38:22] p187
[16:39:20]   IDs: 43
[16:40:16] p188
[16:40:44]   IDs: 43
[16:41:51] p189
[16:42:18]   IDs: 43
[16:43:22] p190
[16:45:01]   IDs: 43
[16:46:08] p191
[16:47:38]   IDs: 43
[16:48:46] p192
[16:49:15]   IDs: 43
[16:50:13] p193
[16:50:36]   IDs: 43
[16:51:39] p194
[16:52:34]   IDs: 43
[16:53:34] p195
[16:53:52]   IDs: 43
[16:54:53] p196
[16:55:13]   IDs: 43
[16:56:06] p197
[16:56:54]   IDs: 43
[16:57:56] p198
[16:58:43]   IDs: 43
[16:59:43] p199
[17:00:02]   IDs: 43
[17:00:52] p200
[17:16:41]   IDs: 43
[17:47:13] p201
[17:49:42]   IDs: 43
[17:50:09] p202
[17:50:33]   IDs: 43
[17:51:00] p203
[17:53:02]   IDs: 43
[17:53:35] p204
[17:55:58]   IDs: 43
[17:56:38] p205
[17:56:59]   IDs: 43
[17:57:38] p206
[17:58:00]   IDs: 43
[17:58:40] p207
[17:59:05]   IDs: 43
[17:59:35] p208
[18:00:17]   IDs: 43
[18:00:50] p209
[18:01:47]   IDs: 43
[18:27:21] p210
[18:27:41]   IDs: 43
[18:28:14]   +added
[18:28:14] p211
[18:28:51]   IDs: 43
[18:29:06] p212
[18:29:29]   IDs: 43
[18:29:45] p213
[18:30:11]   IDs: 43
[18:30:25] p214
[18:31:06]   IDs: 43
[18:31:25] p215
[18:31:41]   IDs: 43
[18:31:54] p216
[18:36:38]   IDs: 43
[18:36:54] p217
[18:37:15]   IDs: 43
[18:38:04] p218
[18:38:36]   IDs: 43
[18:39:35] p219
[18:42:46]   IDs: 43
[18:43:33] p220
[18:44:13]   IDs: 43
[18:45:08] p221
[18:45:36]   IDs: 43
[18:46:14] p222
[18:46:35]   IDs: 43
[18:51:36] p223
[18:52:52]   IDs: 43
[18:56:30] p224
[18:57:00]   IDs: 43
[18:57:52] p225
[19:02:55]   IDs: 43
[19:03:52] p226
[19:04:19]   IDs: 43
[19:05:13] p227
[19:06:10]   IDs: 43
[19:07:13] p228
[19:07:33]   IDs: 43
[19:08:30] p229
[19:09:07]   IDs: 43
[19:09:58] p230
[19:10:40]   IDs: 43
[19:11:24] p231
[19:11:49]   IDs: 43
[19:12:37] p232
[19:13:06]   IDs: 43
[19:13:53] p233
[19:14:37]   IDs: 43
[19:15:25] p234
[19:15:52]   IDs: 43
[19:16:42] p235
[19:17:22]   IDs: 43
[19:18:22] p236
[19:19:08]   IDs: 43
[19:20:01] p237
[19:20:21]   IDs: 43
[19:21:12] p238
[19:22:02]   IDs: 43
[19:22:53] p239
[19:25:50]   IDs: 43
[19:26:46] p240
[19:27:36]   IDs: 43
[19:28:16] p241
[19:29:24]   IDs: 43
[19:29:41]   +added
[19:30:34] p242
[19:30:58]   IDs: 43
[19:31:36] p243
[19:31:55]   IDs: 43
[19:32:30] p244
[19:33:47]   IDs: 43
[19:34:34] p245
[19:35:21]   IDs: 43
[19:35:58] p246
[19:36:30]   IDs: 43
[19:36:43] p247
[19:37:02]   IDs: 43
[19:37:21] p248
[19:37:40]   IDs: 43
[19:37:52] p249
[19:38:39]   IDs: 43
[19:38:59] DONE lima added=5
