[13:31:31] START ica more (main cards ONLY)
[13:31:31] base=https://www.locanto.com.pe/ica/Hombre-busca-mujer/20701
[13:31:31] p1
[13:32:30]   IDs: 2
[13:33:10]   +added
[13:33:38]   +added
[13:33:38] p2
[13:34:35]   IDs: 42
[13:35:24]   +added
[13:36:08]   +added
[13:37:08]   +added
[13:37:58]   +added
[13:38:42]   +added
[13:39:36]   +added
[13:40:26]   +added
[13:41:21]   +added
[13:42:02]   +added
[13:42:28]   +added
[13:43:26]   +added
[13:44:21]   +added
[13:45:06]   +added
[13:46:11]   +added
[13:46:50]   +added
[13:47:47]   +added
[13:48:20]   +added
[13:49:13]   +added
[13:50:56]   +added
[13:52:15]   +added
[13:52:16] p3
[13:53:38]   IDs: 42
[13:53:38] p4
[13:54:35]   IDs: 42
[13:54:36] p5
[13:55:40]   IDs: 42
[13:55:40] p6
[13:56:27]   IDs: 42
[13:56:27] p7
[13:57:32]   IDs: 42
[13:57:32] p8
[13:58:35]   IDs: 42
[13:58:35] p9
[13:59:31]   IDs: 42
[13:59:32] p10
[14:00:28]   IDs: 42
[14:00:28] p11
[14:01:28]   IDs: 42
[14:01:29] p12
[14:02:26]   IDs: 42
[14:02:26] p13
[14:03:11]   IDs: 42
[14:03:11] p14
[14:19:14]   IDs: 42
[14:19:15] p15
[14:21:51]   IDs: 42
[14:21:52] p16
[14:23:57]   IDs: 42
[14:23:57] p17
[14:26:01]   IDs: 42
[14:26:02] p18
[14:42:07]   IDs: 42
[14:42:08] p19
[14:56:23]   IDs: 42
[14:56:23] p20
[14:57:26]   IDs: 42
[14:57:27] p21
[14:58:06]   IDs: 42
[14:58:07] p22
[14:59:04]   IDs: 42
[14:59:05] p23
[15:00:03]   IDs: 42
[15:00:03] p24
[15:01:03]   IDs: 42
[15:01:03] p25
[15:02:03]   IDs: 42
[15:02:03] p26
[15:02:59]   IDs: 42
[15:02:59] p27
[15:03:53]   IDs: 42
[15:03:53] p28
[15:04:41]   IDs: 42
[15:04:41] p29
[15:05:37]   IDs: 42
[15:05:37] p30
[15:06:35]   IDs: 42
[15:06:36] p31
[15:07:34]   IDs: 42
[15:07:35] p32
[15:08:13]   IDs: 42
[15:08:14] p33
[15:09:13]   IDs: 42
[15:09:13] p34
[15:09:56]   IDs: 42
[15:09:56] p35
[15:10:42]   IDs: 42
[15:10:42] p36
[15:11:40]   IDs: 42
[15:11:41] p37
[15:12:24]   IDs: 42
[15:12:24] p38
[15:13:14]   IDs: 42
[15:13:14] p39
[15:14:07]   IDs: 42
[15:14:08] DONE ica added=22
