[13:28:59] RESUME lima section list crawl (main cards ONLY)
[13:28:59] base=https://www.locanto.com.pe/lima/Hombre-busca-mujer/20701
[13:28:59] LIST p1: https://www.locanto.com.pe/lima/Hombre-busca-mujer/20701/1/?query=ayuda+economica
[13:29:30]   main IDs: 48
[13:29:54]   + https://www.locanto.com.pe/lima/ID_8383221026/Doy-ayuda-economica-a-se
[13:29:55] LIST p2: https://www.locanto.com.pe/lima/Hombre-busca-mujer/20701/2/?query=ayuda+economica
[13:30:16]   main IDs: 46
[13:31:08]   + https://www.locanto.com.pe/lima/ID_8146303931/Brindo-ayuda-economica-a
[13:31:58]   + https://www.locanto.com.pe/lima/ID_8218577056/Caballero-ofrece-ayuda-e
[13:31:59] LIST p3: https://www.locanto.com.pe/lima/Hombre-busca-mujer/20701/3/?query=ayuda+economica
[13:32:35]   main IDs: 48
[13:32:58]   + https://www.locanto.com.pe/lima/ID_8104773337/Joven-Ingeniero-respetuo
[13:33:48]   + https://www.locanto.com.pe/lima/ID_8341839704/Joven-brinda-ayuda-econo
[13:34:28]   + https://www.locanto.com.pe/lima/ID_8343067186/Ayuda-Economica-Solo-Chi
[13:35:16]   + https://www.locanto.com.pe/lima/ID_8343067716/Ayuda-Economica-Maduras.
[13:35:58]   + https://www.locanto.com.pe/lima/ID_8535914826/JOVEN-PROFESIONAL-BRINDA
[13:36:39]   + https://www.locanto.com.pe/lima/ID_7294463448/AYUDA-ECONOMICA-A-SRTA-D
[13:37:16]   + https://www.locanto.com.pe/lima/ID_9015241942/Ayuda-economica-constant
[13:37:51]   + https://www.locanto.com.pe/lima/ID_7433047604/AYUDA-ECONOMICA-SRTA-DE-
[13:38:43]   + https://www.locanto.com.pe/lima/ID_8586844765/Ayuda-economica-a-mujere
[13:39:34]   + https://www.locanto.com.pe/lima/ID_4564108522/Solo-para-mujer-doy-ayud
[13:40:24]   + https://www.locanto.com.pe/lima/ID_9013965371/Ofresco-ayuda-economica-
[13:41:19]   + https://www.locanto.com.pe/lima/ID_7101850688/Ayuda-economica-para-per
[13:42:10]   + https://www.locanto.com.pe/lima/ID_9011825461/Ayuda-economica-a-mujer-
[13:42:27]   + https://www.locanto.com.pe/lima/ID_7654848204/AYUDO-economicamente-a-s
[13:43:25]   + https://www.locanto.com.pe/lima/ID_7742071619/Ayuda-economica-para-est
[13:44:20]   + https://www.locanto.com.pe/lima/ID_8103787847/Busco-una-sola-Senorita-
[13:45:12]   + https://www.locanto.com.pe/lima/ID_8215575412/Busco-una-sola-Senorita-
[13:45:55]   + https://www.locanto.com.pe/lima/ID_8142271797/BRINDO-AYUDA-ECONOMICA-C
[13:46:46]   + https://www.locanto.com.pe/lima/ID_7969659492/Ayuda-economica-a-mujere
[13:47:36]   + https://www.locanto.com.pe/lima/ID_9010678193/Ayuda-economica-a-chica-
[13:48:34]   + https://www.locanto.com.pe/lima/ID_8733693324/Ayuda-economica-Los-Oliv
[13:49:42]   + https://www.locanto.com.pe/lima/ID_9010157787/Se-busca-chica-liberal-p
[13:50:55]   + https://www.locanto.com.pe/lima/ID_6992356119/Se-brinda-ayuda-economic
[13:52:08]   + https://www.locanto.com.pe/lima/ID_9009443970/DOY-AYUDA-ECONOMICA-A-SE
[13:52:09] LIST p4: https://www.locanto.com.pe/lima/Hombre-busca-mujer/20701/4/?query=ayuda+economica
[13:53:22]   main IDs: 46
[13:54:18]   + https://www.locanto.com.pe/lima/ID_8143430650/BRINDO-AYUDA-ECONOMICA-A
[13:55:07]   + https://www.locanto.com.pe/lima/ID_7891035423/Ayuda-economica-chicas-d
[13:55:33]   + https://www.locanto.com.pe/lima/ID_5139884102/AYUDA-ECONOMICA-A-SENORA
[13:56:26]   + https://www.locanto.com.pe/lima/ID_6439674443/AYUDA-ECONOMICA-A-SENORA
[13:57:21]   + https://www.locanto.com.pe/lima/ID_9004008844/Hombre-generoso-brinda-a
[13:58:13]   + https://www.locanto.com.pe/lima/ID_7287847550/AYUDA-ECONOMICA-A-SRTA-D
[13:59:00]   + https://www.locanto.com.pe/lima/ID_9003485879/BRINDO-AYUDA-ECONOMICA-A
[13:59:36]   + https://www.locanto.com.pe/lima/ID_7652581464/AYUDA-ECONOMICA-PARA-MUJ
[14:00:39]   + https://www.locanto.com.pe/lima/ID_7652272483/Brindo-ayuda-economica-a
[14:01:27]   + https://www.locanto.com.pe/lima/ID_9003299963/Doy-ayuda-apoyo-economic
[14:02:09]   + https://www.locanto.com.pe/lima/ID_7841054371/Brindo-Ayuda-Economica-a
[14:03:00]   + https://www.locanto.com.pe/lima/ID_8099794725/Buscas-Dinero-Ayuda-Cons
[14:03:24]   + https://www.locanto.com.pe/lima/ID_8100281741/JOVEN-PRESTA-AYUDA-ECONO
[14:19:15]   + https://www.locanto.com.pe/lima/ID_8535759041/EMPRESARIO-BUSCA-CHICA-A
[14:21:50]   + https://www.locanto.com.pe/lima/ID_8538622243/SUGAR-BRINDA-BUSCA-CHICA
[14:23:32]   + https://www.locanto.com.pe/lima/ID_8543433752/Se-Busca-Chicas-de-18-a-
[14:25:36]   + https://www.locanto.com.pe/lima/ID_8544038119/Ayuda-Economica-a-Chicas
[14:26:28]   + https://www.locanto.com.pe/lima/ID_7736310888/Ayuda-economica-en-Lima.
[14:55:12]   + https://www.locanto.com.pe/lima/ID_8209387979/Ayuda-economica-a-estudi
[14:56:34]   + https://www.locanto.com.pe/lima/ID_8337624487/Busco-una-embarazada-par
[14:57:31]   + https://www.locanto.com.pe/lima/ID_8759400562/Ayuda-economica-a-madres
[14:58:28]   + https://www.locanto.com.pe/lima/ID_7330250224/AYUDA-ECONOMICA-A-CHICAS
[14:59:20]   + https://www.locanto.com.pe/lima/ID_9001304593/Caballero-da-su-ayuda-ec
[14:59:21] DONE lima: added=50
