[13:30:21] START chiclayo v3 section list crawl (main cards ONLY, tuned)
[13:30:21] base=https://www.locanto.com.pe/chiclayo/Hombre-busca-mujer/20701
[13:30:21] LIST p1: https://www.locanto.com.pe/chiclayo/Hombre-busca-mujer/20701/1/?query=ayuda+economica
[13:31:21]   main IDs: 38
[13:33:27]   + https://www.locanto.com.pe/chiclayo/ID_5373096730/Ayuda-economica-solo
[13:34:09]   + https://www.locanto.com.pe/chiclayo/ID_5319737621/ofrezco-ayuda-econom
[13:35:00]   + https://www.locanto.com.pe/chiclayo/ID_8423977317/Ayuda-economica-sola
[13:35:38]   + https://www.locanto.com.pe/chiclayo/ID_8147923625/Ayuda-economica.html
[13:36:32]   + https://www.locanto.com.pe/chiclayo/ID_7698702679/AYUDA-ECONOMICA-PARA
[13:37:22]   + https://www.locanto.com.pe/chiclayo/ID_8643051244/Brindo-ayuda-economi
[13:38:26]   + https://www.locanto.com.pe/chiclayo/ID_8863014934/Ayuda-economica-a-se
[13:39:14]   + https://www.locanto.com.pe/chiclayo/ID_5086476354/Ayuda-economica-solo
[13:40:09]   + https://www.locanto.com.pe/chiclayo/ID_8410093999/Ayuda-economica-ayud
[13:41:02]   + https://www.locanto.com.pe/chiclayo/ID_7432188570/Ayuda-Economica-dama
[13:41:49]   + https://www.locanto.com.pe/chiclayo/ID_8018436086/Ayuda-economica-a-ch
[13:42:40]   + https://www.locanto.com.pe/chiclayo/ID_8018270745/Ayuda-economica-a-mu
[13:43:32]   + https://www.locanto.com.pe/chiclayo/ID_8018293069/Brindo-ayuda-economi
[13:44:17]   + https://www.locanto.com.pe/chiclayo/ID_8018337256/Te-ofrezco-ayuda-eco
[13:45:10]   + https://www.locanto.com.pe/chiclayo/ID_8126524329/Soltero-brinda-ayuda
[13:45:55]   + https://www.locanto.com.pe/chiclayo/ID_8124349894/Ayuda-economica-a-ch
[13:45:56] LIST p2: https://www.locanto.com.pe/chiclayo/Hombre-busca-mujer/20701/2/?query=ayuda+economica
[13:46:47]   main IDs: 46
[13:47:37]   + https://www.locanto.com.pe/chiclayo/ID_9039922197/BRINDO-AYUDA-ECONOMI
[13:48:31]   + https://www.locanto.com.pe/chiclayo/ID_7747528011/Soy-universitario-bu
[13:49:29]   + https://www.locanto.com.pe/chiclayo/ID_7550457977/apoyo-economica-a-ch
[13:50:55]   + https://www.locanto.com.pe/chiclayo/ID_7854192711/Brindo-Ayuda-Economi
[13:52:07]   + https://www.locanto.com.pe/chiclayo/ID_9026293893/Apoyo-economico-para
[13:53:13]   + https://www.locanto.com.pe/chiclayo/ID_8480060181/Busco-senora-madura-
[13:54:08]   + https://www.locanto.com.pe/chiclayo/ID_8209556274/Universitaria-busca-
[13:55:05]   + https://www.locanto.com.pe/chiclayo/ID_8742263075/Ayuda-economica-para
[13:55:58]   + https://www.locanto.com.pe/chiclayo/ID_7957875379/Dama-si-necesitas-ay
[13:56:52]   + https://www.locanto.com.pe/chiclayo/ID_7815108442/Ayuda-economica-a-se
[13:57:50]   + https://www.locanto.com.pe/chiclayo/ID_8476864099/APOYO-ECONOMICO-A-SE
[13:58:41]   + https://www.locanto.com.pe/chiclayo/ID_5036692333/Brindo-ayuda-economi
[13:59:19]   + https://www.locanto.com.pe/chiclayo/ID_8939224876/Ayuda-economica-para
[14:00:20]   + https://www.locanto.com.pe/chiclayo/ID_7630124396/Ayuda-Economica-Chic
[14:01:13]   + https://www.locanto.com.pe/chiclayo/ID_8055626294/Ayuda-economica-a-co
[14:02:03]   + https://www.locanto.com.pe/chiclayo/ID_8465368535/Ayuda-economica-a-se
[14:02:36]   + https://www.locanto.com.pe/chiclayo/ID_8465360827/Ayuda-economica-a-se
[14:03:25]   + https://www.locanto.com.pe/chiclayo/ID_8289371765/Alguna-chica-univers
[14:19:18]   + https://www.locanto.com.pe/chiclayo/ID_8912504162/Ayuda-economica-a-da
[14:19:19] LIST p3: https://www.locanto.com.pe/chiclayo/Hombre-busca-mujer/20701/3/?query=ayuda+economica
[14:22:25]   main IDs: 46
[14:22:25] LIST p4: https://www.locanto.com.pe/chiclayo/Hombre-busca-mujer/20701/4/?query=ayuda+economica
[14:24:31]   main IDs: 46
[14:24:31] LIST p5: https://www.locanto.com.pe/chiclayo/Hombre-busca-mujer/20701/5/?query=ayuda+economica
[14:26:11]   main IDs: 46
[14:26:11] LIST p6: https://www.locanto.com.pe/chiclayo/Hombre-busca-mujer/20701/6/?query=ayuda+economica
[14:55:15]   main IDs: 46
[14:55:15] LIST p7: https://www.locanto.com.pe/chiclayo/Hombre-busca-mujer/20701/7/?query=ayuda+economica
[14:56:41]   main IDs: 46
[14:56:42] LIST p8: https://www.locanto.com.pe/chiclayo/Hombre-busca-mujer/20701/8/?query=ayuda+economica
[14:57:41]   main IDs: 46
[14:57:42] LIST p9: https://www.locanto.com.pe/chiclayo/Hombre-busca-mujer/20701/9/?query=ayuda+economica
[14:58:47]   main IDs: 46
[14:58:48] LIST p10: https://www.locanto.com.pe/chiclayo/Hombre-busca-mujer/20701/10/?query=ayuda+economica
[14:59:39]   main IDs: 46
[14:59:39] LIST p11: https://www.locanto.com.pe/chiclayo/Hombre-busca-mujer/20701/11/?query=ayuda+economica
[15:00:41]   main IDs: 46
[15:00:41] LIST p12: https://www.locanto.com.pe/chiclayo/Hombre-busca-mujer/20701/12/?query=ayuda+economica
[15:01:34]   main IDs: 46
[15:01:35] LIST p13: https://www.locanto.com.pe/chiclayo/Hombre-busca-mujer/20701/13/?query=ayuda+economica
[15:02:40]   main IDs: 46
[15:02:40] LIST p14: https://www.locanto.com.pe/chiclayo/Hombre-busca-mujer/20701/14/?query=ayuda+economica
[15:03:13]   main IDs: 46
[15:03:13] LIST p15: https://www.locanto.com.pe/chiclayo/Hombre-busca-mujer/20701/15/?query=ayuda+economica
[15:04:04]   main IDs: 46
[15:04:04] LIST p16: https://www.locanto.com.pe/chiclayo/Hombre-busca-mujer/20701/16/?query=ayuda+economica
[15:04:57]   main IDs: 46
[15:04:57] LIST p17: https://www.locanto.com.pe/chiclayo/Hombre-busca-mujer/20701/17/?query=ayuda+economica
[15:05:55]   main IDs: 46
[15:05:56] LIST p18: https://www.locanto.com.pe/chiclayo/Hombre-busca-mujer/20701/18/?query=ayuda+economica
[15:07:00]   main IDs: 46
[15:07:00] LIST p19: https://www.locanto.com.pe/chiclayo/Hombre-busca-mujer/20701/19/?query=ayuda+economica
[15:07:47]   main IDs: 46
[15:07:48] LIST p20: https://www.locanto.com.pe/chiclayo/Hombre-busca-mujer/20701/20/?query=ayuda+economica
[15:08:34]   main IDs: 46
[15:08:34] LIST p21: https://www.locanto.com.pe/chiclayo/Hombre-busca-mujer/20701/21/?query=ayuda+economica
[15:09:28]   main IDs: 46
[15:09:28] LIST p22: https://www.locanto.com.pe/chiclayo/Hombre-busca-mujer/20701/22/?query=ayuda+economica
[15:10:25]   main IDs: 46
[15:10:25] LIST p23: https://www.locanto.com.pe/chiclayo/Hombre-busca-mujer/20701/23/?query=ayuda+economica
[15:11:20]   main IDs: 46
[15:11:20] LIST p24: https://www.locanto.com.pe/chiclayo/Hombre-busca-mujer/20701/24/?query=ayuda+economica
[15:12:23]   main IDs: 46
[15:12:24] LIST p25: https://www.locanto.com.pe/chiclayo/Hombre-busca-mujer/20701/25/?query=ayuda+economica
[15:13:10]   main IDs: 46
[15:13:10] LIST p26: https://www.locanto.com.pe/chiclayo/Hombre-busca-mujer/20701/26/?query=ayuda+economica
[15:14:06]   main IDs: 46
[15:14:06] LIST p27: https://www.locanto.com.pe/chiclayo/Hombre-busca-mujer/20701/27/?query=ayuda+economica
[15:15:03]   main IDs: 46
[15:15:03] LIST p28: https://www.locanto.com.pe/chiclayo/Hombre-busca-mujer/20701/28/?query=ayuda+economica
[15:15:59]   main IDs: 46
[15:15:59] LIST p29: https://www.locanto.com.pe/chiclayo/Hombre-busca-mujer/20701/29/?query=ayuda+economica
[15:16:58]   main IDs: 46
[15:16:58] LIST p30: https://www.locanto.com.pe/chiclayo/Hombre-busca-mujer/20701/30/?query=ayuda+economica
[15:17:59]   main IDs: 46
[15:18:00] LIST p31: https://www.locanto.com.pe/chiclayo/Hombre-busca-mujer/20701/31/?query=ayuda+economica
[15:18:32]   main IDs: 46
[15:18:33] LIST p32: https://www.locanto.com.pe/chiclayo/Hombre-busca-mujer/20701/32/?query=ayuda+economica
[15:19:05]   main IDs: 46
[15:19:06] LIST p33: https://www.locanto.com.pe/chiclayo/Hombre-busca-mujer/20701/33/?query=ayuda+economica
[15:20:05]   main IDs: 46
[15:20:05] LIST p34: https://www.locanto.com.pe/chiclayo/Hombre-busca-mujer/20701/34/?query=ayuda+economica
[15:20:36]   main IDs: 46
[15:20:37] LIST p35: https://www.locanto.com.pe/chiclayo/Hombre-busca-mujer/20701/35/?query=ayuda+economica
[15:21:25]   main IDs: 46
[15:21:25] LIST p36: https://www.locanto.com.pe/chiclayo/Hombre-busca-mujer/20701/36/?query=ayuda+economica
[15:22:15]   main IDs: 46
[15:22:15] LIST p37: https://www.locanto.com.pe/chiclayo/Hombre-busca-mujer/20701/37/?query=ayuda+economica
[15:23:03]   main IDs: 46
[15:23:04] LIST p38: https://www.locanto.com.pe/chiclayo/Hombre-busca-mujer/20701/38/?query=ayuda+economica
[15:24:03]   main IDs: 46
[15:24:03] LIST p39: https://www.locanto.com.pe/chiclayo/Hombre-busca-mujer/20701/39/?query=ayuda+economica
[15:25:00]   main IDs: 46
[15:25:00] LIST p40: https://www.locanto.com.pe/chiclayo/Hombre-busca-mujer/20701/40/?query=ayuda+economica
[15:25:39]   main IDs: 46
[15:25:39] LIST p41: https://www.locanto.com.pe/chiclayo/Hombre-busca-mujer/20701/41/?query=ayuda+economica
[15:26:32]   main IDs: 46
[15:26:33] LIST p42: https://www.locanto.com.pe/chiclayo/Hombre-busca-mujer/20701/42/?query=ayuda+economica
[15:27:14]   main IDs: 46
[15:27:15] LIST p43: https://www.locanto.com.pe/chiclayo/Hombre-busca-mujer/20701/43/?query=ayuda+economica
[15:27:47]   main IDs: 46
[15:27:48] LIST p44: https://www.locanto.com.pe/chiclayo/Hombre-busca-mujer/20701/44/?query=ayuda+economica
[15:28:18]   main IDs: 46
[15:28:18] LIST p45: https://www.locanto.com.pe/chiclayo/Hombre-busca-mujer/20701/45/?query=ayuda+economica
[15:29:05]   main IDs: 46
[15:29:05] LIST p46: https://www.locanto.com.pe/chiclayo/Hombre-busca-mujer/20701/46/?query=ayuda+economica
[15:29:50]   main IDs: 46
[15:29:51] LIST p47: https://www.locanto.com.pe/chiclayo/Hombre-busca-mujer/20701/47/?query=ayuda+economica
[15:30:29]   main IDs: 46
[15:30:29] LIST p48: https://www.locanto.com.pe/chiclayo/Hombre-busca-mujer/20701/48/?query=ayuda+economica
[15:30:55]   main IDs: 46
[15:30:55] LIST p49: https://www.locanto.com.pe/chiclayo/Hombre-busca-mujer/20701/49/?query=ayuda+economica
[15:31:38]   main IDs: 46
[15:31:38] LIST p50: https://www.locanto.com.pe/chiclayo/Hombre-busca-mujer/20701/50/?query=ayuda+economica
[15:32:05]   main IDs: 46
[15:32:05] DONE chiclayo: added=35
