[13:36:25] START lima keep2 (main cards ONLY, tuned)
[13:36:25] base=https://www.locanto.com.pe/lima/Hombre-busca-mujer/20701
[13:36:25] p200
[13:37:24]   IDs: 44
[13:38:59] p201
[13:39:51]   IDs: 44
[13:41:43] p202
[13:42:43]   IDs: 44
[13:44:17] p203
[13:45:20]   IDs: 44
[13:47:00] p204
[13:48:05]   IDs: 44
[13:50:23] p205
[13:52:08]   IDs: 44
[13:54:09] p206
[13:55:13]   IDs: 44
[13:57:00] p207
[13:57:44]   IDs: 44
[13:59:14] p208
[14:00:16]   IDs: 44
[14:01:35] p209
[14:02:38]   IDs: 44
[14:20:24] p210
[14:22:50]   IDs: 44
[14:26:23] p211
[14:55:20]   IDs: 44
[14:57:09] p212
[14:58:10]   IDs: 43
[14:59:56] p213
[15:00:59]   IDs: 43
[15:02:29] p214
[15:03:28]   IDs: 43
[15:05:16] p215
[15:06:16]   IDs: 43
[15:07:50] p216
[15:08:44]   IDs: 43
[15:10:21] p217
[15:11:21]   IDs: 43
[15:12:43] p218
[15:13:39]   IDs: 43
[15:14:43] p219
[15:15:44]   IDs: 43
[15:17:28] p220
[15:18:21]   IDs: 43
[15:19:27] p221
[15:20:27]   IDs: 43
[15:21:24] p222
[15:22:20]   IDs: 43
[15:23:42] p223
[15:24:24]   IDs: 43
[15:25:08] p224
[15:25:40]   IDs: 43
[15:26:50] p225
[15:27:47]   IDs: 43
[15:29:04] p226
[15:29:32]   IDs: 43
[15:30:34] p227
[15:31:21]   IDs: 43
[15:32:07] p228
[15:32:35]   IDs: 43
[15:33:14] p229
[15:33:56]   IDs: 43
[15:34:37] p230
[15:35:02]   IDs: 43
[15:35:39] p231
[15:36:07]   IDs: 43
[15:36:44] p232
[15:37:09]   IDs: 43
[15:37:44] p233
[15:38:07]   IDs: 43
[15:38:40] p234
[15:41:01]   IDs: 43
[15:41:36] p235
[15:41:54]   IDs: 43
[15:42:32] p236
[15:42:56]   IDs: 43
[15:43:28] p237
[15:43:53]   IDs: 43
[15:44:27] p238
[15:44:44]   IDs: 43
[16:00:13] p239
[16:16:36]   IDs: 43
[16:17:24]   +added
[16:17:45]   +added
[16:18:18]   +added
[16:18:19] p240
[16:18:56]   IDs: 43
[16:19:23] p241
[16:19:49]   IDs: 43
[16:20:05] p242
[16:20:25]   IDs: 43
[16:20:40] p243
[16:20:58]   IDs: 43
[16:21:12] p244
[16:21:33]   IDs: 43
[16:21:45] p245
[16:22:13]   IDs: 43
[16:22:29] p246
[16:22:48]   IDs: 43
[16:23:02] p247
[16:23:21]   IDs: 43
[16:23:33] p248
[16:24:07]   IDs: 43
[16:24:19] p249
[16:24:52]   IDs: 43
[16:25:12] p250
[16:25:33]   IDs: 43
[16:25:47] p251
[16:26:12]   IDs: 43
[16:26:29] p252
[16:27:13]   IDs: 43
[16:27:32] p253
[16:28:02]   IDs: 43
[16:28:16] p254
[16:28:47]   IDs: 43
[16:28:59] p255
[16:29:26]   IDs: 43
[16:29:44] p256
[16:30:05]   IDs: 43
[16:30:19] p257
[16:30:53]   IDs: 43
[16:31:11] p258
[16:31:42]   IDs: 43
[16:31:54] p259
[16:32:28]   IDs: 43
[16:32:45] p260
[16:33:26]   IDs: 43
[16:33:42] p261
[16:34:08]   IDs: 43
[16:34:25] p262
[16:34:54]   IDs: 43
[16:35:06] p263
[16:35:51]   IDs: 43
[16:36:07] p264
[16:36:39]   IDs: 43
[16:36:54] p265
[16:37:47]   IDs: 43
[16:38:06] p266
[16:38:43]   IDs: 43
[16:38:59] p267
[16:40:36]   IDs: 43
[16:40:52] p268
[16:41:10]   IDs: 43
[16:41:25] p269
[16:41:43]   IDs: 43
[16:41:58] p270
[16:42:35]   IDs: 43
[16:42:48] p271
[16:43:04]   IDs: 43
[16:43:15] p272
[16:43:35]   IDs: 43
[16:43:51] p273
[16:44:10]   IDs: 43
[16:44:23] p274
[16:44:43]   IDs: 43
[16:44:55] p275
[16:45:16]   IDs: 43
[16:45:30] p276
[16:45:49]   IDs: 43
[16:46:05] p277
[16:46:28]   IDs: 43
[16:46:41] p278
[16:46:58]   IDs: 43
[16:47:11] p279
[16:47:32]   IDs: 43
[16:47:47] p280
[16:48:53]   IDs: 43
[16:49:10] p281
[16:49:30]   IDs: 43
[16:49:46] p282
[16:50:04]   IDs: 43
[16:50:16] p283
[16:51:25]   IDs: 43
[16:51:36] p284
[16:52:00]   IDs: 43
[16:52:13] p285
[16:53:05]   IDs: 43
[16:53:17] p286
[16:54:03]   IDs: 43
[16:54:14] p287
[16:54:32]   IDs: 43
[16:54:45] p288
[16:55:29]   IDs: 43
[16:55:42] p289
[16:56:07]   IDs: 43
[16:56:19] p290
[16:56:44]   IDs: 43
[16:56:59] p291
[16:57:24]   IDs: 43
[16:57:40] p292
[16:59:05]   IDs: 43
[16:59:21] p293
[16:59:46]   IDs: 43
[17:00:03] p294
[17:18:55]   IDs: 43
[17:20:47] p295
[17:52:27]   IDs: 43
[17:52:43] p296
[17:53:04]   IDs: 43
[17:53:19] p297
[17:55:43]   IDs: 43
[17:55:55] p298
[17:56:21]   IDs: 43
[17:56:36] p299
[19:33:57]   IDs: 43
[19:34:09] DONE lima added=3
