[13:36:24] START huancavelica keep2 (main cards ONLY, tuned)
[13:36:24] base=https://www.locanto.com.pe/huancavelica/Hombre-busca-mujer/20701
[13:36:24] p1
[13:37:19]   IDs: 9
[13:38:51]   +added
[13:39:41]   +added
[13:40:35]   +added
[13:41:24]   +added
[13:42:16]   +added
[13:43:04]   +added
[13:43:55]   +added
[13:44:49]   +added
[13:44:50] p2
[13:45:40]   IDs: 9
[13:46:25] p3
[13:47:20]   IDs: 9
[13:48:04] p4
[13:49:05]   IDs: 9
[13:50:26] p5
[13:52:11]   IDs: 9
[13:53:16] p6
[13:54:16]   IDs: 9
[13:54:58] p7
[13:55:58]   IDs: 9
[13:56:52] p8
[13:57:54]   IDs: 9
[13:58:44] p9
[13:59:46]   IDs: 9
[14:00:40] p10
[14:01:35]   IDs: 9
[14:02:28] p11
[14:03:24]   IDs: 9
[14:19:15] p12
[14:21:49]   IDs: 9
[14:23:37] p13
[14:25:26]   IDs: 9
[14:26:35] p14
[14:56:19]   IDs: 9
[14:56:49] p15
[14:57:46]   IDs: 9
[14:58:30] p16
[14:59:12]   IDs: 9
[15:00:05] p17
[15:00:56]   IDs: 9
[15:01:34] p18
[15:02:20]   IDs: 9
[15:03:08] p19
[15:04:02]   IDs: 9
[15:04:53] p20
[15:05:53]   IDs: 9
[15:06:43] p21
[15:07:43]   IDs: 9
[15:08:31] p22
[15:09:02]   IDs: 9
[15:09:50] p23
[15:10:43]   IDs: 9
[15:11:32] p24
[15:12:10]   IDs: 9
[15:12:58] p25
[15:13:55]   IDs: 9
[15:14:42] p26
[15:15:40]   IDs: 9
[15:16:27] p27
[15:17:21]   IDs: 9
[15:17:47] p28
[15:18:32]   IDs: 9
[15:18:53] p29
[15:19:41]   IDs: 9
[15:20:32] p30
[15:21:31]   IDs: 9
[15:21:51] p31
[15:22:36]   IDs: 9
[15:23:25] p32
[15:23:52]   IDs: 9
[15:24:16] p33
[15:25:00]   IDs: 9
[15:25:17] p34
[15:25:49]   IDs: 9
[15:26:17] p35
[15:26:52]   IDs: 9
[15:27:17] p36
[15:27:47]   IDs: 9
[15:28:18] p37
[15:28:50]   IDs: 9
[15:29:18] p38
[15:30:13]   IDs: 9
[15:30:45] p39
[15:31:25]   IDs: 9
[15:31:48] DONE huancavelica added=8
