[13:28:16] START cusco section list crawl (main cards ONLY, tuned extract, filtered)
[13:28:16] base=https://www.locanto.com.pe/cusco/Hombre-busca-mujer/20701
[13:28:16] LIST p1: https://www.locanto.com.pe/cusco/Hombre-busca-mujer/20701/1/?query=ayuda+economica
[13:28:40]   main IDs: 48
[13:28:51]   + https://www.locanto.com.pe/cusco/ID_8683476422/Ayuda-economica-para-ch
[13:29:08]   + https://www.locanto.com.pe/cusco/ID_7616097838/Brindo-ayuda-economica-
[13:29:23]   + https://www.locanto.com.pe/cusco/ID_7616176474/Se-brinda-ayuda-economi
[13:29:40]   + https://www.locanto.com.pe/cusco/ID_7616947236/Se-brinda-ayuda-economi
[13:29:57]   + https://www.locanto.com.pe/cusco/ID_7616947417/Ayuda-economica-para-se
[13:30:46]   + https://www.locanto.com.pe/cusco/ID_7616947749/Ayuda-economica-a-senor
[13:31:20]   + https://www.locanto.com.pe/cusco/ID_7616948060/Ayuda-economica-rapida-
[13:31:41]   + https://www.locanto.com.pe/cusco/ID_7616954587/Ayuda-economica-en-efec
[13:32:03]   + https://www.locanto.com.pe/cusco/ID_7616954852/Doy-ayuda-economica-en-
[13:32:48]   + https://www.locanto.com.pe/cusco/ID_7618232566/ayuda-economica-con-dis
[13:33:29]   + https://www.locanto.com.pe/cusco/ID_7618232809/Doy-ayuda-economica-en-
[13:34:00]   + https://www.locanto.com.pe/cusco/ID_8681956361/Ayuda-economica-a-senor
[13:34:51]   + https://www.locanto.com.pe/cusco/ID_8912764656/DOY-AYUDA-ECONOMICA-A-Q
[13:35:17]   + https://www.locanto.com.pe/cusco/ID_8047502369/Doy-ayuda-economica-a-c
[13:36:07]   + https://www.locanto.com.pe/cusco/ID_8047182372/AYUDA-ECONOMICA-A-SENOR
[13:37:05]   + https://www.locanto.com.pe/cusco/ID_7609602973/AYUDA-ECONOMICA-A-SENOR
[13:37:52]   + https://www.locanto.com.pe/cusco/ID_8906946135/Ayuda-economica-a-joven
[13:38:42]   + https://www.locanto.com.pe/cusco/ID_8785754527/Ayuda-economica-a-senor
[13:39:39]   + https://www.locanto.com.pe/cusco/ID_7604624116/AYUDA-ECONOMICA-A-SENOR
[13:40:34]   + https://www.locanto.com.pe/cusco/ID_8447656747/Ayuda-economica-cusco-a
[13:41:24]   + https://www.locanto.com.pe/cusco/ID_8901896311/Doy-ayuda-economica-con
[13:42:16]   + https://www.locanto.com.pe/cusco/ID_8901717879/ayuda-economica-para-sr
[13:43:04]   + https://www.locanto.com.pe/cusco/ID_8161304978/Se-da-ayuda-economica-a
[13:43:55]   + https://www.locanto.com.pe/cusco/ID_7603079270/se-brinda-ayuda-economi
[13:44:51]   + https://www.locanto.com.pe/cusco/ID_7603082201/se-brinda-ayuda-economi
[13:45:21]   + https://www.locanto.com.pe/cusco/ID_7603085914/se-da-ayuda-economica-r
[13:46:16]   + https://www.locanto.com.pe/cusco/ID_7603088835/Se-ofrece-ayuda-economi
[13:46:51]   + https://www.locanto.com.pe/cusco/ID_7603100822/ofrezco-ayuda-economica
[13:47:38]   + https://www.locanto.com.pe/cusco/ID_7603110408/Se-ofrece-ayuda-economi
[13:48:51]   + https://www.locanto.com.pe/cusco/ID_7894175378/Ayuda-economica-para-ch
[13:50:06]   + https://www.locanto.com.pe/cusco/ID_7597937268/Brindo-ayuda-economica-
[13:51:26]   + https://www.locanto.com.pe/cusco/ID_8414349240/Se-brinda-ayuda-economi
[13:52:33]   + https://www.locanto.com.pe/cusco/ID_8266807915/Ayuda-economica-con-dis
[13:53:31]   + https://www.locanto.com.pe/cusco/ID_8640300775/Ayuda-economica-con-tot
[13:54:28]   + https://www.locanto.com.pe/cusco/ID_8640338106/Ayuda-economica-a-senor
[13:55:17]   + https://www.locanto.com.pe/cusco/ID_8642085956/Doy-ayuda-economica-a-s
[13:56:07]   + https://www.locanto.com.pe/cusco/ID_5048923824/Se-busca-senora-o-senor
[13:56:58]   + https://www.locanto.com.pe/cusco/ID_5089208491/Se-da-ayuda-economica-a
[13:57:44]   + https://www.locanto.com.pe/cusco/ID_8153942090/Soy-solvente-y-doy-ayud
[13:58:33]   + https://www.locanto.com.pe/cusco/ID_7623698992/Busco-mujeres-doy-ayuda
[13:59:17]   + https://www.locanto.com.pe/cusco/ID_7609820792/Doooy-ayuda-economica-a
[14:00:11]   + https://www.locanto.com.pe/cusco/ID_8153962087/Dooyy-ayuda-economica-a
[14:00:51]   + https://www.locanto.com.pe/cusco/ID_7597935288/Ayuda-economica-solo-mu
[14:01:48]   + https://www.locanto.com.pe/cusco/ID_8836182188/Doy-ayuda-economica-de-
[14:02:39]   + https://www.locanto.com.pe/cusco/ID_8610483830/Hola-ayuda-economica-tr
[14:03:31]   + https://www.locanto.com.pe/cusco/ID_8830813263/Ofrezco-ayuda-economica
[14:20:25]   + https://www.locanto.com.pe/cusco/ID_8830278363/Ayuda-economica-solo-a-
[14:22:23]   + https://www.locanto.com.pe/cusco/ID_8815888247/Ofrezco-ayuda-economica
[14:22:24] LIST p2: https://www.locanto.com.pe/cusco/Hombre-busca-mujer/20701/2/?query=ayuda+economica
[14:24:30]   main IDs: 48
[14:25:57]   + https://www.locanto.com.pe/cusco/ID_7800654075/Doy-ayuda-economica-con
[14:42:07]   + https://www.locanto.com.pe/cusco/ID_8815854419/Brindo-ayuda-economica-
[14:56:12]   + https://www.locanto.com.pe/cusco/ID_8808477591/Se-brinda-ayuda-economi
[14:56:48]   + https://www.locanto.com.pe/cusco/ID_8786148220/Doy-ayuda-economica-a-s
[14:57:31]   + https://www.locanto.com.pe/cusco/ID_6963285938/Ayuda-economica-apoyo-a
[14:58:09]   + https://www.locanto.com.pe/cusco/ID_7132583409/Soy-sugar-daddy-brindo-
[14:59:02]   + https://www.locanto.com.pe/cusco/ID_7129317240/Brindo-ayuda-economica-
[14:59:53]   + https://www.locanto.com.pe/cusco/ID_7133341731/Soy-sugar-daddy-brindo-
[15:00:44]   + https://www.locanto.com.pe/cusco/ID_7334407832/Ayuda-economica-cusco-D
[15:01:16]   + https://www.locanto.com.pe/cusco/ID_9043237112/Doy-ayuda-economica-a-s
[15:02:10]   + https://www.locanto.com.pe/cusco/ID_8765088148/Ayuda-economica-Cusco-S
[15:02:40]   + https://www.locanto.com.pe/cusco/ID_8784085598/Ayuda-economica-para-se
[15:03:13]   + https://www.locanto.com.pe/cusco/ID_8788937023/Doy-ayuda-economica-a-s
[15:04:04]   + https://www.locanto.com.pe/cusco/ID_8576098248/Chicas-doy-ayuda-econom
[15:04:53]   + https://www.locanto.com.pe/cusco/ID_7979345205/Doy-ayuda-economica.htm
[15:05:48]   + https://www.locanto.com.pe/cusco/ID_8784067945/Ayuda-economica-a-unive
[15:06:36]   + https://www.locanto.com.pe/cusco/ID_8514267251/Doy-ayuda-al-instante-a
[15:07:29]   + https://www.locanto.com.pe/cusco/ID_8774431531/Ayuda-economica-Cusco-a
[15:08:21]   + https://www.locanto.com.pe/cusco/ID_8776953222/Ayuda-economica-univers
[15:09:12]   + https://www.locanto.com.pe/cusco/ID_8777162979/Ayuda-economica-cusco-a
[15:10:03]   + https://www.locanto.com.pe/cusco/ID_8545381449/Ayuda-economica-a-chica
[15:10:43]   + https://www.locanto.com.pe/cusco/ID_8344297137/senorita-doy-ayuda-econ
[15:11:21]   + https://www.locanto.com.pe/cusco/ID_8344321070/brindo-ayuda-economica-
[15:11:45]   + https://www.locanto.com.pe/cusco/ID_8344355911/Brindo-ayuda-economica-
[15:12:24]   + https://www.locanto.com.pe/cusco/ID_8344389362/Ayuda-economica-y-apoyo
[15:13:13]   + https://www.locanto.com.pe/cusco/ID_8344407275/Doy-ayuda-economica-a-m
[15:14:04]   + https://www.locanto.com.pe/cusco/ID_7971605534/AYUDA-ECONOMICA-A-SENOR
[15:14:55]   + https://www.locanto.com.pe/cusco/ID_8104978742/Ayuda-economica-para-ch
[15:15:41]   + https://www.locanto.com.pe/cusco/ID_8344430926/ayuda-economica-a-senor
[15:16:21]   + https://www.locanto.com.pe/cusco/ID_7964359406/ayuda-economica-cusco-d
[15:17:13]   + https://www.locanto.com.pe/cusco/ID_7665981166/Ayuda-economica-no-impo
[15:17:52]   + https://www.locanto.com.pe/cusco/ID_8521515804/Doy-ayuda-economica-bus
[15:18:39]   + https://www.locanto.com.pe/cusco/ID_8094312365/Ayuda-economica-srtas.h
[15:19:26]   + https://www.locanto.com.pe/cusco/ID_4984043344/Doy-ayuda-economica-sol
[15:20:17]   + https://www.locanto.com.pe/cusco/ID_7768510989/Doy-ayuda-economica-a-s
[15:20:44]   + https://www.locanto.com.pe/cusco/ID_6984785994/Busco-senorita-o-senora
[15:21:34]   + https://www.locanto.com.pe/cusco/ID_6984776597/Doy-ayuda-economica-a-s
[15:22:05]   + https://www.locanto.com.pe/cusco/ID_6984779478/Soy-Josue-y-doy-ayuda-e
[15:22:57]   + https://www.locanto.com.pe/cusco/ID_6984792800/Hola-me-llo-Juan-y-doy-
[15:23:41]   + https://www.locanto.com.pe/cusco/ID_6948463916/Doy-ayuda-economica-a-m
[15:24:16]   + https://www.locanto.com.pe/cusco/ID_7177417347/Ayuda-economica-a-chica
[15:24:33]   + https://www.locanto.com.pe/cusco/ID_7962372791/Doy-ayuda-economica-a-s
[15:24:59]   + https://www.locanto.com.pe/cusco/ID_8748429670/Brindo-Ayuda-Economica-
[15:25:38]   + https://www.locanto.com.pe/cusco/ID_8510889042/Ayuda-economica-para-se
[15:26:07]   + https://www.locanto.com.pe/cusco/ID_6503668830/Brindo-ayuda-economica-
[15:27:15]   + https://www.locanto.com.pe/cusco/ID_8985130153/Ayuda-economica-a-amiga
[15:27:16] LIST p3: https://www.locanto.com.pe/cusco/Hombre-busca-mujer/20701/3/?query=ayuda+economica
[15:27:57]   main IDs: 48
[15:28:41]   + https://www.locanto.com.pe/cusco/ID_7640144916/AYUDA-ECONOMICA-SENORIT
[15:29:08]   + https://www.locanto.com.pe/cusco/ID_8197674672/Doy-ayuda-economica-con
[15:29:40]   + https://www.locanto.com.pe/cusco/ID_8494062484/Ayuda-economica-para-se
[15:30:08]   + https://www.locanto.com.pe/cusco/ID_8966087347/Brindo-ayuda-economica-
[15:30:55]   + https://www.locanto.com.pe/cusco/ID_8514247228/Doy-ayuda-economica-a-c
[15:31:25]   + https://www.locanto.com.pe/cusco/ID_6317916993/Ayuda-economica-total-d
[15:31:54]   + https://www.locanto.com.pe/cusco/ID_6317967292/Ayuda-economica-total-d
[15:32:26]   + https://www.locanto.com.pe/cusco/ID_6439748570/Doy-ayuda-economica.htm
[15:32:53]   + https://www.locanto.com.pe/cusco/ID_8948058346/AYUDA-ECONOMICA-TODO-DI
[15:33:21]   + https://www.locanto.com.pe/cusco/ID_8489861425/Doy-ayuda-economica-a-c
[15:34:05]   + https://www.locanto.com.pe/cusco/ID_7931916584/Ayuda-economica-con-dis
[15:34:22]   + https://www.locanto.com.pe/cusco/ID_8934650694/Doy-ayuda-economica-a-s
[15:34:42]   + https://www.locanto.com.pe/cusco/ID_8296918353/Ayuda-economica.html
[15:35:00]   + https://www.locanto.com.pe/cusco/ID_6937983980/Ayuda-Economica-para-Tu
[15:35:31]   + https://www.locanto.com.pe/cusco/ID_7616186531/Se-da-ayuda-economica-r
[15:35:49]   + https://www.locanto.com.pe/cusco/ID_7616955152/ayuda-economica-con-dis
[15:36:04]   + https://www.locanto.com.pe/cusco/ID_8443544753/Dindoy-ayuda-economica-
[15:36:23]   + https://www.locanto.com.pe/cusco/ID_7791393237/AYUDA-ECONOMICA-A-SENOR
[15:36:39]   + https://www.locanto.com.pe/cusco/ID_7791394901/BRINDO-AYUDA-ECONOMICA-
[15:37:01]   + https://www.locanto.com.pe/cusco/ID_8168567655/Doy-ayuda-economica-chi
[15:37:16]   + https://www.locanto.com.pe/cusco/ID_7790789306/DOY-AYUDA-ECONOMICA-A-S
[15:37:36]   + https://www.locanto.com.pe/cusco/ID_8906439953/Ayuda-economica-cusco-a
[15:37:53]   + https://www.locanto.com.pe/cusco/ID_8906377696/ayuda-economica-a-senor
[15:38:11]   + https://www.locanto.com.pe/cusco/ID_7824724308/Ayuda-economica-constan
[15:38:31]   + https://www.locanto.com.pe/cusco/ID_7824763197/Ayuda-economica-constan
[15:38:50]   + https://www.locanto.com.pe/cusco/ID_7473046558/Se-da-ayuda-economica-c
[15:38:51] DONE cusco: added=120 last_p=3
