[13:29:29] START cusco section list crawl (main cards ONLY, tuned extract, filtered)
[13:29:29] base=https://www.locanto.com.pe/cusco/Hombre-busca-mujer/20701
[13:29:29] LIST p1: https://www.locanto.com.pe/cusco/Hombre-busca-mujer/20701/1/?query=ayuda+economica
[13:30:13]   main IDs: 48
[13:31:46]   + https://www.locanto.com.pe/cusco/ID_7616947749/Ayuda-economica-a-senor
[13:32:12]   + https://www.locanto.com.pe/cusco/ID_7616948060/Ayuda-economica-rapida-
[13:33:01]   + https://www.locanto.com.pe/cusco/ID_7616954587/Ayuda-economica-en-efec
[13:33:39]   + https://www.locanto.com.pe/cusco/ID_7616954852/Doy-ayuda-economica-en-
[13:34:31]   + https://www.locanto.com.pe/cusco/ID_7618232566/ayuda-economica-con-dis
[13:35:21]   + https://www.locanto.com.pe/cusco/ID_7618232809/Doy-ayuda-economica-en-
[13:36:08]   + https://www.locanto.com.pe/cusco/ID_8681956361/Ayuda-economica-a-senor
[13:37:01]   + https://www.locanto.com.pe/cusco/ID_8912764656/DOY-AYUDA-ECONOMICA-A-Q
[13:37:52]   + https://www.locanto.com.pe/cusco/ID_8047502369/Doy-ayuda-economica-a-c
[13:38:43]   + https://www.locanto.com.pe/cusco/ID_8047182372/AYUDA-ECONOMICA-A-SENOR
[13:39:31]   + https://www.locanto.com.pe/cusco/ID_7609602973/AYUDA-ECONOMICA-A-SENOR
[13:40:26]   + https://www.locanto.com.pe/cusco/ID_8906946135/Ayuda-economica-a-joven
[13:41:02]   + https://www.locanto.com.pe/cusco/ID_8785754527/Ayuda-economica-a-senor
[13:41:28]   + https://www.locanto.com.pe/cusco/ID_7604624116/AYUDA-ECONOMICA-A-SENOR
[13:42:16]   + https://www.locanto.com.pe/cusco/ID_8447656747/Ayuda-economica-cusco-a
[13:43:08]   + https://www.locanto.com.pe/cusco/ID_8901896311/Doy-ayuda-economica-con
[13:43:56]   + https://www.locanto.com.pe/cusco/ID_8901717879/ayuda-economica-para-sr
[13:44:51]   + https://www.locanto.com.pe/cusco/ID_8161304978/Se-da-ayuda-economica-a
[13:45:22]   + https://www.locanto.com.pe/cusco/ID_7603079270/se-brinda-ayuda-economi
[13:46:12]   + https://www.locanto.com.pe/cusco/ID_7603082201/se-brinda-ayuda-economi
[13:47:04]   + https://www.locanto.com.pe/cusco/ID_7603085914/se-da-ayuda-economica-r
[13:47:36]   + https://www.locanto.com.pe/cusco/ID_7603088835/Se-ofrece-ayuda-economi
[13:48:32]   + https://www.locanto.com.pe/cusco/ID_7603100822/ofrezco-ayuda-economica
[13:49:39]   + https://www.locanto.com.pe/cusco/ID_7603110408/Se-ofrece-ayuda-economi
[13:51:15]   + https://www.locanto.com.pe/cusco/ID_7894175378/Ayuda-economica-para-ch
[13:52:31]   + https://www.locanto.com.pe/cusco/ID_7597937268/Brindo-ayuda-economica-
[13:53:33]   + https://www.locanto.com.pe/cusco/ID_8414349240/Se-brinda-ayuda-economi
[13:54:25]   + https://www.locanto.com.pe/cusco/ID_8266807915/Ayuda-economica-con-dis
[13:55:19]   + https://www.locanto.com.pe/cusco/ID_8640300775/Ayuda-economica-con-tot
[13:56:15]   + https://www.locanto.com.pe/cusco/ID_8640338106/Ayuda-economica-a-senor
[13:57:09]   + https://www.locanto.com.pe/cusco/ID_8642085956/Doy-ayuda-economica-a-s
[13:57:50]   + https://www.locanto.com.pe/cusco/ID_5048923824/Se-busca-senora-o-senor
[13:58:43]   + https://www.locanto.com.pe/cusco/ID_5089208491/Se-da-ayuda-economica-a
[13:59:36]   + https://www.locanto.com.pe/cusco/ID_8153942090/Soy-solvente-y-doy-ayud
[14:00:28]   + https://www.locanto.com.pe/cusco/ID_7623698992/Busco-mujeres-doy-ayuda
[14:01:21]   + https://www.locanto.com.pe/cusco/ID_7609820792/Doooy-ayuda-economica-a
[14:02:10]   + https://www.locanto.com.pe/cusco/ID_8153962087/Dooyy-ayuda-economica-a
[14:02:39]   + https://www.locanto.com.pe/cusco/ID_7597935288/Ayuda-economica-solo-mu
[14:03:25]   + https://www.locanto.com.pe/cusco/ID_8836182188/Doy-ayuda-economica-de-
[14:20:25]   + https://www.locanto.com.pe/cusco/ID_8610483830/Hola-ayuda-economica-tr
[14:22:23]   + https://www.locanto.com.pe/cusco/ID_8830813263/Ofrezco-ayuda-economica
[14:24:21]   + https://www.locanto.com.pe/cusco/ID_8830278363/Ayuda-economica-solo-a-
[14:25:57]   + https://www.locanto.com.pe/cusco/ID_8815888247/Ofrezco-ayuda-economica
[14:25:58] LIST p2: https://www.locanto.com.pe/cusco/Hombre-busca-mujer/20701/2/?query=ayuda+economica
[14:42:07]   main IDs: 48
[14:56:03]   + https://www.locanto.com.pe/cusco/ID_7800654075/Doy-ayuda-economica-con
[14:56:59]   + https://www.locanto.com.pe/cusco/ID_8815854419/Brindo-ayuda-economica-
[14:57:53]   + https://www.locanto.com.pe/cusco/ID_8808477591/Se-brinda-ayuda-economi
[14:58:09]   + https://www.locanto.com.pe/cusco/ID_8786148220/Doy-ayuda-economica-a-s
[14:58:56]   + https://www.locanto.com.pe/cusco/ID_6963285938/Ayuda-economica-apoyo-a
[14:59:37]   + https://www.locanto.com.pe/cusco/ID_7132583409/Soy-sugar-daddy-brindo-
[15:00:32]   + https://www.locanto.com.pe/cusco/ID_7129317240/Brindo-ayuda-economica-
[15:01:21]   + https://www.locanto.com.pe/cusco/ID_7133341731/Soy-sugar-daddy-brindo-
[15:01:50]   + https://www.locanto.com.pe/cusco/ID_7334407832/Ayuda-economica-cusco-D
[15:02:42]   + https://www.locanto.com.pe/cusco/ID_9043237112/Doy-ayuda-economica-a-s
[15:03:30]   + https://www.locanto.com.pe/cusco/ID_8765088148/Ayuda-economica-Cusco-S
[15:04:22]   + https://www.locanto.com.pe/cusco/ID_8784085598/Ayuda-economica-para-se
[15:05:18]   + https://www.locanto.com.pe/cusco/ID_8788937023/Doy-ayuda-economica-a-s
[15:06:12]   + https://www.locanto.com.pe/cusco/ID_8576098248/Chicas-doy-ayuda-econom
[15:07:06]   + https://www.locanto.com.pe/cusco/ID_7979345205/Doy-ayuda-economica.htm
[15:07:56]   + https://www.locanto.com.pe/cusco/ID_8784067945/Ayuda-economica-a-unive
[15:08:48]   + https://www.locanto.com.pe/cusco/ID_8514267251/Doy-ayuda-al-instante-a
[15:09:39]   + https://www.locanto.com.pe/cusco/ID_8774431531/Ayuda-economica-Cusco-a
[15:10:29]   + https://www.locanto.com.pe/cusco/ID_8776953222/Ayuda-economica-univers
[15:11:08]   + https://www.locanto.com.pe/cusco/ID_8777162979/Ayuda-economica-cusco-a
[15:11:46]   + https://www.locanto.com.pe/cusco/ID_8545381449/Ayuda-economica-a-chica
[15:12:24]   + https://www.locanto.com.pe/cusco/ID_8344297137/senorita-doy-ayuda-econ
[15:13:20]   + https://www.locanto.com.pe/cusco/ID_8344321070/brindo-ayuda-economica-
[15:13:50]   + https://www.locanto.com.pe/cusco/ID_8344355911/Brindo-ayuda-economica-
[15:14:21]   + https://www.locanto.com.pe/cusco/ID_8344389362/Ayuda-economica-y-apoyo
[15:14:57]   + https://www.locanto.com.pe/cusco/ID_8344407275/Doy-ayuda-economica-a-m
[15:15:26]   + https://www.locanto.com.pe/cusco/ID_7971605534/AYUDA-ECONOMICA-A-SENOR
[15:15:52]   + https://www.locanto.com.pe/cusco/ID_8104978742/Ayuda-economica-para-ch
[15:16:14]   + https://www.locanto.com.pe/cusco/ID_8344430926/ayuda-economica-a-senor
[15:17:06]   + https://www.locanto.com.pe/cusco/ID_7964359406/ayuda-economica-cusco-d
[15:17:55]   + https://www.locanto.com.pe/cusco/ID_7665981166/Ayuda-economica-no-impo
[15:18:33]   + https://www.locanto.com.pe/cusco/ID_8521515804/Doy-ayuda-economica-bus
[15:19:08]   + https://www.locanto.com.pe/cusco/ID_8094312365/Ayuda-economica-srtas.h
[15:19:59]   + https://www.locanto.com.pe/cusco/ID_4984043344/Doy-ayuda-economica-sol
[15:20:24]   + https://www.locanto.com.pe/cusco/ID_7768510989/Doy-ayuda-economica-a-s
[15:20:50]   + https://www.locanto.com.pe/cusco/ID_6984785994/Busco-senorita-o-senora
[15:21:25]   + https://www.locanto.com.pe/cusco/ID_6984776597/Doy-ayuda-economica-a-s
[15:22:14]   + https://www.locanto.com.pe/cusco/ID_6984779478/Soy-Josue-y-doy-ayuda-e
[15:22:58]   + https://www.locanto.com.pe/cusco/ID_6984792800/Hola-me-llo-Juan-y-doy-
[15:23:31]   + https://www.locanto.com.pe/cusco/ID_6948463916/Doy-ayuda-economica-a-m
[15:23:56]   + https://www.locanto.com.pe/cusco/ID_7177417347/Ayuda-economica-a-chica
[15:24:43]   + https://www.locanto.com.pe/cusco/ID_7962372791/Doy-ayuda-economica-a-s
[15:25:02]   + https://www.locanto.com.pe/cusco/ID_8748429670/Brindo-Ayuda-Economica-
[15:25:30]   + https://www.locanto.com.pe/cusco/ID_8510889042/Ayuda-economica-para-se
[15:26:02]   + https://www.locanto.com.pe/cusco/ID_6503668830/Brindo-ayuda-economica-
[15:26:49]   + https://www.locanto.com.pe/cusco/ID_8985130153/Ayuda-economica-a-amiga
[15:26:50] LIST p3: https://www.locanto.com.pe/cusco/Hombre-busca-mujer/20701/3/?query=ayuda+economica
[15:27:16]   main IDs: 48
[15:27:56]   + https://www.locanto.com.pe/cusco/ID_7640144916/AYUDA-ECONOMICA-SENORIT
[15:28:24]   + https://www.locanto.com.pe/cusco/ID_8197674672/Doy-ayuda-economica-con
[15:29:11]   + https://www.locanto.com.pe/cusco/ID_8494062484/Ayuda-economica-para-se
[15:29:29]   + https://www.locanto.com.pe/cusco/ID_8966087347/Brindo-ayuda-economica-
[15:29:51]   + https://www.locanto.com.pe/cusco/ID_8514247228/Doy-ayuda-economica-a-c
[15:30:13]   + https://www.locanto.com.pe/cusco/ID_6317916993/Ayuda-economica-total-d
[15:30:38]   + https://www.locanto.com.pe/cusco/ID_6317967292/Ayuda-economica-total-d
[15:31:05]   + https://www.locanto.com.pe/cusco/ID_6439748570/Doy-ayuda-economica.htm
[15:31:46]   + https://www.locanto.com.pe/cusco/ID_8948058346/AYUDA-ECONOMICA-TODO-DI
[15:32:06]   + https://www.locanto.com.pe/cusco/ID_8489861425/Doy-ayuda-economica-a-c
[15:32:36]   + https://www.locanto.com.pe/cusco/ID_7931916584/Ayuda-economica-con-dis
[15:32:36] DONE cusco: added=100 last_p=3
